Archive member included because of file (symbol)

/opt/altera/13.0sp1/nios2eds/bin/gnu/H-i686-pc-linux-gnu/bin/../lib/gcc/nios2-elf/4.1.2/mno-hw-mul/libgcc.a(lib2-divmod.o)
                              obj/default/main.o (__divsi3)
/opt/altera/13.0sp1/nios2eds/bin/gnu/H-i686-pc-linux-gnu/bin/../lib/gcc/nios2-elf/4.1.2/../../../../nios2-elf/lib/mno-hw-mul/libsmallc.a(lib_a-memcpy.o)
                              obj/default/main.o (memcpy)
../lab1_mem_bsp//libhal_bsp.a(alt_load.o)
                              ../lab1_mem_bsp//obj/HAL/src/crt0.o (alt_load)
../lab1_mem_bsp//libhal_bsp.a(alt_main.o)
                              ../lab1_mem_bsp//obj/HAL/src/crt0.o (alt_main)
../lab1_mem_bsp//libhal_bsp.a(alt_printf.o)
                              obj/default/main.o (alt_printf)
../lab1_mem_bsp//libhal_bsp.a(alt_putchar.o)
                              ../lab1_mem_bsp//libhal_bsp.a(alt_printf.o) (alt_putchar)
../lab1_mem_bsp//libhal_bsp.a(alt_sys_init.o)
                              ../lab1_mem_bsp//libhal_bsp.a(alt_main.o) (alt_sys_init)
../lab1_mem_bsp//libhal_bsp.a(altera_avalon_jtag_uart_fd.o)
                              ../lab1_mem_bsp//libhal_bsp.a(alt_sys_init.o) (altera_avalon_jtag_uart_write_fd)
../lab1_mem_bsp//libhal_bsp.a(altera_avalon_jtag_uart_read.o)
                              ../lab1_mem_bsp//libhal_bsp.a(altera_avalon_jtag_uart_fd.o) (altera_avalon_jtag_uart_read)
../lab1_mem_bsp//libhal_bsp.a(altera_avalon_jtag_uart_write.o)
                              ../lab1_mem_bsp//libhal_bsp.a(altera_avalon_jtag_uart_fd.o) (altera_avalon_jtag_uart_write)
../lab1_mem_bsp//libhal_bsp.a(altera_avalon_performance_counter.o)
                              obj/default/main.o (perf_get_section_time)
../lab1_mem_bsp//libhal_bsp.a(alt_close.o)
                              ../lab1_mem_bsp//libhal_bsp.a(alt_main.o) (close)
../lab1_mem_bsp//libhal_bsp.a(alt_dcache_flush_all.o)
                              ../lab1_mem_bsp//libhal_bsp.a(alt_load.o) (alt_dcache_flush_all)
../lab1_mem_bsp//libhal_bsp.a(alt_dev.o)
                              ../lab1_mem_bsp//libhal_bsp.a(alt_sys_init.o) (alt_dev_list)
../lab1_mem_bsp//libhal_bsp.a(alt_dev_llist_insert.o)
                              ../lab1_mem_bsp//libhal_bsp.a(alt_sys_init.o) (alt_dev_llist_insert)
../lab1_mem_bsp//libhal_bsp.a(alt_do_ctors.o)
                              ../lab1_mem_bsp//libhal_bsp.a(alt_main.o) (_do_ctors)
../lab1_mem_bsp//libhal_bsp.a(alt_do_dtors.o)
                              ../lab1_mem_bsp//libhal_bsp.a(alt_main.o) (_do_dtors)
../lab1_mem_bsp//libhal_bsp.a(alt_errno.o)
                              ../lab1_mem_bsp//libhal_bsp.a(alt_close.o) (alt_errno)
../lab1_mem_bsp//libhal_bsp.a(alt_icache_flush_all.o)
                              ../lab1_mem_bsp//libhal_bsp.a(alt_load.o) (alt_icache_flush_all)
../lab1_mem_bsp//libhal_bsp.a(alt_io_redirect.o)
                              ../lab1_mem_bsp//libhal_bsp.a(alt_main.o) (alt_io_redirect)
../lab1_mem_bsp//libhal_bsp.a(alt_open.o)
                              ../lab1_mem_bsp//libhal_bsp.a(alt_io_redirect.o) (open)
../lab1_mem_bsp//libhal_bsp.a(alt_release_fd.o)
                              ../lab1_mem_bsp//libhal_bsp.a(alt_close.o) (alt_release_fd)
../lab1_mem_bsp//libhal_bsp.a(altera_nios2_qsys_irq.o)
                              ../lab1_mem_bsp//libhal_bsp.a(alt_sys_init.o) (altera_nios2_qsys_irq_init)
../lab1_mem_bsp//libhal_bsp.a(alt_find_dev.o)
                              ../lab1_mem_bsp//libhal_bsp.a(alt_open.o) (alt_find_dev)
../lab1_mem_bsp//libhal_bsp.a(alt_find_file.o)
                              ../lab1_mem_bsp//libhal_bsp.a(alt_open.o) (alt_find_file)
../lab1_mem_bsp//libhal_bsp.a(alt_get_fd.o)
                              ../lab1_mem_bsp//libhal_bsp.a(alt_open.o) (alt_get_fd)
/opt/altera/13.0sp1/nios2eds/bin/gnu/H-i686-pc-linux-gnu/bin/../lib/gcc/nios2-elf/4.1.2/../../../../nios2-elf/lib/mno-hw-mul/libsmallc.a(lib_a-atexit.o)
                              ../lab1_mem_bsp//libhal_bsp.a(alt_main.o) (atexit)
/opt/altera/13.0sp1/nios2eds/bin/gnu/H-i686-pc-linux-gnu/bin/../lib/gcc/nios2-elf/4.1.2/../../../../nios2-elf/lib/mno-hw-mul/libsmallc.a(lib_a-exit.o)
                              ../lab1_mem_bsp//libhal_bsp.a(alt_main.o) (exit)
/opt/altera/13.0sp1/nios2eds/bin/gnu/H-i686-pc-linux-gnu/bin/../lib/gcc/nios2-elf/4.1.2/../../../../nios2-elf/lib/mno-hw-mul/libsmallc.a(lib_a-impure.o)
                              ../lab1_mem_bsp//libhal_bsp.a(alt_putchar.o) (_impure_ptr)
/opt/altera/13.0sp1/nios2eds/bin/gnu/H-i686-pc-linux-gnu/bin/../lib/gcc/nios2-elf/4.1.2/../../../../nios2-elf/lib/mno-hw-mul/libsmallc.a(lib_a-int_errno.o)
                              ../lab1_mem_bsp//libhal_bsp.a(alt_close.o) (errno)
/opt/altera/13.0sp1/nios2eds/bin/gnu/H-i686-pc-linux-gnu/bin/../lib/gcc/nios2-elf/4.1.2/../../../../nios2-elf/lib/mno-hw-mul/libsmallc.a(lib_a-memcmp.o)
                              ../lab1_mem_bsp//libhal_bsp.a(alt_find_dev.o) (memcmp)
/opt/altera/13.0sp1/nios2eds/bin/gnu/H-i686-pc-linux-gnu/bin/../lib/gcc/nios2-elf/4.1.2/../../../../nios2-elf/lib/mno-hw-mul/libsmallc.a(lib_a-putc.o)
                              ../lab1_mem_bsp//libhal_bsp.a(alt_putchar.o) (putc)
/opt/altera/13.0sp1/nios2eds/bin/gnu/H-i686-pc-linux-gnu/bin/../lib/gcc/nios2-elf/4.1.2/../../../../nios2-elf/lib/mno-hw-mul/libsmallc.a(lib_a-strlen.o)
                              ../lab1_mem_bsp//libhal_bsp.a(alt_find_dev.o) (strlen)
/opt/altera/13.0sp1/nios2eds/bin/gnu/H-i686-pc-linux-gnu/bin/../lib/gcc/nios2-elf/4.1.2/../../../../nios2-elf/lib/mno-hw-mul/libsmallc.a(lib_a-__atexit.o)
                              /opt/altera/13.0sp1/nios2eds/bin/gnu/H-i686-pc-linux-gnu/bin/../lib/gcc/nios2-elf/4.1.2/../../../../nios2-elf/lib/mno-hw-mul/libsmallc.a(lib_a-atexit.o) (__register_exitproc)
/opt/altera/13.0sp1/nios2eds/bin/gnu/H-i686-pc-linux-gnu/bin/../lib/gcc/nios2-elf/4.1.2/../../../../nios2-elf/lib/mno-hw-mul/libsmallc.a(lib_a-__call_atexit.o)
                              /opt/altera/13.0sp1/nios2eds/bin/gnu/H-i686-pc-linux-gnu/bin/../lib/gcc/nios2-elf/4.1.2/../../../../nios2-elf/lib/mno-hw-mul/libsmallc.a(lib_a-exit.o) (__call_exitprocs)
/opt/altera/13.0sp1/nios2eds/bin/gnu/H-i686-pc-linux-gnu/bin/../lib/gcc/nios2-elf/4.1.2/../../../../nios2-elf/lib/mno-hw-mul/libsmallc.a(lib_a-fvwrite_small_dev.o)
                              /opt/altera/13.0sp1/nios2eds/bin/gnu/H-i686-pc-linux-gnu/bin/../lib/gcc/nios2-elf/4.1.2/../../../../nios2-elf/lib/mno-hw-mul/libsmallc.a(lib_a-putc.o) (__sfvwrite_small_dev)
/opt/altera/13.0sp1/nios2eds/bin/gnu/H-i686-pc-linux-gnu/bin/../lib/gcc/nios2-elf/4.1.2/../../../../nios2-elf/lib/mno-hw-mul/libsmallc.a(lib_a-writer.o)
                              /opt/altera/13.0sp1/nios2eds/bin/gnu/H-i686-pc-linux-gnu/bin/../lib/gcc/nios2-elf/4.1.2/../../../../nios2-elf/lib/mno-hw-mul/libsmallc.a(lib_a-fvwrite_small_dev.o) (_write_r)
/opt/altera/13.0sp1/nios2eds/bin/gnu/H-i686-pc-linux-gnu/bin/../lib/gcc/nios2-elf/4.1.2/mno-hw-mul/libgcc.a(lib2-mul.o)
                              ../lab1_mem_bsp//libhal_bsp.a(alt_close.o) (__mulsi3)
../lab1_mem_bsp//libhal_bsp.a(alt_exit.o)
                              /opt/altera/13.0sp1/nios2eds/bin/gnu/H-i686-pc-linux-gnu/bin/../lib/gcc/nios2-elf/4.1.2/../../../../nios2-elf/lib/mno-hw-mul/libsmallc.a(lib_a-exit.o) (_exit)
../lab1_mem_bsp//libhal_bsp.a(alt_write.o)
                              /opt/altera/13.0sp1/nios2eds/bin/gnu/H-i686-pc-linux-gnu/bin/../lib/gcc/nios2-elf/4.1.2/../../../../nios2-elf/lib/mno-hw-mul/libsmallc.a(lib_a-writer.o) (write)

Allocating common symbols
Common symbol       size              file

errno               0x4               /opt/altera/13.0sp1/nios2eds/bin/gnu/H-i686-pc-linux-gnu/bin/../lib/gcc/nios2-elf/4.1.2/../../../../nios2-elf/lib/mno-hw-mul/libsmallc.a(lib_a-int_errno.o)
_atexit0            0x8c              /opt/altera/13.0sp1/nios2eds/bin/gnu/H-i686-pc-linux-gnu/bin/../lib/gcc/nios2-elf/4.1.2/../../../../nios2-elf/lib/mno-hw-mul/libsmallc.a(lib_a-atexit.o)
y                   0x1000            obj/default/main.o

Memory Configuration

Name             Origin             Length             Attributes
sram             0x00000000         0x00080000
reset            0x00800000         0x00000020
sdram            0x00800020         0x007fffe0
onchip_memory    0x01008000         0x00008000
*default*        0x00000000         0xffffffff

Linker script and memory map

LOAD ../lab1_mem_bsp//obj/HAL/src/crt0.o
LOAD obj/default/main.o
LOAD /opt/altera/13.0sp1/nios2eds/bin/gnu/H-i686-pc-linux-gnu/bin/../lib/gcc/nios2-elf/4.1.2/../../../../nios2-elf/lib/mno-hw-mul/libstdc++.a
LOAD /opt/altera/13.0sp1/nios2eds/bin/gnu/H-i686-pc-linux-gnu/bin/../lib/gcc/nios2-elf/4.1.2/../../../../nios2-elf/lib/mno-hw-mul/libm.a
LOAD /opt/altera/13.0sp1/nios2eds/bin/gnu/H-i686-pc-linux-gnu/bin/../lib/gcc/nios2-elf/4.1.2/mno-hw-mul/libgcc.a
START GROUP
LOAD /opt/altera/13.0sp1/nios2eds/bin/gnu/H-i686-pc-linux-gnu/bin/../lib/gcc/nios2-elf/4.1.2/../../../../nios2-elf/lib/mno-hw-mul/libsmallc.a
LOAD /opt/altera/13.0sp1/nios2eds/bin/gnu/H-i686-pc-linux-gnu/bin/../lib/gcc/nios2-elf/4.1.2/mno-hw-mul/libgcc.a
LOAD ../lab1_mem_bsp//libhal_bsp.a
END GROUP
LOAD /opt/altera/13.0sp1/nios2eds/bin/gnu/H-i686-pc-linux-gnu/bin/../lib/gcc/nios2-elf/4.1.2/mno-hw-mul/libgcc.a
                0x00000000                __alt_mem_sram = 0x0
                0x00800000                __alt_mem_sdram = 0x800000
                0x01008000                __alt_mem_onchip_memory = 0x1008000

.entry          0x00800000       0x20
 *(.entry)
 .entry         0x00800000       0x20 ../lab1_mem_bsp//obj/HAL/src/crt0.o
                0x00800000                __reset

.exceptions     0x00800020        0x0
                0x00800020                PROVIDE (__ram_exceptions_start, ABSOLUTE (.))
                0x00800020                . = ALIGN (0x20)
 *(.irq)
 *(.exceptions.entry.label)
 *(.exceptions.entry.user)
 *(.exceptions.entry)
 *(.exceptions.irqtest.user)
 *(.exceptions.irqtest)
 *(.exceptions.irqhandler.user)
 *(.exceptions.irqhandler)
 *(.exceptions.irqreturn.user)
 *(.exceptions.irqreturn)
 *(.exceptions.notirq.label)
 *(.exceptions.notirq.user)
 *(.exceptions.notirq)
 *(.exceptions.soft.user)
 *(.exceptions.soft)
 *(.exceptions.unknown.user)
 *(.exceptions.unknown)
 *(.exceptions.exit.label)
 *(.exceptions.exit.user)
 *(.exceptions.exit)
 *(.exceptions)
                0x00800020                PROVIDE (__ram_exceptions_end, ABSOLUTE (.))
                0x00800020                PROVIDE (__flash_exceptions_start, LOADADDR (.exceptions))

.text           0x00000000     0x1590
                0x00000000                PROVIDE (stext, ABSOLUTE (.))
 *(.interp)
 *(.hash)
 *(.dynsym)
 *(.dynstr)
 *(.gnu.version)
 *(.gnu.version_d)
 *(.gnu.version_r)
 *(.rel.init)
 *(.rela.init)
 *(.rel.text .rel.text.* .rel.gnu.linkonce.t.*)
 *(.rela.text .rela.text.* .rela.gnu.linkonce.t.*)
 *(.rel.fini)
 *(.rela.fini)
 *(.rel.rodata .rel.rodata.* .rel.gnu.linkonce.r.*)
 *(.rela.rodata .rela.rodata.* .rela.gnu.linkonce.r.*)
 *(.rel.data .rel.data.* .rel.gnu.linkonce.d.*)
 *(.rela.data .rela.data.* .rela.gnu.linkonce.d.*)
 *(.rel.tdata .rel.tdata.* .rel.gnu.linkonce.td.*)
 *(.rela.tdata .rela.tdata.* .rela.gnu.linkonce.td.*)
 *(.rel.tbss .rel.tbss.* .rel.gnu.linkonce.tb.*)
 *(.rela.tbss .rela.tbss.* .rela.gnu.linkonce.tb.*)
 *(.rel.ctors)
 *(.rela.ctors)
 *(.rel.dtors)
 *(.rela.dtors)
 *(.rel.got)
 *(.rela.got)
 *(.rel.sdata .rel.sdata.* .rel.gnu.linkonce.s.*)
 *(.rela.sdata .rela.sdata.* .rela.gnu.linkonce.s.*)
 *(.rel.sbss .rel.sbss.* .rel.gnu.linkonce.sb.*)
 *(.rela.sbss .rela.sbss.* .rela.gnu.linkonce.sb.*)
 *(.rel.sdata2 .rel.sdata2.* .rel.gnu.linkonce.s2.*)
 *(.rela.sdata2 .rela.sdata2.* .rela.gnu.linkonce.s2.*)
 *(.rel.sbss2 .rel.sbss2.* .rel.gnu.linkonce.sb2.*)
 *(.rela.sbss2 .rela.sbss2.* .rela.gnu.linkonce.sb2.*)
 *(.rel.bss .rel.bss.* .rel.gnu.linkonce.b.*)
 *(.rela.bss .rela.bss.* .rela.gnu.linkonce.b.*)
 *(.rel.plt)
 *(.rela.plt)
 *(.rel.dyn)
 *(.init)
 *(.plt)
 *(.text .stub .text.* .gnu.linkonce.t.*)
 .text          0x00000000       0x3c ../lab1_mem_bsp//obj/HAL/src/crt0.o
                0x00000000                _start
 .text          0x0000003c      0x320 obj/default/main.o
                0x0000003c                main
 .text          0x0000035c      0x14c /opt/altera/13.0sp1/nios2eds/bin/gnu/H-i686-pc-linux-gnu/bin/../lib/gcc/nios2-elf/4.1.2/mno-hw-mul/libgcc.a(lib2-divmod.o)
                0x000003d8                __divsi3
                0x00000438                __modsi3
                0x00000498                __udivsi3
                0x000004a0                __umodsi3
 .text          0x000004a8       0x2c /opt/altera/13.0sp1/nios2eds/bin/gnu/H-i686-pc-linux-gnu/bin/../lib/gcc/nios2-elf/4.1.2/../../../../nios2-elf/lib/mno-hw-mul/libsmallc.a(lib_a-memcpy.o)
                0x000004a8                memcpy
 .text          0x000004d4       0x8c ../lab1_mem_bsp//libhal_bsp.a(alt_load.o)
                0x000004f4                alt_load
 .text          0x00000560       0x60 ../lab1_mem_bsp//libhal_bsp.a(alt_main.o)
                0x00000560                alt_main
 .text          0x000005c0      0x144 ../lab1_mem_bsp//libhal_bsp.a(alt_printf.o)
                0x000005c0                alt_printf
 .text          0x00000704       0x14 ../lab1_mem_bsp//libhal_bsp.a(alt_putchar.o)
                0x00000704                alt_putchar
 .text          0x00000718       0x58 ../lab1_mem_bsp//libhal_bsp.a(alt_sys_init.o)
                0x00000718                alt_sys_init
                0x00000750                alt_irq_init
 .text          0x00000770       0x20 ../lab1_mem_bsp//libhal_bsp.a(altera_avalon_jtag_uart_fd.o)
                0x00000770                altera_avalon_jtag_uart_write_fd
                0x00000780                altera_avalon_jtag_uart_read_fd
 .text          0x00000790       0x60 ../lab1_mem_bsp//libhal_bsp.a(altera_avalon_jtag_uart_read.o)
                0x00000790                altera_avalon_jtag_uart_read
 .text          0x000007f0       0x34 ../lab1_mem_bsp//libhal_bsp.a(altera_avalon_jtag_uart_write.o)
                0x000007f0                altera_avalon_jtag_uart_write
 .text          0x00000824       0x5c ../lab1_mem_bsp//libhal_bsp.a(altera_avalon_performance_counter.o)
                0x00000824                alt_get_performance_counter_base
                0x0000082c                alt_get_cpu_freq
                0x00000838                perf_get_num_starts
                0x00000848                perf_get_section_time
                0x00000878                perf_get_total_time
 .text          0x00000880       0xbc ../lab1_mem_bsp//libhal_bsp.a(alt_close.o)
                0x000008a0                close
 .text          0x0000093c        0x4 ../lab1_mem_bsp//libhal_bsp.a(alt_dcache_flush_all.o)
                0x0000093c                alt_dcache_flush_all
 .text          0x00000940        0x8 ../lab1_mem_bsp//libhal_bsp.a(alt_dev.o)
 .text          0x00000948       0x70 ../lab1_mem_bsp//libhal_bsp.a(alt_dev_llist_insert.o)
                0x00000948                alt_dev_llist_insert
 .text          0x000009b8       0x40 ../lab1_mem_bsp//libhal_bsp.a(alt_do_ctors.o)
                0x000009b8                _do_ctors
 .text          0x000009f8       0x40 ../lab1_mem_bsp//libhal_bsp.a(alt_do_dtors.o)
                0x000009f8                _do_dtors
 .text          0x00000a38        0x0 ../lab1_mem_bsp//libhal_bsp.a(alt_errno.o)
 .text          0x00000a38        0x4 ../lab1_mem_bsp//libhal_bsp.a(alt_icache_flush_all.o)
                0x00000a38                alt_icache_flush_all
 .text          0x00000a3c      0x114 ../lab1_mem_bsp//libhal_bsp.a(alt_io_redirect.o)
                0x00000ac4                alt_io_redirect
 .text          0x00000b50      0x17c ../lab1_mem_bsp//libhal_bsp.a(alt_open.o)
                0x00000b50                open
 .text          0x00000ccc       0x5c ../lab1_mem_bsp//libhal_bsp.a(alt_release_fd.o)
                0x00000ccc                alt_release_fd
 .text          0x00000d28        0x8 ../lab1_mem_bsp//libhal_bsp.a(altera_nios2_qsys_irq.o)
                0x00000d28                altera_nios2_qsys_irq_init
 .text          0x00000d30       0x70 ../lab1_mem_bsp//libhal_bsp.a(alt_find_dev.o)
                0x00000d30                alt_find_dev
 .text          0x00000da0       0x9c ../lab1_mem_bsp//libhal_bsp.a(alt_find_file.o)
                0x00000da0                alt_find_file
 .text          0x00000e3c       0x5c ../lab1_mem_bsp//libhal_bsp.a(alt_get_fd.o)
                0x00000e3c                alt_get_fd
 .text          0x00000e98       0x14 /opt/altera/13.0sp1/nios2eds/bin/gnu/H-i686-pc-linux-gnu/bin/../lib/gcc/nios2-elf/4.1.2/../../../../nios2-elf/lib/mno-hw-mul/libsmallc.a(lib_a-atexit.o)
                0x00000e98                atexit
 .text          0x00000eac       0x20 /opt/altera/13.0sp1/nios2eds/bin/gnu/H-i686-pc-linux-gnu/bin/../lib/gcc/nios2-elf/4.1.2/../../../../nios2-elf/lib/mno-hw-mul/libsmallc.a(lib_a-exit.o)
                0x00000eac                exit
 .text          0x00000ecc        0x0 /opt/altera/13.0sp1/nios2eds/bin/gnu/H-i686-pc-linux-gnu/bin/../lib/gcc/nios2-elf/4.1.2/../../../../nios2-elf/lib/mno-hw-mul/libsmallc.a(lib_a-impure.o)
 .text          0x00000ecc        0x0 /opt/altera/13.0sp1/nios2eds/bin/gnu/H-i686-pc-linux-gnu/bin/../lib/gcc/nios2-elf/4.1.2/../../../../nios2-elf/lib/mno-hw-mul/libsmallc.a(lib_a-int_errno.o)
 .text          0x00000ecc       0x3c /opt/altera/13.0sp1/nios2eds/bin/gnu/H-i686-pc-linux-gnu/bin/../lib/gcc/nios2-elf/4.1.2/../../../../nios2-elf/lib/mno-hw-mul/libsmallc.a(lib_a-memcmp.o)
                0x00000ecc                memcmp
 .text          0x00000f08       0xe4 /opt/altera/13.0sp1/nios2eds/bin/gnu/H-i686-pc-linux-gnu/bin/../lib/gcc/nios2-elf/4.1.2/../../../../nios2-elf/lib/mno-hw-mul/libsmallc.a(lib_a-putc.o)
                0x00000f08                putc
                0x00000f78                _putc_r
 .text          0x00000fec       0x20 /opt/altera/13.0sp1/nios2eds/bin/gnu/H-i686-pc-linux-gnu/bin/../lib/gcc/nios2-elf/4.1.2/../../../../nios2-elf/lib/mno-hw-mul/libsmallc.a(lib_a-strlen.o)
                0x00000fec                strlen
 .text          0x0000100c      0x16c /opt/altera/13.0sp1/nios2eds/bin/gnu/H-i686-pc-linux-gnu/bin/../lib/gcc/nios2-elf/4.1.2/../../../../nios2-elf/lib/mno-hw-mul/libsmallc.a(lib_a-__atexit.o)
                0x0000100c                __register_exitproc
 .text          0x00001178      0x1c0 /opt/altera/13.0sp1/nios2eds/bin/gnu/H-i686-pc-linux-gnu/bin/../lib/gcc/nios2-elf/4.1.2/../../../../nios2-elf/lib/mno-hw-mul/libsmallc.a(lib_a-__call_atexit.o)
                0x0000117c                __call_exitprocs
 .text          0x00001338       0xbc /opt/altera/13.0sp1/nios2eds/bin/gnu/H-i686-pc-linux-gnu/bin/../lib/gcc/nios2-elf/4.1.2/../../../../nios2-elf/lib/mno-hw-mul/libsmallc.a(lib_a-fvwrite_small_dev.o)
                0x00001338                __sfvwrite_small_dev
 .text          0x000013f4       0x78 /opt/altera/13.0sp1/nios2eds/bin/gnu/H-i686-pc-linux-gnu/bin/../lib/gcc/nios2-elf/4.1.2/../../../../nios2-elf/lib/mno-hw-mul/libsmallc.a(lib_a-writer.o)
                0x000013f4                _write_r
 .text          0x0000146c       0x38 /opt/altera/13.0sp1/nios2eds/bin/gnu/H-i686-pc-linux-gnu/bin/../lib/gcc/nios2-elf/4.1.2/mno-hw-mul/libgcc.a(lib2-mul.o)
                0x0000146c                __mulsi3
 .text          0x000014a4       0x14 ../lab1_mem_bsp//libhal_bsp.a(alt_exit.o)
                0x000014a4                _exit
 .text          0x000014b8       0xd4 ../lab1_mem_bsp//libhal_bsp.a(alt_write.o)
                0x000014d8                write
 *(.gnu.warning.*)
 *(.fini)
                0x0000158c                PROVIDE (__etext, ABSOLUTE (.))
                0x0000158c                PROVIDE (_etext, ABSOLUTE (.))
                0x0000158c                PROVIDE (etext, ABSOLUTE (.))
 *(.eh_frame_hdr)
                0x0000158c                . = ALIGN (0x4)
                0x0000158c                PROVIDE (__preinit_array_start, ABSOLUTE (.))
 *(.preinit_array)
                0x0000158c                PROVIDE (__preinit_array_end, ABSOLUTE (.))
                0x0000158c                PROVIDE (__init_array_start, ABSOLUTE (.))
 *(.init_array)
                0x0000158c                PROVIDE (__init_array_end, ABSOLUTE (.))
                0x0000158c                PROVIDE (__fini_array_start, ABSOLUTE (.))
 *(.fini_array)
                0x0000158c                PROVIDE (__fini_array_end, ABSOLUTE (.))
 *(.eh_frame)
 *(.gcc_except_table)
 *(.dynamic)
                0x0000158c                PROVIDE (__CTOR_LIST__, ABSOLUTE (.))
 *(.ctors)
 *(SORT(.ctors.*))
 .ctors.65535   0x0000158c        0x4 /opt/altera/13.0sp1/nios2eds/bin/gnu/H-i686-pc-linux-gnu/bin/../lib/gcc/nios2-elf/4.1.2/../../../../nios2-elf/lib/mno-hw-mul/libsmallc.a(lib_a-__call_atexit.o)
                0x00001590                PROVIDE (__CTOR_END__, ABSOLUTE (.))
                0x00001590                PROVIDE (__DTOR_LIST__, ABSOLUTE (.))
 *(.dtors)
 *(SORT(.dtors.*))
                0x00001590                PROVIDE (__DTOR_END__, ABSOLUTE (.))
 *(.jcr)
                0x00001590                . = ALIGN (0x4)

.rodata         0x00001590       0x34
                0x00001590                PROVIDE (__ram_rodata_start, ABSOLUTE (.))
                0x00001590                . = ALIGN (0x4)
 *(.rodata .rodata.* .gnu.linkonce.r.*)
 .rodata        0x00001590       0x14 obj/default/main.o
 .rodata.str1.4
                0x000015a4       0x11 ../lab1_mem_bsp//libhal_bsp.a(alt_main.o)
                                 0x14 (size before relaxing)
 .rodata.str1.4
                0x00000000       0x14 ../lab1_mem_bsp//libhal_bsp.a(alt_sys_init.o)
 *fill*         0x000015b5        0x3 00
 .rodata.str1.4
                0x000015b8        0xc ../lab1_mem_bsp//libhal_bsp.a(alt_dev.o)
 *(.rodata1)
                0x000015c4                . = ALIGN (0x4)
                0x000015c4                PROVIDE (__ram_rodata_end, ABSOLUTE (.))
                0x00001590                PROVIDE (__flash_rodata_start, LOADADDR (.rodata))

.rwdata         0x000015c4      0x2d4 load address 0x00001898
                0x000015c4                PROVIDE (__ram_rwdata_start, ABSOLUTE (.))
                0x000015c4                . = ALIGN (0x4)
 *(.got.plt)
 *(.got)
 *(.data1)
 *(.data .data.* .gnu.linkonce.d.*)
 .data          0x000015c4        0x0 ../lab1_mem_bsp//obj/HAL/src/crt0.o
 .data          0x000015c4        0x0 obj/default/main.o
 .data          0x000015c4        0x0 /opt/altera/13.0sp1/nios2eds/bin/gnu/H-i686-pc-linux-gnu/bin/../lib/gcc/nios2-elf/4.1.2/mno-hw-mul/libgcc.a(lib2-divmod.o)
 .data          0x000015c4        0x0 /opt/altera/13.0sp1/nios2eds/bin/gnu/H-i686-pc-linux-gnu/bin/../lib/gcc/nios2-elf/4.1.2/../../../../nios2-elf/lib/mno-hw-mul/libsmallc.a(lib_a-memcpy.o)
 .data          0x000015c4        0x0 ../lab1_mem_bsp//libhal_bsp.a(alt_load.o)
 .data          0x000015c4        0x0 ../lab1_mem_bsp//libhal_bsp.a(alt_main.o)
 .data          0x000015c4        0x0 ../lab1_mem_bsp//libhal_bsp.a(alt_printf.o)
 .data          0x000015c4        0x0 ../lab1_mem_bsp//libhal_bsp.a(alt_putchar.o)
 .data          0x000015c4       0x2c ../lab1_mem_bsp//libhal_bsp.a(alt_sys_init.o)
 .data          0x000015f0        0x0 ../lab1_mem_bsp//libhal_bsp.a(altera_avalon_jtag_uart_fd.o)
 .data          0x000015f0        0x0 ../lab1_mem_bsp//libhal_bsp.a(altera_avalon_jtag_uart_read.o)
 .data          0x000015f0        0x0 ../lab1_mem_bsp//libhal_bsp.a(altera_avalon_jtag_uart_write.o)
 .data          0x000015f0        0x0 ../lab1_mem_bsp//libhal_bsp.a(altera_avalon_performance_counter.o)
 .data          0x000015f0        0x0 ../lab1_mem_bsp//libhal_bsp.a(alt_close.o)
 .data          0x000015f0        0x0 ../lab1_mem_bsp//libhal_bsp.a(alt_dcache_flush_all.o)
 .data          0x000015f0      0x1a8 ../lab1_mem_bsp//libhal_bsp.a(alt_dev.o)
                0x000015f0                alt_dev_null
                0x00001618                alt_fd_list
 .data          0x00001798        0x0 ../lab1_mem_bsp//libhal_bsp.a(alt_dev_llist_insert.o)
 .data          0x00001798        0x0 ../lab1_mem_bsp//libhal_bsp.a(alt_do_ctors.o)
 .data          0x00001798        0x0 ../lab1_mem_bsp//libhal_bsp.a(alt_do_dtors.o)
 .data          0x00001798        0x0 ../lab1_mem_bsp//libhal_bsp.a(alt_errno.o)
 .data          0x00001798        0x0 ../lab1_mem_bsp//libhal_bsp.a(alt_icache_flush_all.o)
 .data          0x00001798        0x0 ../lab1_mem_bsp//libhal_bsp.a(alt_io_redirect.o)
 .data          0x00001798        0x0 ../lab1_mem_bsp//libhal_bsp.a(alt_open.o)
 .data          0x00001798        0x0 ../lab1_mem_bsp//libhal_bsp.a(alt_release_fd.o)
 .data          0x00001798        0x0 ../lab1_mem_bsp//libhal_bsp.a(altera_nios2_qsys_irq.o)
 .data          0x00001798        0x0 ../lab1_mem_bsp//libhal_bsp.a(alt_find_dev.o)
 .data          0x00001798        0x0 ../lab1_mem_bsp//libhal_bsp.a(alt_find_file.o)
 .data          0x00001798        0x0 ../lab1_mem_bsp//libhal_bsp.a(alt_get_fd.o)
 .data          0x00001798        0x0 /opt/altera/13.0sp1/nios2eds/bin/gnu/H-i686-pc-linux-gnu/bin/../lib/gcc/nios2-elf/4.1.2/../../../../nios2-elf/lib/mno-hw-mul/libsmallc.a(lib_a-atexit.o)
 .data          0x00001798        0x0 /opt/altera/13.0sp1/nios2eds/bin/gnu/H-i686-pc-linux-gnu/bin/../lib/gcc/nios2-elf/4.1.2/../../../../nios2-elf/lib/mno-hw-mul/libsmallc.a(lib_a-exit.o)
 .data          0x00001798       0xe0 /opt/altera/13.0sp1/nios2eds/bin/gnu/H-i686-pc-linux-gnu/bin/../lib/gcc/nios2-elf/4.1.2/../../../../nios2-elf/lib/mno-hw-mul/libsmallc.a(lib_a-impure.o)
 .data          0x00001878        0x0 /opt/altera/13.0sp1/nios2eds/bin/gnu/H-i686-pc-linux-gnu/bin/../lib/gcc/nios2-elf/4.1.2/../../../../nios2-elf/lib/mno-hw-mul/libsmallc.a(lib_a-int_errno.o)
 .data          0x00001878        0x0 /opt/altera/13.0sp1/nios2eds/bin/gnu/H-i686-pc-linux-gnu/bin/../lib/gcc/nios2-elf/4.1.2/../../../../nios2-elf/lib/mno-hw-mul/libsmallc.a(lib_a-memcmp.o)
 .data          0x00001878        0x0 /opt/altera/13.0sp1/nios2eds/bin/gnu/H-i686-pc-linux-gnu/bin/../lib/gcc/nios2-elf/4.1.2/../../../../nios2-elf/lib/mno-hw-mul/libsmallc.a(lib_a-putc.o)
 .data          0x00001878        0x0 /opt/altera/13.0sp1/nios2eds/bin/gnu/H-i686-pc-linux-gnu/bin/../lib/gcc/nios2-elf/4.1.2/../../../../nios2-elf/lib/mno-hw-mul/libsmallc.a(lib_a-strlen.o)
 .data          0x00001878        0x0 /opt/altera/13.0sp1/nios2eds/bin/gnu/H-i686-pc-linux-gnu/bin/../lib/gcc/nios2-elf/4.1.2/../../../../nios2-elf/lib/mno-hw-mul/libsmallc.a(lib_a-__atexit.o)
 .data          0x00001878        0x0 /opt/altera/13.0sp1/nios2eds/bin/gnu/H-i686-pc-linux-gnu/bin/../lib/gcc/nios2-elf/4.1.2/../../../../nios2-elf/lib/mno-hw-mul/libsmallc.a(lib_a-__call_atexit.o)
 .data          0x00001878        0x0 /opt/altera/13.0sp1/nios2eds/bin/gnu/H-i686-pc-linux-gnu/bin/../lib/gcc/nios2-elf/4.1.2/../../../../nios2-elf/lib/mno-hw-mul/libsmallc.a(lib_a-fvwrite_small_dev.o)
 .data          0x00001878        0x0 /opt/altera/13.0sp1/nios2eds/bin/gnu/H-i686-pc-linux-gnu/bin/../lib/gcc/nios2-elf/4.1.2/../../../../nios2-elf/lib/mno-hw-mul/libsmallc.a(lib_a-writer.o)
 .data          0x00001878        0x0 /opt/altera/13.0sp1/nios2eds/bin/gnu/H-i686-pc-linux-gnu/bin/../lib/gcc/nios2-elf/4.1.2/mno-hw-mul/libgcc.a(lib2-mul.o)
 .data          0x00001878        0x0 ../lab1_mem_bsp//libhal_bsp.a(alt_exit.o)
 .data          0x00001878        0x0 ../lab1_mem_bsp//libhal_bsp.a(alt_write.o)
                0x00009878                _gp = ABSOLUTE ((. + 0x8000))
                0x00009878                PROVIDE (gp, _gp)
 *(.rwdata .rwdata.*)
 *(.sdata .sdata.* .gnu.linkonce.s.*)
 .sdata         0x00001878       0x14 ../lab1_mem_bsp//libhal_bsp.a(alt_dev.o)
                0x00001878                alt_fs_list
                0x00001880                alt_dev_list
                0x00001888                alt_max_fd
 .sdata         0x0000188c        0x4 ../lab1_mem_bsp//libhal_bsp.a(alt_errno.o)
                0x0000188c                alt_errno
 .sdata         0x00001890        0x8 /opt/altera/13.0sp1/nios2eds/bin/gnu/H-i686-pc-linux-gnu/bin/../lib/gcc/nios2-elf/4.1.2/../../../../nios2-elf/lib/mno-hw-mul/libsmallc.a(lib_a-impure.o)
                0x00001890                _impure_ptr
                0x00001894                _global_impure_ptr
 *(.sdata2 .sdata2.* .gnu.linkonce.s2.*)
                0x00001898                . = ALIGN (0x4)
                0x00001898                _edata = ABSOLUTE (.)
                0x00001898                PROVIDE (edata, ABSOLUTE (.))
                0x00001898                PROVIDE (__ram_rwdata_end, ABSOLUTE (.))
                0x00001898                PROVIDE (__flash_rwdata_start, LOADADDR (.rwdata))

.bss            0x00001b6c     0x109c
                0x00001b6c                __bss_start = ABSOLUTE (.)
                0x00001b6c                PROVIDE (__sbss_start, ABSOLUTE (.))
                0x00001b6c                PROVIDE (___sbss_start, ABSOLUTE (.))
 *(.dynsbss)
 *(.sbss .sbss.* .gnu.linkonce.sb.*)
 .sbss          0x00001b6c        0xc ../lab1_mem_bsp//libhal_bsp.a(alt_main.o)
                0x00001b6c                alt_argc
                0x00001b70                alt_argv
                0x00001b74                alt_envp
 .sbss          0x00001b78        0x4 /opt/altera/13.0sp1/nios2eds/bin/gnu/H-i686-pc-linux-gnu/bin/../lib/gcc/nios2-elf/4.1.2/../../../../nios2-elf/lib/mno-hw-mul/libsmallc.a(lib_a-int_errno.o)
                0x00001b78                errno
 *(.sbss2 .sbss2.* .gnu.linkonce.sb2.*)
 *(.scommon)
                0x00001b7c                PROVIDE (__sbss_end, ABSOLUTE (.))
                0x00001b7c                PROVIDE (___sbss_end, ABSOLUTE (.))
 *(.dynbss)
 *(.bss .bss.* .gnu.linkonce.b.*)
 .bss           0x00001b7c        0x0 ../lab1_mem_bsp//obj/HAL/src/crt0.o
 .bss           0x00001b7c        0x0 obj/default/main.o
 .bss           0x00001b7c        0x0 /opt/altera/13.0sp1/nios2eds/bin/gnu/H-i686-pc-linux-gnu/bin/../lib/gcc/nios2-elf/4.1.2/mno-hw-mul/libgcc.a(lib2-divmod.o)
 .bss           0x00001b7c        0x0 /opt/altera/13.0sp1/nios2eds/bin/gnu/H-i686-pc-linux-gnu/bin/../lib/gcc/nios2-elf/4.1.2/../../../../nios2-elf/lib/mno-hw-mul/libsmallc.a(lib_a-memcpy.o)
 .bss           0x00001b7c        0x0 ../lab1_mem_bsp//libhal_bsp.a(alt_load.o)
 .bss           0x00001b7c        0x0 ../lab1_mem_bsp//libhal_bsp.a(alt_main.o)
 .bss           0x00001b7c        0x0 ../lab1_mem_bsp//libhal_bsp.a(alt_printf.o)
 .bss           0x00001b7c        0x0 ../lab1_mem_bsp//libhal_bsp.a(alt_putchar.o)
 .bss           0x00001b7c        0x0 ../lab1_mem_bsp//libhal_bsp.a(alt_sys_init.o)
 .bss           0x00001b7c        0x0 ../lab1_mem_bsp//libhal_bsp.a(altera_avalon_jtag_uart_fd.o)
 .bss           0x00001b7c        0x0 ../lab1_mem_bsp//libhal_bsp.a(altera_avalon_jtag_uart_read.o)
 .bss           0x00001b7c        0x0 ../lab1_mem_bsp//libhal_bsp.a(altera_avalon_jtag_uart_write.o)
 .bss           0x00001b7c        0x0 ../lab1_mem_bsp//libhal_bsp.a(altera_avalon_performance_counter.o)
 .bss           0x00001b7c        0x0 ../lab1_mem_bsp//libhal_bsp.a(alt_close.o)
 .bss           0x00001b7c        0x0 ../lab1_mem_bsp//libhal_bsp.a(alt_dcache_flush_all.o)
 .bss           0x00001b7c        0x0 ../lab1_mem_bsp//libhal_bsp.a(alt_dev.o)
 .bss           0x00001b7c        0x0 ../lab1_mem_bsp//libhal_bsp.a(alt_dev_llist_insert.o)
 .bss           0x00001b7c        0x0 ../lab1_mem_bsp//libhal_bsp.a(alt_do_ctors.o)
 .bss           0x00001b7c        0x0 ../lab1_mem_bsp//libhal_bsp.a(alt_do_dtors.o)
 .bss           0x00001b7c        0x0 ../lab1_mem_bsp//libhal_bsp.a(alt_errno.o)
 .bss           0x00001b7c        0x0 ../lab1_mem_bsp//libhal_bsp.a(alt_icache_flush_all.o)
 .bss           0x00001b7c        0x0 ../lab1_mem_bsp//libhal_bsp.a(alt_io_redirect.o)
 .bss           0x00001b7c        0x0 ../lab1_mem_bsp//libhal_bsp.a(alt_open.o)
 .bss           0x00001b7c        0x0 ../lab1_mem_bsp//libhal_bsp.a(alt_release_fd.o)
 .bss           0x00001b7c        0x0 ../lab1_mem_bsp//libhal_bsp.a(altera_nios2_qsys_irq.o)
 .bss           0x00001b7c        0x0 ../lab1_mem_bsp//libhal_bsp.a(alt_find_dev.o)
 .bss           0x00001b7c        0x0 ../lab1_mem_bsp//libhal_bsp.a(alt_find_file.o)
 .bss           0x00001b7c        0x0 ../lab1_mem_bsp//libhal_bsp.a(alt_get_fd.o)
 .bss           0x00001b7c        0x0 /opt/altera/13.0sp1/nios2eds/bin/gnu/H-i686-pc-linux-gnu/bin/../lib/gcc/nios2-elf/4.1.2/../../../../nios2-elf/lib/mno-hw-mul/libsmallc.a(lib_a-atexit.o)
 .bss           0x00001b7c        0x0 /opt/altera/13.0sp1/nios2eds/bin/gnu/H-i686-pc-linux-gnu/bin/../lib/gcc/nios2-elf/4.1.2/../../../../nios2-elf/lib/mno-hw-mul/libsmallc.a(lib_a-exit.o)
 .bss           0x00001b7c        0x0 /opt/altera/13.0sp1/nios2eds/bin/gnu/H-i686-pc-linux-gnu/bin/../lib/gcc/nios2-elf/4.1.2/../../../../nios2-elf/lib/mno-hw-mul/libsmallc.a(lib_a-impure.o)
 .bss           0x00001b7c        0x0 /opt/altera/13.0sp1/nios2eds/bin/gnu/H-i686-pc-linux-gnu/bin/../lib/gcc/nios2-elf/4.1.2/../../../../nios2-elf/lib/mno-hw-mul/libsmallc.a(lib_a-int_errno.o)
 .bss           0x00001b7c        0x0 /opt/altera/13.0sp1/nios2eds/bin/gnu/H-i686-pc-linux-gnu/bin/../lib/gcc/nios2-elf/4.1.2/../../../../nios2-elf/lib/mno-hw-mul/libsmallc.a(lib_a-memcmp.o)
 .bss           0x00001b7c        0x0 /opt/altera/13.0sp1/nios2eds/bin/gnu/H-i686-pc-linux-gnu/bin/../lib/gcc/nios2-elf/4.1.2/../../../../nios2-elf/lib/mno-hw-mul/libsmallc.a(lib_a-putc.o)
 .bss           0x00001b7c        0x0 /opt/altera/13.0sp1/nios2eds/bin/gnu/H-i686-pc-linux-gnu/bin/../lib/gcc/nios2-elf/4.1.2/../../../../nios2-elf/lib/mno-hw-mul/libsmallc.a(lib_a-strlen.o)
 .bss           0x00001b7c        0x0 /opt/altera/13.0sp1/nios2eds/bin/gnu/H-i686-pc-linux-gnu/bin/../lib/gcc/nios2-elf/4.1.2/../../../../nios2-elf/lib/mno-hw-mul/libsmallc.a(lib_a-__atexit.o)
 .bss           0x00001b7c        0x0 /opt/altera/13.0sp1/nios2eds/bin/gnu/H-i686-pc-linux-gnu/bin/../lib/gcc/nios2-elf/4.1.2/../../../../nios2-elf/lib/mno-hw-mul/libsmallc.a(lib_a-__call_atexit.o)
 .bss           0x00001b7c        0x0 /opt/altera/13.0sp1/nios2eds/bin/gnu/H-i686-pc-linux-gnu/bin/../lib/gcc/nios2-elf/4.1.2/../../../../nios2-elf/lib/mno-hw-mul/libsmallc.a(lib_a-fvwrite_small_dev.o)
 .bss           0x00001b7c        0x0 /opt/altera/13.0sp1/nios2eds/bin/gnu/H-i686-pc-linux-gnu/bin/../lib/gcc/nios2-elf/4.1.2/../../../../nios2-elf/lib/mno-hw-mul/libsmallc.a(lib_a-writer.o)
 .bss           0x00001b7c        0x0 /opt/altera/13.0sp1/nios2eds/bin/gnu/H-i686-pc-linux-gnu/bin/../lib/gcc/nios2-elf/4.1.2/mno-hw-mul/libgcc.a(lib2-mul.o)
 .bss           0x00001b7c        0x0 ../lab1_mem_bsp//libhal_bsp.a(alt_exit.o)
 .bss           0x00001b7c        0x0 ../lab1_mem_bsp//libhal_bsp.a(alt_write.o)
 *(COMMON)
 COMMON         0x00001b7c     0x1000 obj/default/main.o
                0x00001b7c                y
 COMMON         0x00002b7c       0x8c /opt/altera/13.0sp1/nios2eds/bin/gnu/H-i686-pc-linux-gnu/bin/../lib/gcc/nios2-elf/4.1.2/../../../../nios2-elf/lib/mno-hw-mul/libsmallc.a(lib_a-atexit.o)
                0x00002b7c                _atexit0
                0x00002c08                . = ALIGN (0x4)
                0x00002c08                __bss_end = ABSOLUTE (.)

.sram           0x00002c08        0x0
                0x00002c08                PROVIDE (_alt_partition_sram_start, ABSOLUTE (.))
 *(.sram. sram.*)
                0x00002c08                . = ALIGN (0x4)
                0x00002c08                PROVIDE (_alt_partition_sram_end, ABSOLUTE (.))
                0x00002c08                _end = ABSOLUTE (.)
                0x00002c08                end = ABSOLUTE (.)
                0x00002c08                __alt_stack_base = ABSOLUTE (.)
                0x00002c08                PROVIDE (_alt_partition_sram_load_addr, LOADADDR (.sram))

.sdram          0x00800020        0x0 load address 0x00002c08
                0x00800020                PROVIDE (_alt_partition_sdram_start, ABSOLUTE (.))
 *(.sdram. sdram.*)
                0x00800020                . = ALIGN (0x4)
                0x00800020                PROVIDE (_alt_partition_sdram_end, ABSOLUTE (.))
                0x00002c08                PROVIDE (_alt_partition_sdram_load_addr, LOADADDR (.sdram))

.onchip_memory  0x01008000        0x0 load address 0x00002c08
                0x01008000                PROVIDE (_alt_partition_onchip_memory_start, ABSOLUTE (.))
 *(.onchip_memory. onchip_memory.*)
                0x01008000                . = ALIGN (0x4)
                0x01008000                PROVIDE (_alt_partition_onchip_memory_end, ABSOLUTE (.))
                0x00002c08                PROVIDE (_alt_partition_onchip_memory_load_addr, LOADADDR (.onchip_memory))

.stab
 *(.stab)

.stabstr
 *(.stabstr)

.stab.excl
 *(.stab.excl)

.stab.exclstr
 *(.stab.exclstr)

.stab.index
 *(.stab.index)

.stab.indexstr
 *(.stab.indexstr)

.comment        0x00000000       0x26
 *(.comment)
 .comment       0x00000000       0x26 obj/default/main.o
                                 0x27 (size before relaxing)
 .comment       0x00000000       0x27 /opt/altera/13.0sp1/nios2eds/bin/gnu/H-i686-pc-linux-gnu/bin/../lib/gcc/nios2-elf/4.1.2/mno-hw-mul/libgcc.a(lib2-divmod.o)
 .comment       0x00000000       0x27 /opt/altera/13.0sp1/nios2eds/bin/gnu/H-i686-pc-linux-gnu/bin/../lib/gcc/nios2-elf/4.1.2/../../../../nios2-elf/lib/mno-hw-mul/libsmallc.a(lib_a-memcpy.o)
 .comment       0x00000000       0x27 ../lab1_mem_bsp//libhal_bsp.a(alt_load.o)
 .comment       0x00000000       0x27 ../lab1_mem_bsp//libhal_bsp.a(alt_main.o)
 .comment       0x00000000       0x27 ../lab1_mem_bsp//libhal_bsp.a(alt_printf.o)
 .comment       0x00000000       0x27 ../lab1_mem_bsp//libhal_bsp.a(alt_putchar.o)
 .comment       0x00000000       0x27 ../lab1_mem_bsp//libhal_bsp.a(alt_sys_init.o)
 .comment       0x00000000       0x27 ../lab1_mem_bsp//libhal_bsp.a(altera_avalon_jtag_uart_fd.o)
 .comment       0x00000000       0x27 ../lab1_mem_bsp//libhal_bsp.a(altera_avalon_jtag_uart_read.o)
 .comment       0x00000000       0x27 ../lab1_mem_bsp//libhal_bsp.a(altera_avalon_jtag_uart_write.o)
 .comment       0x00000000       0x27 ../lab1_mem_bsp//libhal_bsp.a(altera_avalon_performance_counter.o)
 .comment       0x00000000       0x27 ../lab1_mem_bsp//libhal_bsp.a(alt_close.o)
 .comment       0x00000000       0x27 ../lab1_mem_bsp//libhal_bsp.a(alt_dcache_flush_all.o)
 .comment       0x00000000       0x27 ../lab1_mem_bsp//libhal_bsp.a(alt_dev.o)
 .comment       0x00000000       0x27 ../lab1_mem_bsp//libhal_bsp.a(alt_dev_llist_insert.o)
 .comment       0x00000000       0x27 ../lab1_mem_bsp//libhal_bsp.a(alt_do_ctors.o)
 .comment       0x00000000       0x27 ../lab1_mem_bsp//libhal_bsp.a(alt_do_dtors.o)
 .comment       0x00000000       0x27 ../lab1_mem_bsp//libhal_bsp.a(alt_errno.o)
 .comment       0x00000000       0x27 ../lab1_mem_bsp//libhal_bsp.a(alt_icache_flush_all.o)
 .comment       0x00000000       0x27 ../lab1_mem_bsp//libhal_bsp.a(alt_io_redirect.o)
 .comment       0x00000000       0x27 ../lab1_mem_bsp//libhal_bsp.a(alt_open.o)
 .comment       0x00000000       0x27 ../lab1_mem_bsp//libhal_bsp.a(alt_release_fd.o)
 .comment       0x00000000       0x27 ../lab1_mem_bsp//libhal_bsp.a(altera_nios2_qsys_irq.o)
 .comment       0x00000000       0x27 ../lab1_mem_bsp//libhal_bsp.a(alt_find_dev.o)
 .comment       0x00000000       0x27 ../lab1_mem_bsp//libhal_bsp.a(alt_find_file.o)
 .comment       0x00000000       0x27 ../lab1_mem_bsp//libhal_bsp.a(alt_get_fd.o)
 .comment       0x00000000       0x27 /opt/altera/13.0sp1/nios2eds/bin/gnu/H-i686-pc-linux-gnu/bin/../lib/gcc/nios2-elf/4.1.2/../../../../nios2-elf/lib/mno-hw-mul/libsmallc.a(lib_a-atexit.o)
 .comment       0x00000000       0x27 /opt/altera/13.0sp1/nios2eds/bin/gnu/H-i686-pc-linux-gnu/bin/../lib/gcc/nios2-elf/4.1.2/../../../../nios2-elf/lib/mno-hw-mul/libsmallc.a(lib_a-exit.o)
 .comment       0x00000000       0x27 /opt/altera/13.0sp1/nios2eds/bin/gnu/H-i686-pc-linux-gnu/bin/../lib/gcc/nios2-elf/4.1.2/../../../../nios2-elf/lib/mno-hw-mul/libsmallc.a(lib_a-impure.o)
 .comment       0x00000000       0x27 /opt/altera/13.0sp1/nios2eds/bin/gnu/H-i686-pc-linux-gnu/bin/../lib/gcc/nios2-elf/4.1.2/../../../../nios2-elf/lib/mno-hw-mul/libsmallc.a(lib_a-int_errno.o)
 .comment       0x00000000       0x27 /opt/altera/13.0sp1/nios2eds/bin/gnu/H-i686-pc-linux-gnu/bin/../lib/gcc/nios2-elf/4.1.2/../../../../nios2-elf/lib/mno-hw-mul/libsmallc.a(lib_a-memcmp.o)
 .comment       0x00000000       0x27 /opt/altera/13.0sp1/nios2eds/bin/gnu/H-i686-pc-linux-gnu/bin/../lib/gcc/nios2-elf/4.1.2/../../../../nios2-elf/lib/mno-hw-mul/libsmallc.a(lib_a-putc.o)
 .comment       0x00000000       0x27 /opt/altera/13.0sp1/nios2eds/bin/gnu/H-i686-pc-linux-gnu/bin/../lib/gcc/nios2-elf/4.1.2/../../../../nios2-elf/lib/mno-hw-mul/libsmallc.a(lib_a-strlen.o)
 .comment       0x00000000       0x27 /opt/altera/13.0sp1/nios2eds/bin/gnu/H-i686-pc-linux-gnu/bin/../lib/gcc/nios2-elf/4.1.2/../../../../nios2-elf/lib/mno-hw-mul/libsmallc.a(lib_a-__atexit.o)
 .comment       0x00000000       0x27 /opt/altera/13.0sp1/nios2eds/bin/gnu/H-i686-pc-linux-gnu/bin/../lib/gcc/nios2-elf/4.1.2/../../../../nios2-elf/lib/mno-hw-mul/libsmallc.a(lib_a-__call_atexit.o)
 .comment       0x00000000       0x27 /opt/altera/13.0sp1/nios2eds/bin/gnu/H-i686-pc-linux-gnu/bin/../lib/gcc/nios2-elf/4.1.2/../../../../nios2-elf/lib/mno-hw-mul/libsmallc.a(lib_a-fvwrite_small_dev.o)
 .comment       0x00000000       0x27 /opt/altera/13.0sp1/nios2eds/bin/gnu/H-i686-pc-linux-gnu/bin/../lib/gcc/nios2-elf/4.1.2/../../../../nios2-elf/lib/mno-hw-mul/libsmallc.a(lib_a-writer.o)
 .comment       0x00000000       0x27 /opt/altera/13.0sp1/nios2eds/bin/gnu/H-i686-pc-linux-gnu/bin/../lib/gcc/nios2-elf/4.1.2/mno-hw-mul/libgcc.a(lib2-mul.o)
 .comment       0x00000000       0x27 ../lab1_mem_bsp//libhal_bsp.a(alt_exit.o)
 .comment       0x00000000       0x27 ../lab1_mem_bsp//libhal_bsp.a(alt_write.o)

.debug
 *(.debug)

.line
 *(.line)

.debug_srcinfo
 *(.debug_srcinfo)

.debug_sfnames
 *(.debug_sfnames)

.debug_aranges  0x00000000      0x4e8
 *(.debug_aranges)
 .debug_aranges
                0x00000000       0x28 ../lab1_mem_bsp//obj/HAL/src/crt0.o
 .debug_aranges
                0x00000028       0x20 obj/default/main.o
 .debug_aranges
                0x00000048       0x20 /opt/altera/13.0sp1/nios2eds/bin/gnu/H-i686-pc-linux-gnu/bin/../lib/gcc/nios2-elf/4.1.2/mno-hw-mul/libgcc.a(lib2-divmod.o)
 .debug_aranges
                0x00000068       0x20 /opt/altera/13.0sp1/nios2eds/bin/gnu/H-i686-pc-linux-gnu/bin/../lib/gcc/nios2-elf/4.1.2/../../../../nios2-elf/lib/mno-hw-mul/libsmallc.a(lib_a-memcpy.o)
 .debug_aranges
                0x00000088       0x20 ../lab1_mem_bsp//libhal_bsp.a(alt_load.o)
 .debug_aranges
                0x000000a8       0x20 ../lab1_mem_bsp//libhal_bsp.a(alt_main.o)
 .debug_aranges
                0x000000c8       0x20 ../lab1_mem_bsp//libhal_bsp.a(alt_printf.o)
 .debug_aranges
                0x000000e8       0x20 ../lab1_mem_bsp//libhal_bsp.a(alt_putchar.o)
 .debug_aranges
                0x00000108       0x20 ../lab1_mem_bsp//libhal_bsp.a(alt_sys_init.o)
 .debug_aranges
                0x00000128       0x20 ../lab1_mem_bsp//libhal_bsp.a(altera_avalon_jtag_uart_fd.o)
 .debug_aranges
                0x00000148       0x20 ../lab1_mem_bsp//libhal_bsp.a(altera_avalon_jtag_uart_read.o)
 .debug_aranges
                0x00000168       0x20 ../lab1_mem_bsp//libhal_bsp.a(altera_avalon_jtag_uart_write.o)
 .debug_aranges
                0x00000188       0x20 ../lab1_mem_bsp//libhal_bsp.a(altera_avalon_performance_counter.o)
 .debug_aranges
                0x000001a8       0x20 ../lab1_mem_bsp//libhal_bsp.a(alt_close.o)
 .debug_aranges
                0x000001c8       0x20 ../lab1_mem_bsp//libhal_bsp.a(alt_dcache_flush_all.o)
 .debug_aranges
                0x000001e8       0x20 ../lab1_mem_bsp//libhal_bsp.a(alt_dev.o)
 .debug_aranges
                0x00000208       0x20 ../lab1_mem_bsp//libhal_bsp.a(alt_dev_llist_insert.o)
 .debug_aranges
                0x00000228       0x20 ../lab1_mem_bsp//libhal_bsp.a(alt_do_ctors.o)
 .debug_aranges
                0x00000248       0x20 ../lab1_mem_bsp//libhal_bsp.a(alt_do_dtors.o)
 .debug_aranges
                0x00000268       0x20 ../lab1_mem_bsp//libhal_bsp.a(alt_icache_flush_all.o)
 .debug_aranges
                0x00000288       0x20 ../lab1_mem_bsp//libhal_bsp.a(alt_io_redirect.o)
 .debug_aranges
                0x000002a8       0x20 ../lab1_mem_bsp//libhal_bsp.a(alt_open.o)
 .debug_aranges
                0x000002c8       0x20 ../lab1_mem_bsp//libhal_bsp.a(alt_release_fd.o)
 .debug_aranges
                0x000002e8       0x20 ../lab1_mem_bsp//libhal_bsp.a(altera_nios2_qsys_irq.o)
 .debug_aranges
                0x00000308       0x20 ../lab1_mem_bsp//libhal_bsp.a(alt_find_dev.o)
 .debug_aranges
                0x00000328       0x20 ../lab1_mem_bsp//libhal_bsp.a(alt_find_file.o)
 .debug_aranges
                0x00000348       0x20 ../lab1_mem_bsp//libhal_bsp.a(alt_get_fd.o)
 .debug_aranges
                0x00000368       0x20 /opt/altera/13.0sp1/nios2eds/bin/gnu/H-i686-pc-linux-gnu/bin/../lib/gcc/nios2-elf/4.1.2/../../../../nios2-elf/lib/mno-hw-mul/libsmallc.a(lib_a-atexit.o)
 .debug_aranges
                0x00000388       0x20 /opt/altera/13.0sp1/nios2eds/bin/gnu/H-i686-pc-linux-gnu/bin/../lib/gcc/nios2-elf/4.1.2/../../../../nios2-elf/lib/mno-hw-mul/libsmallc.a(lib_a-exit.o)
 .debug_aranges
                0x000003a8       0x20 /opt/altera/13.0sp1/nios2eds/bin/gnu/H-i686-pc-linux-gnu/bin/../lib/gcc/nios2-elf/4.1.2/../../../../nios2-elf/lib/mno-hw-mul/libsmallc.a(lib_a-memcmp.o)
 .debug_aranges
                0x000003c8       0x20 /opt/altera/13.0sp1/nios2eds/bin/gnu/H-i686-pc-linux-gnu/bin/../lib/gcc/nios2-elf/4.1.2/../../../../nios2-elf/lib/mno-hw-mul/libsmallc.a(lib_a-putc.o)
 .debug_aranges
                0x000003e8       0x20 /opt/altera/13.0sp1/nios2eds/bin/gnu/H-i686-pc-linux-gnu/bin/../lib/gcc/nios2-elf/4.1.2/../../../../nios2-elf/lib/mno-hw-mul/libsmallc.a(lib_a-strlen.o)
 .debug_aranges
                0x00000408       0x20 /opt/altera/13.0sp1/nios2eds/bin/gnu/H-i686-pc-linux-gnu/bin/../lib/gcc/nios2-elf/4.1.2/../../../../nios2-elf/lib/mno-hw-mul/libsmallc.a(lib_a-__atexit.o)
 .debug_aranges
                0x00000428       0x20 /opt/altera/13.0sp1/nios2eds/bin/gnu/H-i686-pc-linux-gnu/bin/../lib/gcc/nios2-elf/4.1.2/../../../../nios2-elf/lib/mno-hw-mul/libsmallc.a(lib_a-__call_atexit.o)
 .debug_aranges
                0x00000448       0x20 /opt/altera/13.0sp1/nios2eds/bin/gnu/H-i686-pc-linux-gnu/bin/../lib/gcc/nios2-elf/4.1.2/../../../../nios2-elf/lib/mno-hw-mul/libsmallc.a(lib_a-fvwrite_small_dev.o)
 .debug_aranges
                0x00000468       0x20 /opt/altera/13.0sp1/nios2eds/bin/gnu/H-i686-pc-linux-gnu/bin/../lib/gcc/nios2-elf/4.1.2/../../../../nios2-elf/lib/mno-hw-mul/libsmallc.a(lib_a-writer.o)
 .debug_aranges
                0x00000488       0x20 /opt/altera/13.0sp1/nios2eds/bin/gnu/H-i686-pc-linux-gnu/bin/../lib/gcc/nios2-elf/4.1.2/mno-hw-mul/libgcc.a(lib2-mul.o)
 .debug_aranges
                0x000004a8       0x20 ../lab1_mem_bsp//libhal_bsp.a(alt_exit.o)
 .debug_aranges
                0x000004c8       0x20 ../lab1_mem_bsp//libhal_bsp.a(alt_write.o)

.debug_pubnames
                0x00000000      0x706
 *(.debug_pubnames)
 .debug_pubnames
                0x00000000       0x21 obj/default/main.o
 .debug_pubnames
                0x00000021       0x48 /opt/altera/13.0sp1/nios2eds/bin/gnu/H-i686-pc-linux-gnu/bin/../lib/gcc/nios2-elf/4.1.2/mno-hw-mul/libgcc.a(lib2-divmod.o)
 .debug_pubnames
                0x00000069       0x1d /opt/altera/13.0sp1/nios2eds/bin/gnu/H-i686-pc-linux-gnu/bin/../lib/gcc/nios2-elf/4.1.2/../../../../nios2-elf/lib/mno-hw-mul/libsmallc.a(lib_a-memcpy.o)
 .debug_pubnames
                0x00000086       0x1f ../lab1_mem_bsp//libhal_bsp.a(alt_load.o)
 .debug_pubnames
                0x000000a5       0x46 ../lab1_mem_bsp//libhal_bsp.a(alt_main.o)
 .debug_pubnames
                0x000000eb       0x21 ../lab1_mem_bsp//libhal_bsp.a(alt_printf.o)
 .debug_pubnames
                0x0000010c       0x22 ../lab1_mem_bsp//libhal_bsp.a(alt_putchar.o)
 .debug_pubnames
                0x0000012e       0x34 ../lab1_mem_bsp//libhal_bsp.a(alt_sys_init.o)
 .debug_pubnames
                0x00000162       0x5b ../lab1_mem_bsp//libhal_bsp.a(altera_avalon_jtag_uart_fd.o)
 .debug_pubnames
                0x000001bd       0x33 ../lab1_mem_bsp//libhal_bsp.a(altera_avalon_jtag_uart_read.o)
 .debug_pubnames
                0x000001f0       0x34 ../lab1_mem_bsp//libhal_bsp.a(altera_avalon_jtag_uart_write.o)
 .debug_pubnames
                0x00000224       0x96 ../lab1_mem_bsp//libhal_bsp.a(altera_avalon_performance_counter.o)
 .debug_pubnames
                0x000002ba       0x1c ../lab1_mem_bsp//libhal_bsp.a(alt_close.o)
 .debug_pubnames
                0x000002d6       0x2b ../lab1_mem_bsp//libhal_bsp.a(alt_dcache_flush_all.o)
 .debug_pubnames
                0x00000301       0x63 ../lab1_mem_bsp//libhal_bsp.a(alt_dev.o)
 .debug_pubnames
                0x00000364       0x2b ../lab1_mem_bsp//libhal_bsp.a(alt_dev_llist_insert.o)
 .debug_pubnames
                0x0000038f       0x20 ../lab1_mem_bsp//libhal_bsp.a(alt_do_ctors.o)
 .debug_pubnames
                0x000003af       0x20 ../lab1_mem_bsp//libhal_bsp.a(alt_do_dtors.o)
 .debug_pubnames
                0x000003cf       0x20 ../lab1_mem_bsp//libhal_bsp.a(alt_errno.o)
 .debug_pubnames
                0x000003ef       0x2b ../lab1_mem_bsp//libhal_bsp.a(alt_icache_flush_all.o)
 .debug_pubnames
                0x0000041a       0x26 ../lab1_mem_bsp//libhal_bsp.a(alt_io_redirect.o)
 .debug_pubnames
                0x00000440       0x1b ../lab1_mem_bsp//libhal_bsp.a(alt_open.o)
 .debug_pubnames
                0x0000045b       0x25 ../lab1_mem_bsp//libhal_bsp.a(alt_release_fd.o)
 .debug_pubnames
                0x00000480       0x31 ../lab1_mem_bsp//libhal_bsp.a(altera_nios2_qsys_irq.o)
 .debug_pubnames
                0x000004b1       0x23 ../lab1_mem_bsp//libhal_bsp.a(alt_find_dev.o)
 .debug_pubnames
                0x000004d4       0x24 ../lab1_mem_bsp//libhal_bsp.a(alt_find_file.o)
 .debug_pubnames
                0x000004f8       0x21 ../lab1_mem_bsp//libhal_bsp.a(alt_get_fd.o)
 .debug_pubnames
                0x00000519       0x2a /opt/altera/13.0sp1/nios2eds/bin/gnu/H-i686-pc-linux-gnu/bin/../lib/gcc/nios2-elf/4.1.2/../../../../nios2-elf/lib/mno-hw-mul/libsmallc.a(lib_a-atexit.o)
 .debug_pubnames
                0x00000543       0x1b /opt/altera/13.0sp1/nios2eds/bin/gnu/H-i686-pc-linux-gnu/bin/../lib/gcc/nios2-elf/4.1.2/../../../../nios2-elf/lib/mno-hw-mul/libsmallc.a(lib_a-exit.o)
 .debug_pubnames
                0x0000055e       0x39 /opt/altera/13.0sp1/nios2eds/bin/gnu/H-i686-pc-linux-gnu/bin/../lib/gcc/nios2-elf/4.1.2/../../../../nios2-elf/lib/mno-hw-mul/libsmallc.a(lib_a-impure.o)
 .debug_pubnames
                0x00000597       0x1c /opt/altera/13.0sp1/nios2eds/bin/gnu/H-i686-pc-linux-gnu/bin/../lib/gcc/nios2-elf/4.1.2/../../../../nios2-elf/lib/mno-hw-mul/libsmallc.a(lib_a-int_errno.o)
 .debug_pubnames
                0x000005b3       0x1d /opt/altera/13.0sp1/nios2eds/bin/gnu/H-i686-pc-linux-gnu/bin/../lib/gcc/nios2-elf/4.1.2/../../../../nios2-elf/lib/mno-hw-mul/libsmallc.a(lib_a-memcmp.o)
 .debug_pubnames
                0x000005d0       0x27 /opt/altera/13.0sp1/nios2eds/bin/gnu/H-i686-pc-linux-gnu/bin/../lib/gcc/nios2-elf/4.1.2/../../../../nios2-elf/lib/mno-hw-mul/libsmallc.a(lib_a-putc.o)
 .debug_pubnames
                0x000005f7       0x1d /opt/altera/13.0sp1/nios2eds/bin/gnu/H-i686-pc-linux-gnu/bin/../lib/gcc/nios2-elf/4.1.2/../../../../nios2-elf/lib/mno-hw-mul/libsmallc.a(lib_a-strlen.o)
 .debug_pubnames
                0x00000614       0x2a /opt/altera/13.0sp1/nios2eds/bin/gnu/H-i686-pc-linux-gnu/bin/../lib/gcc/nios2-elf/4.1.2/../../../../nios2-elf/lib/mno-hw-mul/libsmallc.a(lib_a-__atexit.o)
 .debug_pubnames
                0x0000063e       0x27 /opt/altera/13.0sp1/nios2eds/bin/gnu/H-i686-pc-linux-gnu/bin/../lib/gcc/nios2-elf/4.1.2/../../../../nios2-elf/lib/mno-hw-mul/libsmallc.a(lib_a-__call_atexit.o)
 .debug_pubnames
                0x00000665       0x2b /opt/altera/13.0sp1/nios2eds/bin/gnu/H-i686-pc-linux-gnu/bin/../lib/gcc/nios2-elf/4.1.2/../../../../nios2-elf/lib/mno-hw-mul/libsmallc.a(lib_a-fvwrite_small_dev.o)
 .debug_pubnames
                0x00000690       0x1f /opt/altera/13.0sp1/nios2eds/bin/gnu/H-i686-pc-linux-gnu/bin/../lib/gcc/nios2-elf/4.1.2/../../../../nios2-elf/lib/mno-hw-mul/libsmallc.a(lib_a-writer.o)
 .debug_pubnames
                0x000006af       0x1f /opt/altera/13.0sp1/nios2eds/bin/gnu/H-i686-pc-linux-gnu/bin/../lib/gcc/nios2-elf/4.1.2/mno-hw-mul/libgcc.a(lib2-mul.o)
 .debug_pubnames
                0x000006ce       0x1c ../lab1_mem_bsp//libhal_bsp.a(alt_exit.o)
 .debug_pubnames
                0x000006ea       0x1c ../lab1_mem_bsp//libhal_bsp.a(alt_write.o)

.debug_info     0x00000000     0x73f1
 *(.debug_info .gnu.linkonce.wi.*)
 .debug_info    0x00000000       0x99 ../lab1_mem_bsp//obj/HAL/src/crt0.o
 .debug_info    0x00000099      0x239 obj/default/main.o
 .debug_info    0x000002d2      0x21c /opt/altera/13.0sp1/nios2eds/bin/gnu/H-i686-pc-linux-gnu/bin/../lib/gcc/nios2-elf/4.1.2/mno-hw-mul/libgcc.a(lib2-divmod.o)
 .debug_info    0x000004ee       0xc2 /opt/altera/13.0sp1/nios2eds/bin/gnu/H-i686-pc-linux-gnu/bin/../lib/gcc/nios2-elf/4.1.2/../../../../nios2-elf/lib/mno-hw-mul/libsmallc.a(lib_a-memcpy.o)
 .debug_info    0x000005b0      0x12e ../lab1_mem_bsp//libhal_bsp.a(alt_load.o)
 .debug_info    0x000006de      0x137 ../lab1_mem_bsp//libhal_bsp.a(alt_main.o)
 .debug_info    0x00000815      0x11d ../lab1_mem_bsp//libhal_bsp.a(alt_printf.o)
 .debug_info    0x00000932      0x93a ../lab1_mem_bsp//libhal_bsp.a(alt_putchar.o)
 .debug_info    0x0000126c      0x3e9 ../lab1_mem_bsp//libhal_bsp.a(alt_sys_init.o)
 .debug_info    0x00001655      0x3d4 ../lab1_mem_bsp//libhal_bsp.a(altera_avalon_jtag_uart_fd.o)
 .debug_info    0x00001a29      0x1ac ../lab1_mem_bsp//libhal_bsp.a(altera_avalon_jtag_uart_read.o)
 .debug_info    0x00001bd5      0x18f ../lab1_mem_bsp//libhal_bsp.a(altera_avalon_jtag_uart_write.o)
 .debug_info    0x00001d64      0x165 ../lab1_mem_bsp//libhal_bsp.a(altera_avalon_performance_counter.o)
 .debug_info    0x00001ec9      0x34f ../lab1_mem_bsp//libhal_bsp.a(alt_close.o)
 .debug_info    0x00002218       0x8d ../lab1_mem_bsp//libhal_bsp.a(alt_dcache_flush_all.o)
 .debug_info    0x000022a5      0x4dd ../lab1_mem_bsp//libhal_bsp.a(alt_dev.o)
 .debug_info    0x00002782      0x1b7 ../lab1_mem_bsp//libhal_bsp.a(alt_dev_llist_insert.o)
 .debug_info    0x00002939       0x8d ../lab1_mem_bsp//libhal_bsp.a(alt_do_ctors.o)
 .debug_info    0x000029c6       0x8d ../lab1_mem_bsp//libhal_bsp.a(alt_do_dtors.o)
 .debug_info    0x00002a53       0xab ../lab1_mem_bsp//libhal_bsp.a(alt_errno.o)
 .debug_info    0x00002afe       0x8d ../lab1_mem_bsp//libhal_bsp.a(alt_icache_flush_all.o)
 .debug_info    0x00002b8b      0x4f6 ../lab1_mem_bsp//libhal_bsp.a(alt_io_redirect.o)
 .debug_info    0x00003081      0x40c ../lab1_mem_bsp//libhal_bsp.a(alt_open.o)
 .debug_info    0x0000348d      0x2dd ../lab1_mem_bsp//libhal_bsp.a(alt_release_fd.o)
 .debug_info    0x0000376a       0x8d ../lab1_mem_bsp//libhal_bsp.a(altera_nios2_qsys_irq.o)
 .debug_info    0x000037f7      0x310 ../lab1_mem_bsp//libhal_bsp.a(alt_find_dev.o)
 .debug_info    0x00003b07      0x30e ../lab1_mem_bsp//libhal_bsp.a(alt_find_file.o)
 .debug_info    0x00003e15      0x331 ../lab1_mem_bsp//libhal_bsp.a(alt_get_fd.o)
 .debug_info    0x00004146      0x186 /opt/altera/13.0sp1/nios2eds/bin/gnu/H-i686-pc-linux-gnu/bin/../lib/gcc/nios2-elf/4.1.2/../../../../nios2-elf/lib/mno-hw-mul/libsmallc.a(lib_a-atexit.o)
 .debug_info    0x000042cc       0x9f /opt/altera/13.0sp1/nios2eds/bin/gnu/H-i686-pc-linux-gnu/bin/../lib/gcc/nios2-elf/4.1.2/../../../../nios2-elf/lib/mno-hw-mul/libsmallc.a(lib_a-exit.o)
 .debug_info    0x0000436b      0x636 /opt/altera/13.0sp1/nios2eds/bin/gnu/H-i686-pc-linux-gnu/bin/../lib/gcc/nios2-elf/4.1.2/../../../../nios2-elf/lib/mno-hw-mul/libsmallc.a(lib_a-impure.o)
 .debug_info    0x000049a1       0x8c /opt/altera/13.0sp1/nios2eds/bin/gnu/H-i686-pc-linux-gnu/bin/../lib/gcc/nios2-elf/4.1.2/../../../../nios2-elf/lib/mno-hw-mul/libsmallc.a(lib_a-int_errno.o)
 .debug_info    0x00004a2d       0xef /opt/altera/13.0sp1/nios2eds/bin/gnu/H-i686-pc-linux-gnu/bin/../lib/gcc/nios2-elf/4.1.2/../../../../nios2-elf/lib/mno-hw-mul/libsmallc.a(lib_a-memcmp.o)
 .debug_info    0x00004b1c      0x6b8 /opt/altera/13.0sp1/nios2eds/bin/gnu/H-i686-pc-linux-gnu/bin/../lib/gcc/nios2-elf/4.1.2/../../../../nios2-elf/lib/mno-hw-mul/libsmallc.a(lib_a-putc.o)
 .debug_info    0x000051d4       0xc2 /opt/altera/13.0sp1/nios2eds/bin/gnu/H-i686-pc-linux-gnu/bin/../lib/gcc/nios2-elf/4.1.2/../../../../nios2-elf/lib/mno-hw-mul/libsmallc.a(lib_a-strlen.o)
 .debug_info    0x00005296      0x68f /opt/altera/13.0sp1/nios2eds/bin/gnu/H-i686-pc-linux-gnu/bin/../lib/gcc/nios2-elf/4.1.2/../../../../nios2-elf/lib/mno-hw-mul/libsmallc.a(lib_a-__atexit.o)
 .debug_info    0x00005925      0x6d5 /opt/altera/13.0sp1/nios2eds/bin/gnu/H-i686-pc-linux-gnu/bin/../lib/gcc/nios2-elf/4.1.2/../../../../nios2-elf/lib/mno-hw-mul/libsmallc.a(lib_a-__call_atexit.o)
 .debug_info    0x00005ffa      0x68e /opt/altera/13.0sp1/nios2eds/bin/gnu/H-i686-pc-linux-gnu/bin/../lib/gcc/nios2-elf/4.1.2/../../../../nios2-elf/lib/mno-hw-mul/libsmallc.a(lib_a-fvwrite_small_dev.o)
 .debug_info    0x00006688      0x68c /opt/altera/13.0sp1/nios2eds/bin/gnu/H-i686-pc-linux-gnu/bin/../lib/gcc/nios2-elf/4.1.2/../../../../nios2-elf/lib/mno-hw-mul/libsmallc.a(lib_a-writer.o)
 .debug_info    0x00006d14       0xf3 /opt/altera/13.0sp1/nios2eds/bin/gnu/H-i686-pc-linux-gnu/bin/../lib/gcc/nios2-elf/4.1.2/mno-hw-mul/libgcc.a(lib2-mul.o)
 .debug_info    0x00006e07       0xe2 ../lab1_mem_bsp//libhal_bsp.a(alt_exit.o)
 .debug_info    0x00006ee9      0x508 ../lab1_mem_bsp//libhal_bsp.a(alt_write.o)

.debug_abbrev   0x00000000     0x232f
 *(.debug_abbrev)
 .debug_abbrev  0x00000000       0x12 ../lab1_mem_bsp//obj/HAL/src/crt0.o
 .debug_abbrev  0x00000012       0x92 obj/default/main.o
 .debug_abbrev  0x000000a4       0xe0 /opt/altera/13.0sp1/nios2eds/bin/gnu/H-i686-pc-linux-gnu/bin/../lib/gcc/nios2-elf/4.1.2/mno-hw-mul/libgcc.a(lib2-divmod.o)
 .debug_abbrev  0x00000184       0x9d /opt/altera/13.0sp1/nios2eds/bin/gnu/H-i686-pc-linux-gnu/bin/../lib/gcc/nios2-elf/4.1.2/../../../../nios2-elf/lib/mno-hw-mul/libsmallc.a(lib_a-memcpy.o)
 .debug_abbrev  0x00000221       0x97 ../lab1_mem_bsp//libhal_bsp.a(alt_load.o)
 .debug_abbrev  0x000002b8       0xb7 ../lab1_mem_bsp//libhal_bsp.a(alt_main.o)
 .debug_abbrev  0x0000036f       0xc7 ../lab1_mem_bsp//libhal_bsp.a(alt_printf.o)
 .debug_abbrev  0x00000436      0x170 ../lab1_mem_bsp//libhal_bsp.a(alt_putchar.o)
 .debug_abbrev  0x000005a6      0x138 ../lab1_mem_bsp//libhal_bsp.a(alt_sys_init.o)
 .debug_abbrev  0x000006de       0xf2 ../lab1_mem_bsp//libhal_bsp.a(altera_avalon_jtag_uart_fd.o)
 .debug_abbrev  0x000007d0       0xf0 ../lab1_mem_bsp//libhal_bsp.a(altera_avalon_jtag_uart_read.o)
 .debug_abbrev  0x000008c0       0xf0 ../lab1_mem_bsp//libhal_bsp.a(altera_avalon_jtag_uart_write.o)
 .debug_abbrev  0x000009b0       0xae ../lab1_mem_bsp//libhal_bsp.a(altera_avalon_performance_counter.o)
 .debug_abbrev  0x00000a5e      0x119 ../lab1_mem_bsp//libhal_bsp.a(alt_close.o)
 .debug_abbrev  0x00000b77       0x3f ../lab1_mem_bsp//libhal_bsp.a(alt_dcache_flush_all.o)
 .debug_abbrev  0x00000bb6       0xd6 ../lab1_mem_bsp//libhal_bsp.a(alt_dev.o)
 .debug_abbrev  0x00000c8c      0x117 ../lab1_mem_bsp//libhal_bsp.a(alt_dev_llist_insert.o)
 .debug_abbrev  0x00000da3       0x76 ../lab1_mem_bsp//libhal_bsp.a(alt_do_ctors.o)
 .debug_abbrev  0x00000e19       0x76 ../lab1_mem_bsp//libhal_bsp.a(alt_do_dtors.o)
 .debug_abbrev  0x00000e8f       0x5e ../lab1_mem_bsp//libhal_bsp.a(alt_errno.o)
 .debug_abbrev  0x00000eed       0x3f ../lab1_mem_bsp//libhal_bsp.a(alt_icache_flush_all.o)
 .debug_abbrev  0x00000f2c      0x10e ../lab1_mem_bsp//libhal_bsp.a(alt_io_redirect.o)
 .debug_abbrev  0x0000103a      0x177 ../lab1_mem_bsp//libhal_bsp.a(alt_open.o)
 .debug_abbrev  0x000011b1       0xdb ../lab1_mem_bsp//libhal_bsp.a(alt_release_fd.o)
 .debug_abbrev  0x0000128c       0x3f ../lab1_mem_bsp//libhal_bsp.a(altera_nios2_qsys_irq.o)
 .debug_abbrev  0x000012cb       0xed ../lab1_mem_bsp//libhal_bsp.a(alt_find_dev.o)
 .debug_abbrev  0x000013b8       0xed ../lab1_mem_bsp//libhal_bsp.a(alt_find_file.o)
 .debug_abbrev  0x000014a5      0x117 ../lab1_mem_bsp//libhal_bsp.a(alt_get_fd.o)
 .debug_abbrev  0x000015bc       0xc6 /opt/altera/13.0sp1/nios2eds/bin/gnu/H-i686-pc-linux-gnu/bin/../lib/gcc/nios2-elf/4.1.2/../../../../nios2-elf/lib/mno-hw-mul/libsmallc.a(lib_a-atexit.o)
 .debug_abbrev  0x00001682       0x4e /opt/altera/13.0sp1/nios2eds/bin/gnu/H-i686-pc-linux-gnu/bin/../lib/gcc/nios2-elf/4.1.2/../../../../nios2-elf/lib/mno-hw-mul/libsmallc.a(lib_a-exit.o)
 .debug_abbrev  0x000016d0      0x13f /opt/altera/13.0sp1/nios2eds/bin/gnu/H-i686-pc-linux-gnu/bin/../lib/gcc/nios2-elf/4.1.2/../../../../nios2-elf/lib/mno-hw-mul/libsmallc.a(lib_a-impure.o)
 .debug_abbrev  0x0000180f       0x3b /opt/altera/13.0sp1/nios2eds/bin/gnu/H-i686-pc-linux-gnu/bin/../lib/gcc/nios2-elf/4.1.2/../../../../nios2-elf/lib/mno-hw-mul/libsmallc.a(lib_a-int_errno.o)
 .debug_abbrev  0x0000184a       0x7c /opt/altera/13.0sp1/nios2eds/bin/gnu/H-i686-pc-linux-gnu/bin/../lib/gcc/nios2-elf/4.1.2/../../../../nios2-elf/lib/mno-hw-mul/libsmallc.a(lib_a-memcmp.o)
 .debug_abbrev  0x000018c6      0x167 /opt/altera/13.0sp1/nios2eds/bin/gnu/H-i686-pc-linux-gnu/bin/../lib/gcc/nios2-elf/4.1.2/../../../../nios2-elf/lib/mno-hw-mul/libsmallc.a(lib_a-putc.o)
 .debug_abbrev  0x00001a2d       0x7a /opt/altera/13.0sp1/nios2eds/bin/gnu/H-i686-pc-linux-gnu/bin/../lib/gcc/nios2-elf/4.1.2/../../../../nios2-elf/lib/mno-hw-mul/libsmallc.a(lib_a-strlen.o)
 .debug_abbrev  0x00001aa7      0x196 /opt/altera/13.0sp1/nios2eds/bin/gnu/H-i686-pc-linux-gnu/bin/../lib/gcc/nios2-elf/4.1.2/../../../../nios2-elf/lib/mno-hw-mul/libsmallc.a(lib_a-__atexit.o)
 .debug_abbrev  0x00001c3d      0x1c6 /opt/altera/13.0sp1/nios2eds/bin/gnu/H-i686-pc-linux-gnu/bin/../lib/gcc/nios2-elf/4.1.2/../../../../nios2-elf/lib/mno-hw-mul/libsmallc.a(lib_a-__call_atexit.o)
 .debug_abbrev  0x00001e03      0x179 /opt/altera/13.0sp1/nios2eds/bin/gnu/H-i686-pc-linux-gnu/bin/../lib/gcc/nios2-elf/4.1.2/../../../../nios2-elf/lib/mno-hw-mul/libsmallc.a(lib_a-fvwrite_small_dev.o)
 .debug_abbrev  0x00001f7c      0x16c /opt/altera/13.0sp1/nios2eds/bin/gnu/H-i686-pc-linux-gnu/bin/../lib/gcc/nios2-elf/4.1.2/../../../../nios2-elf/lib/mno-hw-mul/libsmallc.a(lib_a-writer.o)
 .debug_abbrev  0x000020e8       0x7b /opt/altera/13.0sp1/nios2eds/bin/gnu/H-i686-pc-linux-gnu/bin/../lib/gcc/nios2-elf/4.1.2/mno-hw-mul/libgcc.a(lib2-mul.o)
 .debug_abbrev  0x00002163       0x9f ../lab1_mem_bsp//libhal_bsp.a(alt_exit.o)
 .debug_abbrev  0x00002202      0x12d ../lab1_mem_bsp//libhal_bsp.a(alt_write.o)

.debug_line     0x00000000     0x5d6b
 *(.debug_line)
 .debug_line    0x00000000       0x66 ../lab1_mem_bsp//obj/HAL/src/crt0.o
 .debug_line    0x00000066      0x334 obj/default/main.o
 .debug_line    0x0000039a      0x2c6 /opt/altera/13.0sp1/nios2eds/bin/gnu/H-i686-pc-linux-gnu/bin/../lib/gcc/nios2-elf/4.1.2/mno-hw-mul/libgcc.a(lib2-divmod.o)
 .debug_line    0x00000660      0x145 /opt/altera/13.0sp1/nios2eds/bin/gnu/H-i686-pc-linux-gnu/bin/../lib/gcc/nios2-elf/4.1.2/../../../../nios2-elf/lib/mno-hw-mul/libsmallc.a(lib_a-memcpy.o)
 .debug_line    0x000007a5      0x225 ../lab1_mem_bsp//libhal_bsp.a(alt_load.o)
 .debug_line    0x000009ca      0x2e8 ../lab1_mem_bsp//libhal_bsp.a(alt_main.o)
 .debug_line    0x00000cb2      0x1f9 ../lab1_mem_bsp//libhal_bsp.a(alt_printf.o)
 .debug_line    0x00000eab      0x1e0 ../lab1_mem_bsp//libhal_bsp.a(alt_putchar.o)
 .debug_line    0x0000108b      0x2d5 ../lab1_mem_bsp//libhal_bsp.a(alt_sys_init.o)
 .debug_line    0x00001360      0x1e0 ../lab1_mem_bsp//libhal_bsp.a(altera_avalon_jtag_uart_fd.o)
 .debug_line    0x00001540      0x331 ../lab1_mem_bsp//libhal_bsp.a(altera_avalon_jtag_uart_read.o)
 .debug_line    0x00001871      0x302 ../lab1_mem_bsp//libhal_bsp.a(altera_avalon_jtag_uart_write.o)
 .debug_line    0x00001b73      0x111 ../lab1_mem_bsp//libhal_bsp.a(altera_avalon_performance_counter.o)
 .debug_line    0x00001c84      0x2c7 ../lab1_mem_bsp//libhal_bsp.a(alt_close.o)
 .debug_line    0x00001f4b      0x1c3 ../lab1_mem_bsp//libhal_bsp.a(alt_dcache_flush_all.o)
 .debug_line    0x0000210e      0x25a ../lab1_mem_bsp//libhal_bsp.a(alt_dev.o)
 .debug_line    0x00002368      0x26a ../lab1_mem_bsp//libhal_bsp.a(alt_dev_llist_insert.o)
 .debug_line    0x000025d2       0x8b ../lab1_mem_bsp//libhal_bsp.a(alt_do_ctors.o)
 .debug_line    0x0000265d       0x8b ../lab1_mem_bsp//libhal_bsp.a(alt_do_dtors.o)
 .debug_line    0x000026e8      0x1b8 ../lab1_mem_bsp//libhal_bsp.a(alt_errno.o)
 .debug_line    0x000028a0      0x1c3 ../lab1_mem_bsp//libhal_bsp.a(alt_icache_flush_all.o)
 .debug_line    0x00002a63      0x32a ../lab1_mem_bsp//libhal_bsp.a(alt_io_redirect.o)
 .debug_line    0x00002d8d      0x2fd ../lab1_mem_bsp//libhal_bsp.a(alt_open.o)
 .debug_line    0x0000308a      0x11d ../lab1_mem_bsp//libhal_bsp.a(alt_release_fd.o)
 .debug_line    0x000031a7      0x1dc ../lab1_mem_bsp//libhal_bsp.a(altera_nios2_qsys_irq.o)
 .debug_line    0x00003383      0x26f ../lab1_mem_bsp//libhal_bsp.a(alt_find_dev.o)
 .debug_line    0x000035f2      0x29a ../lab1_mem_bsp//libhal_bsp.a(alt_find_file.o)
 .debug_line    0x0000388c      0x29d ../lab1_mem_bsp//libhal_bsp.a(alt_get_fd.o)
 .debug_line    0x00003b29      0x203 /opt/altera/13.0sp1/nios2eds/bin/gnu/H-i686-pc-linux-gnu/bin/../lib/gcc/nios2-elf/4.1.2/../../../../nios2-elf/lib/mno-hw-mul/libsmallc.a(lib_a-atexit.o)
 .debug_line    0x00003d2c      0x223 /opt/altera/13.0sp1/nios2eds/bin/gnu/H-i686-pc-linux-gnu/bin/../lib/gcc/nios2-elf/4.1.2/../../../../nios2-elf/lib/mno-hw-mul/libsmallc.a(lib_a-exit.o)
 .debug_line    0x00003f4f      0x230 /opt/altera/13.0sp1/nios2eds/bin/gnu/H-i686-pc-linux-gnu/bin/../lib/gcc/nios2-elf/4.1.2/../../../../nios2-elf/lib/mno-hw-mul/libsmallc.a(lib_a-impure.o)
 .debug_line    0x0000417f      0x1e2 /opt/altera/13.0sp1/nios2eds/bin/gnu/H-i686-pc-linux-gnu/bin/../lib/gcc/nios2-elf/4.1.2/../../../../nios2-elf/lib/mno-hw-mul/libsmallc.a(lib_a-int_errno.o)
 .debug_line    0x00004361      0x270 /opt/altera/13.0sp1/nios2eds/bin/gnu/H-i686-pc-linux-gnu/bin/../lib/gcc/nios2-elf/4.1.2/../../../../nios2-elf/lib/mno-hw-mul/libsmallc.a(lib_a-memcmp.o)
 .debug_line    0x000045d1      0x2d2 /opt/altera/13.0sp1/nios2eds/bin/gnu/H-i686-pc-linux-gnu/bin/../lib/gcc/nios2-elf/4.1.2/../../../../nios2-elf/lib/mno-hw-mul/libsmallc.a(lib_a-putc.o)
 .debug_line    0x000048a3      0x250 /opt/altera/13.0sp1/nios2eds/bin/gnu/H-i686-pc-linux-gnu/bin/../lib/gcc/nios2-elf/4.1.2/../../../../nios2-elf/lib/mno-hw-mul/libsmallc.a(lib_a-strlen.o)
 .debug_line    0x00004af3      0x350 /opt/altera/13.0sp1/nios2eds/bin/gnu/H-i686-pc-linux-gnu/bin/../lib/gcc/nios2-elf/4.1.2/../../../../nios2-elf/lib/mno-hw-mul/libsmallc.a(lib_a-__atexit.o)
 .debug_line    0x00004e43      0x360 /opt/altera/13.0sp1/nios2eds/bin/gnu/H-i686-pc-linux-gnu/bin/../lib/gcc/nios2-elf/4.1.2/../../../../nios2-elf/lib/mno-hw-mul/libsmallc.a(lib_a-__call_atexit.o)
 .debug_line    0x000051a3      0x2a9 /opt/altera/13.0sp1/nios2eds/bin/gnu/H-i686-pc-linux-gnu/bin/../lib/gcc/nios2-elf/4.1.2/../../../../nios2-elf/lib/mno-hw-mul/libsmallc.a(lib_a-fvwrite_small_dev.o)
 .debug_line    0x0000544c      0x29d /opt/altera/13.0sp1/nios2eds/bin/gnu/H-i686-pc-linux-gnu/bin/../lib/gcc/nios2-elf/4.1.2/../../../../nios2-elf/lib/mno-hw-mul/libsmallc.a(lib_a-writer.o)
 .debug_line    0x000056e9      0x191 /opt/altera/13.0sp1/nios2eds/bin/gnu/H-i686-pc-linux-gnu/bin/../lib/gcc/nios2-elf/4.1.2/mno-hw-mul/libgcc.a(lib2-mul.o)
 .debug_line    0x0000587a      0x1ea ../lab1_mem_bsp//libhal_bsp.a(alt_exit.o)
 .debug_line    0x00005a64      0x307 ../lab1_mem_bsp//libhal_bsp.a(alt_write.o)

.debug_frame    0x00000000      0x718
 *(.debug_frame)
 .debug_frame   0x00000000       0x30 obj/default/main.o
 .debug_frame   0x00000030       0x70 /opt/altera/13.0sp1/nios2eds/bin/gnu/H-i686-pc-linux-gnu/bin/../lib/gcc/nios2-elf/4.1.2/mno-hw-mul/libgcc.a(lib2-divmod.o)
 .debug_frame   0x000000a0       0x20 /opt/altera/13.0sp1/nios2eds/bin/gnu/H-i686-pc-linux-gnu/bin/../lib/gcc/nios2-elf/4.1.2/../../../../nios2-elf/lib/mno-hw-mul/libsmallc.a(lib_a-memcpy.o)
 .debug_frame   0x000000c0       0x38 ../lab1_mem_bsp//libhal_bsp.a(alt_load.o)
 .debug_frame   0x000000f8       0x28 ../lab1_mem_bsp//libhal_bsp.a(alt_main.o)
 .debug_frame   0x00000120       0x2c ../lab1_mem_bsp//libhal_bsp.a(alt_printf.o)
 .debug_frame   0x0000014c       0x20 ../lab1_mem_bsp//libhal_bsp.a(alt_putchar.o)
 .debug_frame   0x0000016c       0x40 ../lab1_mem_bsp//libhal_bsp.a(alt_sys_init.o)
 .debug_frame   0x000001ac       0x30 ../lab1_mem_bsp//libhal_bsp.a(altera_avalon_jtag_uart_fd.o)
 .debug_frame   0x000001dc       0x20 ../lab1_mem_bsp//libhal_bsp.a(altera_avalon_jtag_uart_read.o)
 .debug_frame   0x000001fc       0x20 ../lab1_mem_bsp//libhal_bsp.a(altera_avalon_jtag_uart_write.o)
 .debug_frame   0x0000021c       0x60 ../lab1_mem_bsp//libhal_bsp.a(altera_avalon_performance_counter.o)
 .debug_frame   0x0000027c       0x3c ../lab1_mem_bsp//libhal_bsp.a(alt_close.o)
 .debug_frame   0x000002b8       0x20 ../lab1_mem_bsp//libhal_bsp.a(alt_dcache_flush_all.o)
 .debug_frame   0x000002d8       0x20 ../lab1_mem_bsp//libhal_bsp.a(alt_dev.o)
 .debug_frame   0x000002f8       0x28 ../lab1_mem_bsp//libhal_bsp.a(alt_dev_llist_insert.o)
 .debug_frame   0x00000320       0x2c ../lab1_mem_bsp//libhal_bsp.a(alt_do_ctors.o)
 .debug_frame   0x0000034c       0x2c ../lab1_mem_bsp//libhal_bsp.a(alt_do_dtors.o)
 .debug_frame   0x00000378       0x20 ../lab1_mem_bsp//libhal_bsp.a(alt_icache_flush_all.o)
 .debug_frame   0x00000398       0x50 ../lab1_mem_bsp//libhal_bsp.a(alt_io_redirect.o)
 .debug_frame   0x000003e8       0x34 ../lab1_mem_bsp//libhal_bsp.a(alt_open.o)
 .debug_frame   0x0000041c       0x2c ../lab1_mem_bsp//libhal_bsp.a(alt_release_fd.o)
 .debug_frame   0x00000448       0x20 ../lab1_mem_bsp//libhal_bsp.a(altera_nios2_qsys_irq.o)
 .debug_frame   0x00000468       0x30 ../lab1_mem_bsp//libhal_bsp.a(alt_find_dev.o)
 .debug_frame   0x00000498       0x30 ../lab1_mem_bsp//libhal_bsp.a(alt_find_file.o)
 .debug_frame   0x000004c8       0x20 ../lab1_mem_bsp//libhal_bsp.a(alt_get_fd.o)
 .debug_frame   0x000004e8       0x20 /opt/altera/13.0sp1/nios2eds/bin/gnu/H-i686-pc-linux-gnu/bin/../lib/gcc/nios2-elf/4.1.2/../../../../nios2-elf/lib/mno-hw-mul/libsmallc.a(lib_a-atexit.o)
 .debug_frame   0x00000508       0x2c /opt/altera/13.0sp1/nios2eds/bin/gnu/H-i686-pc-linux-gnu/bin/../lib/gcc/nios2-elf/4.1.2/../../../../nios2-elf/lib/mno-hw-mul/libsmallc.a(lib_a-exit.o)
 .debug_frame   0x00000534       0x20 /opt/altera/13.0sp1/nios2eds/bin/gnu/H-i686-pc-linux-gnu/bin/../lib/gcc/nios2-elf/4.1.2/../../../../nios2-elf/lib/mno-hw-mul/libsmallc.a(lib_a-memcmp.o)
 .debug_frame   0x00000554       0x48 /opt/altera/13.0sp1/nios2eds/bin/gnu/H-i686-pc-linux-gnu/bin/../lib/gcc/nios2-elf/4.1.2/../../../../nios2-elf/lib/mno-hw-mul/libsmallc.a(lib_a-putc.o)
 .debug_frame   0x0000059c       0x20 /opt/altera/13.0sp1/nios2eds/bin/gnu/H-i686-pc-linux-gnu/bin/../lib/gcc/nios2-elf/4.1.2/../../../../nios2-elf/lib/mno-hw-mul/libsmallc.a(lib_a-strlen.o)
 .debug_frame   0x000005bc       0x34 /opt/altera/13.0sp1/nios2eds/bin/gnu/H-i686-pc-linux-gnu/bin/../lib/gcc/nios2-elf/4.1.2/../../../../nios2-elf/lib/mno-hw-mul/libsmallc.a(lib_a-__atexit.o)
 .debug_frame   0x000005f0       0x4c /opt/altera/13.0sp1/nios2eds/bin/gnu/H-i686-pc-linux-gnu/bin/../lib/gcc/nios2-elf/4.1.2/../../../../nios2-elf/lib/mno-hw-mul/libsmallc.a(lib_a-__call_atexit.o)
 .debug_frame   0x0000063c       0x30 /opt/altera/13.0sp1/nios2eds/bin/gnu/H-i686-pc-linux-gnu/bin/../lib/gcc/nios2-elf/4.1.2/../../../../nios2-elf/lib/mno-hw-mul/libsmallc.a(lib_a-fvwrite_small_dev.o)
 .debug_frame   0x0000066c       0x2c /opt/altera/13.0sp1/nios2eds/bin/gnu/H-i686-pc-linux-gnu/bin/../lib/gcc/nios2-elf/4.1.2/../../../../nios2-elf/lib/mno-hw-mul/libsmallc.a(lib_a-writer.o)
 .debug_frame   0x00000698       0x20 /opt/altera/13.0sp1/nios2eds/bin/gnu/H-i686-pc-linux-gnu/bin/../lib/gcc/nios2-elf/4.1.2/mno-hw-mul/libgcc.a(lib2-mul.o)
 .debug_frame   0x000006b8       0x20 ../lab1_mem_bsp//libhal_bsp.a(alt_exit.o)
 .debug_frame   0x000006d8       0x40 ../lab1_mem_bsp//libhal_bsp.a(alt_write.o)

.debug_str      0x00000000     0x159e
 *(.debug_str)
 .debug_str     0x00000000       0x12 obj/default/main.o
 .debug_str     0x00000012      0x16c /opt/altera/13.0sp1/nios2eds/bin/gnu/H-i686-pc-linux-gnu/bin/../lib/gcc/nios2-elf/4.1.2/mno-hw-mul/libgcc.a(lib2-divmod.o)
                                0x1b9 (size before relaxing)
 .debug_str     0x0000017e       0xfb /opt/altera/13.0sp1/nios2eds/bin/gnu/H-i686-pc-linux-gnu/bin/../lib/gcc/nios2-elf/4.1.2/../../../../nios2-elf/lib/mno-hw-mul/libsmallc.a(lib_a-memcpy.o)
                                0x12e (size before relaxing)
 .debug_str     0x00000279      0x159 ../lab1_mem_bsp//libhal_bsp.a(alt_load.o)
                                0x1ee (size before relaxing)
 .debug_str     0x000003d2       0x70 ../lab1_mem_bsp//libhal_bsp.a(alt_main.o)
                                0x179 (size before relaxing)
 .debug_str     0x00000442       0x41 ../lab1_mem_bsp//libhal_bsp.a(alt_printf.o)
                                 0xd9 (size before relaxing)
 .debug_str     0x00000483      0x36e ../lab1_mem_bsp//libhal_bsp.a(alt_putchar.o)
                                0x4c0 (size before relaxing)
 .debug_str     0x000007f1      0x17d ../lab1_mem_bsp//libhal_bsp.a(alt_sys_init.o)
                                0x2da (size before relaxing)
 .debug_str     0x0000096e       0x77 ../lab1_mem_bsp//libhal_bsp.a(altera_avalon_jtag_uart_fd.o)
                                0x2ba (size before relaxing)
 .debug_str     0x000009e5       0x48 ../lab1_mem_bsp//libhal_bsp.a(altera_avalon_jtag_uart_read.o)
                                0x1f4 (size before relaxing)
 .debug_str     0x00000a2d       0x4a ../lab1_mem_bsp//libhal_bsp.a(altera_avalon_jtag_uart_write.o)
                                0x1ea (size before relaxing)
 .debug_str     0x00000a77       0xc6 ../lab1_mem_bsp//libhal_bsp.a(altera_avalon_performance_counter.o)
                                0x1c0 (size before relaxing)
 .debug_str     0x00000b3d       0x44 ../lab1_mem_bsp//libhal_bsp.a(alt_close.o)
                                0x1e7 (size before relaxing)
 .debug_str     0x00000b81       0x34 ../lab1_mem_bsp//libhal_bsp.a(alt_dcache_flush_all.o)
                                0x131 (size before relaxing)
 .debug_str     0x00000bb5      0x120 ../lab1_mem_bsp//libhal_bsp.a(alt_dev.o)
                                0x2e1 (size before relaxing)
 .debug_str     0x00000cd5       0x59 ../lab1_mem_bsp//libhal_bsp.a(alt_dev_llist_insert.o)
                                0x1a8 (size before relaxing)
 .debug_str     0x00000d2e       0x48 ../lab1_mem_bsp//libhal_bsp.a(alt_do_ctors.o)
                                 0xc1 (size before relaxing)
 .debug_str     0x00000d76       0x4c ../lab1_mem_bsp//libhal_bsp.a(alt_do_dtors.o)
                                 0xc0 (size before relaxing)
 .debug_str     0x00000dc2       0x14 ../lab1_mem_bsp//libhal_bsp.a(alt_errno.o)
                                0x121 (size before relaxing)
 .debug_str     0x00000dd6       0x34 ../lab1_mem_bsp//libhal_bsp.a(alt_icache_flush_all.o)
                                0x131 (size before relaxing)
 .debug_str     0x00000e0a       0x56 ../lab1_mem_bsp//libhal_bsp.a(alt_io_redirect.o)
                                0x2f2 (size before relaxing)
 .debug_str     0x00000e60       0x36 ../lab1_mem_bsp//libhal_bsp.a(alt_open.o)
                                0x227 (size before relaxing)
 .debug_str     0x00000e96       0x28 ../lab1_mem_bsp//libhal_bsp.a(alt_release_fd.o)
                                0x1c4 (size before relaxing)
 .debug_str     0x00000ebe       0x3b ../lab1_mem_bsp//libhal_bsp.a(altera_nios2_qsys_irq.o)
                                0x138 (size before relaxing)
 .debug_str     0x00000ef9       0x24 ../lab1_mem_bsp//libhal_bsp.a(alt_find_dev.o)
                                0x1c8 (size before relaxing)
 .debug_str     0x00000f1d       0x26 ../lab1_mem_bsp//libhal_bsp.a(alt_find_file.o)
                                0x1d6 (size before relaxing)
 .debug_str     0x00000f43       0x30 ../lab1_mem_bsp//libhal_bsp.a(alt_get_fd.o)
                                0x1f8 (size before relaxing)
 .debug_str     0x00000f73       0xf2 /opt/altera/13.0sp1/nios2eds/bin/gnu/H-i686-pc-linux-gnu/bin/../lib/gcc/nios2-elf/4.1.2/../../../../nios2-elf/lib/mno-hw-mul/libsmallc.a(lib_a-atexit.o)
                                0x1ea (size before relaxing)
 .debug_str     0x00001065       0x3c /opt/altera/13.0sp1/nios2eds/bin/gnu/H-i686-pc-linux-gnu/bin/../lib/gcc/nios2-elf/4.1.2/../../../../nios2-elf/lib/mno-hw-mul/libsmallc.a(lib_a-exit.o)
                                0x17d (size before relaxing)
 .debug_str     0x000010a1      0x13d /opt/altera/13.0sp1/nios2eds/bin/gnu/H-i686-pc-linux-gnu/bin/../lib/gcc/nios2-elf/4.1.2/../../../../nios2-elf/lib/mno-hw-mul/libsmallc.a(lib_a-impure.o)
                                0x462 (size before relaxing)
 .debug_str     0x000011de       0x40 /opt/altera/13.0sp1/nios2eds/bin/gnu/H-i686-pc-linux-gnu/bin/../lib/gcc/nios2-elf/4.1.2/../../../../nios2-elf/lib/mno-hw-mul/libsmallc.a(lib_a-int_errno.o)
                                0x17c (size before relaxing)
 .debug_str     0x0000121e       0x45 /opt/altera/13.0sp1/nios2eds/bin/gnu/H-i686-pc-linux-gnu/bin/../lib/gcc/nios2-elf/4.1.2/../../../../nios2-elf/lib/mno-hw-mul/libsmallc.a(lib_a-memcmp.o)
                                0x183 (size before relaxing)
 .debug_str     0x00001263       0xf0 /opt/altera/13.0sp1/nios2eds/bin/gnu/H-i686-pc-linux-gnu/bin/../lib/gcc/nios2-elf/4.1.2/../../../../nios2-elf/lib/mno-hw-mul/libsmallc.a(lib_a-putc.o)
                                0x45a (size before relaxing)
 .debug_str     0x00001353       0x45 /opt/altera/13.0sp1/nios2eds/bin/gnu/H-i686-pc-linux-gnu/bin/../lib/gcc/nios2-elf/4.1.2/../../../../nios2-elf/lib/mno-hw-mul/libsmallc.a(lib_a-strlen.o)
                                0x189 (size before relaxing)
 .debug_str     0x00001398       0x54 /opt/altera/13.0sp1/nios2eds/bin/gnu/H-i686-pc-linux-gnu/bin/../lib/gcc/nios2-elf/4.1.2/../../../../nios2-elf/lib/mno-hw-mul/libsmallc.a(lib_a-__atexit.o)
                                0x46c (size before relaxing)
 .debug_str     0x000013ec       0x7e /opt/altera/13.0sp1/nios2eds/bin/gnu/H-i686-pc-linux-gnu/bin/../lib/gcc/nios2-elf/4.1.2/../../../../nios2-elf/lib/mno-hw-mul/libsmallc.a(lib_a-__call_atexit.o)
                                0x496 (size before relaxing)
 .debug_str     0x0000146a       0x70 /opt/altera/13.0sp1/nios2eds/bin/gnu/H-i686-pc-linux-gnu/bin/../lib/gcc/nios2-elf/4.1.2/../../../../nios2-elf/lib/mno-hw-mul/libsmallc.a(lib_a-fvwrite_small_dev.o)
                                0x46f (size before relaxing)
 .debug_str     0x000014da       0x4f /opt/altera/13.0sp1/nios2eds/bin/gnu/H-i686-pc-linux-gnu/bin/../lib/gcc/nios2-elf/4.1.2/../../../../nios2-elf/lib/mno-hw-mul/libsmallc.a(lib_a-writer.o)
                                0x456 (size before relaxing)
 .debug_str     0x00001529       0x37 /opt/altera/13.0sp1/nios2eds/bin/gnu/H-i686-pc-linux-gnu/bin/../lib/gcc/nios2-elf/4.1.2/mno-hw-mul/libgcc.a(lib2-mul.o)
                                0x17a (size before relaxing)
 .debug_str     0x00001560       0x2a ../lab1_mem_bsp//libhal_bsp.a(alt_exit.o)
                                0x12d (size before relaxing)
 .debug_str     0x0000158a       0x14 ../lab1_mem_bsp//libhal_bsp.a(alt_write.o)
                                0x2d4 (size before relaxing)

.debug_loc      0x00000000     0x1404
 *(.debug_loc)
 .debug_loc     0x00000000       0x2c obj/default/main.o
 .debug_loc     0x0000002c      0x1d2 /opt/altera/13.0sp1/nios2eds/bin/gnu/H-i686-pc-linux-gnu/bin/../lib/gcc/nios2-elf/4.1.2/mno-hw-mul/libgcc.a(lib2-divmod.o)
 .debug_loc     0x000001fe       0x1e /opt/altera/13.0sp1/nios2eds/bin/gnu/H-i686-pc-linux-gnu/bin/../lib/gcc/nios2-elf/4.1.2/../../../../nios2-elf/lib/mno-hw-mul/libsmallc.a(lib_a-memcpy.o)
 .debug_loc     0x0000021c       0x1f ../lab1_mem_bsp//libhal_bsp.a(alt_load.o)
 .debug_loc     0x0000023b       0x1f ../lab1_mem_bsp//libhal_bsp.a(alt_main.o)
 .debug_loc     0x0000025a      0x175 ../lab1_mem_bsp//libhal_bsp.a(alt_printf.o)
 .debug_loc     0x000003cf       0x13 ../lab1_mem_bsp//libhal_bsp.a(alt_putchar.o)
 .debug_loc     0x000003e2       0x51 ../lab1_mem_bsp//libhal_bsp.a(alt_sys_init.o)
 .debug_loc     0x00000433       0x72 ../lab1_mem_bsp//libhal_bsp.a(altera_avalon_jtag_uart_fd.o)
 .debug_loc     0x000004a5       0x31 ../lab1_mem_bsp//libhal_bsp.a(altera_avalon_jtag_uart_read.o)
 .debug_loc     0x000004d6       0x26 ../lab1_mem_bsp//libhal_bsp.a(altera_avalon_jtag_uart_write.o)
 .debug_loc     0x000004fc       0x5f ../lab1_mem_bsp//libhal_bsp.a(altera_avalon_performance_counter.o)
 .debug_loc     0x0000055b       0x8f ../lab1_mem_bsp//libhal_bsp.a(alt_close.o)
 .debug_loc     0x000005ea       0x5b ../lab1_mem_bsp//libhal_bsp.a(alt_dev_llist_insert.o)
 .debug_loc     0x00000645       0x32 ../lab1_mem_bsp//libhal_bsp.a(alt_do_ctors.o)
 .debug_loc     0x00000677       0x32 ../lab1_mem_bsp//libhal_bsp.a(alt_do_dtors.o)
 .debug_loc     0x000006a9      0x15a ../lab1_mem_bsp//libhal_bsp.a(alt_io_redirect.o)
 .debug_loc     0x00000803      0x1fe ../lab1_mem_bsp//libhal_bsp.a(alt_open.o)
 .debug_loc     0x00000a01       0x48 ../lab1_mem_bsp//libhal_bsp.a(alt_release_fd.o)
 .debug_loc     0x00000a49       0xef ../lab1_mem_bsp//libhal_bsp.a(alt_find_dev.o)
 .debug_loc     0x00000b38       0x9a ../lab1_mem_bsp//libhal_bsp.a(alt_find_file.o)
 .debug_loc     0x00000bd2       0x29 ../lab1_mem_bsp//libhal_bsp.a(alt_get_fd.o)
 .debug_loc     0x00000bfb       0x1e /opt/altera/13.0sp1/nios2eds/bin/gnu/H-i686-pc-linux-gnu/bin/../lib/gcc/nios2-elf/4.1.2/../../../../nios2-elf/lib/mno-hw-mul/libsmallc.a(lib_a-atexit.o)
 .debug_loc     0x00000c19       0x3d /opt/altera/13.0sp1/nios2eds/bin/gnu/H-i686-pc-linux-gnu/bin/../lib/gcc/nios2-elf/4.1.2/../../../../nios2-elf/lib/mno-hw-mul/libsmallc.a(lib_a-exit.o)
 .debug_loc     0x00000c56       0x70 /opt/altera/13.0sp1/nios2eds/bin/gnu/H-i686-pc-linux-gnu/bin/../lib/gcc/nios2-elf/4.1.2/../../../../nios2-elf/lib/mno-hw-mul/libsmallc.a(lib_a-memcmp.o)
 .debug_loc     0x00000cc6       0xd4 /opt/altera/13.0sp1/nios2eds/bin/gnu/H-i686-pc-linux-gnu/bin/../lib/gcc/nios2-elf/4.1.2/../../../../nios2-elf/lib/mno-hw-mul/libsmallc.a(lib_a-putc.o)
 .debug_loc     0x00000d9a       0x1e /opt/altera/13.0sp1/nios2eds/bin/gnu/H-i686-pc-linux-gnu/bin/../lib/gcc/nios2-elf/4.1.2/../../../../nios2-elf/lib/mno-hw-mul/libsmallc.a(lib_a-strlen.o)
 .debug_loc     0x00000db8      0x141 /opt/altera/13.0sp1/nios2eds/bin/gnu/H-i686-pc-linux-gnu/bin/../lib/gcc/nios2-elf/4.1.2/../../../../nios2-elf/lib/mno-hw-mul/libsmallc.a(lib_a-__atexit.o)
 .debug_loc     0x00000ef9      0x1c1 /opt/altera/13.0sp1/nios2eds/bin/gnu/H-i686-pc-linux-gnu/bin/../lib/gcc/nios2-elf/4.1.2/../../../../nios2-elf/lib/mno-hw-mul/libsmallc.a(lib_a-__call_atexit.o)
 .debug_loc     0x000010ba      0x162 /opt/altera/13.0sp1/nios2eds/bin/gnu/H-i686-pc-linux-gnu/bin/../lib/gcc/nios2-elf/4.1.2/../../../../nios2-elf/lib/mno-hw-mul/libsmallc.a(lib_a-fvwrite_small_dev.o)
 .debug_loc     0x0000121c       0x97 /opt/altera/13.0sp1/nios2eds/bin/gnu/H-i686-pc-linux-gnu/bin/../lib/gcc/nios2-elf/4.1.2/../../../../nios2-elf/lib/mno-hw-mul/libsmallc.a(lib_a-writer.o)
 .debug_loc     0x000012b3       0x4f /opt/altera/13.0sp1/nios2eds/bin/gnu/H-i686-pc-linux-gnu/bin/../lib/gcc/nios2-elf/4.1.2/mno-hw-mul/libgcc.a(lib2-mul.o)
 .debug_loc     0x00001302      0x102 ../lab1_mem_bsp//libhal_bsp.a(alt_write.o)

.debug_macinfo
 *(.debug_macinfo)

.debug_weaknames
 *(.debug_weaknames)

.debug_funcnames
 *(.debug_funcnames)

.debug_typenames
 *(.debug_typenames)

.debug_varnames
 *(.debug_varnames)

.debug_alt_sim_info
                0x00000000       0x10
 *(.debug_alt_sim_info)
 .debug_alt_sim_info
                0x00000000       0x10 ../lab1_mem_bsp//obj/HAL/src/crt0.o
                0x00080000                __alt_data_end = 0x80000
                0x00080000                PROVIDE (__alt_stack_pointer, __alt_data_end)
                0x00002c08                PROVIDE (__alt_stack_limit, __alt_stack_base)
                0x00002c08                PROVIDE (__alt_heap_start, end)
                0x00080000                PROVIDE (__alt_heap_limit, 0x80000)
OUTPUT(lab1_mem.elf elf32-littlenios2)

.debug_ranges   0x00000000       0x98
 .debug_ranges  0x00000000       0x20 ../lab1_mem_bsp//obj/HAL/src/crt0.o
 .debug_ranges  0x00000020       0x18 ../lab1_mem_bsp//libhal_bsp.a(alt_sys_init.o)
 .debug_ranges  0x00000038       0x18 ../lab1_mem_bsp//libhal_bsp.a(alt_dev_llist_insert.o)
 .debug_ranges  0x00000050       0x30 ../lab1_mem_bsp//libhal_bsp.a(alt_open.o)
 .debug_ranges  0x00000080       0x18 /opt/altera/13.0sp1/nios2eds/bin/gnu/H-i686-pc-linux-gnu/bin/../lib/gcc/nios2-elf/4.1.2/../../../../nios2-elf/lib/mno-hw-mul/libsmallc.a(lib_a-__call_atexit.o)
