Archive member included because of file (symbol)

/opt/altera/13.0sp1/nios2eds/bin/gnu/H-i686-pc-linux-gnu/bin/../lib/gcc/nios2-elf/4.1.2/mno-hw-mul/libgcc.a(_si_to_sf.o)
                              obj/default/cruise_opti.o (__floatsisf)
/opt/altera/13.0sp1/nios2eds/bin/gnu/H-i686-pc-linux-gnu/bin/../lib/gcc/nios2-elf/4.1.2/mno-hw-mul/libgcc.a(_sf_to_df.o)
                              obj/default/cruise_opti.o (__extendsfdf2)
/opt/altera/13.0sp1/nios2eds/bin/gnu/H-i686-pc-linux-gnu/bin/../lib/gcc/nios2-elf/4.1.2/mno-hw-mul/libgcc.a(_addsub_df.o)
                              obj/default/cruise_opti.o (__adddf3)
/opt/altera/13.0sp1/nios2eds/bin/gnu/H-i686-pc-linux-gnu/bin/../lib/gcc/nios2-elf/4.1.2/mno-hw-mul/libgcc.a(_div_df.o)
                              obj/default/cruise_opti.o (__divdf3)
/opt/altera/13.0sp1/nios2eds/bin/gnu/H-i686-pc-linux-gnu/bin/../lib/gcc/nios2-elf/4.1.2/mno-hw-mul/libgcc.a(_si_to_df.o)
                              obj/default/cruise_opti.o (__floatsidf)
/opt/altera/13.0sp1/nios2eds/bin/gnu/H-i686-pc-linux-gnu/bin/../lib/gcc/nios2-elf/4.1.2/mno-hw-mul/libgcc.a(_df_to_si.o)
                              obj/default/cruise_opti.o (__fixdfsi)
/opt/altera/13.0sp1/nios2eds/bin/gnu/H-i686-pc-linux-gnu/bin/../lib/gcc/nios2-elf/4.1.2/mno-hw-mul/libgcc.a(_make_df.o)
                              /opt/altera/13.0sp1/nios2eds/bin/gnu/H-i686-pc-linux-gnu/bin/../lib/gcc/nios2-elf/4.1.2/mno-hw-mul/libgcc.a(_sf_to_df.o) (__make_dp)
/opt/altera/13.0sp1/nios2eds/bin/gnu/H-i686-pc-linux-gnu/bin/../lib/gcc/nios2-elf/4.1.2/mno-hw-mul/libgcc.a(_thenan_df.o)
                              /opt/altera/13.0sp1/nios2eds/bin/gnu/H-i686-pc-linux-gnu/bin/../lib/gcc/nios2-elf/4.1.2/mno-hw-mul/libgcc.a(_addsub_df.o) (__thenan_df)
/opt/altera/13.0sp1/nios2eds/bin/gnu/H-i686-pc-linux-gnu/bin/../lib/gcc/nios2-elf/4.1.2/mno-hw-mul/libgcc.a(lib2-divmod.o)
                              obj/default/cruise_opti.o (__divsi3)
/opt/altera/13.0sp1/nios2eds/bin/gnu/H-i686-pc-linux-gnu/bin/../lib/gcc/nios2-elf/4.1.2/mno-hw-mul/libgcc.a(lib2-mul.o)
                              obj/default/cruise_opti.o (__mulsi3)
/opt/altera/13.0sp1/nios2eds/bin/gnu/H-i686-pc-linux-gnu/bin/../lib/gcc/nios2-elf/4.1.2/mno-hw-mul/libgcc.a(_clzsi2.o)
                              /opt/altera/13.0sp1/nios2eds/bin/gnu/H-i686-pc-linux-gnu/bin/../lib/gcc/nios2-elf/4.1.2/mno-hw-mul/libgcc.a(_si_to_sf.o) (__clzsi2)
/opt/altera/13.0sp1/nios2eds/bin/gnu/H-i686-pc-linux-gnu/bin/../lib/gcc/nios2-elf/4.1.2/mno-hw-mul/libgcc.a(_pack_sf.o)
                              /opt/altera/13.0sp1/nios2eds/bin/gnu/H-i686-pc-linux-gnu/bin/../lib/gcc/nios2-elf/4.1.2/mno-hw-mul/libgcc.a(_si_to_sf.o) (__pack_f)
/opt/altera/13.0sp1/nios2eds/bin/gnu/H-i686-pc-linux-gnu/bin/../lib/gcc/nios2-elf/4.1.2/mno-hw-mul/libgcc.a(_unpack_sf.o)
                              /opt/altera/13.0sp1/nios2eds/bin/gnu/H-i686-pc-linux-gnu/bin/../lib/gcc/nios2-elf/4.1.2/mno-hw-mul/libgcc.a(_sf_to_df.o) (__unpack_f)
/opt/altera/13.0sp1/nios2eds/bin/gnu/H-i686-pc-linux-gnu/bin/../lib/gcc/nios2-elf/4.1.2/mno-hw-mul/libgcc.a(_pack_df.o)
                              /opt/altera/13.0sp1/nios2eds/bin/gnu/H-i686-pc-linux-gnu/bin/../lib/gcc/nios2-elf/4.1.2/mno-hw-mul/libgcc.a(_addsub_df.o) (__pack_d)
/opt/altera/13.0sp1/nios2eds/bin/gnu/H-i686-pc-linux-gnu/bin/../lib/gcc/nios2-elf/4.1.2/mno-hw-mul/libgcc.a(_unpack_df.o)
                              /opt/altera/13.0sp1/nios2eds/bin/gnu/H-i686-pc-linux-gnu/bin/../lib/gcc/nios2-elf/4.1.2/mno-hw-mul/libgcc.a(_addsub_df.o) (__unpack_d)
/opt/altera/13.0sp1/nios2eds/bin/gnu/H-i686-pc-linux-gnu/bin/../lib/gcc/nios2-elf/4.1.2/mno-hw-mul/libgcc.a(_clz.o)
                              /opt/altera/13.0sp1/nios2eds/bin/gnu/H-i686-pc-linux-gnu/bin/../lib/gcc/nios2-elf/4.1.2/mno-hw-mul/libgcc.a(_clzsi2.o) (__clz_tab)
../lab2_cruisecontroloptimized_bsp//libucosii_bsp.a(alt_alarm_start.o)
                              obj/default/cruise_opti.o (alt_alarm_start)
../lab2_cruisecontroloptimized_bsp//libucosii_bsp.a(alt_load.o)
                              ../lab2_cruisecontroloptimized_bsp//obj/HAL/src/crt0.o (alt_load)
../lab2_cruisecontroloptimized_bsp//libucosii_bsp.a(alt_main.o)
                              ../lab2_cruisecontroloptimized_bsp//obj/HAL/src/crt0.o (alt_main)
../lab2_cruisecontroloptimized_bsp//libucosii_bsp.a(alt_printf.o)
                              obj/default/cruise_opti.o (alt_printf)
../lab2_cruisecontroloptimized_bsp//libucosii_bsp.a(alt_putchar.o)
                              ../lab2_cruisecontroloptimized_bsp//libucosii_bsp.a(alt_printf.o) (alt_putchar)
../lab2_cruisecontroloptimized_bsp//libucosii_bsp.a(alt_tick.o)
                              ../lab2_cruisecontroloptimized_bsp//libucosii_bsp.a(alt_alarm_start.o) (_alt_nticks)
../lab2_cruisecontroloptimized_bsp//libucosii_bsp.a(alt_env_lock.o)
                              ../lab2_cruisecontroloptimized_bsp//libucosii_bsp.a(alt_main.o) (alt_envsem)
[...]
Memory Configuration

Name             Origin             Length             Attributes
sram             0x00000000         0x00080000
reset            0x00800000         0x00000020
sdram            0x00800020         0x007fffe0
onchip_memory    0x01008000         0x00008000
*default*        0x00000000         0xffffffff

Linker script and memory map

LOAD ../lab2_cruisecontroloptimized_bsp//obj/HAL/src/crt0.o
LOAD obj/default/cruise_opti.o
LOAD /opt/altera/13.0sp1/nios2eds/bin/gnu/H-i686-pc-linux-gnu/bin/../lib/gcc/nios2-elf/4.1.2/../../../../nios2-elf/lib/mno-hw-mul/libstdc++.a
LOAD /opt/altera/13.0sp1/nios2eds/bin/gnu/H-i686-pc-linux-gnu/bin/../lib/gcc/nios2-elf/4.1.2/../../../../nios2-elf/lib/mno-hw-mul/libm.a
LOAD /opt/altera/13.0sp1/nios2eds/bin/gnu/H-i686-pc-linux-gnu/bin/../lib/gcc/nios2-elf/4.1.2/mno-hw-mul/libgcc.a
START GROUP
LOAD /opt/altera/13.0sp1/nios2eds/bin/gnu/H-i686-pc-linux-gnu/bin/../lib/gcc/nios2-elf/4.1.2/../../../../nios2-elf/lib/mno-hw-mul/libsmallc.a
LOAD /opt/altera/13.0sp1/nios2eds/bin/gnu/H-i686-pc-linux-gnu/bin/../lib/gcc/nios2-elf/4.1.2/mno-hw-mul/libgcc.a
LOAD ../lab2_cruisecontroloptimized_bsp//libucosii_bsp.a
END GROUP
LOAD /opt/altera/13.0sp1/nios2eds/bin/gnu/H-i686-pc-linux-gnu/bin/../lib/gcc/nios2-elf/4.1.2/mno-hw-mul/libgcc.a
                0x00000000                __alt_mem_sram = 0x0
                0x00800000                __alt_mem_sdram = 0x800000
                0x01008000                __alt_mem_onchip_memory = 0x1008000

.entry          0x00800000       0x20
 *(.entry)
 .entry         0x00800000       0x20 ../lab2_cruisecontroloptimized_bsp//obj/HAL/src/crt0.o
                0x00800000                __reset

.exceptions     0x00800020      0x124
                0x00800020                PROVIDE (__ram_exceptions_start, ABSOLUTE (.))
                0x00800020                . = ALIGN (0x20)
 *(.irq)
 *(.exceptions.entry.label)
 .exceptions.entry.label
                0x00800020        0x0 ../lab2_cruisecontroloptimized_bsp//libucosii_bsp.a(alt_irq_entry.o)
                0x00800020                alt_irq_entry
 .exceptions.entry.label
                0x00800020        0x0 ../lab2_cruisecontroloptimized_bsp//libucosii_bsp.a(alt_exception_entry.o)
                0x00800020                alt_exception
 *(.exceptions.entry.user)
 *(.exceptions.entry)
 .exceptions.entry
                0x00800020       0x54 ../lab2_cruisecontroloptimized_bsp//libucosii_bsp.a(alt_exception_entry.o)
 *(.exceptions.irqtest.user)
 *(.exceptions.irqtest)
 .exceptions.irqtest
                0x00800074       0x10 ../lab2_cruisecontroloptimized_bsp//libucosii_bsp.a(alt_irq_entry.o)
 *(.exceptions.irqhandler.user)
 *(.exceptions.irqhandler)
 .exceptions.irqhandler
                0x00800084        0x4 ../lab2_cruisecontroloptimized_bsp//libucosii_bsp.a(alt_irq_entry.o)
 *(.exceptions.irqreturn.user)
 *(.exceptions.irqreturn)
 .exceptions.irqreturn
                0x00800088        0x4 ../lab2_cruisecontroloptimized_bsp//libucosii_bsp.a(alt_irq_entry.o)
 *(.exceptions.notirq.label)
 .exceptions.notirq.label
                0x0080008c        0x0 ../lab2_cruisecontroloptimized_bsp//libucosii_bsp.a(alt_irq_entry.o)
 *(.exceptions.notirq.user)
 *(.exceptions.notirq)
 .exceptions.notirq
                0x0080008c        0x8 ../lab2_cruisecontroloptimized_bsp//libucosii_bsp.a(alt_exception_entry.o)
 *(.exceptions.soft.user)
 *(.exceptions.soft)
 *(.exceptions.unknown.user)
 *(.exceptions.unknown)
 .exceptions.unknown
                0x00800094        0x4 ../lab2_cruisecontroloptimized_bsp//libucosii_bsp.a(alt_exception_entry.o)
 *(.exceptions.exit.label)
 .exceptions.exit.label
                0x00800098        0x0 ../lab2_cruisecontroloptimized_bsp//libucosii_bsp.a(alt_irq_entry.o)
 .exceptions.exit.label
                0x00800098        0x0 ../lab2_cruisecontroloptimized_bsp//libucosii_bsp.a(alt_exception_entry.o)
 *(.exceptions.exit.user)
 *(.exceptions.exit)
 .exceptions.exit
                0x00800098       0x54 ../lab2_cruisecontroloptimized_bsp//libucosii_bsp.a(alt_exception_entry.o)
 *(.exceptions)
 .exceptions    0x008000ec       0x58 ../lab2_cruisecontroloptimized_bsp//libucosii_bsp.a(alt_irq_handler.o)
                0x008000ec                alt_irq_handler
                0x00800144                PROVIDE (__ram_exceptions_end, ABSOLUTE (.))
                0x00800020                PROVIDE (__flash_exceptions_start, LOADADDR (.exceptions))

.text           0x01008000     0x7490
                0x01008000                PROVIDE (stext, ABSOLUTE (.))
 *(.interp)
 *(.hash)
 *(.dynsym)
 *(.dynstr)
 *(.gnu.version)
 *(.gnu.version_d)
 *(.gnu.version_r)
 *(.rel.init)
 *(.rela.init)
 *(.rel.text .rel.text.* .rel.gnu.linkonce.t.*)
 *(.rela.text .rela.text.* .rela.gnu.linkonce.t.*)
 *(.rel.fini)
 *(.rela.fini)
 *(.rel.rodata .rel.rodata.* .rel.gnu.linkonce.r.*)
 *(.rela.rodata .rela.rodata.* .rela.gnu.linkonce.r.*)
 *(.rel.data .rel.data.* .rel.gnu.linkonce.d.*)
 *(.rela.data .rela.data.* .rela.gnu.linkonce.d.*)
 *(.rel.tdata .rel.tdata.* .rel.gnu.linkonce.td.*)
 *(.rela.tdata .rela.tdata.* .rela.gnu.linkonce.td.*)
 *(.rel.tbss .rel.tbss.* .rel.gnu.linkonce.tb.*)
 *(.rela.tbss .rela.tbss.* .rela.gnu.linkonce.tb.*)
 *(.rel.ctors)
 *(.rela.ctors)
 *(.rel.dtors)
 *(.rela.dtors)
 *(.rel.got)
 *(.rela.got)
 *(.rel.sdata .rel.sdata.* .rel.gnu.linkonce.s.*)
 *(.rela.sdata .rela.sdata.* .rela.gnu.linkonce.s.*)
 *(.rel.sbss .rel.sbss.* .rel.gnu.linkonce.sb.*)
 *(.rela.sbss .rela.sbss.* .rela.gnu.linkonce.sb.*)
 *(.rel.sdata2 .rel.sdata2.* .rel.gnu.linkonce.s2.*)
 *(.rela.sdata2 .rela.sdata2.* .rela.gnu.linkonce.s2.*)
 *(.rel.sbss2 .rel.sbss2.* .rel.gnu.linkonce.sb2.*)
 *(.rela.sbss2 .rela.sbss2.* .rela.gnu.linkonce.sb2.*)
 *(.rel.bss .rel.bss.* .rel.gnu.linkonce.b.*)
 *(.rela.bss .rela.bss.* .rela.gnu.linkonce.b.*)
 *(.rel.plt)
 *(.rela.plt)
 *(.rel.dyn)
 *(.init)
 *(.plt)
 *(.text .stub .text.* .gnu.linkonce.t.*)
 .text          0x01008000       0x3c ../lab2_cruisecontroloptimized_bsp//obj/HAL/src/crt0.o
                0x01008000                _start
 .text          0x0100803c     0x1624 obj/default/cruise_opti.o
                0x0100803c                buttons_pressed
                0x01008068                switches_pressed
                0x01008090                alarm_handler
                0x010080c0                CallbackVehicle
                0x010080f4                CallbackControl
                0x01008128                CallbackButtons
                0x0100815c                CallbackSwitches
                0x01008190                CallbackOverload
                0x010081c4                CallbackExtraloadTask
                0x010081f8                CallbackExtraload
                0x01008224                CallbackWatchdog
                0x0100825c                int2seven
                0x01008298                show_velocity_on_sevenseg
                0x0100838c                show_target_velocity
                0x01008418                show_position
                0x010084a0                adjust_position
                0x010085ac                adjust_velocity
                0x010086ec                VehicleTask
                0x010089a8                ControlTask
                0x01008d9c                SwitchIO
                0x01008e60                ButtonsIO
                0x01008f48                OverloadDetection
                0x01008f7c                Extraload
                0x010090e4                StartTask
                0x010095e4                main
 .text          0x01009660       0x98 /opt/altera/13.0sp1/nios2eds/bin/gnu/H-i686-pc-linux-gnu/bin/../lib/gcc/nios2-elf/4.1.2/mno-hw-mul/libgcc.a(_si_to_sf.o)
                0x01009660                __floatsisf
 .text          0x010096f8       0x54 /opt/altera/13.0sp1/nios2eds/bin/gnu/H-i686-pc-linux-gnu/bin/../lib/gcc/nios2-elf/4.1.2/mno-hw-mul/libgcc.a(_sf_to_df.o)
                0x010096f8                __extendsfdf2
 .text          0x0100974c      0x504 /opt/altera/13.0sp1/nios2eds/bin/gnu/H-i686-pc-linux-gnu/bin/../lib/gcc/nios2-elf/4.1.2/mno-hw-mul/libgcc.a(_addsub_df.o)
                0x01009b5c                __subdf3
                0x01009bdc                __adddf3
 .text          0x01009c50      0x258 /opt/altera/13.0sp1/nios2eds/bin/gnu/H-i686-pc-linux-gnu/bin/../lib/gcc/nios2-elf/4.1.2/mno-hw-mul/libgcc.a(_div_df.o)
                0x01009c50                __divdf3
 .text          0x01009ea8       0xf8 /opt/altera/13.0sp1/nios2eds/bin/gnu/H-i686-pc-linux-gnu/bin/../lib/gcc/nios2-elf/4.1.2/mno-hw-mul/libgcc.a(_si_to_df.o)
                0x01009ea8                __floatsidf
 .text          0x01009fa0       0xd8 /opt/altera/13.0sp1/nios2eds/bin/gnu/H-i686-pc-linux-gnu/bin/../lib/gcc/nios2-elf/4.1.2/mno-hw-mul/libgcc.a(_df_to_si.o)
                0x01009fa0                __fixdfsi
 .text          0x0100a078       0x38 /opt/altera/13.0sp1/nios2eds/bin/gnu/H-i686-pc-linux-gnu/bin/../lib/gcc/nios2-elf/4.1.2/mno-hw-mul/libgcc.a(_make_df.o)
                0x0100a078                __make_dp
 .text          0x0100a0b0        0x0 /opt/altera/13.0sp1/nios2eds/bin/gnu/H-i686-pc-linux-gnu/bin/../lib/gcc/nios2-elf/4.1.2/mno-hw-mul/libgcc.a(_thenan_df.o)
 .text          0x0100a0b0      0x14c /opt/altera/13.0sp1/nios2eds/bin/gnu/H-i686-pc-linux-gnu/bin/../lib/gcc/nios2-elf/4.1.2/mno-hw-mul/libgcc.a(lib2-divmod.o)
                0x0100a12c                __divsi3
                0x0100a18c                __modsi3
                0x0100a1ec                __udivsi3
                0x0100a1f4                __umodsi3
 .text          0x0100a1fc       0x38 /opt/altera/13.0sp1/nios2eds/bin/gnu/H-i686-pc-linux-gnu/bin/../lib/gcc/nios2-elf/4.1.2/mno-hw-mul/libgcc.a(lib2-mul.o)
                0x0100a1fc                __mulsi3
 .text          0x0100a234       0x80 /opt/altera/13.0sp1/nios2eds/bin/gnu/H-i686-pc-linux-gnu/bin/../lib/gcc/nios2-elf/4.1.2/mno-hw-mul/libgcc.a(_clzsi2.o)
                0x0100a234                __clzsi2
 .text          0x0100a2b4      0x160 /opt/altera/13.0sp1/nios2eds/bin/gnu/H-i686-pc-linux-gnu/bin/../lib/gcc/nios2-elf/4.1.2/mno-hw-mul/libgcc.a(_pack_sf.o)
                0x0100a2b4                __pack_f
 .text          0x0100a414       0xc8 /opt/altera/13.0sp1/nios2eds/bin/gnu/H-i686-pc-linux-gnu/bin/../lib/gcc/nios2-elf/4.1.2/mno-hw-mul/libgcc.a(_unpack_sf.o)
                0x0100a414                __unpack_f
 .text          0x0100a4dc      0x314 /opt/altera/13.0sp1/nios2eds/bin/gnu/H-i686-pc-linux-gnu/bin/../lib/gcc/nios2-elf/4.1.2/mno-hw-mul/libgcc.a(_pack_df.o)
                0x0100a4dc                __pack_d
 .text          0x0100a7f0      0x138 /opt/altera/13.0sp1/nios2eds/bin/gnu/H-i686-pc-linux-gnu/bin/../lib/gcc/nios2-elf/4.1.2/mno-hw-mul/libgcc.a(_unpack_df.o)
                0x0100a7f0                __unpack_d
 .text          0x0100a928        0x0 /opt/altera/13.0sp1/nios2eds/bin/gnu/H-i686-pc-linux-gnu/bin/../lib/gcc/nios2-elf/4.1.2/mno-hw-mul/libgcc.a(_clz.o)
 .text          0x0100a928       0x90 ../lab2_cruisecontroloptimized_bsp//libucosii_bsp.a(alt_alarm_start.o)
                0x0100a928                alt_alarm_start
 .text          0x0100a9b8       0x8c ../lab2_cruisecontroloptimized_bsp//libucosii_bsp.a(alt_load.o)
                0x0100a9d8                alt_load
 .text          0x0100aa44       0xa8 ../lab2_cruisecontroloptimized_bsp//libucosii_bsp.a(alt_main.o)
                0x0100aa44                alt_main
 .text          0x0100aaec      0x144 ../lab2_cruisecontroloptimized_bsp//libucosii_bsp.a(alt_printf.o)
                0x0100aaec                alt_printf
 .text          0x0100ac30       0x14 ../lab2_cruisecontroloptimized_bsp//libucosii_bsp.a(alt_putchar.o)
                0x0100ac30                alt_putchar
 .text          0x0100ac44       0xe0 ../lab2_cruisecontroloptimized_bsp//libucosii_bsp.a(alt_tick.o)
                0x0100ac44                alt_alarm_stop
                0x0100ac78                alt_tick
 .text          0x0100ad24        0x8 ../lab2_cruisecontroloptimized_bsp//libucosii_bsp.a(alt_env_lock.o)
                0x0100ad24                __env_lock
                0x0100ad28                __env_unlock
 .text          0x0100ad2c        0x8 ../lab2_cruisecontroloptimized_bsp//libucosii_bsp.a(alt_malloc_lock.o)
                0x0100ad2c                __malloc_lock
                0x0100ad30                __malloc_unlock
 .text          0x0100ad34      0xec0 ../lab2_cruisecontroloptimized_bsp//libucosii_bsp.a(os_core.o)
                0x0100ad34                OSVersion
                0x0100ad3c                OS_Dummy
                0x0100ad40                OS_EventTaskWait
                0x0100adc4                OS_EventTaskWaitMulti
                0x0100ae64                OS_EventTaskRemove
                0x0100aeb0                OS_EventTaskRemoveMulti
                0x0100af0c                OS_EventTaskRdy
                0x0100b000                OS_EventWaitListInit
                0x0100b01c                OS_MemClr
                0x0100b038                OS_MemCopy
                0x0100b05c                OS_StrCopy
                0x0100b088                OS_StrLen
                0x0100b0a8                OS_Sched
                0x0100b154                OSStart
                0x0100b1c0                OSInit
                0x0100b394                OSEventNameGet
                0x0100b420                OSEventPendMulti
                0x0100b6f4                OSIntEnter
                0x0100b730                OSStatInit
                0x0100b794                OSTimeTick
                0x0100b86c                OS_TaskIdle
                0x0100b89c                OS_TaskStat
                0x0100b91c                OS_TCBInit
                0x0100ba8c                OSIntExit
                0x0100bb54                OSEventNameSet
 .text          0x0100bbf4        0x4 ../lab2_cruisecontroloptimized_bsp//libucosii_bsp.a(os_dbg.o)
                0x0100bbf4                OSDebugInit
 .text          0x0100bbf8      0xb8c ../lab2_cruisecontroloptimized_bsp//libucosii_bsp.a(os_flag.o)
                0x0100bcb0                OS_FlagUnlink
                0x0100bd7c                OS_FlagInit
                0x0100bdec                OSFlagQuery
                0x0100be30                OSFlagAccept
                0x0100bf84                OSFlagCreate
                0x0100c004                OSFlagDel
                0x0100c150                OSFlagNameGet
                0x0100c1e4                OSFlagNameSet
                0x0100c29c                OSFlagPend
                0x0100c580                OSFlagPendGetFlagsRdy
                0x0100c5ac                OSFlagPost
 .text          0x0100c784      0x420 ../lab2_cruisecontroloptimized_bsp//libucosii_bsp.a(os_mbox.o)
                0x0100c784                OSMboxPostOpt
                0x0100c850                OSMboxCreate
                0x0100c8dc                OSMboxPend
                0x0100ca50                OSMboxPendAbort
                0x0100cb20                OSMboxPost
 .text          0x0100cba4      0x350 ../lab2_cruisecontroloptimized_bsp//libucosii_bsp.a(os_sem.o)
                0x0100cba4                OSSemPost
                0x0100cc38                OSSemCreate
                0x0100ccc4                OSSemPend
                0x0100ce1c                OSSemPendAbort
 .text          0x0100cef4      0x7a8 ../lab2_cruisecontroloptimized_bsp//libucosii_bsp.a(os_task.o)
                0x0100cef4                OSTaskSuspend
                0x0100cffc                OSTaskCreateExt
                0x0100d11c                OSTaskDel
                0x0100d348                OSTaskDelReq
                0x0100d3f0                OSTaskNameGet
                0x0100d4bc                OSTaskNameSet
                0x0100d5a8                OSTaskResume
 .text          0x0100d69c       0x98 ../lab2_cruisecontroloptimized_bsp//libucosii_bsp.a(os_time.o)
                0x0100d69c                OSTimeDly
 .text          0x0100d734      0xac8 ../lab2_cruisecontroloptimized_bsp//libucosii_bsp.a(os_tmr.o)
                0x0100d8a0                OSTmr_Init
                0x0100dafc                OSTmrStop
                0x0100dc44                OSTmrStart
                0x0100dd34                OSTmrStateGet
                0x0100ddcc                OSTmrRemainGet
                0x0100ded4                OSTmrDel
                0x0100dfbc                OSTmrSignal
                0x0100dfe4                OSTmrNameGet
                0x0100e0ac                OSTmrCreate
 .text          0x0100e1fc       0x70 ../lab2_cruisecontroloptimized_bsp//libucosii_bsp.a(alt_sys_init.o)
                0x0100e1fc                alt_sys_init
                0x0100e24c                alt_irq_init
 .text          0x0100e26c       0x20 ../lab2_cruisecontroloptimized_bsp//libucosii_bsp.a(altera_avalon_jtag_uart_fd.o)
                0x0100e26c                altera_avalon_jtag_uart_write_fd
                0x0100e27c                altera_avalon_jtag_uart_read_fd
 .text          0x0100e28c       0x60 ../lab2_cruisecontroloptimized_bsp//libucosii_bsp.a(altera_avalon_jtag_uart_read.o)
                0x0100e28c                altera_avalon_jtag_uart_read
 .text          0x0100e2ec       0x34 ../lab2_cruisecontroloptimized_bsp//libucosii_bsp.a(altera_avalon_jtag_uart_write.o)
                0x0100e2ec                altera_avalon_jtag_uart_write
 .text          0x0100e320       0x8c ../lab2_cruisecontroloptimized_bsp//libucosii_bsp.a(altera_avalon_timer_sc.o)
                0x0100e320                alt_avalon_timer_sc_init
 .text          0x0100e3ac       0xbc ../lab2_cruisecontroloptimized_bsp//libucosii_bsp.a(alt_close.o)
                0x0100e3cc                close
 .text          0x0100e468        0x4 ../lab2_cruisecontroloptimized_bsp//libucosii_bsp.a(alt_dcache_flush_all.o)
                0x0100e468                alt_dcache_flush_all
 .text          0x0100e46c        0x8 ../lab2_cruisecontroloptimized_bsp//libucosii_bsp.a(alt_dev.o)
 .text          0x0100e474       0x70 ../lab2_cruisecontroloptimized_bsp//libucosii_bsp.a(alt_dev_llist_insert.o)
                0x0100e474                alt_dev_llist_insert
 .text          0x0100e4e4       0x40 ../lab2_cruisecontroloptimized_bsp//libucosii_bsp.a(alt_do_ctors.o)
                0x0100e4e4                _do_ctors
 .text          0x0100e524       0x40 ../lab2_cruisecontroloptimized_bsp//libucosii_bsp.a(alt_do_dtors.o)
                0x0100e524                _do_dtors
 .text          0x0100e564        0x0 ../lab2_cruisecontroloptimized_bsp//libucosii_bsp.a(alt_errno.o)
 .text          0x0100e564        0x4 ../lab2_cruisecontroloptimized_bsp//libucosii_bsp.a(alt_icache_flush_all.o)
                0x0100e564                alt_icache_flush_all
 .text          0x0100e568       0x9c ../lab2_cruisecontroloptimized_bsp//libucosii_bsp.a(alt_iic.o)
                0x0100e568                alt_ic_irq_enabled
                0x0100e580                alt_ic_irq_enable
                0x0100e5c0                alt_ic_irq_disable
                0x0100e600                alt_ic_isr_register
 .text          0x0100e604       0x6c ../lab2_cruisecontroloptimized_bsp//libucosii_bsp.a(alt_iic_isr_register.o)
                0x0100e604                alt_iic_isr_register
 .text          0x0100e670      0x114 ../lab2_cruisecontroloptimized_bsp//libucosii_bsp.a(alt_io_redirect.o)
                0x0100e6f8                alt_io_redirect
 .text          0x0100e784        0x0 ../lab2_cruisecontroloptimized_bsp//libucosii_bsp.a(alt_irq_entry.o)
 .text          0x0100e784        0x0 ../lab2_cruisecontroloptimized_bsp//libucosii_bsp.a(alt_irq_handler.o)
 .text          0x0100e784        0x0 ../lab2_cruisecontroloptimized_bsp//libucosii_bsp.a(alt_irq_vars.o)
 .text          0x0100e784      0x17c ../lab2_cruisecontroloptimized_bsp//libucosii_bsp.a(alt_open.o)
                0x0100e784                open
 .text          0x0100e900       0x5c ../lab2_cruisecontroloptimized_bsp//libucosii_bsp.a(alt_release_fd.o)
                0x0100e900                alt_release_fd
 .text          0x0100e95c        0x8 ../lab2_cruisecontroloptimized_bsp//libucosii_bsp.a(altera_nios2_qsys_irq.o)
                0x0100e95c                altera_nios2_qsys_irq_init
 .text          0x0100e964       0xc0 ../lab2_cruisecontroloptimized_bsp//libucosii_bsp.a(os_cpu_a.o)
                0x0100e964                OSCtxSw
                0x0100e964                OSIntCtxSw
                0x0100e9e0                OSStartHighRdy
                0x0100ea00                OSStartTsk
 .text          0x0100ea24       0xa0 ../lab2_cruisecontroloptimized_bsp//libucosii_bsp.a(os_cpu_c.o)
                0x0100ea24                OSTaskStkInit
                0x0100ea48                OSTaskCreateHook
                0x0100ea4c                OSTaskDelHook
                0x0100ea50                OSTaskSwHook
                0x0100ea54                OSTaskStatHook
                0x0100ea58                OSInitHookBegin
                0x0100ea60                OSInitHookEnd
                0x0100ea64                OSTaskIdleHook
                0x0100ea68                OSTCBInitHook
                0x0100ea6c                OSTimeTickHook
 .text          0x0100eac4        0x0 ../lab2_cruisecontroloptimized_bsp//libucosii_bsp.a(alt_exception_entry.o)
 .text          0x0100eac4       0x70 ../lab2_cruisecontroloptimized_bsp//libucosii_bsp.a(alt_find_dev.o)
                0x0100eac4                alt_find_dev
 .text          0x0100eb34       0x9c ../lab2_cruisecontroloptimized_bsp//libucosii_bsp.a(alt_find_file.o)
                0x0100eb34                alt_find_file
 .text          0x0100ebd0       0xa4 ../lab2_cruisecontroloptimized_bsp//libucosii_bsp.a(alt_get_fd.o)
                0x0100ebd0                alt_get_fd
 .text          0x0100ec74       0x14 /opt/altera/13.0sp1/nios2eds/bin/gnu/H-i686-pc-linux-gnu/bin/../lib/gcc/nios2-elf/4.1.2/../../../../nios2-elf/lib/mno-hw-mul/libsmallc.a(lib_a-atexit.o)
                0x0100ec74                atexit
 .text          0x0100ec88       0x20 /opt/altera/13.0sp1/nios2eds/bin/gnu/H-i686-pc-linux-gnu/bin/../lib/gcc/nios2-elf/4.1.2/../../../../nios2-elf/lib/mno-hw-mul/libsmallc.a(lib_a-exit.o)
                0x0100ec88                exit
 .text          0x0100eca8        0x0 /opt/altera/13.0sp1/nios2eds/bin/gnu/H-i686-pc-linux-gnu/bin/../lib/gcc/nios2-elf/4.1.2/../../../../nios2-elf/lib/mno-hw-mul/libsmallc.a(lib_a-impure.o)
 .text          0x0100eca8        0x0 /opt/altera/13.0sp1/nios2eds/bin/gnu/H-i686-pc-linux-gnu/bin/../lib/gcc/nios2-elf/4.1.2/../../../../nios2-elf/lib/mno-hw-mul/libsmallc.a(lib_a-int_errno.o)
 .text          0x0100eca8       0x3c /opt/altera/13.0sp1/nios2eds/bin/gnu/H-i686-pc-linux-gnu/bin/../lib/gcc/nios2-elf/4.1.2/../../../../nios2-elf/lib/mno-hw-mul/libsmallc.a(lib_a-memcmp.o)
                0x0100eca8                memcmp
 .text          0x0100ece4       0xe4 /opt/altera/13.0sp1/nios2eds/bin/gnu/H-i686-pc-linux-gnu/bin/../lib/gcc/nios2-elf/4.1.2/../../../../nios2-elf/lib/mno-hw-mul/libsmallc.a(lib_a-putc.o)
                0x0100ece4                putc
                0x0100ed54                _putc_r
 .text          0x0100edc8       0x20 /opt/altera/13.0sp1/nios2eds/bin/gnu/H-i686-pc-linux-gnu/bin/../lib/gcc/nios2-elf/4.1.2/../../../../nios2-elf/lib/mno-hw-mul/libsmallc.a(lib_a-strlen.o)
                0x0100edc8                strlen
 .text          0x0100ede8      0x16c /opt/altera/13.0sp1/nios2eds/bin/gnu/H-i686-pc-linux-gnu/bin/../lib/gcc/nios2-elf/4.1.2/../../../../nios2-elf/lib/mno-hw-mul/libsmallc.a(lib_a-__atexit.o)
                0x0100ede8                __register_exitproc
 .text          0x0100ef54      0x1c0 /opt/altera/13.0sp1/nios2eds/bin/gnu/H-i686-pc-linux-gnu/bin/../lib/gcc/nios2-elf/4.1.2/../../../../nios2-elf/lib/mno-hw-mul/libsmallc.a(lib_a-__call_atexit.o)
                0x0100ef58                __call_exitprocs
 .text          0x0100f114       0xbc /opt/altera/13.0sp1/nios2eds/bin/gnu/H-i686-pc-linux-gnu/bin/../lib/gcc/nios2-elf/4.1.2/../../../../nios2-elf/lib/mno-hw-mul/libsmallc.a(lib_a-fvwrite_small_dev.o)
                0x0100f114                __sfvwrite_small_dev
 .text          0x0100f1d0       0x78 /opt/altera/13.0sp1/nios2eds/bin/gnu/H-i686-pc-linux-gnu/bin/../lib/gcc/nios2-elf/4.1.2/../../../../nios2-elf/lib/mno-hw-mul/libsmallc.a(lib_a-writer.o)
                0x0100f1d0                _write_r
 .text          0x0100f248       0x88 /opt/altera/13.0sp1/nios2eds/bin/gnu/H-i686-pc-linux-gnu/bin/../lib/gcc/nios2-elf/4.1.2/mno-hw-mul/libgcc.a(_ge_df.o)
                0x0100f248                __gedf2
 .text          0x0100f2d0       0xc8 /opt/altera/13.0sp1/nios2eds/bin/gnu/H-i686-pc-linux-gnu/bin/../lib/gcc/nios2-elf/4.1.2/mno-hw-mul/libgcc.a(_fpcmp_parts_df.o)
                0x0100f2d0                __fpcmp_parts_d
 .text          0x0100f398       0x20 ../lab2_cruisecontroloptimized_bsp//libucosii_bsp.a(alt_exit.o)
                0x0100f398                _exit
 .text          0x0100f3b8       0xd4 ../lab2_cruisecontroloptimized_bsp//libucosii_bsp.a(alt_write.o)
                0x0100f3d8                write
 *(.gnu.warning.*)
 *(.fini)
                0x0100f48c                PROVIDE (__etext, ABSOLUTE (.))
                0x0100f48c                PROVIDE (_etext, ABSOLUTE (.))
                0x0100f48c                PROVIDE (etext, ABSOLUTE (.))
 *(.eh_frame_hdr)
                0x0100f48c                . = ALIGN (0x4)
                0x0100f48c                PROVIDE (__preinit_array_start, ABSOLUTE (.))
 *(.preinit_array)
                0x0100f48c                PROVIDE (__preinit_array_end, ABSOLUTE (.))
                0x0100f48c                PROVIDE (__init_array_start, ABSOLUTE (.))
 *(.init_array)
                0x0100f48c                PROVIDE (__init_array_end, ABSOLUTE (.))
                0x0100f48c                PROVIDE (__fini_array_start, ABSOLUTE (.))
 *(.fini_array)
                0x0100f48c                PROVIDE (__fini_array_end, ABSOLUTE (.))
 *(.eh_frame)
 *(.gcc_except_table)
 *(.dynamic)
                0x0100f48c                PROVIDE (__CTOR_LIST__, ABSOLUTE (.))
 *(.ctors)
 *(SORT(.ctors.*))
 .ctors.65535   0x0100f48c        0x4 /opt/altera/13.0sp1/nios2eds/bin/gnu/H-i686-pc-linux-gnu/bin/../lib/gcc/nios2-elf/4.1.2/../../../../nios2-elf/lib/mno-hw-mul/libsmallc.a(lib_a-__call_atexit.o)
                0x0100f490                PROVIDE (__CTOR_END__, ABSOLUTE (.))
                0x0100f490                PROVIDE (__DTOR_LIST__, ABSOLUTE (.))
 *(.dtors)
 *(SORT(.dtors.*))
                0x0100f490                PROVIDE (__DTOR_END__, ABSOLUTE (.))
 *(.jcr)
                0x0100f490                . = ALIGN (0x4)

.rodata         0x00800144      0x3c8
                0x00800144                PROVIDE (__ram_rodata_start, ABSOLUTE (.))
                0x00800144                . = ALIGN (0x4)
 *(.rodata .rodata.* .gnu.linkonce.r.*)
 .rodata        0x00800144      0x13c obj/default/cruise_opti.o
 .rodata        0x00800280       0x14 /opt/altera/13.0sp1/nios2eds/bin/gnu/H-i686-pc-linux-gnu/bin/../lib/gcc/nios2-elf/4.1.2/mno-hw-mul/libgcc.a(_thenan_df.o)
                0x00800280                __thenan_df
 .rodata        0x00800294      0x100 /opt/altera/13.0sp1/nios2eds/bin/gnu/H-i686-pc-linux-gnu/bin/../lib/gcc/nios2-elf/4.1.2/mno-hw-mul/libgcc.a(_clz.o)
                0x00800294                __clz_tab
 .rodata.str1.4
                0x00800394       0x11 ../lab2_cruisecontroloptimized_bsp//libucosii_bsp.a(alt_main.o)
                                 0x14 (size before relaxing)
 *fill*         0x008003a5        0x3 00
 .rodata.str1.4
                0x008003a8       0x1e ../lab2_cruisecontroloptimized_bsp//libucosii_bsp.a(os_core.o)
                                 0x20 (size before relaxing)
 .rodata        0x008003c6      0x100 ../lab2_cruisecontroloptimized_bsp//libucosii_bsp.a(os_core.o)
                0x008003c6                OSUnMapTbl
 *fill*         0x008004c6        0x2 00
 .rodata.str1.4
                0x008004c8       0x35 ../lab2_cruisecontroloptimized_bsp//libucosii_bsp.a(os_tmr.o)
                                 0x38 (size before relaxing)
 .rodata.str1.4
                0x00000000       0x14 ../lab2_cruisecontroloptimized_bsp//libucosii_bsp.a(alt_sys_init.o)
 *fill*         0x008004fd        0x3 00
 .rodata.str1.4
                0x00800500        0xc ../lab2_cruisecontroloptimized_bsp//libucosii_bsp.a(alt_dev.o)
 *(.rodata1)
                0x0080050c                . = ALIGN (0x4)
                0x0080050c                PROVIDE (__ram_rodata_end, ABSOLUTE (.))
                0x00800144                PROVIDE (__flash_rodata_start, LOADADDR (.rodata))

.rwdata         0x0080050c      0x394 load address 0x0100f490
                0x0080050c                PROVIDE (__ram_rwdata_start, ABSOLUTE (.))
                0x0080050c                . = ALIGN (0x4)
 *(.got.plt)
 *(.got)
 *(.data1)
 *(.data .data.* .gnu.linkonce.d.*)
 .data          0x0080050c        0x0 ../lab2_cruisecontroloptimized_bsp//obj/HAL/src/crt0.o
 .data          0x0080050c       0x2c obj/default/cruise_opti.o
 .data          0x00800538        0x0 /opt/altera/13.0sp1/nios2eds/bin/gnu/H-i686-pc-linux-gnu/bin/../lib/gcc/nios2-elf/4.1.2/mno-hw-mul/libgcc.a(_si_to_sf.o)
 .data          0x00800538        0x0 /opt/altera/13.0sp1/nios2eds/bin/gnu/H-i686-pc-linux-gnu/bin/../lib/gcc/nios2-elf/4.1.2/mno-hw-mul/libgcc.a(_sf_to_df.o)
 .data          0x00800538        0x0 /opt/altera/13.0sp1/nios2eds/bin/gnu/H-i686-pc-linux-gnu/bin/../lib/gcc/nios2-elf/4.1.2/mno-hw-mul/libgcc.a(_addsub_df.o)
 .data          0x00800538        0x0 /opt/altera/13.0sp1/nios2eds/bin/gnu/H-i686-pc-linux-gnu/bin/../lib/gcc/nios2-elf/4.1.2/mno-hw-mul/libgcc.a(_div_df.o)
 .data          0x00800538        0x0 /opt/altera/13.0sp1/nios2eds/bin/gnu/H-i686-pc-linux-gnu/bin/../lib/gcc/nios2-elf/4.1.2/mno-hw-mul/libgcc.a(_si_to_df.o)
 .data          0x00800538        0x0 /opt/altera/13.0sp1/nios2eds/bin/gnu/H-i686-pc-linux-gnu/bin/../lib/gcc/nios2-elf/4.1.2/mno-hw-mul/libgcc.a(_df_to_si.o)
 .data          0x00800538        0x0 /opt/altera/13.0sp1/nios2eds/bin/gnu/H-i686-pc-linux-gnu/bin/../lib/gcc/nios2-elf/4.1.2/mno-hw-mul/libgcc.a(_make_df.o)
 .data          0x00800538        0x0 /opt/altera/13.0sp1/nios2eds/bin/gnu/H-i686-pc-linux-gnu/bin/../lib/gcc/nios2-elf/4.1.2/mno-hw-mul/libgcc.a(_thenan_df.o)
 .data          0x00800538        0x0 /opt/altera/13.0sp1/nios2eds/bin/gnu/H-i686-pc-linux-gnu/bin/../lib/gcc/nios2-elf/4.1.2/mno-hw-mul/libgcc.a(lib2-divmod.o)
 .data          0x00800538        0x0 /opt/altera/13.0sp1/nios2eds/bin/gnu/H-i686-pc-linux-gnu/bin/../lib/gcc/nios2-elf/4.1.2/mno-hw-mul/libgcc.a(lib2-mul.o)
 .data          0x00800538        0x0 /opt/altera/13.0sp1/nios2eds/bin/gnu/H-i686-pc-linux-gnu/bin/../lib/gcc/nios2-elf/4.1.2/mno-hw-mul/libgcc.a(_clzsi2.o)
 .data          0x00800538        0x0 /opt/altera/13.0sp1/nios2eds/bin/gnu/H-i686-pc-linux-gnu/bin/../lib/gcc/nios2-elf/4.1.2/mno-hw-mul/libgcc.a(_pack_sf.o)
 .data          0x00800538        0x0 /opt/altera/13.0sp1/nios2eds/bin/gnu/H-i686-pc-linux-gnu/bin/../lib/gcc/nios2-elf/4.1.2/mno-hw-mul/libgcc.a(_unpack_sf.o)
 .data          0x00800538        0x0 /opt/altera/13.0sp1/nios2eds/bin/gnu/H-i686-pc-linux-gnu/bin/../lib/gcc/nios2-elf/4.1.2/mno-hw-mul/libgcc.a(_pack_df.o)
 .data          0x00800538        0x0 /opt/altera/13.0sp1/nios2eds/bin/gnu/H-i686-pc-linux-gnu/bin/../lib/gcc/nios2-elf/4.1.2/mno-hw-mul/libgcc.a(_unpack_df.o)
 .data          0x00800538        0x0 /opt/altera/13.0sp1/nios2eds/bin/gnu/H-i686-pc-linux-gnu/bin/../lib/gcc/nios2-elf/4.1.2/mno-hw-mul/libgcc.a(_clz.o)
 .data          0x00800538        0x0 ../lab2_cruisecontroloptimized_bsp//libucosii_bsp.a(alt_alarm_start.o)
 .data          0x00800538        0x0 ../lab2_cruisecontroloptimized_bsp//libucosii_bsp.a(alt_load.o)
 .data          0x00800538        0x0 ../lab2_cruisecontroloptimized_bsp//libucosii_bsp.a(alt_main.o)
 .data          0x00800538        0x0 ../lab2_cruisecontroloptimized_bsp//libucosii_bsp.a(alt_printf.o)
 .data          0x00800538        0x0 ../lab2_cruisecontroloptimized_bsp//libucosii_bsp.a(alt_putchar.o)
 .data          0x00800538        0x0 ../lab2_cruisecontroloptimized_bsp//libucosii_bsp.a(alt_tick.o)
 .data          0x00800538        0x0 ../lab2_cruisecontroloptimized_bsp//libucosii_bsp.a(alt_env_lock.o)
 .data          0x00800538        0x0 ../lab2_cruisecontroloptimized_bsp//libucosii_bsp.a(alt_malloc_lock.o)
 .data          0x00800538        0x0 ../lab2_cruisecontroloptimized_bsp//libucosii_bsp.a(os_core.o)
 .data          0x00800538        0x0 ../lab2_cruisecontroloptimized_bsp//libucosii_bsp.a(os_dbg.o)
 .data          0x00800538        0x0 ../lab2_cruisecontroloptimized_bsp//libucosii_bsp.a(os_flag.o)
 .data          0x00800538        0x0 ../lab2_cruisecontroloptimized_bsp//libucosii_bsp.a(os_mbox.o)
 .data          0x00800538        0x0 ../lab2_cruisecontroloptimized_bsp//libucosii_bsp.a(os_sem.o)
 .data          0x00800538        0x0 ../lab2_cruisecontroloptimized_bsp//libucosii_bsp.a(os_task.o)
 .data          0x00800538        0x0 ../lab2_cruisecontroloptimized_bsp//libucosii_bsp.a(os_time.o)
 .data          0x00800538        0x0 ../lab2_cruisecontroloptimized_bsp//libucosii_bsp.a(os_tmr.o)
 .data          0x00800538       0x2c ../lab2_cruisecontroloptimized_bsp//libucosii_bsp.a(alt_sys_init.o)
 .data          0x00800564        0x0 ../lab2_cruisecontroloptimized_bsp//libucosii_bsp.a(altera_avalon_jtag_uart_fd.o)
 .data          0x00800564        0x0 ../lab2_cruisecontroloptimized_bsp//libucosii_bsp.a(altera_avalon_jtag_uart_read.o)
 .data          0x00800564        0x0 ../lab2_cruisecontroloptimized_bsp//libucosii_bsp.a(altera_avalon_jtag_uart_write.o)
 .data          0x00800564        0x0 ../lab2_cruisecontroloptimized_bsp//libucosii_bsp.a(altera_avalon_timer_sc.o)
 .data          0x00800564        0x0 ../lab2_cruisecontroloptimized_bsp//libucosii_bsp.a(alt_close.o)
 .data          0x00800564        0x0 ../lab2_cruisecontroloptimized_bsp//libucosii_bsp.a(alt_dcache_flush_all.o)
 .data          0x00800564      0x1a8 ../lab2_cruisecontroloptimized_bsp//libucosii_bsp.a(alt_dev.o)
                0x00800564                alt_dev_null
                0x0080058c                alt_fd_list
 .data          0x0080070c        0x0 ../lab2_cruisecontroloptimized_bsp//libucosii_bsp.a(alt_dev_llist_insert.o)
 .data          0x0080070c        0x0 ../lab2_cruisecontroloptimized_bsp//libucosii_bsp.a(alt_do_ctors.o)
 .data          0x0080070c        0x0 ../lab2_cruisecontroloptimized_bsp//libucosii_bsp.a(alt_do_dtors.o)
 .data          0x0080070c        0x0 ../lab2_cruisecontroloptimized_bsp//libucosii_bsp.a(alt_errno.o)
 .data          0x0080070c        0x0 ../lab2_cruisecontroloptimized_bsp//libucosii_bsp.a(alt_icache_flush_all.o)
 .data          0x0080070c        0x0 ../lab2_cruisecontroloptimized_bsp//libucosii_bsp.a(alt_iic.o)
 .data          0x0080070c        0x0 ../lab2_cruisecontroloptimized_bsp//libucosii_bsp.a(alt_iic_isr_register.o)
 .data          0x0080070c        0x0 ../lab2_cruisecontroloptimized_bsp//libucosii_bsp.a(alt_io_redirect.o)
 .data          0x0080070c        0x0 ../lab2_cruisecontroloptimized_bsp//libucosii_bsp.a(alt_irq_entry.o)
 .data          0x0080070c        0x0 ../lab2_cruisecontroloptimized_bsp//libucosii_bsp.a(alt_irq_handler.o)
 .data          0x0080070c        0x0 ../lab2_cruisecontroloptimized_bsp//libucosii_bsp.a(alt_irq_vars.o)
 .data          0x0080070c        0x0 ../lab2_cruisecontroloptimized_bsp//libucosii_bsp.a(alt_open.o)
 .data          0x0080070c        0x0 ../lab2_cruisecontroloptimized_bsp//libucosii_bsp.a(alt_release_fd.o)
 .data          0x0080070c        0x0 ../lab2_cruisecontroloptimized_bsp//libucosii_bsp.a(altera_nios2_qsys_irq.o)
 .data          0x0080070c        0x0 ../lab2_cruisecontroloptimized_bsp//libucosii_bsp.a(os_cpu_a.o)
 .data          0x0080070c        0x0 ../lab2_cruisecontroloptimized_bsp//libucosii_bsp.a(os_cpu_c.o)
 .data          0x0080070c        0x0 ../lab2_cruisecontroloptimized_bsp//libucosii_bsp.a(alt_exception_entry.o)
 .data          0x0080070c        0x0 ../lab2_cruisecontroloptimized_bsp//libucosii_bsp.a(alt_find_dev.o)
 .data          0x0080070c        0x0 ../lab2_cruisecontroloptimized_bsp//libucosii_bsp.a(alt_find_file.o)
 .data          0x0080070c        0x0 ../lab2_cruisecontroloptimized_bsp//libucosii_bsp.a(alt_get_fd.o)
 .data          0x0080070c        0x0 /opt/altera/13.0sp1/nios2eds/bin/gnu/H-i686-pc-linux-gnu/bin/../lib/gcc/nios2-elf/4.1.2/../../../../nios2-elf/lib/mno-hw-mul/libsmallc.a(lib_a-atexit.o)
 .data          0x0080070c        0x0 /opt/altera/13.0sp1/nios2eds/bin/gnu/H-i686-pc-linux-gnu/bin/../lib/gcc/nios2-elf/4.1.2/../../../../nios2-elf/lib/mno-hw-mul/libsmallc.a(lib_a-exit.o)
 .data          0x0080070c       0xe0 /opt/altera/13.0sp1/nios2eds/bin/gnu/H-i686-pc-linux-gnu/bin/../lib/gcc/nios2-elf/4.1.2/../../../../nios2-elf/lib/mno-hw-mul/libsmallc.a(lib_a-impure.o)
 .data          0x008007ec        0x0 /opt/altera/13.0sp1/nios2eds/bin/gnu/H-i686-pc-linux-gnu/bin/../lib/gcc/nios2-elf/4.1.2/../../../../nios2-elf/lib/mno-hw-mul/libsmallc.a(lib_a-int_errno.o)
 .data          0x008007ec        0x0 /opt/altera/13.0sp1/nios2eds/bin/gnu/H-i686-pc-linux-gnu/bin/../lib/gcc/nios2-elf/4.1.2/../../../../nios2-elf/lib/mno-hw-mul/libsmallc.a(lib_a-memcmp.o)
 .data          0x008007ec        0x0 /opt/altera/13.0sp1/nios2eds/bin/gnu/H-i686-pc-linux-gnu/bin/../lib/gcc/nios2-elf/4.1.2/../../../../nios2-elf/lib/mno-hw-mul/libsmallc.a(lib_a-putc.o)
 .data          0x008007ec        0x0 /opt/altera/13.0sp1/nios2eds/bin/gnu/H-i686-pc-linux-gnu/bin/../lib/gcc/nios2-elf/4.1.2/../../../../nios2-elf/lib/mno-hw-mul/libsmallc.a(lib_a-strlen.o)
 .data          0x008007ec        0x0 /opt/altera/13.0sp1/nios2eds/bin/gnu/H-i686-pc-linux-gnu/bin/../lib/gcc/nios2-elf/4.1.2/../../../../nios2-elf/lib/mno-hw-mul/libsmallc.a(lib_a-__atexit.o)
 .data          0x008007ec        0x0 /opt/altera/13.0sp1/nios2eds/bin/gnu/H-i686-pc-linux-gnu/bin/../lib/gcc/nios2-elf/4.1.2/../../../../nios2-elf/lib/mno-hw-mul/libsmallc.a(lib_a-__call_atexit.o)
 .data          0x008007ec        0x0 /opt/altera/13.0sp1/nios2eds/bin/gnu/H-i686-pc-linux-gnu/bin/../lib/gcc/nios2-elf/4.1.2/../../../../nios2-elf/lib/mno-hw-mul/libsmallc.a(lib_a-fvwrite_small_dev.o)
 .data          0x008007ec        0x0 /opt/altera/13.0sp1/nios2eds/bin/gnu/H-i686-pc-linux-gnu/bin/../lib/gcc/nios2-elf/4.1.2/../../../../nios2-elf/lib/mno-hw-mul/libsmallc.a(lib_a-writer.o)
 .data          0x008007ec        0x0 /opt/altera/13.0sp1/nios2eds/bin/gnu/H-i686-pc-linux-gnu/bin/../lib/gcc/nios2-elf/4.1.2/mno-hw-mul/libgcc.a(_ge_df.o)
 .data          0x008007ec        0x0 /opt/altera/13.0sp1/nios2eds/bin/gnu/H-i686-pc-linux-gnu/bin/../lib/gcc/nios2-elf/4.1.2/mno-hw-mul/libgcc.a(_fpcmp_parts_df.o)
 .data          0x008007ec        0x0 ../lab2_cruisecontroloptimized_bsp//libucosii_bsp.a(alt_exit.o)
 .data          0x008007ec        0x0 ../lab2_cruisecontroloptimized_bsp//libucosii_bsp.a(alt_write.o)
                0x008087ec                _gp = ABSOLUTE ((. + 0x8000))
                0x008087ec                PROVIDE (gp, _gp)
 *(.rwdata .rwdata.*)
 *(.sdata .sdata.* .gnu.linkonce.s.*)
 .sdata         0x008007ec       0x14 obj/default/cruise_opti.o
                0x008007ec                gas_pedal
                0x008007f0                brake_pedal
                0x008007f4                top_gear
                0x008007f8                engine
                0x008007fc                cruise_control
 .sdata         0x00800800        0x8 ../lab2_cruisecontroloptimized_bsp//libucosii_bsp.a(alt_tick.o)
                0x00800800                alt_alarm_list
 .sdata         0x00800808       0x74 ../lab2_cruisecontroloptimized_bsp//libucosii_bsp.a(os_dbg.o)
                0x00800808                OSDebugEn
                0x0080080c                OSEndiannessTest
                0x00800810                OSEventEn
                0x00800812                OSEventMax
                0x00800814                OSEventNameSize
                0x00800816                OSEventSize
                0x00800818                OSEventTblSize
                0x0080081a                OSEventMultiEn
                0x0080081c                OSFlagEn
                0x0080081e                OSFlagGrpSize
                0x00800820                OSFlagNodeSize
                0x00800822                OSFlagWidth
                0x00800824                OSFlagMax
                0x00800826                OSFlagNameSize
                0x00800828                OSLowestPrio
                0x0080082a                OSMboxEn
                0x0080082c                OSMemEn
                0x0080082e                OSMemMax
                0x00800830                OSMemNameSize
                0x00800832                OSMemSize
                0x00800834                OSMemTblSize
                0x00800836                OSMutexEn
                0x00800838                OSPtrSize
                0x0080083a                OSQEn
                0x0080083c                OSQMax
                0x0080083e                OSQSize
                0x00800840                OSRdyTblSize
                0x00800842                OSSemEn
                0x00800844                OSStkWidth
                0x00800846                OSTaskCreateEn
                0x00800848                OSTaskCreateExtEn
                0x0080084a                OSTaskDelEn
                0x0080084c                OSTaskIdleStkSize
                0x0080084e                OSTaskProfileEn
                0x00800850                OSTaskMax
                0x00800852                OSTaskNameSize
                0x00800854                OSTaskStatEn
                0x00800856                OSTaskStatStkSize
                0x00800858                OSTaskStatStkChkEn
                0x0080085a                OSTaskSwHookEn
                0x0080085c                OSTCBPrioTblMax
                0x0080085e                OSTCBSize
                0x00800860                OSTicksPerSec
                0x00800862                OSTimeTickHookEn
                0x00800864                OSVersionNbr
                0x00800866                OSTmrEn
                0x00800868                OSTmrCfgMax
                0x0080086a                OSTmrCfgNameSize
                0x0080086c                OSTmrCfgWheelSize
                0x0080086e                OSTmrCfgTicksPerSec
                0x00800870                OSTmrSize
                0x00800872                OSTmrTblSize
                0x00800874                OSTmrWheelSize
                0x00800876                OSTmrWheelTblSize
                0x00800878                OSDataSize
 .sdata         0x0080087c       0x14 ../lab2_cruisecontroloptimized_bsp//libucosii_bsp.a(alt_dev.o)
                0x0080087c                alt_fs_list
                0x00800884                alt_dev_list
                0x0080088c                alt_max_fd
 .sdata         0x00800890        0x4 ../lab2_cruisecontroloptimized_bsp//libucosii_bsp.a(alt_errno.o)
                0x00800890                alt_errno
 .sdata         0x00800894        0x4 ../lab2_cruisecontroloptimized_bsp//libucosii_bsp.a(alt_irq_vars.o)
                0x00800894                alt_priority_mask
 .sdata         0x00800898        0x8 /opt/altera/13.0sp1/nios2eds/bin/gnu/H-i686-pc-linux-gnu/bin/../lib/gcc/nios2-elf/4.1.2/../../../../nios2-elf/lib/mno-hw-mul/libsmallc.a(lib_a-impure.o)
                0x00800898                _impure_ptr
                0x0080089c                _global_impure_ptr
 *(.sdata2 .sdata2.* .gnu.linkonce.s2.*)
                0x008008a0                . = ALIGN (0x4)
                0x008008a0                _edata = ABSOLUTE (.)
                0x008008a0                PROVIDE (edata, ABSOLUTE (.))
                0x008008a0                PROVIDE (__ram_rwdata_end, ABSOLUTE (.))
                0x0100f490                PROVIDE (__flash_rwdata_start, LOADADDR (.rwdata))

.bss            0x008008a0    0x11108 load address 0x0100f824
                0x008008a0                __bss_start = ABSOLUTE (.)
                0x008008a0                PROVIDE (__sbss_start, ABSOLUTE (.))
                0x008008a0                PROVIDE (___sbss_start, ABSOLUTE (.))
 *(.dynsbss)
 *(.sbss .sbss.* .gnu.linkonce.sb.*)
 .sbss          0x008008a0       0x14 obj/default/cruise_opti.o
                0x008008a0                TimerExtraload
                0x008008a4                led_green
                0x008008a8                led_red
                0x008008ac                ENGINE
                0x008008ad                TOP_GEAR
                0x008008ae                GAS_PEDAL
                0x008008af                BRAKE_PEDAL
                0x008008b0                CRUISE_CONTROL
                0x008008b1                FLAG
 .sbss          0x008008b4       0x54 obj/default/cruise_opti.o
                0x008008b4                SemSwitches
                0x008008b8                p_sem_data_vehicle
                0x008008bc                Mbox_Throttle
                0x008008c0                SemExtraload
                0x008008c4                Mbox_Velocity
                0x008008c8                TimerVehicle
                0x008008cc                SemControl
                0x008008d0                TimerWatchdog
                0x008008d4                p_sem_data_control
                0x008008d8                p_sem_data_switches
                0x008008dc                p_sem_data_overload
                0x008008e0                TimerOverload
                0x008008e4                SemVehicle
                0x008008e8                SemOverload
                0x008008ec                SemButtons
                0x008008f0                TimerExtraloadTask
                0x008008f4                delay
                0x008008f8                p_sem_data_buttons
                0x008008fc                TimerButtons
                0x00800900                TimerControl
                0x00800904                TimerSwitches
 .sbss          0x00800908        0xc ../lab2_cruisecontroloptimized_bsp//libucosii_bsp.a(alt_main.o)
                0x00800908                alt_argc
                0x0080090c                alt_argv
                0x00800910                alt_envp
 .sbss          0x00800914        0x8 ../lab2_cruisecontroloptimized_bsp//libucosii_bsp.a(alt_tick.o)
                0x00800914                _alt_tick_rate
                0x00800918                _alt_nticks
 .sbss          0x0080091c        0x4 ../lab2_cruisecontroloptimized_bsp//libucosii_bsp.a(alt_env_lock.o)
                0x0080091c                alt_envsem
 .sbss          0x00800920        0x4 ../lab2_cruisecontroloptimized_bsp//libucosii_bsp.a(alt_malloc_lock.o)
                0x00800920                alt_heapsem
 .sbss          0x00800924       0x5c ../lab2_cruisecontroloptimized_bsp//libucosii_bsp.a(os_core.o)
                0x00800924                OSTmrFreeList
                0x00800928                OSLockNesting
                0x0080092c                OSTmrSemSignal
                0x00800930                OSRunning
                0x00800934                OSIdleCtr
                0x00800938                OSTmrUsed
                0x0080093a                OSPrioHighRdy
                0x0080093b                OSPrioCur
                0x0080093c                OSTCBList
                0x00800940                OSTickStepState
                0x00800944                OSCtxSwCtr
                0x00800948                OSTmrFree
                0x0080094c                OSIdleCtrMax
                0x00800950                OSTCBFreeList
                0x00800954                OSCPUUsage
                0x00800955                OSTaskCtr
                0x00800958                OSTCBHighRdy
                0x0080095c                OSRdyGrp
                0x0080095d                OSRdyTbl
                0x00800960                OSEventFreeList
                0x00800964                OSIntNesting
                0x00800968                OSTCBCur
                0x0080096c                OSTmrTime
                0x00800970                OSTmrSem
                0x00800974                OSFlagFreeList
                0x00800978                OSStatRdy
                0x0080097c                OSIdleCtrRun
 .sbss          0x00800980        0x4 ../lab2_cruisecontroloptimized_bsp//libucosii_bsp.a(alt_dev.o)
                0x00800980                alt_fd_list_lock
 .sbss          0x00800984        0x4 ../lab2_cruisecontroloptimized_bsp//libucosii_bsp.a(alt_irq_vars.o)
                0x00800984                alt_irq_active
 .sbss          0x00800988        0x2 ../lab2_cruisecontroloptimized_bsp//libucosii_bsp.a(os_cpu_c.o)
 *fill*         0x0080098a        0x2 00
 .sbss          0x0080098c        0x4 /opt/altera/13.0sp1/nios2eds/bin/gnu/H-i686-pc-linux-gnu/bin/../lib/gcc/nios2-elf/4.1.2/../../../../nios2-elf/lib/mno-hw-mul/libsmallc.a(lib_a-int_errno.o)
                0x0080098c                errno
 *(.sbss2 .sbss2.* .gnu.linkonce.sb2.*)
 *(.scommon)
                0x00800990                PROVIDE (__sbss_end, ABSOLUTE (.))
                0x00800990                PROVIDE (___sbss_end, ABSOLUTE (.))
 *(.dynbss)
 *(.bss .bss.* .gnu.linkonce.b.*)
 .bss           0x00800990        0x0 ../lab2_cruisecontroloptimized_bsp//obj/HAL/src/crt0.o
 .bss           0x00800990       0x18 obj/default/cruise_opti.o
 .bss           0x008009a8        0x0 /opt/altera/13.0sp1/nios2eds/bin/gnu/H-i686-pc-linux-gnu/bin/../lib/gcc/nios2-elf/4.1.2/mno-hw-mul/libgcc.a(_si_to_sf.o)
 .bss           0x008009a8        0x0 /opt/altera/13.0sp1/nios2eds/bin/gnu/H-i686-pc-linux-gnu/bin/../lib/gcc/nios2-elf/4.1.2/mno-hw-mul/libgcc.a(_sf_to_df.o)
 .bss           0x008009a8        0x0 /opt/altera/13.0sp1/nios2eds/bin/gnu/H-i686-pc-linux-gnu/bin/../lib/gcc/nios2-elf/4.1.2/mno-hw-mul/libgcc.a(_addsub_df.o)
 .bss           0x008009a8        0x0 /opt/altera/13.0sp1/nios2eds/bin/gnu/H-i686-pc-linux-gnu/bin/../lib/gcc/nios2-elf/4.1.2/mno-hw-mul/libgcc.a(_div_df.o)
 .bss           0x008009a8        0x0 /opt/altera/13.0sp1/nios2eds/bin/gnu/H-i686-pc-linux-gnu/bin/../lib/gcc/nios2-elf/4.1.2/mno-hw-mul/libgcc.a(_si_to_df.o)
 .bss           0x008009a8        0x0 /opt/altera/13.0sp1/nios2eds/bin/gnu/H-i686-pc-linux-gnu/bin/../lib/gcc/nios2-elf/4.1.2/mno-hw-mul/libgcc.a(_df_to_si.o)
 .bss           0x008009a8        0x0 /opt/altera/13.0sp1/nios2eds/bin/gnu/H-i686-pc-linux-gnu/bin/../lib/gcc/nios2-elf/4.1.2/mno-hw-mul/libgcc.a(_make_df.o)
 .bss           0x008009a8        0x0 /opt/altera/13.0sp1/nios2eds/bin/gnu/H-i686-pc-linux-gnu/bin/../lib/gcc/nios2-elf/4.1.2/mno-hw-mul/libgcc.a(_thenan_df.o)
 .bss           0x008009a8        0x0 /opt/altera/13.0sp1/nios2eds/bin/gnu/H-i686-pc-linux-gnu/bin/../lib/gcc/nios2-elf/4.1.2/mno-hw-mul/libgcc.a(lib2-divmod.o)
 .bss           0x008009a8        0x0 /opt/altera/13.0sp1/nios2eds/bin/gnu/H-i686-pc-linux-gnu/bin/../lib/gcc/nios2-elf/4.1.2/mno-hw-mul/libgcc.a(lib2-mul.o)
 .bss           0x008009a8        0x0 /opt/altera/13.0sp1/nios2eds/bin/gnu/H-i686-pc-linux-gnu/bin/../lib/gcc/nios2-elf/4.1.2/mno-hw-mul/libgcc.a(_clzsi2.o)
 .bss           0x008009a8        0x0 /opt/altera/13.0sp1/nios2eds/bin/gnu/H-i686-pc-linux-gnu/bin/../lib/gcc/nios2-elf/4.1.2/mno-hw-mul/libgcc.a(_pack_sf.o)
 .bss           0x008009a8        0x0 /opt/altera/13.0sp1/nios2eds/bin/gnu/H-i686-pc-linux-gnu/bin/../lib/gcc/nios2-elf/4.1.2/mno-hw-mul/libgcc.a(_unpack_sf.o)
 .bss           0x008009a8        0x0 /opt/altera/13.0sp1/nios2eds/bin/gnu/H-i686-pc-linux-gnu/bin/../lib/gcc/nios2-elf/4.1.2/mno-hw-mul/libgcc.a(_pack_df.o)
 .bss           0x008009a8        0x0 /opt/altera/13.0sp1/nios2eds/bin/gnu/H-i686-pc-linux-gnu/bin/../lib/gcc/nios2-elf/4.1.2/mno-hw-mul/libgcc.a(_unpack_df.o)
 .bss           0x008009a8        0x0 /opt/altera/13.0sp1/nios2eds/bin/gnu/H-i686-pc-linux-gnu/bin/../lib/gcc/nios2-elf/4.1.2/mno-hw-mul/libgcc.a(_clz.o)
 .bss           0x008009a8        0x0 ../lab2_cruisecontroloptimized_bsp//libucosii_bsp.a(alt_alarm_start.o)
 .bss           0x008009a8        0x0 ../lab2_cruisecontroloptimized_bsp//libucosii_bsp.a(alt_load.o)
 .bss           0x008009a8        0x0 ../lab2_cruisecontroloptimized_bsp//libucosii_bsp.a(alt_main.o)
 .bss           0x008009a8        0x0 ../lab2_cruisecontroloptimized_bsp//libucosii_bsp.a(alt_printf.o)
 .bss           0x008009a8        0x0 ../lab2_cruisecontroloptimized_bsp//libucosii_bsp.a(alt_putchar.o)
 .bss           0x008009a8        0x0 ../lab2_cruisecontroloptimized_bsp//libucosii_bsp.a(alt_tick.o)
 .bss           0x008009a8        0x0 ../lab2_cruisecontroloptimized_bsp//libucosii_bsp.a(alt_env_lock.o)
 .bss           0x008009a8        0x0 ../lab2_cruisecontroloptimized_bsp//libucosii_bsp.a(alt_malloc_lock.o)
 .bss           0x008009a8        0x0 ../lab2_cruisecontroloptimized_bsp//libucosii_bsp.a(os_core.o)
 .bss           0x008009a8        0x0 ../lab2_cruisecontroloptimized_bsp//libucosii_bsp.a(os_dbg.o)
 .bss           0x008009a8        0x0 ../lab2_cruisecontroloptimized_bsp//libucosii_bsp.a(os_flag.o)
 .bss           0x008009a8        0x0 ../lab2_cruisecontroloptimized_bsp//libucosii_bsp.a(os_mbox.o)
 .bss           0x008009a8        0x0 ../lab2_cruisecontroloptimized_bsp//libucosii_bsp.a(os_sem.o)
 .bss           0x008009a8        0x0 ../lab2_cruisecontroloptimized_bsp//libucosii_bsp.a(os_task.o)
 .bss           0x008009a8        0x0 ../lab2_cruisecontroloptimized_bsp//libucosii_bsp.a(os_time.o)
 .bss           0x008009a8        0x0 ../lab2_cruisecontroloptimized_bsp//libucosii_bsp.a(os_tmr.o)
 .bss           0x008009a8        0x0 ../lab2_cruisecontroloptimized_bsp//libucosii_bsp.a(alt_sys_init.o)
 .bss           0x008009a8        0x0 ../lab2_cruisecontroloptimized_bsp//libucosii_bsp.a(altera_avalon_jtag_uart_fd.o)
 .bss           0x008009a8        0x0 ../lab2_cruisecontroloptimized_bsp//libucosii_bsp.a(altera_avalon_jtag_uart_read.o)
 .bss           0x008009a8        0x0 ../lab2_cruisecontroloptimized_bsp//libucosii_bsp.a(altera_avalon_jtag_uart_write.o)
 .bss           0x008009a8        0x0 ../lab2_cruisecontroloptimized_bsp//libucosii_bsp.a(altera_avalon_timer_sc.o)
 .bss           0x008009a8        0x0 ../lab2_cruisecontroloptimized_bsp//libucosii_bsp.a(alt_close.o)
 .bss           0x008009a8        0x0 ../lab2_cruisecontroloptimized_bsp//libucosii_bsp.a(alt_dcache_flush_all.o)
 .bss           0x008009a8        0x0 ../lab2_cruisecontroloptimized_bsp//libucosii_bsp.a(alt_dev.o)
 .bss           0x008009a8        0x0 ../lab2_cruisecontroloptimized_bsp//libucosii_bsp.a(alt_dev_llist_insert.o)
 .bss           0x008009a8        0x0 ../lab2_cruisecontroloptimized_bsp//libucosii_bsp.a(alt_do_ctors.o)
 .bss           0x008009a8        0x0 ../lab2_cruisecontroloptimized_bsp//libucosii_bsp.a(alt_do_dtors.o)
 .bss           0x008009a8        0x0 ../lab2_cruisecontroloptimized_bsp//libucosii_bsp.a(alt_errno.o)
 .bss           0x008009a8        0x0 ../lab2_cruisecontroloptimized_bsp//libucosii_bsp.a(alt_icache_flush_all.o)
 .bss           0x008009a8        0x0 ../lab2_cruisecontroloptimized_bsp//libucosii_bsp.a(alt_iic.o)
 .bss           0x008009a8        0x0 ../lab2_cruisecontroloptimized_bsp//libucosii_bsp.a(alt_iic_isr_register.o)
 .bss           0x008009a8        0x0 ../lab2_cruisecontroloptimized_bsp//libucosii_bsp.a(alt_io_redirect.o)
 .bss           0x008009a8        0x0 ../lab2_cruisecontroloptimized_bsp//libucosii_bsp.a(alt_irq_entry.o)
 .bss           0x008009a8        0x0 ../lab2_cruisecontroloptimized_bsp//libucosii_bsp.a(alt_irq_handler.o)
 .bss           0x008009a8        0x0 ../lab2_cruisecontroloptimized_bsp//libucosii_bsp.a(alt_irq_vars.o)
 .bss           0x008009a8        0x0 ../lab2_cruisecontroloptimized_bsp//libucosii_bsp.a(alt_open.o)
 .bss           0x008009a8        0x0 ../lab2_cruisecontroloptimized_bsp//libucosii_bsp.a(alt_release_fd.o)
 .bss           0x008009a8        0x0 ../lab2_cruisecontroloptimized_bsp//libucosii_bsp.a(altera_nios2_qsys_irq.o)
 .bss           0x008009a8        0x0 ../lab2_cruisecontroloptimized_bsp//libucosii_bsp.a(os_cpu_a.o)
 .bss           0x008009a8        0x0 ../lab2_cruisecontroloptimized_bsp//libucosii_bsp.a(os_cpu_c.o)
 .bss           0x008009a8        0x0 ../lab2_cruisecontroloptimized_bsp//libucosii_bsp.a(alt_exception_entry.o)
 .bss           0x008009a8        0x0 ../lab2_cruisecontroloptimized_bsp//libucosii_bsp.a(alt_find_dev.o)
 .bss           0x008009a8        0x0 ../lab2_cruisecontroloptimized_bsp//libucosii_bsp.a(alt_find_file.o)
 .bss           0x008009a8        0x0 ../lab2_cruisecontroloptimized_bsp//libucosii_bsp.a(alt_get_fd.o)
 .bss           0x008009a8        0x0 /opt/altera/13.0sp1/nios2eds/bin/gnu/H-i686-pc-linux-gnu/bin/../lib/gcc/nios2-elf/4.1.2/../../../../nios2-elf/lib/mno-hw-mul/libsmallc.a(lib_a-atexit.o)
 .bss           0x008009a8        0x0 /opt/altera/13.0sp1/nios2eds/bin/gnu/H-i686-pc-linux-gnu/bin/../lib/gcc/nios2-elf/4.1.2/../../../../nios2-elf/lib/mno-hw-mul/libsmallc.a(lib_a-exit.o)
 .bss           0x008009a8        0x0 /opt/altera/13.0sp1/nios2eds/bin/gnu/H-i686-pc-linux-gnu/bin/../lib/gcc/nios2-elf/4.1.2/../../../../nios2-elf/lib/mno-hw-mul/libsmallc.a(lib_a-impure.o)
 .bss           0x008009a8        0x0 /opt/altera/13.0sp1/nios2eds/bin/gnu/H-i686-pc-linux-gnu/bin/../lib/gcc/nios2-elf/4.1.2/../../../../nios2-elf/lib/mno-hw-mul/libsmallc.a(lib_a-int_errno.o)
 .bss           0x008009a8        0x0 /opt/altera/13.0sp1/nios2eds/bin/gnu/H-i686-pc-linux-gnu/bin/../lib/gcc/nios2-elf/4.1.2/../../../../nios2-elf/lib/mno-hw-mul/libsmallc.a(lib_a-memcmp.o)
 .bss           0x008009a8        0x0 /opt/altera/13.0sp1/nios2eds/bin/gnu/H-i686-pc-linux-gnu/bin/../lib/gcc/nios2-elf/4.1.2/../../../../nios2-elf/lib/mno-hw-mul/libsmallc.a(lib_a-putc.o)
 .bss           0x008009a8        0x0 /opt/altera/13.0sp1/nios2eds/bin/gnu/H-i686-pc-linux-gnu/bin/../lib/gcc/nios2-elf/4.1.2/../../../../nios2-elf/lib/mno-hw-mul/libsmallc.a(lib_a-strlen.o)
 .bss           0x008009a8        0x0 /opt/altera/13.0sp1/nios2eds/bin/gnu/H-i686-pc-linux-gnu/bin/../lib/gcc/nios2-elf/4.1.2/../../../../nios2-elf/lib/mno-hw-mul/libsmallc.a(lib_a-__atexit.o)
 .bss           0x008009a8        0x0 /opt/altera/13.0sp1/nios2eds/bin/gnu/H-i686-pc-linux-gnu/bin/../lib/gcc/nios2-elf/4.1.2/../../../../nios2-elf/lib/mno-hw-mul/libsmallc.a(lib_a-__call_atexit.o)
 .bss           0x008009a8        0x0 /opt/altera/13.0sp1/nios2eds/bin/gnu/H-i686-pc-linux-gnu/bin/../lib/gcc/nios2-elf/4.1.2/../../../../nios2-elf/lib/mno-hw-mul/libsmallc.a(lib_a-fvwrite_small_dev.o)
 .bss           0x008009a8        0x0 /opt/altera/13.0sp1/nios2eds/bin/gnu/H-i686-pc-linux-gnu/bin/../lib/gcc/nios2-elf/4.1.2/../../../../nios2-elf/lib/mno-hw-mul/libsmallc.a(lib_a-writer.o)
 .bss           0x008009a8        0x0 /opt/altera/13.0sp1/nios2eds/bin/gnu/H-i686-pc-linux-gnu/bin/../lib/gcc/nios2-elf/4.1.2/mno-hw-mul/libgcc.a(_ge_df.o)
 .bss           0x008009a8        0x0 /opt/altera/13.0sp1/nios2eds/bin/gnu/H-i686-pc-linux-gnu/bin/../lib/gcc/nios2-elf/4.1.2/mno-hw-mul/libgcc.a(_fpcmp_parts_df.o)
 .bss           0x008009a8        0x0 ../lab2_cruisecontroloptimized_bsp//libucosii_bsp.a(alt_exit.o)
 .bss           0x008009a8        0x0 ../lab2_cruisecontroloptimized_bsp//libucosii_bsp.a(alt_write.o)
 *(COMMON)
 COMMON         0x008009a8     0xe000 obj/default/cruise_opti.o
                0x008009a8                SwitchIO_Stack
                0x008029a8                ControlTask_Stack
                0x008049a8                OverloadDetection_Stack
                0x008069a8                VehicleTask_Stack
                0x008089a8                ButtonsIO_Stack
                0x0080a9a8                StartTask_Stack
                0x0080c9a8                Extraload_Stack
 COMMON         0x0080e9a8     0x2e74 ../lab2_cruisecontroloptimized_bsp//libucosii_bsp.a(os_core.o)
                0x0080e9a8                OSTmrWheelTbl
                0x0080e9b8                OSFlagTbl
                0x0080ed28                OSTmrTbl
                0x0080f068                OSTaskStatStk
                0x0080f868                OSTmrTaskStk
                0x00810068                OSTaskIdleStk
                0x00810868                OSEventTbl
                0x008113a8                OSTCBTbl
                0x008117c8                OSTCBPrioTbl
 COMMON         0x0081181c      0x100 ../lab2_cruisecontroloptimized_bsp//libucosii_bsp.a(alt_irq_handler.o)
                0x0081181c                alt_irq
 COMMON         0x0081191c       0x8c /opt/altera/13.0sp1/nios2eds/bin/gnu/H-i686-pc-linux-gnu/bin/../lib/gcc/nios2-elf/4.1.2/../../../../nios2-elf/lib/mno-hw-mul/libsmallc.a(lib_a-atexit.o)
                0x0081191c                _atexit0
                0x008119a8                . = ALIGN (0x4)
                0x008119a8                __bss_end = ABSOLUTE (.)

.sram           0x00000000        0x0 load address 0x0100f824
                0x00000000                PROVIDE (_alt_partition_sram_start, ABSOLUTE (.))
 *(.sram. sram.*)
                0x00000000                . = ALIGN (0x4)
                0x00000000                PROVIDE (_alt_partition_sram_end, ABSOLUTE (.))
                0x0100f824                PROVIDE (_alt_partition_sram_load_addr, LOADADDR (.sram))

.sdram          0x008119a8        0x0 load address 0x0100f824
                0x008119a8                PROVIDE (_alt_partition_sdram_start, ABSOLUTE (.))
 *(.sdram. sdram.*)
                0x008119a8                . = ALIGN (0x4)
                0x008119a8                PROVIDE (_alt_partition_sdram_end, ABSOLUTE (.))
                0x008119a8                _end = ABSOLUTE (.)
                0x008119a8                end = ABSOLUTE (.)
                0x008119a8                __alt_stack_base = ABSOLUTE (.)
                0x0100f824                PROVIDE (_alt_partition_sdram_load_addr, LOADADDR (.sdram))

.onchip_memory  0x0100f824        0x0
                0x0100f824                PROVIDE (_alt_partition_onchip_memory_start, ABSOLUTE (.))
 *(.onchip_memory. onchip_memory.*)
                0x0100f824                . = ALIGN (0x4)
                0x0100f824                PROVIDE (_alt_partition_onchip_memory_end, ABSOLUTE (.))
                0x0100f824                PROVIDE (_alt_partition_onchip_memory_load_addr, LOADADDR (.onchip_memory))

.stab
 *(.stab)

.stabstr
 *(.stabstr)

.stab.excl
 *(.stab.excl)

.stab.exclstr
 *(.stab.exclstr)

.stab.index
 *(.stab.index)

.stab.indexstr
 *(.stab.indexstr)

.comment        0x00000000       0x26
 *(.comment)
 .comment       0x00000000       0x26 obj/default/cruise_opti.o
                                 0x27 (size before relaxing)
 .comment       0x00000000       0x27 /opt/altera/13.0sp1/nios2eds/bin/gnu/H-i686-pc-linux-gnu/bin/../lib/gcc/nios2-elf/4.1.2/mno-hw-mul/libgcc.a(_si_to_sf.o)
 .comment       0x00000000       0x27 /opt/altera/13.0sp1/nios2eds/bin/gnu/H-i686-pc-linux-gnu/bin/../lib/gcc/nios2-elf/4.1.2/mno-hw-mul/libgcc.a(_sf_to_df.o)
 .comment       0x00000000       0x27 /opt/altera/13.0sp1/nios2eds/bin/gnu/H-i686-pc-linux-gnu/bin/../lib/gcc/nios2-elf/4.1.2/mno-hw-mul/libgcc.a(_addsub_df.o)
 .comment       0x00000000       0x27 /opt/altera/13.0sp1/nios2eds/bin/gnu/H-i686-pc-linux-gnu/bin/../lib/gcc/nios2-elf/4.1.2/mno-hw-mul/libgcc.a(_div_df.o)
 .comment       0x00000000       0x27 /opt/altera/13.0sp1/nios2eds/bin/gnu/H-i686-pc-linux-gnu/bin/../lib/gcc/nios2-elf/4.1.2/mno-hw-mul/libgcc.a(_si_to_df.o)
 .comment       0x00000000       0x27 /opt/altera/13.0sp1/nios2eds/bin/gnu/H-i686-pc-linux-gnu/bin/../lib/gcc/nios2-elf/4.1.2/mno-hw-mul/libgcc.a(_df_to_si.o)
 .comment       0x00000000       0x27 /opt/altera/13.0sp1/nios2eds/bin/gnu/H-i686-pc-linux-gnu/bin/../lib/gcc/nios2-elf/4.1.2/mno-hw-mul/libgcc.a(_make_df.o)
 .comment       0x00000000       0x27 /opt/altera/13.0sp1/nios2eds/bin/gnu/H-i686-pc-linux-gnu/bin/../lib/gcc/nios2-elf/4.1.2/mno-hw-mul/libgcc.a(_thenan_df.o)
 .comment       0x00000000       0x27 /opt/altera/13.0sp1/nios2eds/bin/gnu/H-i686-pc-linux-gnu/bin/../lib/gcc/nios2-elf/4.1.2/mno-hw-mul/libgcc.a(lib2-divmod.o)
 .comment       0x00000000       0x27 /opt/altera/13.0sp1/nios2eds/bin/gnu/H-i686-pc-linux-gnu/bin/../lib/gcc/nios2-elf/4.1.2/mno-hw-mul/libgcc.a(lib2-mul.o)
 .comment       0x00000000       0x27 /opt/altera/13.0sp1/nios2eds/bin/gnu/H-i686-pc-linux-gnu/bin/../lib/gcc/nios2-elf/4.1.2/mno-hw-mul/libgcc.a(_clzsi2.o)
 .comment       0x00000000       0x27 /opt/altera/13.0sp1/nios2eds/bin/gnu/H-i686-pc-linux-gnu/bin/../lib/gcc/nios2-elf/4.1.2/mno-hw-mul/libgcc.a(_pack_sf.o)
 .comment       0x00000000       0x27 /opt/altera/13.0sp1/nios2eds/bin/gnu/H-i686-pc-linux-gnu/bin/../lib/gcc/nios2-elf/4.1.2/mno-hw-mul/libgcc.a(_unpack_sf.o)
 .comment       0x00000000       0x27 /opt/altera/13.0sp1/nios2eds/bin/gnu/H-i686-pc-linux-gnu/bin/../lib/gcc/nios2-elf/4.1.2/mno-hw-mul/libgcc.a(_pack_df.o)
 .comment       0x00000000       0x27 /opt/altera/13.0sp1/nios2eds/bin/gnu/H-i686-pc-linux-gnu/bin/../lib/gcc/nios2-elf/4.1.2/mno-hw-mul/libgcc.a(_unpack_df.o)
 .comment       0x00000000       0x27 /opt/altera/13.0sp1/nios2eds/bin/gnu/H-i686-pc-linux-gnu/bin/../lib/gcc/nios2-elf/4.1.2/mno-hw-mul/libgcc.a(_clz.o)
 .comment       0x00000000       0x27 ../lab2_cruisecontroloptimized_bsp//libucosii_bsp.a(alt_alarm_start.o)
 .comment       0x00000000       0x27 ../lab2_cruisecontroloptimized_bsp//libucosii_bsp.a(alt_load.o)
 .comment       0x00000000       0x27 ../lab2_cruisecontroloptimized_bsp//libucosii_bsp.a(alt_main.o)
 .comment       0x00000000       0x27 ../lab2_cruisecontroloptimized_bsp//libucosii_bsp.a(alt_printf.o)
 .comment       0x00000000       0x27 ../lab2_cruisecontroloptimized_bsp//libucosii_bsp.a(alt_putchar.o)
 .comment       0x00000000       0x27 ../lab2_cruisecontroloptimized_bsp//libucosii_bsp.a(alt_tick.o)
 .comment       0x00000000       0x27 ../lab2_cruisecontroloptimized_bsp//libucosii_bsp.a(alt_env_lock.o)
 .comment       0x00000000       0x27 ../lab2_cruisecontroloptimized_bsp//libucosii_bsp.a(alt_malloc_lock.o)
 .comment       0x00000000       0x27 ../lab2_cruisecontroloptimized_bsp//libucosii_bsp.a(os_core.o)
 .comment       0x00000000       0x27 ../lab2_cruisecontroloptimized_bsp//libucosii_bsp.a(os_dbg.o)
 .comment       0x00000000       0x27 ../lab2_cruisecontroloptimized_bsp//libucosii_bsp.a(os_flag.o)
 .comment       0x00000000       0x27 ../lab2_cruisecontroloptimized_bsp//libucosii_bsp.a(os_mbox.o)
 .comment       0x00000000       0x27 ../lab2_cruisecontroloptimized_bsp//libucosii_bsp.a(os_sem.o)
 .comment       0x00000000       0x27 ../lab2_cruisecontroloptimized_bsp//libucosii_bsp.a(os_task.o)
 .comment       0x00000000       0x27 ../lab2_cruisecontroloptimized_bsp//libucosii_bsp.a(os_time.o)
 .comment       0x00000000       0x27 ../lab2_cruisecontroloptimized_bsp//libucosii_bsp.a(os_tmr.o)
 .comment       0x00000000       0x27 ../lab2_cruisecontroloptimized_bsp//libucosii_bsp.a(alt_sys_init.o)
 .comment       0x00000000       0x27 ../lab2_cruisecontroloptimized_bsp//libucosii_bsp.a(altera_avalon_jtag_uart_fd.o)
 .comment       0x00000000       0x27 ../lab2_cruisecontroloptimized_bsp//libucosii_bsp.a(altera_avalon_jtag_uart_read.o)
 .comment       0x00000000       0x27 ../lab2_cruisecontroloptimized_bsp//libucosii_bsp.a(altera_avalon_jtag_uart_write.o)
 .comment       0x00000000       0x27 ../lab2_cruisecontroloptimized_bsp//libucosii_bsp.a(altera_avalon_timer_sc.o)
 .comment       0x00000000       0x27 ../lab2_cruisecontroloptimized_bsp//libucosii_bsp.a(alt_close.o)
 .comment       0x00000000       0x27 ../lab2_cruisecontroloptimized_bsp//libucosii_bsp.a(alt_dcache_flush_all.o)
 .comment       0x00000000       0x27 ../lab2_cruisecontroloptimized_bsp//libucosii_bsp.a(alt_dev.o)
 .comment       0x00000000       0x27 ../lab2_cruisecontroloptimized_bsp//libucosii_bsp.a(alt_dev_llist_insert.o)
 .comment       0x00000000       0x27 ../lab2_cruisecontroloptimized_bsp//libucosii_bsp.a(alt_do_ctors.o)
 .comment       0x00000000       0x27 ../lab2_cruisecontroloptimized_bsp//libucosii_bsp.a(alt_do_dtors.o)
 .comment       0x00000000       0x27 ../lab2_cruisecontroloptimized_bsp//libucosii_bsp.a(alt_errno.o)
 .comment       0x00000000       0x27 ../lab2_cruisecontroloptimized_bsp//libucosii_bsp.a(alt_icache_flush_all.o)
 .comment       0x00000000       0x27 ../lab2_cruisecontroloptimized_bsp//libucosii_bsp.a(alt_iic.o)
 .comment       0x00000000       0x27 ../lab2_cruisecontroloptimized_bsp//libucosii_bsp.a(alt_iic_isr_register.o)
 .comment       0x00000000       0x27 ../lab2_cruisecontroloptimized_bsp//libucosii_bsp.a(alt_io_redirect.o)
 .comment       0x00000000       0x27 ../lab2_cruisecontroloptimized_bsp//libucosii_bsp.a(alt_irq_handler.o)
 .comment       0x00000000       0x27 ../lab2_cruisecontroloptimized_bsp//libucosii_bsp.a(alt_irq_vars.o)
 .comment       0x00000000       0x27 ../lab2_cruisecontroloptimized_bsp//libucosii_bsp.a(alt_open.o)
 .comment       0x00000000       0x27 ../lab2_cruisecontroloptimized_bsp//libucosii_bsp.a(alt_release_fd.o)
 .comment       0x00000000       0x27 ../lab2_cruisecontroloptimized_bsp//libucosii_bsp.a(altera_nios2_qsys_irq.o)
 .comment       0x00000000       0x27 ../lab2_cruisecontroloptimized_bsp//libucosii_bsp.a(os_cpu_c.o)
 .comment       0x00000000       0x27 ../lab2_cruisecontroloptimized_bsp//libucosii_bsp.a(alt_find_dev.o)
 .comment       0x00000000       0x27 ../lab2_cruisecontroloptimized_bsp//libucosii_bsp.a(alt_find_file.o)
 .comment       0x00000000       0x27 ../lab2_cruisecontroloptimized_bsp//libucosii_bsp.a(alt_get_fd.o)
 .comment       0x00000000       0x27 /opt/altera/13.0sp1/nios2eds/bin/gnu/H-i686-pc-linux-gnu/bin/../lib/gcc/nios2-elf/4.1.2/../../../../nios2-elf/lib/mno-hw-mul/libsmallc.a(lib_a-atexit.o)
 .comment       0x00000000       0x27 /opt/altera/13.0sp1/nios2eds/bin/gnu/H-i686-pc-linux-gnu/bin/../lib/gcc/nios2-elf/4.1.2/../../../../nios2-elf/lib/mno-hw-mul/libsmallc.a(lib_a-exit.o)
 .comment       0x00000000       0x27 /opt/altera/13.0sp1/nios2eds/bin/gnu/H-i686-pc-linux-gnu/bin/../lib/gcc/nios2-elf/4.1.2/../../../../nios2-elf/lib/mno-hw-mul/libsmallc.a(lib_a-impure.o)
 .comment       0x00000000       0x27 /opt/altera/13.0sp1/nios2eds/bin/gnu/H-i686-pc-linux-gnu/bin/../lib/gcc/nios2-elf/4.1.2/../../../../nios2-elf/lib/mno-hw-mul/libsmallc.a(lib_a-int_errno.o)
 .comment       0x00000000       0x27 /opt/altera/13.0sp1/nios2eds/bin/gnu/H-i686-pc-linux-gnu/bin/../lib/gcc/nios2-elf/4.1.2/../../../../nios2-elf/lib/mno-hw-mul/libsmallc.a(lib_a-memcmp.o)
 .comment       0x00000000       0x27 /opt/altera/13.0sp1/nios2eds/bin/gnu/H-i686-pc-linux-gnu/bin/../lib/gcc/nios2-elf/4.1.2/../../../../nios2-elf/lib/mno-hw-mul/libsmallc.a(lib_a-putc.o)
 .comment       0x00000000       0x27 /opt/altera/13.0sp1/nios2eds/bin/gnu/H-i686-pc-linux-gnu/bin/../lib/gcc/nios2-elf/4.1.2/../../../../nios2-elf/lib/mno-hw-mul/libsmallc.a(lib_a-strlen.o)
 .comment       0x00000000       0x27 /opt/altera/13.0sp1/nios2eds/bin/gnu/H-i686-pc-linux-gnu/bin/../lib/gcc/nios2-elf/4.1.2/../../../../nios2-elf/lib/mno-hw-mul/libsmallc.a(lib_a-__atexit.o)
 .comment       0x00000000       0x27 /opt/altera/13.0sp1/nios2eds/bin/gnu/H-i686-pc-linux-gnu/bin/../lib/gcc/nios2-elf/4.1.2/../../../../nios2-elf/lib/mno-hw-mul/libsmallc.a(lib_a-__call_atexit.o)
 .comment       0x00000000       0x27 /opt/altera/13.0sp1/nios2eds/bin/gnu/H-i686-pc-linux-gnu/bin/../lib/gcc/nios2-elf/4.1.2/../../../../nios2-elf/lib/mno-hw-mul/libsmallc.a(lib_a-fvwrite_small_dev.o)
 .comment       0x00000000       0x27 /opt/altera/13.0sp1/nios2eds/bin/gnu/H-i686-pc-linux-gnu/bin/../lib/gcc/nios2-elf/4.1.2/../../../../nios2-elf/lib/mno-hw-mul/libsmallc.a(lib_a-writer.o)
 .comment       0x00000000       0x27 /opt/altera/13.0sp1/nios2eds/bin/gnu/H-i686-pc-linux-gnu/bin/../lib/gcc/nios2-elf/4.1.2/mno-hw-mul/libgcc.a(_ge_df.o)
 .comment       0x00000000       0x27 /opt/altera/13.0sp1/nios2eds/bin/gnu/H-i686-pc-linux-gnu/bin/../lib/gcc/nios2-elf/4.1.2/mno-hw-mul/libgcc.a(_fpcmp_parts_df.o)
 .comment       0x00000000       0x27 ../lab2_cruisecontroloptimized_bsp//libucosii_bsp.a(alt_exit.o)
 .comment       0x00000000       0x27 ../lab2_cruisecontroloptimized_bsp//libucosii_bsp.a(alt_write.o)

.debug
 *(.debug)

.line
 *(.line)

.debug_srcinfo
 *(.debug_srcinfo)

.debug_sfnames
 *(.debug_sfnames)

.debug_aranges  0x00000000      0x918
 *(.debug_aranges)
 .debug_aranges
                0x00000000       0x28 ../lab2_cruisecontroloptimized_bsp//obj/HAL/src/crt0.o
 .debug_aranges
                0x00000028       0x20 obj/default/cruise_opti.o
 .debug_aranges
                0x00000048       0x20 /opt/altera/13.0sp1/nios2eds/bin/gnu/H-i686-pc-linux-gnu/bin/../lib/gcc/nios2-elf/4.1.2/mno-hw-mul/libgcc.a(_si_to_sf.o)
 .debug_aranges
                0x00000068       0x20 /opt/altera/13.0sp1/nios2eds/bin/gnu/H-i686-pc-linux-gnu/bin/../lib/gcc/nios2-elf/4.1.2/mno-hw-mul/libgcc.a(_sf_to_df.o)
 .debug_aranges
                0x00000088       0x20 /opt/altera/13.0sp1/nios2eds/bin/gnu/H-i686-pc-linux-gnu/bin/../lib/gcc/nios2-elf/4.1.2/mno-hw-mul/libgcc.a(_addsub_df.o)
 .debug_aranges
                0x000000a8       0x20 /opt/altera/13.0sp1/nios2eds/bin/gnu/H-i686-pc-linux-gnu/bin/../lib/gcc/nios2-elf/4.1.2/mno-hw-mul/libgcc.a(_div_df.o)
 .debug_aranges
                0x000000c8       0x20 /opt/altera/13.0sp1/nios2eds/bin/gnu/H-i686-pc-linux-gnu/bin/../lib/gcc/nios2-elf/4.1.2/mno-hw-mul/libgcc.a(_si_to_df.o)
 .debug_aranges
                0x000000e8       0x20 /opt/altera/13.0sp1/nios2eds/bin/gnu/H-i686-pc-linux-gnu/bin/../lib/gcc/nios2-elf/4.1.2/mno-hw-mul/libgcc.a(_df_to_si.o)
 .debug_aranges
                0x00000108       0x20 /opt/altera/13.0sp1/nios2eds/bin/gnu/H-i686-pc-linux-gnu/bin/../lib/gcc/nios2-elf/4.1.2/mno-hw-mul/libgcc.a(_make_df.o)
 .debug_aranges
                0x00000128       0x20 /opt/altera/13.0sp1/nios2eds/bin/gnu/H-i686-pc-linux-gnu/bin/../lib/gcc/nios2-elf/4.1.2/mno-hw-mul/libgcc.a(lib2-divmod.o)
 .debug_aranges
                0x00000148       0x20 /opt/altera/13.0sp1/nios2eds/bin/gnu/H-i686-pc-linux-gnu/bin/../lib/gcc/nios2-elf/4.1.2/mno-hw-mul/libgcc.a(lib2-mul.o)
 .debug_aranges
                0x00000168       0x20 /opt/altera/13.0sp1/nios2eds/bin/gnu/H-i686-pc-linux-gnu/bin/../lib/gcc/nios2-elf/4.1.2/mno-hw-mul/libgcc.a(_clzsi2.o)
 .debug_aranges
                0x00000188       0x20 /opt/altera/13.0sp1/nios2eds/bin/gnu/H-i686-pc-linux-gnu/bin/../lib/gcc/nios2-elf/4.1.2/mno-hw-mul/libgcc.a(_pack_sf.o)
 .debug_aranges
                0x000001a8       0x20 /opt/altera/13.0sp1/nios2eds/bin/gnu/H-i686-pc-linux-gnu/bin/../lib/gcc/nios2-elf/4.1.2/mno-hw-mul/libgcc.a(_unpack_sf.o)
 .debug_aranges
                0x000001c8       0x20 /opt/altera/13.0sp1/nios2eds/bin/gnu/H-i686-pc-linux-gnu/bin/../lib/gcc/nios2-elf/4.1.2/mno-hw-mul/libgcc.a(_pack_df.o)
 .debug_aranges
                0x000001e8       0x20 /opt/altera/13.0sp1/nios2eds/bin/gnu/H-i686-pc-linux-gnu/bin/../lib/gcc/nios2-elf/4.1.2/mno-hw-mul/libgcc.a(_unpack_df.o)
 .debug_aranges
                0x00000208       0x20 ../lab2_cruisecontroloptimized_bsp//libucosii_bsp.a(alt_alarm_start.o)
 .debug_aranges
                0x00000228       0x20 ../lab2_cruisecontroloptimized_bsp//libucosii_bsp.a(alt_load.o)
 .debug_aranges
                0x00000248       0x20 ../lab2_cruisecontroloptimized_bsp//libucosii_bsp.a(alt_main.o)
 .debug_aranges
                0x00000268       0x20 ../lab2_cruisecontroloptimized_bsp//libucosii_bsp.a(alt_printf.o)
 .debug_aranges
                0x00000288       0x20 ../lab2_cruisecontroloptimized_bsp//libucosii_bsp.a(alt_putchar.o)
 .debug_aranges
                0x000002a8       0x20 ../lab2_cruisecontroloptimized_bsp//libucosii_bsp.a(alt_tick.o)
 .debug_aranges
                0x000002c8       0x20 ../lab2_cruisecontroloptimized_bsp//libucosii_bsp.a(alt_env_lock.o)
 .debug_aranges
                0x000002e8       0x20 ../lab2_cruisecontroloptimized_bsp//libucosii_bsp.a(alt_malloc_lock.o)
 .debug_aranges
                0x00000308       0x20 ../lab2_cruisecontroloptimized_bsp//libucosii_bsp.a(os_core.o)
 .debug_aranges
                0x00000328       0x20 ../lab2_cruisecontroloptimized_bsp//libucosii_bsp.a(os_dbg.o)
 .debug_aranges
                0x00000348       0x20 ../lab2_cruisecontroloptimized_bsp//libucosii_bsp.a(os_flag.o)
 .debug_aranges
                0x00000368       0x20 ../lab2_cruisecontroloptimized_bsp//libucosii_bsp.a(os_mbox.o)
 .debug_aranges
                0x00000388       0x20 ../lab2_cruisecontroloptimized_bsp//libucosii_bsp.a(os_sem.o)
 .debug_aranges
                0x000003a8       0x20 ../lab2_cruisecontroloptimized_bsp//libucosii_bsp.a(os_task.o)
 .debug_aranges
                0x000003c8       0x20 ../lab2_cruisecontroloptimized_bsp//libucosii_bsp.a(os_time.o)
 .debug_aranges
                0x000003e8       0x20 ../lab2_cruisecontroloptimized_bsp//libucosii_bsp.a(os_tmr.o)
 .debug_aranges
                0x00000408       0x20 ../lab2_cruisecontroloptimized_bsp//libucosii_bsp.a(alt_sys_init.o)
 .debug_aranges
                0x00000428       0x20 ../lab2_cruisecontroloptimized_bsp//libucosii_bsp.a(altera_avalon_jtag_uart_fd.o)
 .debug_aranges
                0x00000448       0x20 ../lab2_cruisecontroloptimized_bsp//libucosii_bsp.a(altera_avalon_jtag_uart_read.o)
 .debug_aranges
                0x00000468       0x20 ../lab2_cruisecontroloptimized_bsp//libucosii_bsp.a(altera_avalon_jtag_uart_write.o)
 .debug_aranges
                0x00000488       0x20 ../lab2_cruisecontroloptimized_bsp//libucosii_bsp.a(altera_avalon_timer_sc.o)
 .debug_aranges
                0x000004a8       0x20 ../lab2_cruisecontroloptimized_bsp//libucosii_bsp.a(alt_close.o)
 .debug_aranges
                0x000004c8       0x20 ../lab2_cruisecontroloptimized_bsp//libucosii_bsp.a(alt_dcache_flush_all.o)
 .debug_aranges
                0x000004e8       0x20 ../lab2_cruisecontroloptimized_bsp//libucosii_bsp.a(alt_dev.o)
 .debug_aranges
                0x00000508       0x20 ../lab2_cruisecontroloptimized_bsp//libucosii_bsp.a(alt_dev_llist_insert.o)
 .debug_aranges
                0x00000528       0x20 ../lab2_cruisecontroloptimized_bsp//libucosii_bsp.a(alt_do_ctors.o)
 .debug_aranges
                0x00000548       0x20 ../lab2_cruisecontroloptimized_bsp//libucosii_bsp.a(alt_do_dtors.o)
 .debug_aranges
                0x00000568       0x20 ../lab2_cruisecontroloptimized_bsp//libucosii_bsp.a(alt_icache_flush_all.o)
 .debug_aranges
                0x00000588       0x20 ../lab2_cruisecontroloptimized_bsp//libucosii_bsp.a(alt_iic.o)
 .debug_aranges
                0x000005a8       0x20 ../lab2_cruisecontroloptimized_bsp//libucosii_bsp.a(alt_iic_isr_register.o)
 .debug_aranges
                0x000005c8       0x20 ../lab2_cruisecontroloptimized_bsp//libucosii_bsp.a(alt_io_redirect.o)
 .debug_aranges
                0x000005e8       0x30 ../lab2_cruisecontroloptimized_bsp//libucosii_bsp.a(alt_irq_entry.o)
 .debug_aranges
                0x00000618       0x28 ../lab2_cruisecontroloptimized_bsp//libucosii_bsp.a(alt_irq_handler.o)
 .debug_aranges
                0x00000640       0x20 ../lab2_cruisecontroloptimized_bsp//libucosii_bsp.a(alt_open.o)
 .debug_aranges
                0x00000660       0x20 ../lab2_cruisecontroloptimized_bsp//libucosii_bsp.a(alt_release_fd.o)
 .debug_aranges
                0x00000680       0x20 ../lab2_cruisecontroloptimized_bsp//libucosii_bsp.a(altera_nios2_qsys_irq.o)
 .debug_aranges
                0x000006a0       0x20 ../lab2_cruisecontroloptimized_bsp//libucosii_bsp.a(os_cpu_a.o)
 .debug_aranges
                0x000006c0       0x20 ../lab2_cruisecontroloptimized_bsp//libucosii_bsp.a(os_cpu_c.o)
 .debug_aranges
                0x000006e0       0x38 ../lab2_cruisecontroloptimized_bsp//libucosii_bsp.a(alt_exception_entry.o)
 .debug_aranges
                0x00000718       0x20 ../lab2_cruisecontroloptimized_bsp//libucosii_bsp.a(alt_find_dev.o)
 .debug_aranges
                0x00000738       0x20 ../lab2_cruisecontroloptimized_bsp//libucosii_bsp.a(alt_find_file.o)
 .debug_aranges
                0x00000758       0x20 ../lab2_cruisecontroloptimized_bsp//libucosii_bsp.a(alt_get_fd.o)
 .debug_aranges
                0x00000778       0x20 /opt/altera/13.0sp1/nios2eds/bin/gnu/H-i686-pc-linux-gnu/bin/../lib/gcc/nios2-elf/4.1.2/../../../../nios2-elf/lib/mno-hw-mul/libsmallc.a(lib_a-atexit.o)
 .debug_aranges
                0x00000798       0x20 /opt/altera/13.0sp1/nios2eds/bin/gnu/H-i686-pc-linux-gnu/bin/../lib/gcc/nios2-elf/4.1.2/../../../../nios2-elf/lib/mno-hw-mul/libsmallc.a(lib_a-exit.o)
 .debug_aranges
                0x000007b8       0x20 /opt/altera/13.0sp1/nios2eds/bin/gnu/H-i686-pc-linux-gnu/bin/../lib/gcc/nios2-elf/4.1.2/../../../../nios2-elf/lib/mno-hw-mul/libsmallc.a(lib_a-memcmp.o)
 .debug_aranges
                0x000007d8       0x20 /opt/altera/13.0sp1/nios2eds/bin/gnu/H-i686-pc-linux-gnu/bin/../lib/gcc/nios2-elf/4.1.2/../../../../nios2-elf/lib/mno-hw-mul/libsmallc.a(lib_a-putc.o)
 .debug_aranges
                0x000007f8       0x20 /opt/altera/13.0sp1/nios2eds/bin/gnu/H-i686-pc-linux-gnu/bin/../lib/gcc/nios2-elf/4.1.2/../../../../nios2-elf/lib/mno-hw-mul/libsmallc.a(lib_a-strlen.o)
 .debug_aranges
                0x00000818       0x20 /opt/altera/13.0sp1/nios2eds/bin/gnu/H-i686-pc-linux-gnu/bin/../lib/gcc/nios2-elf/4.1.2/../../../../nios2-elf/lib/mno-hw-mul/libsmallc.a(lib_a-__atexit.o)
 .debug_aranges
                0x00000838       0x20 /opt/altera/13.0sp1/nios2eds/bin/gnu/H-i686-pc-linux-gnu/bin/../lib/gcc/nios2-elf/4.1.2/../../../../nios2-elf/lib/mno-hw-mul/libsmallc.a(lib_a-__call_atexit.o)
 .debug_aranges
                0x00000858       0x20 /opt/altera/13.0sp1/nios2eds/bin/gnu/H-i686-pc-linux-gnu/bin/../lib/gcc/nios2-elf/4.1.2/../../../../nios2-elf/lib/mno-hw-mul/libsmallc.a(lib_a-fvwrite_small_dev.o)
 .debug_aranges
                0x00000878       0x20 /opt/altera/13.0sp1/nios2eds/bin/gnu/H-i686-pc-linux-gnu/bin/../lib/gcc/nios2-elf/4.1.2/../../../../nios2-elf/lib/mno-hw-mul/libsmallc.a(lib_a-writer.o)
 .debug_aranges
                0x00000898       0x20 /opt/altera/13.0sp1/nios2eds/bin/gnu/H-i686-pc-linux-gnu/bin/../lib/gcc/nios2-elf/4.1.2/mno-hw-mul/libgcc.a(_ge_df.o)
 .debug_aranges
                0x000008b8       0x20 /opt/altera/13.0sp1/nios2eds/bin/gnu/H-i686-pc-linux-gnu/bin/../lib/gcc/nios2-elf/4.1.2/mno-hw-mul/libgcc.a(_fpcmp_parts_df.o)
 .debug_aranges
                0x000008d8       0x20 ../lab2_cruisecontroloptimized_bsp//libucosii_bsp.a(alt_exit.o)
 .debug_aranges
                0x000008f8       0x20 ../lab2_cruisecontroloptimized_bsp//libucosii_bsp.a(alt_write.o)

.debug_pubnames
                0x00000000     0x1ae6
 *(.debug_pubnames)
 .debug_pubnames
                0x00000000      0x4cd obj/default/cruise_opti.o
 .debug_pubnames
                0x000004cd       0x22 /opt/altera/13.0sp1/nios2eds/bin/gnu/H-i686-pc-linux-gnu/bin/../lib/gcc/nios2-elf/4.1.2/mno-hw-mul/libgcc.a(_si_to_sf.o)
 .debug_pubnames
                0x000004ef       0x24 /opt/altera/13.0sp1/nios2eds/bin/gnu/H-i686-pc-linux-gnu/bin/../lib/gcc/nios2-elf/4.1.2/mno-hw-mul/libgcc.a(_sf_to_df.o)
 .debug_pubnames
                0x00000513       0x2c /opt/altera/13.0sp1/nios2eds/bin/gnu/H-i686-pc-linux-gnu/bin/../lib/gcc/nios2-elf/4.1.2/mno-hw-mul/libgcc.a(_addsub_df.o)
 .debug_pubnames
                0x0000053f       0x1f /opt/altera/13.0sp1/nios2eds/bin/gnu/H-i686-pc-linux-gnu/bin/../lib/gcc/nios2-elf/4.1.2/mno-hw-mul/libgcc.a(_div_df.o)
 .debug_pubnames
                0x0000055e       0x22 /opt/altera/13.0sp1/nios2eds/bin/gnu/H-i686-pc-linux-gnu/bin/../lib/gcc/nios2-elf/4.1.2/mno-hw-mul/libgcc.a(_si_to_df.o)
 .debug_pubnames
                0x00000580       0x20 /opt/altera/13.0sp1/nios2eds/bin/gnu/H-i686-pc-linux-gnu/bin/../lib/gcc/nios2-elf/4.1.2/mno-hw-mul/libgcc.a(_df_to_si.o)
 .debug_pubnames
                0x000005a0       0x20 /opt/altera/13.0sp1/nios2eds/bin/gnu/H-i686-pc-linux-gnu/bin/../lib/gcc/nios2-elf/4.1.2/mno-hw-mul/libgcc.a(_make_df.o)
 .debug_pubnames
                0x000005c0       0x22 /opt/altera/13.0sp1/nios2eds/bin/gnu/H-i686-pc-linux-gnu/bin/../lib/gcc/nios2-elf/4.1.2/mno-hw-mul/libgcc.a(_thenan_df.o)
 .debug_pubnames
                0x000005e2       0x48 /opt/altera/13.0sp1/nios2eds/bin/gnu/H-i686-pc-linux-gnu/bin/../lib/gcc/nios2-elf/4.1.2/mno-hw-mul/libgcc.a(lib2-divmod.o)
 .debug_pubnames
                0x0000062a       0x1f /opt/altera/13.0sp1/nios2eds/bin/gnu/H-i686-pc-linux-gnu/bin/../lib/gcc/nios2-elf/4.1.2/mno-hw-mul/libgcc.a(lib2-mul.o)
 .debug_pubnames
                0x00000649       0x1f /opt/altera/13.0sp1/nios2eds/bin/gnu/H-i686-pc-linux-gnu/bin/../lib/gcc/nios2-elf/4.1.2/mno-hw-mul/libgcc.a(_clzsi2.o)
 .debug_pubnames
                0x00000668       0x1f /opt/altera/13.0sp1/nios2eds/bin/gnu/H-i686-pc-linux-gnu/bin/../lib/gcc/nios2-elf/4.1.2/mno-hw-mul/libgcc.a(_pack_sf.o)
 .debug_pubnames
                0x00000687       0x21 /opt/altera/13.0sp1/nios2eds/bin/gnu/H-i686-pc-linux-gnu/bin/../lib/gcc/nios2-elf/4.1.2/mno-hw-mul/libgcc.a(_unpack_sf.o)
 .debug_pubnames
                0x000006a8       0x1f /opt/altera/13.0sp1/nios2eds/bin/gnu/H-i686-pc-linux-gnu/bin/../lib/gcc/nios2-elf/4.1.2/mno-hw-mul/libgcc.a(_pack_df.o)
 .debug_pubnames
                0x000006c7       0x21 /opt/altera/13.0sp1/nios2eds/bin/gnu/H-i686-pc-linux-gnu/bin/../lib/gcc/nios2-elf/4.1.2/mno-hw-mul/libgcc.a(_unpack_df.o)
 .debug_pubnames
                0x000006e8       0x20 /opt/altera/13.0sp1/nios2eds/bin/gnu/H-i686-pc-linux-gnu/bin/../lib/gcc/nios2-elf/4.1.2/mno-hw-mul/libgcc.a(_clz.o)
 .debug_pubnames
                0x00000708       0x26 ../lab2_cruisecontroloptimized_bsp//libucosii_bsp.a(alt_alarm_start.o)
 .debug_pubnames
                0x0000072e       0x1f ../lab2_cruisecontroloptimized_bsp//libucosii_bsp.a(alt_load.o)
 .debug_pubnames
                0x0000074d       0x46 ../lab2_cruisecontroloptimized_bsp//libucosii_bsp.a(alt_main.o)
 .debug_pubnames
                0x00000793       0x21 ../lab2_cruisecontroloptimized_bsp//libucosii_bsp.a(alt_printf.o)
 .debug_pubnames
                0x000007b4       0x22 ../lab2_cruisecontroloptimized_bsp//libucosii_bsp.a(alt_putchar.o)
 .debug_pubnames
                0x000007d6       0x68 ../lab2_cruisecontroloptimized_bsp//libucosii_bsp.a(alt_tick.o)
 .debug_pubnames
                0x0000083e       0x41 ../lab2_cruisecontroloptimized_bsp//libucosii_bsp.a(alt_env_lock.o)
 .debug_pubnames
                0x0000087f       0x48 ../lab2_cruisecontroloptimized_bsp//libucosii_bsp.a(alt_malloc_lock.o)
 .debug_pubnames
                0x000008c7      0x407 ../lab2_cruisecontroloptimized_bsp//libucosii_bsp.a(os_core.o)
 .debug_pubnames
                0x00000cce      0x3c5 ../lab2_cruisecontroloptimized_bsp//libucosii_bsp.a(os_dbg.o)
 .debug_pubnames
                0x00001093       0xd0 ../lab2_cruisecontroloptimized_bsp//libucosii_bsp.a(os_flag.o)
 .debug_pubnames
                0x00001163       0x67 ../lab2_cruisecontroloptimized_bsp//libucosii_bsp.a(os_mbox.o)
 .debug_pubnames
                0x000011ca       0x51 ../lab2_cruisecontroloptimized_bsp//libucosii_bsp.a(os_sem.o)
 .debug_pubnames
                0x0000121b       0x8c ../lab2_cruisecontroloptimized_bsp//libucosii_bsp.a(os_task.o)
 .debug_pubnames
                0x000012a7       0x20 ../lab2_cruisecontroloptimized_bsp//libucosii_bsp.a(os_time.o)
 .debug_pubnames
                0x000012c7       0xa1 ../lab2_cruisecontroloptimized_bsp//libucosii_bsp.a(os_tmr.o)
 .debug_pubnames
                0x00001368       0x34 ../lab2_cruisecontroloptimized_bsp//libucosii_bsp.a(alt_sys_init.o)
 .debug_pubnames
                0x0000139c       0x5b ../lab2_cruisecontroloptimized_bsp//libucosii_bsp.a(altera_avalon_jtag_uart_fd.o)
 .debug_pubnames
                0x000013f7       0x33 ../lab2_cruisecontroloptimized_bsp//libucosii_bsp.a(altera_avalon_jtag_uart_read.o)
 .debug_pubnames
                0x0000142a       0x34 ../lab2_cruisecontroloptimized_bsp//libucosii_bsp.a(altera_avalon_jtag_uart_write.o)
 .debug_pubnames
                0x0000145e       0x2f ../lab2_cruisecontroloptimized_bsp//libucosii_bsp.a(altera_avalon_timer_sc.o)
 .debug_pubnames
                0x0000148d       0x1c ../lab2_cruisecontroloptimized_bsp//libucosii_bsp.a(alt_close.o)
 .debug_pubnames
                0x000014a9       0x2b ../lab2_cruisecontroloptimized_bsp//libucosii_bsp.a(alt_dcache_flush_all.o)
 .debug_pubnames
                0x000014d4       0x78 ../lab2_cruisecontroloptimized_bsp//libucosii_bsp.a(alt_dev.o)
 .debug_pubnames
                0x0000154c       0x2b ../lab2_cruisecontroloptimized_bsp//libucosii_bsp.a(alt_dev_llist_insert.o)
 .debug_pubnames
                0x00001577       0x20 ../lab2_cruisecontroloptimized_bsp//libucosii_bsp.a(alt_do_ctors.o)
 .debug_pubnames
                0x00001597       0x20 ../lab2_cruisecontroloptimized_bsp//libucosii_bsp.a(alt_do_dtors.o)
 .debug_pubnames
                0x000015b7       0x20 ../lab2_cruisecontroloptimized_bsp//libucosii_bsp.a(alt_errno.o)
 .debug_pubnames
                0x000015d7       0x2b ../lab2_cruisecontroloptimized_bsp//libucosii_bsp.a(alt_icache_flush_all.o)
 .debug_pubnames
                0x00001602       0x6e ../lab2_cruisecontroloptimized_bsp//libucosii_bsp.a(alt_iic.o)
 .debug_pubnames
                0x00001670       0x2b ../lab2_cruisecontroloptimized_bsp//libucosii_bsp.a(alt_iic_isr_register.o)
 .debug_pubnames
                0x0000169b       0x26 ../lab2_cruisecontroloptimized_bsp//libucosii_bsp.a(alt_io_redirect.o)
 .debug_pubnames
                0x000016c1       0x32 ../lab2_cruisecontroloptimized_bsp//libucosii_bsp.a(alt_irq_handler.o)
 .debug_pubnames
                0x000016f3       0x3b ../lab2_cruisecontroloptimized_bsp//libucosii_bsp.a(alt_irq_vars.o)
 .debug_pubnames
                0x0000172e       0x1b ../lab2_cruisecontroloptimized_bsp//libucosii_bsp.a(alt_open.o)
 .debug_pubnames
                0x00001749       0x25 ../lab2_cruisecontroloptimized_bsp//libucosii_bsp.a(alt_release_fd.o)
 .debug_pubnames
                0x0000176e       0x31 ../lab2_cruisecontroloptimized_bsp//libucosii_bsp.a(altera_nios2_qsys_irq.o)
 .debug_pubnames
                0x0000179f       0xcd ../lab2_cruisecontroloptimized_bsp//libucosii_bsp.a(os_cpu_c.o)
 .debug_pubnames
                0x0000186c       0x23 ../lab2_cruisecontroloptimized_bsp//libucosii_bsp.a(alt_find_dev.o)
 .debug_pubnames
                0x0000188f       0x24 ../lab2_cruisecontroloptimized_bsp//libucosii_bsp.a(alt_find_file.o)
 .debug_pubnames
                0x000018b3       0x21 ../lab2_cruisecontroloptimized_bsp//libucosii_bsp.a(alt_get_fd.o)
 .debug_pubnames
                0x000018d4       0x2a /opt/altera/13.0sp1/nios2eds/bin/gnu/H-i686-pc-linux-gnu/bin/../lib/gcc/nios2-elf/4.1.2/../../../../nios2-elf/lib/mno-hw-mul/libsmallc.a(lib_a-atexit.o)
 .debug_pubnames
                0x000018fe       0x1b /opt/altera/13.0sp1/nios2eds/bin/gnu/H-i686-pc-linux-gnu/bin/../lib/gcc/nios2-elf/4.1.2/../../../../nios2-elf/lib/mno-hw-mul/libsmallc.a(lib_a-exit.o)
 .debug_pubnames
                0x00001919       0x39 /opt/altera/13.0sp1/nios2eds/bin/gnu/H-i686-pc-linux-gnu/bin/../lib/gcc/nios2-elf/4.1.2/../../../../nios2-elf/lib/mno-hw-mul/libsmallc.a(lib_a-impure.o)
 .debug_pubnames
                0x00001952       0x1c /opt/altera/13.0sp1/nios2eds/bin/gnu/H-i686-pc-linux-gnu/bin/../lib/gcc/nios2-elf/4.1.2/../../../../nios2-elf/lib/mno-hw-mul/libsmallc.a(lib_a-int_errno.o)
 .debug_pubnames
                0x0000196e       0x1d /opt/altera/13.0sp1/nios2eds/bin/gnu/H-i686-pc-linux-gnu/bin/../lib/gcc/nios2-elf/4.1.2/../../../../nios2-elf/lib/mno-hw-mul/libsmallc.a(lib_a-memcmp.o)
 .debug_pubnames
                0x0000198b       0x27 /opt/altera/13.0sp1/nios2eds/bin/gnu/H-i686-pc-linux-gnu/bin/../lib/gcc/nios2-elf/4.1.2/../../../../nios2-elf/lib/mno-hw-mul/libsmallc.a(lib_a-putc.o)
 .debug_pubnames
                0x000019b2       0x1d /opt/altera/13.0sp1/nios2eds/bin/gnu/H-i686-pc-linux-gnu/bin/../lib/gcc/nios2-elf/4.1.2/../../../../nios2-elf/lib/mno-hw-mul/libsmallc.a(lib_a-strlen.o)
 .debug_pubnames
                0x000019cf       0x2a /opt/altera/13.0sp1/nios2eds/bin/gnu/H-i686-pc-linux-gnu/bin/../lib/gcc/nios2-elf/4.1.2/../../../../nios2-elf/lib/mno-hw-mul/libsmallc.a(lib_a-__atexit.o)
 .debug_pubnames
                0x000019f9       0x27 /opt/altera/13.0sp1/nios2eds/bin/gnu/H-i686-pc-linux-gnu/bin/../lib/gcc/nios2-elf/4.1.2/../../../../nios2-elf/lib/mno-hw-mul/libsmallc.a(lib_a-__call_atexit.o)
 .debug_pubnames
                0x00001a20       0x2b /opt/altera/13.0sp1/nios2eds/bin/gnu/H-i686-pc-linux-gnu/bin/../lib/gcc/nios2-elf/4.1.2/../../../../nios2-elf/lib/mno-hw-mul/libsmallc.a(lib_a-fvwrite_small_dev.o)
 .debug_pubnames
                0x00001a4b       0x1f /opt/altera/13.0sp1/nios2eds/bin/gnu/H-i686-pc-linux-gnu/bin/../lib/gcc/nios2-elf/4.1.2/../../../../nios2-elf/lib/mno-hw-mul/libsmallc.a(lib_a-writer.o)
 .debug_pubnames
                0x00001a6a       0x1e /opt/altera/13.0sp1/nios2eds/bin/gnu/H-i686-pc-linux-gnu/bin/../lib/gcc/nios2-elf/4.1.2/mno-hw-mul/libgcc.a(_ge_df.o)
 .debug_pubnames
                0x00001a88       0x26 /opt/altera/13.0sp1/nios2eds/bin/gnu/H-i686-pc-linux-gnu/bin/../lib/gcc/nios2-elf/4.1.2/mno-hw-mul/libgcc.a(_fpcmp_parts_df.o)
 .debug_pubnames
                0x00001aae       0x1c ../lab2_cruisecontroloptimized_bsp//libucosii_bsp.a(alt_exit.o)
 .debug_pubnames
                0x00001aca       0x1c ../lab2_cruisecontroloptimized_bsp//libucosii_bsp.a(alt_write.o)

.debug_info     0x00000000    0x1311c
 *(.debug_info .gnu.linkonce.wi.*)
 .debug_info    0x00000000       0xac ../lab2_cruisecontroloptimized_bsp//obj/HAL/src/crt0.o
 .debug_info    0x000000ac     0x132f obj/default/cruise_opti.o
 .debug_info    0x000013db      0x214 /opt/altera/13.0sp1/nios2eds/bin/gnu/H-i686-pc-linux-gnu/bin/../lib/gcc/nios2-elf/4.1.2/mno-hw-mul/libgcc.a(_si_to_sf.o)
 .debug_info    0x000015ef      0x245 /opt/altera/13.0sp1/nios2eds/bin/gnu/H-i686-pc-linux-gnu/bin/../lib/gcc/nios2-elf/4.1.2/mno-hw-mul/libgcc.a(_sf_to_df.o)