Archive member included because of file (symbol)

/opt/altera/13.0sp1/nios2eds/bin/gnu/H-i686-pc-linux-gnu/bin/../lib/gcc/nios2-elf/4.1.2/mno-hw-mul/libgcc.a(_si_to_sf.o)
                              obj/default/cruise_opti.o (__floatsisf)
/opt/altera/13.0sp1/nios2eds/bin/gnu/H-i686-pc-linux-gnu/bin/../lib/gcc/nios2-elf/4.1.2/mno-hw-mul/libgcc.a(_sf_to_df.o)
                              obj/default/cruise_opti.o (__extendsfdf2)
/opt/altera/13.0sp1/nios2eds/bin/gnu/H-i686-pc-linux-gnu/bin/../lib/gcc/nios2-elf/4.1.2/mno-hw-mul/libgcc.a(_addsub_df.o)
                              obj/default/cruise_opti.o (__adddf3)
/opt/altera/13.0sp1/nios2eds/bin/gnu/H-i686-pc-linux-gnu/bin/../lib/gcc/nios2-elf/4.1.2/mno-hw-mul/libgcc.a(_div_df.o)
                              obj/default/cruise_opti.o (__divdf3)
/opt/altera/13.0sp1/nios2eds/bin/gnu/H-i686-pc-linux-gnu/bin/../lib/gcc/nios2-elf/4.1.2/mno-hw-mul/libgcc.a(_si_to_df.o)
                              obj/default/cruise_opti.o (__floatsidf)
/opt/altera/13.0sp1/nios2eds/bin/gnu/H-i686-pc-linux-gnu/bin/../lib/gcc/nios2-elf/4.1.2/mno-hw-mul/libgcc.a(_df_to_si.o)
                              obj/default/cruise_opti.o (__fixdfsi)
/opt/altera/13.0sp1/nios2eds/bin/gnu/H-i686-pc-linux-gnu/bin/../lib/gcc/nios2-elf/4.1.2/mno-hw-mul/libgcc.a(_make_df.o)
                              /opt/altera/13.0sp1/nios2eds/bin/gnu/H-i686-pc-linux-gnu/bin/../lib/gcc/nios2-elf/4.1.2/mno-hw-mul/libgcc.a(_sf_to_df.o) (__make_dp)
/opt/altera/13.0sp1/nios2eds/bin/gnu/H-i686-pc-linux-gnu/bin/../lib/gcc/nios2-elf/4.1.2/mno-hw-mul/libgcc.a(_thenan_df.o)
                              /opt/altera/13.0sp1/nios2eds/bin/gnu/H-i686-pc-linux-gnu/bin/../lib/gcc/nios2-elf/4.1.2/mno-hw-mul/libgcc.a(_addsub_df.o) (__thenan_df)
/opt/altera/13.0sp1/nios2eds/bin/gnu/H-i686-pc-linux-gnu/bin/../lib/gcc/nios2-elf/4.1.2/mno-hw-mul/libgcc.a(lib2-divmod.o)
                              obj/default/cruise_opti.o (__divsi3)
/opt/altera/13.0sp1/nios2eds/bin/gnu/H-i686-pc-linux-gnu/bin/../lib/gcc/nios2-elf/4.1.2/mno-hw-mul/libgcc.a(lib2-mul.o)
                              obj/default/cruise_opti.o (__mulsi3)
/opt/altera/13.0sp1/nios2eds/bin/gnu/H-i686-pc-linux-gnu/bin/../lib/gcc/nios2-elf/4.1.2/mno-hw-mul/libgcc.a(_clzsi2.o)
                              /opt/altera/13.0sp1/nios2eds/bin/gnu/H-i686-pc-linux-gnu/bin/../lib/gcc/nios2-elf/4.1.2/mno-hw-mul/libgcc.a(_si_to_sf.o) (__clzsi2)
/opt/altera/13.0sp1/nios2eds/bin/gnu/H-i686-pc-linux-gnu/bin/../lib/gcc/nios2-elf/4.1.2/mno-hw-mul/libgcc.a(_pack_sf.o)
                              /opt/altera/13.0sp1/nios2eds/bin/gnu/H-i686-pc-linux-gnu/bin/../lib/gcc/nios2-elf/4.1.2/mno-hw-mul/libgcc.a(_si_to_sf.o) (__pack_f)
/opt/altera/13.0sp1/nios2eds/bin/gnu/H-i686-pc-linux-gnu/bin/../lib/gcc/nios2-elf/4.1.2/mno-hw-mul/libgcc.a(_unpack_sf.o)
                              /opt/altera/13.0sp1/nios2eds/bin/gnu/H-i686-pc-linux-gnu/bin/../lib/gcc/nios2-elf/4.1.2/mno-hw-mul/libgcc.a(_sf_to_df.o) (__unpack_f)
/opt/altera/13.0sp1/nios2eds/bin/gnu/H-i686-pc-linux-gnu/bin/../lib/gcc/nios2-elf/4.1.2/mno-hw-mul/libgcc.a(_pack_df.o)
                              /opt/altera/13.0sp1/nios2eds/bin/gnu/H-i686-pc-linux-gnu/bin/../lib/gcc/nios2-elf/4.1.2/mno-hw-mul/libgcc.a(_addsub_df.o) (__pack_d)
/opt/altera/13.0sp1/nios2eds/bin/gnu/H-i686-pc-linux-gnu/bin/../lib/gcc/nios2-elf/4.1.2/mno-hw-mul/libgcc.a(_unpack_df.o)
                              /opt/altera/13.0sp1/nios2eds/bin/gnu/H-i686-pc-linux-gnu/bin/../lib/gcc/nios2-elf/4.1.2/mno-hw-mul/libgcc.a(_addsub_df.o) (__unpack_d)
/opt/altera/13.0sp1/nios2eds/bin/gnu/H-i686-pc-linux-gnu/bin/../lib/gcc/nios2-elf/4.1.2/mno-hw-mul/libgcc.a(_clz.o)
                              /opt/altera/13.0sp1/nios2eds/bin/gnu/H-i686-pc-linux-gnu/bin/../lib/gcc/nios2-elf/4.1.2/mno-hw-mul/libgcc.a(_clzsi2.o) (__clz_tab)
/opt/altera/13.0sp1/nios2eds/bin/gnu/H-i686-pc-linux-gnu/bin/../lib/gcc/nios2-elf/4.1.2/../../../../nios2-elf/lib/mno-hw-mul/libsmallc.a(lib_a-printf.o)
                              obj/default/cruise_opti.o (printf)
/opt/altera/13.0sp1/nios2eds/bin/gnu/H-i686-pc-linux-gnu/bin/../lib/gcc/nios2-elf/4.1.2/../../../../nios2-elf/lib/mno-hw-mul/libsmallc.a(lib_a-vfprintf.o)
                              /opt/altera/13.0sp1/nios2eds/bin/gnu/H-i686-pc-linux-gnu/bin/../lib/gcc/nios2-elf/4.1.2/../../../../nios2-elf/lib/mno-hw-mul/libsmallc.a(lib_a-printf.o) (___vfprintf_internal_r)
/opt/altera/13.0sp1/nios2eds/bin/gnu/H-i686-pc-linux-gnu/bin/../lib/gcc/nios2-elf/4.1.2/../../../../nios2-elf/lib/mno-hw-mul/libsmallc.a(lib_a-fvwrite_small_dev.o)
                              /opt/altera/13.0sp1/nios2eds/bin/gnu/H-i686-pc-linux-gnu/bin/../lib/gcc/nios2-elf/4.1.2/../../../../nios2-elf/lib/mno-hw-mul/libsmallc.a(lib_a-printf.o) (__sfvwrite_small_dev)
/opt/altera/13.0sp1/nios2eds/bin/gnu/H-i686-pc-linux-gnu/bin/../lib/gcc/nios2-elf/4.1.2/../../../../nios2-elf/lib/mno-hw-mul/libsmallc.a(lib_a-impure.o)
[...]
Memory Configuration

Name             Origin             Length             Attributes
sram             0x00000000         0x00080000
reset            0x00800000         0x00000020
sdram            0x00800020         0x007fffe0
onchip_memory    0x01008000         0x00008000
*default*        0x00000000         0xffffffff

Linker script and memory map

LOAD ../lab2_cruisecontroloptimized_bsp//obj/HAL/src/crt0.o
LOAD obj/default/cruise_opti.o
LOAD /opt/altera/13.0sp1/nios2eds/bin/gnu/H-i686-pc-linux-gnu/bin/../lib/gcc/nios2-elf/4.1.2/../../../../nios2-elf/lib/mno-hw-mul/libstdc++.a
LOAD /opt/altera/13.0sp1/nios2eds/bin/gnu/H-i686-pc-linux-gnu/bin/../lib/gcc/nios2-elf/4.1.2/../../../../nios2-elf/lib/mno-hw-mul/libm.a
LOAD /opt/altera/13.0sp1/nios2eds/bin/gnu/H-i686-pc-linux-gnu/bin/../lib/gcc/nios2-elf/4.1.2/mno-hw-mul/libgcc.a
START GROUP
LOAD /opt/altera/13.0sp1/nios2eds/bin/gnu/H-i686-pc-linux-gnu/bin/../lib/gcc/nios2-elf/4.1.2/../../../../nios2-elf/lib/mno-hw-mul/libsmallc.a
LOAD /opt/altera/13.0sp1/nios2eds/bin/gnu/H-i686-pc-linux-gnu/bin/../lib/gcc/nios2-elf/4.1.2/mno-hw-mul/libgcc.a
LOAD ../lab2_cruisecontroloptimized_bsp//libucosii_bsp.a
END GROUP
LOAD /opt/altera/13.0sp1/nios2eds/bin/gnu/H-i686-pc-linux-gnu/bin/../lib/gcc/nios2-elf/4.1.2/mno-hw-mul/libgcc.a
                0x00000000                __alt_mem_sram = 0x0
                0x00800000                __alt_mem_sdram = 0x800000
                0x01008000                __alt_mem_onchip_memory = 0x1008000

.entry          0x00800000       0x20
 *(.entry)
 .entry         0x00800000       0x20 ../lab2_cruisecontroloptimized_bsp//obj/HAL/src/crt0.o
                0x00800000                __reset

.exceptions     0x00800020      0x124
                0x00800020                PROVIDE (__ram_exceptions_start, ABSOLUTE (.))
                0x00800020                . = ALIGN (0x20)
 *(.irq)
 *(.exceptions.entry.label)
 .exceptions.entry.label
                0x00800020        0x0 ../lab2_cruisecontroloptimized_bsp//libucosii_bsp.a(alt_irq_entry.o)
                0x00800020                alt_irq_entry
 .exceptions.entry.label
                0x00800020        0x0 ../lab2_cruisecontroloptimized_bsp//libucosii_bsp.a(alt_exception_entry.o)
                0x00800020                alt_exception
 *(.exceptions.entry.user)
 *(.exceptions.entry)
 .exceptions.entry
                0x00800020       0x54 ../lab2_cruisecontroloptimized_bsp//libucosii_bsp.a(alt_exception_entry.o)
 *(.exceptions.irqtest.user)
 *(.exceptions.irqtest)
 .exceptions.irqtest
                0x00800074       0x10 ../lab2_cruisecontroloptimized_bsp//libucosii_bsp.a(alt_irq_entry.o)
 *(.exceptions.irqhandler.user)
 *(.exceptions.irqhandler)
 .exceptions.irqhandler
                0x00800084        0x4 ../lab2_cruisecontroloptimized_bsp//libucosii_bsp.a(alt_irq_entry.o)
 *(.exceptions.irqreturn.user)
 *(.exceptions.irqreturn)
 .exceptions.irqreturn
                0x00800088        0x4 ../lab2_cruisecontroloptimized_bsp//libucosii_bsp.a(alt_irq_entry.o)
 *(.exceptions.notirq.label)
 .exceptions.notirq.label
                0x0080008c        0x0 ../lab2_cruisecontroloptimized_bsp//libucosii_bsp.a(alt_irq_entry.o)
 *(.exceptions.notirq.user)
 *(.exceptions.notirq)
 .exceptions.notirq
                0x0080008c        0x8 ../lab2_cruisecontroloptimized_bsp//libucosii_bsp.a(alt_exception_entry.o)
 *(.exceptions.soft.user)
 *(.exceptions.soft)
 *(.exceptions.unknown.user)
 *(.exceptions.unknown)
 .exceptions.unknown
                0x00800094        0x4 ../lab2_cruisecontroloptimized_bsp//libucosii_bsp.a(alt_exception_entry.o)
 *(.exceptions.exit.label)
 .exceptions.exit.label
                0x00800098        0x0 ../lab2_cruisecontroloptimized_bsp//libucosii_bsp.a(alt_irq_entry.o)
 .exceptions.exit.label
                0x00800098        0x0 ../lab2_cruisecontroloptimized_bsp//libucosii_bsp.a(alt_exception_entry.o)
 *(.exceptions.exit.user)
 *(.exceptions.exit)
 .exceptions.exit
                0x00800098       0x54 ../lab2_cruisecontroloptimized_bsp//libucosii_bsp.a(alt_exception_entry.o)
 *(.exceptions)
 .exceptions    0x008000ec       0x58 ../lab2_cruisecontroloptimized_bsp//libucosii_bsp.a(alt_irq_handler.o)
                0x008000ec                alt_irq_handler
                0x00800144                PROVIDE (__ram_exceptions_end, ABSOLUTE (.))
                0x00800020                PROVIDE (__flash_exceptions_start, LOADADDR (.exceptions))

.text           0x00800144     0x8330
                0x00800144                PROVIDE (stext, ABSOLUTE (.))
 *(.interp)
 *(.hash)
 *(.dynsym)
 *(.dynstr)
 *(.gnu.version)
 *(.gnu.version_d)
 *(.gnu.version_r)
 *(.rel.init)
 *(.rela.init)
 *(.rel.text .rel.text.* .rel.gnu.linkonce.t.*)
 *(.rela.text .rela.text.* .rela.gnu.linkonce.t.*)
 *(.rel.fini)
 *(.rela.fini)
 *(.rel.rodata .rel.rodata.* .rel.gnu.linkonce.r.*)
 *(.rela.rodata .rela.rodata.* .rela.gnu.linkonce.r.*)
 *(.rel.data .rel.data.* .rel.gnu.linkonce.d.*)
 *(.rela.data .rela.data.* .rela.gnu.linkonce.d.*)
 *(.rel.tdata .rel.tdata.* .rel.gnu.linkonce.td.*)
 *(.rela.tdata .rela.tdata.* .rela.gnu.linkonce.td.*)
 *(.rel.tbss .rel.tbss.* .rel.gnu.linkonce.tb.*)
 *(.rela.tbss .rela.tbss.* .rela.gnu.linkonce.tb.*)
 *(.rel.ctors)
 *(.rela.ctors)
 *(.rel.dtors)
 *(.rela.dtors)
 *(.rel.got)
 *(.rela.got)
 *(.rel.sdata .rel.sdata.* .rel.gnu.linkonce.s.*)
 *(.rela.sdata .rela.sdata.* .rela.gnu.linkonce.s.*)
 *(.rel.sbss .rel.sbss.* .rel.gnu.linkonce.sb.*)
 *(.rela.sbss .rela.sbss.* .rela.gnu.linkonce.sb.*)
 *(.rel.sdata2 .rel.sdata2.* .rel.gnu.linkonce.s2.*)
 *(.rela.sdata2 .rela.sdata2.* .rela.gnu.linkonce.s2.*)
 *(.rel.sbss2 .rel.sbss2.* .rel.gnu.linkonce.sb2.*)
 *(.rela.sbss2 .rela.sbss2.* .rela.gnu.linkonce.sb2.*)
 *(.rel.bss .rel.bss.* .rel.gnu.linkonce.b.*)
 *(.rela.bss .rela.bss.* .rela.gnu.linkonce.b.*)
 *(.rel.plt)
 *(.rela.plt)
 *(.rel.dyn)
 *(.init)
 *(.plt)
 *(.text .stub .text.* .gnu.linkonce.t.*)
 .text          0x00800144       0x3c ../lab2_cruisecontroloptimized_bsp//obj/HAL/src/crt0.o
                0x00800144                _start
 .text          0x00800180     0x1b70 obj/default/cruise_opti.o
                0x00800180                buttons_pressed
                0x008001ac                switches_pressed
                0x008001d4                CallbackStat
                0x00800208                printStackSize
                0x00800284                statisticTask
                0x00800310                alarm_handler
                0x00800340                CallbackVehicle
                0x00800374                CallbackControl
                0x008003a8                CallbackButtons
                0x008003dc                CallbackSwitches
                0x00800410                CallbackOverload
                0x00800444                CallbackExtraloadTask
                0x00800478                CallbackExtraload
                0x008004a4                CallbackWatchdog
                0x008004dc                int2seven
                0x00800518                show_velocity_on_sevenseg
                0x0080060c                show_target_velocity
                0x00800698                show_position
                0x00800720                adjust_position
                0x0080082c                adjust_velocity
                0x0080096c                VehicleTask
                0x00800f5c                ControlTask
                0x00801388                SwitchIO
                0x0080144c                ButtonsIO
                0x00801534                OverloadDetection
                0x00801568                Extraload
                0x008016d0                StartTask
                0x00801c74                main
 .text          0x00801cf0       0x98 /opt/altera/13.0sp1/nios2eds/bin/gnu/H-i686-pc-linux-gnu/bin/../lib/gcc/nios2-elf/4.1.2/mno-hw-mul/libgcc.a(_si_to_sf.o)
                0x00801cf0                __floatsisf
 .text          0x00801d88       0x54 /opt/altera/13.0sp1/nios2eds/bin/gnu/H-i686-pc-linux-gnu/bin/../lib/gcc/nios2-elf/4.1.2/mno-hw-mul/libgcc.a(_sf_to_df.o)
                0x00801d88                __extendsfdf2
 .text          0x00801ddc      0x504 /opt/altera/13.0sp1/nios2eds/bin/gnu/H-i686-pc-linux-gnu/bin/../lib/gcc/nios2-elf/4.1.2/mno-hw-mul/libgcc.a(_addsub_df.o)
                0x008021ec                __subdf3
                0x0080226c                __adddf3
 .text          0x008022e0      0x258 /opt/altera/13.0sp1/nios2eds/bin/gnu/H-i686-pc-linux-gnu/bin/../lib/gcc/nios2-elf/4.1.2/mno-hw-mul/libgcc.a(_div_df.o)
                0x008022e0                __divdf3
 .text          0x00802538       0xf8 /opt/altera/13.0sp1/nios2eds/bin/gnu/H-i686-pc-linux-gnu/bin/../lib/gcc/nios2-elf/4.1.2/mno-hw-mul/libgcc.a(_si_to_df.o)
                0x00802538                __floatsidf
 .text          0x00802630       0xd8 /opt/altera/13.0sp1/nios2eds/bin/gnu/H-i686-pc-linux-gnu/bin/../lib/gcc/nios2-elf/4.1.2/mno-hw-mul/libgcc.a(_df_to_si.o)
                0x00802630                __fixdfsi
 .text          0x00802708       0x38 /opt/altera/13.0sp1/nios2eds/bin/gnu/H-i686-pc-linux-gnu/bin/../lib/gcc/nios2-elf/4.1.2/mno-hw-mul/libgcc.a(_make_df.o)
                0x00802708                __make_dp
 .text          0x00802740        0x0 /opt/altera/13.0sp1/nios2eds/bin/gnu/H-i686-pc-linux-gnu/bin/../lib/gcc/nios2-elf/4.1.2/mno-hw-mul/libgcc.a(_thenan_df.o)
 .text          0x00802740      0x14c /opt/altera/13.0sp1/nios2eds/bin/gnu/H-i686-pc-linux-gnu/bin/../lib/gcc/nios2-elf/4.1.2/mno-hw-mul/libgcc.a(lib2-divmod.o)
                0x008027bc                __divsi3
                0x0080281c                __modsi3
                0x0080287c                __udivsi3
                0x00802884                __umodsi3
 .text          0x0080288c       0x38 /opt/altera/13.0sp1/nios2eds/bin/gnu/H-i686-pc-linux-gnu/bin/../lib/gcc/nios2-elf/4.1.2/mno-hw-mul/libgcc.a(lib2-mul.o)
                0x0080288c                __mulsi3
 .text          0x008028c4       0x80 /opt/altera/13.0sp1/nios2eds/bin/gnu/H-i686-pc-linux-gnu/bin/../lib/gcc/nios2-elf/4.1.2/mno-hw-mul/libgcc.a(_clzsi2.o)
                0x008028c4                __clzsi2
 .text          0x00802944      0x160 /opt/altera/13.0sp1/nios2eds/bin/gnu/H-i686-pc-linux-gnu/bin/../lib/gcc/nios2-elf/4.1.2/mno-hw-mul/libgcc.a(_pack_sf.o)
                0x00802944                __pack_f
 .text          0x00802aa4       0xc8 /opt/altera/13.0sp1/nios2eds/bin/gnu/H-i686-pc-linux-gnu/bin/../lib/gcc/nios2-elf/4.1.2/mno-hw-mul/libgcc.a(_unpack_sf.o)
                0x00802aa4                __unpack_f
 .text          0x00802b6c      0x314 /opt/altera/13.0sp1/nios2eds/bin/gnu/H-i686-pc-linux-gnu/bin/../lib/gcc/nios2-elf/4.1.2/mno-hw-mul/libgcc.a(_pack_df.o)
                0x00802b6c                __pack_d
 .text          0x00802e80      0x138 /opt/altera/13.0sp1/nios2eds/bin/gnu/H-i686-pc-linux-gnu/bin/../lib/gcc/nios2-elf/4.1.2/mno-hw-mul/libgcc.a(_unpack_df.o)
                0x00802e80                __unpack_d
 .text          0x00802fb8        0x0 /opt/altera/13.0sp1/nios2eds/bin/gnu/H-i686-pc-linux-gnu/bin/../lib/gcc/nios2-elf/4.1.2/mno-hw-mul/libgcc.a(_clz.o)
 .text          0x00802fb8       0x98 /opt/altera/13.0sp1/nios2eds/bin/gnu/H-i686-pc-linux-gnu/bin/../lib/gcc/nios2-elf/4.1.2/../../../../nios2-elf/lib/mno-hw-mul/libsmallc.a(lib_a-printf.o)
                0x00802fb8                printf
                0x0080300c                _printf_r
 .text          0x00803050      0x740 /opt/altera/13.0sp1/nios2eds/bin/gnu/H-i686-pc-linux-gnu/bin/../lib/gcc/nios2-elf/4.1.2/../../../../nios2-elf/lib/mno-hw-mul/libsmallc.a(lib_a-vfprintf.o)
                0x008030d0                ___vfprintf_internal_r
                0x0080376c                __vfprintf_internal
 .text          0x00803790       0xbc /opt/altera/13.0sp1/nios2eds/bin/gnu/H-i686-pc-linux-gnu/bin/../lib/gcc/nios2-elf/4.1.2/../../../../nios2-elf/lib/mno-hw-mul/libsmallc.a(lib_a-fvwrite_small_dev.o)
                0x00803790                __sfvwrite_small_dev
 .text          0x0080384c        0x0 /opt/altera/13.0sp1/nios2eds/bin/gnu/H-i686-pc-linux-gnu/bin/../lib/gcc/nios2-elf/4.1.2/../../../../nios2-elf/lib/mno-hw-mul/libsmallc.a(lib_a-impure.o)
 .text          0x0080384c       0x20 /opt/altera/13.0sp1/nios2eds/bin/gnu/H-i686-pc-linux-gnu/bin/../lib/gcc/nios2-elf/4.1.2/../../../../nios2-elf/lib/mno-hw-mul/libsmallc.a(lib_a-strlen.o)
                0x0080384c                strlen
 .text          0x0080386c       0x78 /opt/altera/13.0sp1/nios2eds/bin/gnu/H-i686-pc-linux-gnu/bin/../lib/gcc/nios2-elf/4.1.2/../../../../nios2-elf/lib/mno-hw-mul/libsmallc.a(lib_a-writer.o)
                0x0080386c                _write_r
 .text          0x008038e4        0x0 /opt/altera/13.0sp1/nios2eds/bin/gnu/H-i686-pc-linux-gnu/bin/../lib/gcc/nios2-elf/4.1.2/../../../../nios2-elf/lib/mno-hw-mul/libsmallc.a(lib_a-int_errno.o)
 .text          0x008038e4       0x90 ../lab2_cruisecontroloptimized_bsp//libucosii_bsp.a(alt_alarm_start.o)
                0x008038e4                alt_alarm_start
 .text          0x00803974       0x8c ../lab2_cruisecontroloptimized_bsp//libucosii_bsp.a(alt_load.o)
                0x00803994                alt_load
 .text          0x00803a00       0xa8 ../lab2_cruisecontroloptimized_bsp//libucosii_bsp.a(alt_main.o)
                0x00803a00                alt_main
 .text          0x00803aa8      0x144 ../lab2_cruisecontroloptimized_bsp//libucosii_bsp.a(alt_printf.o)
                0x00803aa8                alt_printf
 .text          0x00803bec       0x14 ../lab2_cruisecontroloptimized_bsp//libucosii_bsp.a(alt_putchar.o)
                0x00803bec                alt_putchar
 .text          0x00803c00       0xe0 ../lab2_cruisecontroloptimized_bsp//libucosii_bsp.a(alt_tick.o)
                0x00803c00                alt_alarm_stop
                0x00803c34                alt_tick
 .text          0x00803ce0       0xd4 ../lab2_cruisecontroloptimized_bsp//libucosii_bsp.a(alt_write.o)
                0x00803d00                write
 .text          0x00803db4        0x8 ../lab2_cruisecontroloptimized_bsp//libucosii_bsp.a(alt_env_lock.o)
                0x00803db4                __env_lock
                0x00803db8                __env_unlock
 .text          0x00803dbc        0x8 ../lab2_cruisecontroloptimized_bsp//libucosii_bsp.a(alt_malloc_lock.o)
                0x00803dbc                __malloc_lock
                0x00803dc0                __malloc_unlock
 .text          0x00803dc4      0xefc ../lab2_cruisecontroloptimized_bsp//libucosii_bsp.a(os_core.o)
                0x00803dc4                OSVersion
                0x00803dcc                OS_Dummy
                0x00803dd0                OS_EventTaskWait
                0x00803e54                OS_EventTaskWaitMulti
                0x00803ef4                OS_EventTaskRemove
                0x00803f40                OS_EventTaskRemoveMulti
                0x00803f9c                OS_EventTaskRdy
                0x00804090                OS_EventWaitListInit
                0x008040ac                OS_MemClr
                0x008040c8                OS_MemCopy
                0x008040ec                OS_StrCopy
                0x00804118                OS_StrLen
                0x00804138                OS_TaskStatStkChk
                0x00804170                OS_Sched
                0x0080421c                OSStart
                0x00804288                OSInit
                0x0080445c                OSEventNameGet
                0x008044e8                OSEventPendMulti
                0x008047bc                OSIntEnter
                0x008047f8                OSStatInit
                0x0080485c                OSTimeTick
                0x00804934                OS_TaskIdle
                0x00804964                OS_TaskStat
                0x008049e8                OS_TCBInit
                0x00804b58                OSIntExit
                0x00804c20                OSEventNameSet
 .text          0x00804cc0        0x4 ../lab2_cruisecontroloptimized_bsp//libucosii_bsp.a(os_dbg.o)
                0x00804cc0                OSDebugInit
 .text          0x00804cc4      0xb8c ../lab2_cruisecontroloptimized_bsp//libucosii_bsp.a(os_flag.o)
                0x00804d7c                OS_FlagUnlink
                0x00804e48                OS_FlagInit
                0x00804eb8                OSFlagQuery
                0x00804efc                OSFlagAccept
                0x00805050                OSFlagCreate
                0x008050d0                OSFlagDel
                0x0080521c                OSFlagNameGet
                0x008052b0                OSFlagNameSet
                0x00805368                OSFlagPend
                0x0080564c                OSFlagPendGetFlagsRdy
                0x00805678                OSFlagPost
 .text          0x00805850      0x420 ../lab2_cruisecontroloptimized_bsp//libucosii_bsp.a(os_mbox.o)
                0x00805850                OSMboxPostOpt
                0x0080591c                OSMboxCreate
                0x008059a8                OSMboxPend
                0x00805b1c                OSMboxPendAbort
                0x00805bec                OSMboxPost
 .text          0x00805c70      0x350 ../lab2_cruisecontroloptimized_bsp//libucosii_bsp.a(os_sem.o)
                0x00805c70                OSSemPost
                0x00805d04                OSSemCreate
                0x00805d90                OSSemPend
                0x00805ee8                OSSemPendAbort
 .text          0x00805fc0      0x8e8 ../lab2_cruisecontroloptimized_bsp//libucosii_bsp.a(os_task.o)
                0x00805fc0                OS_TaskStkClr
                0x00805ff0                OSTaskSuspend
                0x008060f8                OSTaskCreateExt
                0x00806260                OSTaskDel
                0x0080648c                OSTaskDelReq
                0x00806534                OSTaskNameGet
                0x00806600                OSTaskNameSet
                0x008066ec                OSTaskResume
                0x008067e0                OSTaskStkChk
 .text          0x008068a8       0x98 ../lab2_cruisecontroloptimized_bsp//libucosii_bsp.a(os_time.o)
                0x008068a8                OSTimeDly
 .text          0x00806940      0xac8 ../lab2_cruisecontroloptimized_bsp//libucosii_bsp.a(os_tmr.o)
                0x00806aac                OSTmr_Init
                0x00806d08                OSTmrStop
                0x00806e50                OSTmrStart
                0x00806f40                OSTmrStateGet
                0x00806fd8                OSTmrRemainGet
                0x008070e0                OSTmrDel
                0x008071c8                OSTmrSignal
                0x008071f0                OSTmrNameGet
                0x008072b8                OSTmrCreate
 .text          0x00807408       0x70 ../lab2_cruisecontroloptimized_bsp//libucosii_bsp.a(alt_sys_init.o)
                0x00807408                alt_sys_init
                0x00807458                alt_irq_init
 .text          0x00807478       0x20 ../lab2_cruisecontroloptimized_bsp//libucosii_bsp.a(altera_avalon_jtag_uart_fd.o)
                0x00807478                altera_avalon_jtag_uart_write_fd
                0x00807488                altera_avalon_jtag_uart_read_fd
 .text          0x00807498       0x60 ../lab2_cruisecontroloptimized_bsp//libucosii_bsp.a(altera_avalon_jtag_uart_read.o)
                0x00807498                altera_avalon_jtag_uart_read
 .text          0x008074f8       0x34 ../lab2_cruisecontroloptimized_bsp//libucosii_bsp.a(altera_avalon_jtag_uart_write.o)
                0x008074f8                altera_avalon_jtag_uart_write
 .text          0x0080752c       0x8c ../lab2_cruisecontroloptimized_bsp//libucosii_bsp.a(altera_avalon_timer_sc.o)
                0x0080752c                alt_avalon_timer_sc_init
 .text          0x008075b8       0xbc ../lab2_cruisecontroloptimized_bsp//libucosii_bsp.a(alt_close.o)
                0x008075d8                close
 .text          0x00807674        0x4 ../lab2_cruisecontroloptimized_bsp//libucosii_bsp.a(alt_dcache_flush_all.o)
                0x00807674                alt_dcache_flush_all
 .text          0x00807678        0x8 ../lab2_cruisecontroloptimized_bsp//libucosii_bsp.a(alt_dev.o)
 .text          0x00807680       0x70 ../lab2_cruisecontroloptimized_bsp//libucosii_bsp.a(alt_dev_llist_insert.o)
                0x00807680                alt_dev_llist_insert
 .text          0x008076f0       0x40 ../lab2_cruisecontroloptimized_bsp//libucosii_bsp.a(alt_do_ctors.o)
                0x008076f0                _do_ctors
 .text          0x00807730       0x40 ../lab2_cruisecontroloptimized_bsp//libucosii_bsp.a(alt_do_dtors.o)
                0x00807730                _do_dtors
 .text          0x00807770        0x0 ../lab2_cruisecontroloptimized_bsp//libucosii_bsp.a(alt_errno.o)
 .text          0x00807770        0x4 ../lab2_cruisecontroloptimized_bsp//libucosii_bsp.a(alt_icache_flush_all.o)
                0x00807770                alt_icache_flush_all
 .text          0x00807774       0x9c ../lab2_cruisecontroloptimized_bsp//libucosii_bsp.a(alt_iic.o)
                0x00807774                alt_ic_irq_enabled
                0x0080778c                alt_ic_irq_enable
                0x008077cc                alt_ic_irq_disable
                0x0080780c                alt_ic_isr_register
 .text          0x00807810       0x6c ../lab2_cruisecontroloptimized_bsp//libucosii_bsp.a(alt_iic_isr_register.o)
                0x00807810                alt_iic_isr_register
 .text          0x0080787c      0x114 ../lab2_cruisecontroloptimized_bsp//libucosii_bsp.a(alt_io_redirect.o)
                0x00807904                alt_io_redirect
 .text          0x00807990        0x0 ../lab2_cruisecontroloptimized_bsp//libucosii_bsp.a(alt_irq_entry.o)
 .text          0x00807990        0x0 ../lab2_cruisecontroloptimized_bsp//libucosii_bsp.a(alt_irq_handler.o)
 .text          0x00807990        0x0 ../lab2_cruisecontroloptimized_bsp//libucosii_bsp.a(alt_irq_vars.o)
 .text          0x00807990      0x17c ../lab2_cruisecontroloptimized_bsp//libucosii_bsp.a(alt_open.o)
                0x00807990                open
 .text          0x00807b0c       0x5c ../lab2_cruisecontroloptimized_bsp//libucosii_bsp.a(alt_release_fd.o)
                0x00807b0c                alt_release_fd
 .text          0x00807b68        0x8 ../lab2_cruisecontroloptimized_bsp//libucosii_bsp.a(altera_nios2_qsys_irq.o)
                0x00807b68                altera_nios2_qsys_irq_init
 .text          0x00807b70       0xc0 ../lab2_cruisecontroloptimized_bsp//libucosii_bsp.a(os_cpu_a.o)
                0x00807b70                OSCtxSw
                0x00807b70                OSIntCtxSw
                0x00807bec                OSStartHighRdy
                0x00807c0c                OSStartTsk
 .text          0x00807c30       0xa0 ../lab2_cruisecontroloptimized_bsp//libucosii_bsp.a(os_cpu_c.o)
                0x00807c30                OSTaskStkInit
                0x00807c54                OSTaskCreateHook
                0x00807c58                OSTaskDelHook
                0x00807c5c                OSTaskSwHook
                0x00807c60                OSTaskStatHook
                0x00807c64                OSInitHookBegin
                0x00807c6c                OSInitHookEnd
                0x00807c70                OSTaskIdleHook
                0x00807c74                OSTCBInitHook
                0x00807c78                OSTimeTickHook
 .text          0x00807cd0        0x0 ../lab2_cruisecontroloptimized_bsp//libucosii_bsp.a(alt_exception_entry.o)
 .text          0x00807cd0       0x70 ../lab2_cruisecontroloptimized_bsp//libucosii_bsp.a(alt_find_dev.o)
                0x00807cd0                alt_find_dev
 .text          0x00807d40       0x9c ../lab2_cruisecontroloptimized_bsp//libucosii_bsp.a(alt_find_file.o)
                0x00807d40                alt_find_file
 .text          0x00807ddc       0xa4 ../lab2_cruisecontroloptimized_bsp//libucosii_bsp.a(alt_get_fd.o)
                0x00807ddc                alt_get_fd
 .text          0x00807e80       0x14 /opt/altera/13.0sp1/nios2eds/bin/gnu/H-i686-pc-linux-gnu/bin/../lib/gcc/nios2-elf/4.1.2/../../../../nios2-elf/lib/mno-hw-mul/libsmallc.a(lib_a-atexit.o)
                0x00807e80                atexit
 .text          0x00807e94       0x20 /opt/altera/13.0sp1/nios2eds/bin/gnu/H-i686-pc-linux-gnu/bin/../lib/gcc/nios2-elf/4.1.2/../../../../nios2-elf/lib/mno-hw-mul/libsmallc.a(lib_a-exit.o)
                0x00807e94                exit
 .text          0x00807eb4       0x3c /opt/altera/13.0sp1/nios2eds/bin/gnu/H-i686-pc-linux-gnu/bin/../lib/gcc/nios2-elf/4.1.2/../../../../nios2-elf/lib/mno-hw-mul/libsmallc.a(lib_a-memcmp.o)
                0x00807eb4                memcmp
 .text          0x00807ef0       0xe4 /opt/altera/13.0sp1/nios2eds/bin/gnu/H-i686-pc-linux-gnu/bin/../lib/gcc/nios2-elf/4.1.2/../../../../nios2-elf/lib/mno-hw-mul/libsmallc.a(lib_a-putc.o)
                0x00807ef0                putc
                0x00807f60                _putc_r
 .text          0x00807fd4      0x16c /opt/altera/13.0sp1/nios2eds/bin/gnu/H-i686-pc-linux-gnu/bin/../lib/gcc/nios2-elf/4.1.2/../../../../nios2-elf/lib/mno-hw-mul/libsmallc.a(lib_a-__atexit.o)
                0x00807fd4                __register_exitproc
 .text          0x00808140      0x1c0 /opt/altera/13.0sp1/nios2eds/bin/gnu/H-i686-pc-linux-gnu/bin/../lib/gcc/nios2-elf/4.1.2/../../../../nios2-elf/lib/mno-hw-mul/libsmallc.a(lib_a-__call_atexit.o)
                0x00808144                __call_exitprocs
 .text          0x00808300       0x88 /opt/altera/13.0sp1/nios2eds/bin/gnu/H-i686-pc-linux-gnu/bin/../lib/gcc/nios2-elf/4.1.2/mno-hw-mul/libgcc.a(_ge_df.o)
                0x00808300                __gedf2
 .text          0x00808388       0xc8 /opt/altera/13.0sp1/nios2eds/bin/gnu/H-i686-pc-linux-gnu/bin/../lib/gcc/nios2-elf/4.1.2/mno-hw-mul/libgcc.a(_fpcmp_parts_df.o)
                0x00808388                __fpcmp_parts_d
 .text          0x00808450       0x20 ../lab2_cruisecontroloptimized_bsp//libucosii_bsp.a(alt_exit.o)
                0x00808450                _exit
 *(.gnu.warning.*)
 *(.fini)
                0x00808470                PROVIDE (__etext, ABSOLUTE (.))
                0x00808470                PROVIDE (_etext, ABSOLUTE (.))
                0x00808470                PROVIDE (etext, ABSOLUTE (.))
 *(.eh_frame_hdr)
                0x00808470                . = ALIGN (0x4)
                0x00808470                PROVIDE (__preinit_array_start, ABSOLUTE (.))
 *(.preinit_array)
                0x00808470                PROVIDE (__preinit_array_end, ABSOLUTE (.))
                0x00808470                PROVIDE (__init_array_start, ABSOLUTE (.))
 *(.init_array)
                0x00808470                PROVIDE (__init_array_end, ABSOLUTE (.))
                0x00808470                PROVIDE (__fini_array_start, ABSOLUTE (.))
 *(.fini_array)
                0x00808470                PROVIDE (__fini_array_end, ABSOLUTE (.))
 *(.eh_frame)
 *(.gcc_except_table)
 *(.dynamic)
                0x00808470                PROVIDE (__CTOR_LIST__, ABSOLUTE (.))
 *(.ctors)
 *(SORT(.ctors.*))
 .ctors.65535   0x00808470        0x4 /opt/altera/13.0sp1/nios2eds/bin/gnu/H-i686-pc-linux-gnu/bin/../lib/gcc/nios2-elf/4.1.2/../../../../nios2-elf/lib/mno-hw-mul/libsmallc.a(lib_a-__call_atexit.o)
                0x00808474                PROVIDE (__CTOR_END__, ABSOLUTE (.))
                0x00808474                PROVIDE (__DTOR_LIST__, ABSOLUTE (.))
 *(.dtors)
 *(SORT(.dtors.*))
                0x00808474                PROVIDE (__DTOR_END__, ABSOLUTE (.))
 *(.jcr)
                0x00808474                . = ALIGN (0x4)

.rodata         0x00808474      0x494
                0x00808474                PROVIDE (__ram_rodata_start, ABSOLUTE (.))
                0x00808474                . = ALIGN (0x4)
 *(.rodata .rodata.* .gnu.linkonce.r.*)
 .rodata        0x00808474      0x208 obj/default/cruise_opti.o
 .rodata        0x0080867c       0x14 /opt/altera/13.0sp1/nios2eds/bin/gnu/H-i686-pc-linux-gnu/bin/../lib/gcc/nios2-elf/4.1.2/mno-hw-mul/libgcc.a(_thenan_df.o)
                0x0080867c                __thenan_df
 .rodata        0x00808690      0x100 /opt/altera/13.0sp1/nios2eds/bin/gnu/H-i686-pc-linux-gnu/bin/../lib/gcc/nios2-elf/4.1.2/mno-hw-mul/libgcc.a(_clz.o)
                0x00808690                __clz_tab
 .rodata.str1.4
                0x00808790       0x11 ../lab2_cruisecontroloptimized_bsp//libucosii_bsp.a(alt_main.o)
                                 0x14 (size before relaxing)
 *fill*         0x008087a1        0x3 00
 .rodata.str1.4
                0x008087a4       0x1e ../lab2_cruisecontroloptimized_bsp//libucosii_bsp.a(os_core.o)
                                 0x20 (size before relaxing)
 .rodata        0x008087c2      0x100 ../lab2_cruisecontroloptimized_bsp//libucosii_bsp.a(os_core.o)
                0x008087c2                OSUnMapTbl
 *fill*         0x008088c2        0x2 00
 .rodata.str1.4
                0x008088c4       0x35 ../lab2_cruisecontroloptimized_bsp//libucosii_bsp.a(os_tmr.o)
                                 0x38 (size before relaxing)
 .rodata.str1.4
                0x00000000       0x14 ../lab2_cruisecontroloptimized_bsp//libucosii_bsp.a(alt_sys_init.o)
 *fill*         0x008088f9        0x3 00
 .rodata.str1.4
                0x008088fc        0xc ../lab2_cruisecontroloptimized_bsp//libucosii_bsp.a(alt_dev.o)
 *(.rodata1)
                0x00808908                . = ALIGN (0x4)
                0x00808908                PROVIDE (__ram_rodata_end, ABSOLUTE (.))
                0x00808474                PROVIDE (__flash_rodata_start, LOADADDR (.rodata))

.rwdata         0x00808908      0x394 load address 0x00808c9c
                0x00808908                PROVIDE (__ram_rwdata_start, ABSOLUTE (.))
                0x00808908                . = ALIGN (0x4)
 *(.got.plt)
 *(.got)
 *(.data1)
 *(.data .data.* .gnu.linkonce.d.*)
 .data          0x00808908        0x0 ../lab2_cruisecontroloptimized_bsp//obj/HAL/src/crt0.o
 .data          0x00808908       0x2c obj/default/cruise_opti.o
 .data          0x00808934        0x0 /opt/altera/13.0sp1/nios2eds/bin/gnu/H-i686-pc-linux-gnu/bin/../lib/gcc/nios2-elf/4.1.2/mno-hw-mul/libgcc.a(_si_to_sf.o)
 .data          0x00808934        0x0 /opt/altera/13.0sp1/nios2eds/bin/gnu/H-i686-pc-linux-gnu/bin/../lib/gcc/nios2-elf/4.1.2/mno-hw-mul/libgcc.a(_sf_to_df.o)
 .data          0x00808934        0x0 /opt/altera/13.0sp1/nios2eds/bin/gnu/H-i686-pc-linux-gnu/bin/../lib/gcc/nios2-elf/4.1.2/mno-hw-mul/libgcc.a(_addsub_df.o)
 .data          0x00808934        0x0 /opt/altera/13.0sp1/nios2eds/bin/gnu/H-i686-pc-linux-gnu/bin/../lib/gcc/nios2-elf/4.1.2/mno-hw-mul/libgcc.a(_div_df.o)
 .data          0x00808934        0x0 /opt/altera/13.0sp1/nios2eds/bin/gnu/H-i686-pc-linux-gnu/bin/../lib/gcc/nios2-elf/4.1.2/mno-hw-mul/libgcc.a(_si_to_df.o)
 .data          0x00808934        0x0 /opt/altera/13.0sp1/nios2eds/bin/gnu/H-i686-pc-linux-gnu/bin/../lib/gcc/nios2-elf/4.1.2/mno-hw-mul/libgcc.a(_df_to_si.o)
 .data          0x00808934        0x0 /opt/altera/13.0sp1/nios2eds/bin/gnu/H-i686-pc-linux-gnu/bin/../lib/gcc/nios2-elf/4.1.2/mno-hw-mul/libgcc.a(_make_df.o)
 .data          0x00808934        0x0 /opt/altera/13.0sp1/nios2eds/bin/gnu/H-i686-pc-linux-gnu/bin/../lib/gcc/nios2-elf/4.1.2/mno-hw-mul/libgcc.a(_thenan_df.o)
 .data          0x00808934        0x0 /opt/altera/13.0sp1/nios2eds/bin/gnu/H-i686-pc-linux-gnu/bin/../lib/gcc/nios2-elf/4.1.2/mno-hw-mul/libgcc.a(lib2-divmod.o)
 .data          0x00808934        0x0 /opt/altera/13.0sp1/nios2eds/bin/gnu/H-i686-pc-linux-gnu/bin/../lib/gcc/nios2-elf/4.1.2/mno-hw-mul/libgcc.a(lib2-mul.o)
 .data          0x00808934        0x0 /opt/altera/13.0sp1/nios2eds/bin/gnu/H-i686-pc-linux-gnu/bin/../lib/gcc/nios2-elf/4.1.2/mno-hw-mul/libgcc.a(_clzsi2.o)
 .data          0x00808934        0x0 /opt/altera/13.0sp1/nios2eds/bin/gnu/H-i686-pc-linux-gnu/bin/../lib/gcc/nios2-elf/4.1.2/mno-hw-mul/libgcc.a(_pack_sf.o)
 .data          0x00808934        0x0 /opt/altera/13.0sp1/nios2eds/bin/gnu/H-i686-pc-linux-gnu/bin/../lib/gcc/nios2-elf/4.1.2/mno-hw-mul/libgcc.a(_unpack_sf.o)
 .data          0x00808934        0x0 /opt/altera/13.0sp1/nios2eds/bin/gnu/H-i686-pc-linux-gnu/bin/../lib/gcc/nios2-elf/4.1.2/mno-hw-mul/libgcc.a(_pack_df.o)
 .data          0x00808934        0x0 /opt/altera/13.0sp1/nios2eds/bin/gnu/H-i686-pc-linux-gnu/bin/../lib/gcc/nios2-elf/4.1.2/mno-hw-mul/libgcc.a(_unpack_df.o)
 .data          0x00808934        0x0 /opt/altera/13.0sp1/nios2eds/bin/gnu/H-i686-pc-linux-gnu/bin/../lib/gcc/nios2-elf/4.1.2/mno-hw-mul/libgcc.a(_clz.o)
 .data          0x00808934        0x0 /opt/altera/13.0sp1/nios2eds/bin/gnu/H-i686-pc-linux-gnu/bin/../lib/gcc/nios2-elf/4.1.2/../../../../nios2-elf/lib/mno-hw-mul/libsmallc.a(lib_a-printf.o)
 .data          0x00808934        0x0 /opt/altera/13.0sp1/nios2eds/bin/gnu/H-i686-pc-linux-gnu/bin/../lib/gcc/nios2-elf/4.1.2/../../../../nios2-elf/lib/mno-hw-mul/libsmallc.a(lib_a-vfprintf.o)
 .data          0x00808934        0x0 /opt/altera/13.0sp1/nios2eds/bin/gnu/H-i686-pc-linux-gnu/bin/../lib/gcc/nios2-elf/4.1.2/../../../../nios2-elf/lib/mno-hw-mul/libsmallc.a(lib_a-fvwrite_small_dev.o)
 .data          0x00808934       0xe0 /opt/altera/13.0sp1/nios2eds/bin/gnu/H-i686-pc-linux-gnu/bin/../lib/gcc/nios2-elf/4.1.2/../../../../nios2-elf/lib/mno-hw-mul/libsmallc.a(lib_a-impure.o)
 .data          0x00808a14        0x0 /opt/altera/13.0sp1/nios2eds/bin/gnu/H-i686-pc-linux-gnu/bin/../lib/gcc/nios2-elf/4.1.2/../../../../nios2-elf/lib/mno-hw-mul/libsmallc.a(lib_a-strlen.o)
 .data          0x00808a14        0x0 /opt/altera/13.0sp1/nios2eds/bin/gnu/H-i686-pc-linux-gnu/bin/../lib/gcc/nios2-elf/4.1.2/../../../../nios2-elf/lib/mno-hw-mul/libsmallc.a(lib_a-writer.o)
 .data          0x00808a14        0x0 /opt/altera/13.0sp1/nios2eds/bin/gnu/H-i686-pc-linux-gnu/bin/../lib/gcc/nios2-elf/4.1.2/../../../../nios2-elf/lib/mno-hw-mul/libsmallc.a(lib_a-int_errno.o)
 .data          0x00808a14        0x0 ../lab2_cruisecontroloptimized_bsp//libucosii_bsp.a(alt_alarm_start.o)
 .data          0x00808a14        0x0 ../lab2_cruisecontroloptimized_bsp//libucosii_bsp.a(alt_load.o)
 .data          0x00808a14        0x0 ../lab2_cruisecontroloptimized_bsp//libucosii_bsp.a(alt_main.o)
 .data          0x00808a14        0x0 ../lab2_cruisecontroloptimized_bsp//libucosii_bsp.a(alt_printf.o)
 .data          0x00808a14        0x0 ../lab2_cruisecontroloptimized_bsp//libucosii_bsp.a(alt_putchar.o)
 .data          0x00808a14        0x0 ../lab2_cruisecontroloptimized_bsp//libucosii_bsp.a(alt_tick.o)
 .data          0x00808a14        0x0 ../lab2_cruisecontroloptimized_bsp//libucosii_bsp.a(alt_write.o)
 .data          0x00808a14        0x0 ../lab2_cruisecontroloptimized_bsp//libucosii_bsp.a(alt_env_lock.o)
 .data          0x00808a14        0x0 ../lab2_cruisecontroloptimized_bsp//libucosii_bsp.a(alt_malloc_lock.o)
 .data          0x00808a14        0x0 ../lab2_cruisecontroloptimized_bsp//libucosii_bsp.a(os_core.o)
 .data          0x00808a14        0x0 ../lab2_cruisecontroloptimized_bsp//libucosii_bsp.a(os_dbg.o)
 .data          0x00808a14        0x0 ../lab2_cruisecontroloptimized_bsp//libucosii_bsp.a(os_flag.o)
 .data          0x00808a14        0x0 ../lab2_cruisecontroloptimized_bsp//libucosii_bsp.a(os_mbox.o)
 .data          0x00808a14        0x0 ../lab2_cruisecontroloptimized_bsp//libucosii_bsp.a(os_sem.o)
 .data          0x00808a14        0x0 ../lab2_cruisecontroloptimized_bsp//libucosii_bsp.a(os_task.o)
 .data          0x00808a14        0x0 ../lab2_cruisecontroloptimized_bsp//libucosii_bsp.a(os_time.o)
 .data          0x00808a14        0x0 ../lab2_cruisecontroloptimized_bsp//libucosii_bsp.a(os_tmr.o)
 .data          0x00808a14       0x2c ../lab2_cruisecontroloptimized_bsp//libucosii_bsp.a(alt_sys_init.o)
 .data          0x00808a40        0x0 ../lab2_cruisecontroloptimized_bsp//libucosii_bsp.a(altera_avalon_jtag_uart_fd.o)
 .data          0x00808a40        0x0 ../lab2_cruisecontroloptimized_bsp//libucosii_bsp.a(altera_avalon_jtag_uart_read.o)
 .data          0x00808a40        0x0 ../lab2_cruisecontroloptimized_bsp//libucosii_bsp.a(altera_avalon_jtag_uart_write.o)
 .data          0x00808a40        0x0 ../lab2_cruisecontroloptimized_bsp//libucosii_bsp.a(altera_avalon_timer_sc.o)
 .data          0x00808a40        0x0 ../lab2_cruisecontroloptimized_bsp//libucosii_bsp.a(alt_close.o)
 .data          0x00808a40        0x0 ../lab2_cruisecontroloptimized_bsp//libucosii_bsp.a(alt_dcache_flush_all.o)
 .data          0x00808a40      0x1a8 ../lab2_cruisecontroloptimized_bsp//libucosii_bsp.a(alt_dev.o)
                0x00808a40                alt_dev_null
                0x00808a68                alt_fd_list
 .data          0x00808be8        0x0 ../lab2_cruisecontroloptimized_bsp//libucosii_bsp.a(alt_dev_llist_insert.o)
 .data          0x00808be8        0x0 ../lab2_cruisecontroloptimized_bsp//libucosii_bsp.a(alt_do_ctors.o)
 .data          0x00808be8        0x0 ../lab2_cruisecontroloptimized_bsp//libucosii_bsp.a(alt_do_dtors.o)
 .data          0x00808be8        0x0 ../lab2_cruisecontroloptimized_bsp//libucosii_bsp.a(alt_errno.o)
 .data          0x00808be8        0x0 ../lab2_cruisecontroloptimized_bsp//libucosii_bsp.a(alt_icache_flush_all.o)
 .data          0x00808be8        0x0 ../lab2_cruisecontroloptimized_bsp//libucosii_bsp.a(alt_iic.o)
 .data          0x00808be8        0x0 ../lab2_cruisecontroloptimized_bsp//libucosii_bsp.a(alt_iic_isr_register.o)
 .data          0x00808be8        0x0 ../lab2_cruisecontroloptimized_bsp//libucosii_bsp.a(alt_io_redirect.o)
 .data          0x00808be8        0x0 ../lab2_cruisecontroloptimized_bsp//libucosii_bsp.a(alt_irq_entry.o)
 .data          0x00808be8        0x0 ../lab2_cruisecontroloptimized_bsp//libucosii_bsp.a(alt_irq_handler.o)
 .data          0x00808be8        0x0 ../lab2_cruisecontroloptimized_bsp//libucosii_bsp.a(alt_irq_vars.o)
 .data          0x00808be8        0x0 ../lab2_cruisecontroloptimized_bsp//libucosii_bsp.a(alt_open.o)
 .data          0x00808be8        0x0 ../lab2_cruisecontroloptimized_bsp//libucosii_bsp.a(alt_release_fd.o)
 .data          0x00808be8        0x0 ../lab2_cruisecontroloptimized_bsp//libucosii_bsp.a(altera_nios2_qsys_irq.o)
 .data          0x00808be8        0x0 ../lab2_cruisecontroloptimized_bsp//libucosii_bsp.a(os_cpu_a.o)
 .data          0x00808be8        0x0 ../lab2_cruisecontroloptimized_bsp//libucosii_bsp.a(os_cpu_c.o)
 .data          0x00808be8        0x0 ../lab2_cruisecontroloptimized_bsp//libucosii_bsp.a(alt_exception_entry.o)
 .data          0x00808be8        0x0 ../lab2_cruisecontroloptimized_bsp//libucosii_bsp.a(alt_find_dev.o)
 .data          0x00808be8        0x0 ../lab2_cruisecontroloptimized_bsp//libucosii_bsp.a(alt_find_file.o)
 .data          0x00808be8        0x0 ../lab2_cruisecontroloptimized_bsp//libucosii_bsp.a(alt_get_fd.o)
 .data          0x00808be8        0x0 /opt/altera/13.0sp1/nios2eds/bin/gnu/H-i686-pc-linux-gnu/bin/../lib/gcc/nios2-elf/4.1.2/../../../../nios2-elf/lib/mno-hw-mul/libsmallc.a(lib_a-atexit.o)
 .data          0x00808be8        0x0 /opt/altera/13.0sp1/nios2eds/bin/gnu/H-i686-pc-linux-gnu/bin/../lib/gcc/nios2-elf/4.1.2/../../../../nios2-elf/lib/mno-hw-mul/libsmallc.a(lib_a-exit.o)
 .data          0x00808be8        0x0 /opt/altera/13.0sp1/nios2eds/bin/gnu/H-i686-pc-linux-gnu/bin/../lib/gcc/nios2-elf/4.1.2/../../../../nios2-elf/lib/mno-hw-mul/libsmallc.a(lib_a-memcmp.o)
 .data          0x00808be8        0x0 /opt/altera/13.0sp1/nios2eds/bin/gnu/H-i686-pc-linux-gnu/bin/../lib/gcc/nios2-elf/4.1.2/../../../../nios2-elf/lib/mno-hw-mul/libsmallc.a(lib_a-putc.o)
 .data          0x00808be8        0x0 /opt/altera/13.0sp1/nios2eds/bin/gnu/H-i686-pc-linux-gnu/bin/../lib/gcc/nios2-elf/4.1.2/../../../../nios2-elf/lib/mno-hw-mul/libsmallc.a(lib_a-__atexit.o)
 .data          0x00808be8        0x0 /opt/altera/13.0sp1/nios2eds/bin/gnu/H-i686-pc-linux-gnu/bin/../lib/gcc/nios2-elf/4.1.2/../../../../nios2-elf/lib/mno-hw-mul/libsmallc.a(lib_a-__call_atexit.o)
 .data          0x00808be8        0x0 /opt/altera/13.0sp1/nios2eds/bin/gnu/H-i686-pc-linux-gnu/bin/../lib/gcc/nios2-elf/4.1.2/mno-hw-mul/libgcc.a(_ge_df.o)
 .data          0x00808be8        0x0 /opt/altera/13.0sp1/nios2eds/bin/gnu/H-i686-pc-linux-gnu/bin/../lib/gcc/nios2-elf/4.1.2/mno-hw-mul/libgcc.a(_fpcmp_parts_df.o)
 .data          0x00808be8        0x0 ../lab2_cruisecontroloptimized_bsp//libucosii_bsp.a(alt_exit.o)
                0x00810be8                _gp = ABSOLUTE ((. + 0x8000))
                0x00810be8                PROVIDE (gp, _gp)
 *(.rwdata .rwdata.*)
 *(.sdata .sdata.* .gnu.linkonce.s.*)
 .sdata         0x00808be8       0x14 obj/default/cruise_opti.o
                0x00808be8                gas_pedal
                0x00808bec                brake_pedal
                0x00808bf0                top_gear
                0x00808bf4                engine
                0x00808bf8                cruise_control
 .sdata         0x00808bfc        0x8 /opt/altera/13.0sp1/nios2eds/bin/gnu/H-i686-pc-linux-gnu/bin/../lib/gcc/nios2-elf/4.1.2/../../../../nios2-elf/lib/mno-hw-mul/libsmallc.a(lib_a-impure.o)
                0x00808bfc                _impure_ptr
                0x00808c00                _global_impure_ptr
 .sdata         0x00808c04        0x8 ../lab2_cruisecontroloptimized_bsp//libucosii_bsp.a(alt_tick.o)
                0x00808c04                alt_alarm_list
 .sdata         0x00808c0c       0x74 ../lab2_cruisecontroloptimized_bsp//libucosii_bsp.a(os_dbg.o)
                0x00808c0c                OSDebugEn
                0x00808c10                OSEndiannessTest
                0x00808c14                OSEventEn
                0x00808c16                OSEventMax
                0x00808c18                OSEventNameSize
                0x00808c1a                OSEventSize
                0x00808c1c                OSEventTblSize
                0x00808c1e                OSEventMultiEn
                0x00808c20                OSFlagEn
                0x00808c22                OSFlagGrpSize
                0x00808c24                OSFlagNodeSize
                0x00808c26                OSFlagWidth
                0x00808c28                OSFlagMax
                0x00808c2a                OSFlagNameSize
                0x00808c2c                OSLowestPrio
                0x00808c2e                OSMboxEn
                0x00808c30                OSMemEn
                0x00808c32                OSMemMax
                0x00808c34                OSMemNameSize
                0x00808c36                OSMemSize
                0x00808c38                OSMemTblSize
                0x00808c3a                OSMutexEn
                0x00808c3c                OSPtrSize
                0x00808c3e                OSQEn
                0x00808c40                OSQMax
                0x00808c42                OSQSize
                0x00808c44                OSRdyTblSize
                0x00808c46                OSSemEn
                0x00808c48                OSStkWidth
                0x00808c4a                OSTaskCreateEn
                0x00808c4c                OSTaskCreateExtEn
                0x00808c4e                OSTaskDelEn
                0x00808c50                OSTaskIdleStkSize
                0x00808c52                OSTaskProfileEn
                0x00808c54                OSTaskMax
                0x00808c56                OSTaskNameSize
                0x00808c58                OSTaskStatEn
                0x00808c5a                OSTaskStatStkSize
                0x00808c5c                OSTaskStatStkChkEn
                0x00808c5e                OSTaskSwHookEn
                0x00808c60                OSTCBPrioTblMax
                0x00808c62                OSTCBSize
                0x00808c64                OSTicksPerSec
                0x00808c66                OSTimeTickHookEn
                0x00808c68                OSVersionNbr
                0x00808c6a                OSTmrEn
                0x00808c6c                OSTmrCfgMax
                0x00808c6e                OSTmrCfgNameSize
                0x00808c70                OSTmrCfgWheelSize
                0x00808c72                OSTmrCfgTicksPerSec
                0x00808c74                OSTmrSize
                0x00808c76                OSTmrTblSize
                0x00808c78                OSTmrWheelSize
                0x00808c7a                OSTmrWheelTblSize
                0x00808c7c                OSDataSize
 .sdata         0x00808c80       0x14 ../lab2_cruisecontroloptimized_bsp//libucosii_bsp.a(alt_dev.o)
                0x00808c80                alt_fs_list
                0x00808c88                alt_dev_list
                0x00808c90                alt_max_fd
 .sdata         0x00808c94        0x4 ../lab2_cruisecontroloptimized_bsp//libucosii_bsp.a(alt_errno.o)
                0x00808c94                alt_errno
 .sdata         0x00808c98        0x4 ../lab2_cruisecontroloptimized_bsp//libucosii_bsp.a(alt_irq_vars.o)
                0x00808c98                alt_priority_mask
 *(.sdata2 .sdata2.* .gnu.linkonce.s2.*)
                0x00808c9c                . = ALIGN (0x4)
                0x00808c9c                _edata = ABSOLUTE (.)
                0x00808c9c                PROVIDE (edata, ABSOLUTE (.))
                0x00808c9c                PROVIDE (__ram_rwdata_end, ABSOLUTE (.))
                0x00808c9c                PROVIDE (__flash_rwdata_start, LOADADDR (.rwdata))

.bss            0x00809030     0x50fc
                0x00809030                __bss_start = ABSOLUTE (.)
                0x00809030                PROVIDE (__sbss_start, ABSOLUTE (.))
                0x00809030                PROVIDE (___sbss_start, ABSOLUTE (.))
 *(.dynsbss)
 *(.sbss .sbss.* .gnu.linkonce.sb.*)
 .sbss          0x00809030       0x14 obj/default/cruise_opti.o
                0x00809030                TimerExtraload
                0x00809034                led_green
                0x00809038                led_red
                0x0080903c                ENGINE
                0x0080903d                TOP_GEAR
                0x0080903e                GAS_PEDAL
                0x0080903f                BRAKE_PEDAL
                0x00809040                CRUISE_CONTROL
                0x00809041                FLAG
 .sbss          0x00809044       0x48 obj/default/cruise_opti.o
                0x00809044                SemSwitches
                0x00809048                Mbox_Throttle
                0x0080904c                SemExtraload
                0x00809050                Mbox_Velocity
                0x00809054                TimerVehicle
                0x00809058                SemControl
                0x0080905c                TimerWatchdog
                0x00809060                TimerStat
                0x00809064                TimerOverload
                0x00809068                SemVehicle
                0x0080906c                SemOverload
                0x00809070                SemButtons
                0x00809074                SemStat
                0x00809078                TimerExtraloadTask
                0x0080907c                delay
                0x00809080                TimerButtons
                0x00809084                TimerControl
                0x00809088                TimerSwitches
 .sbss          0x0080908c        0x4 /opt/altera/13.0sp1/nios2eds/bin/gnu/H-i686-pc-linux-gnu/bin/../lib/gcc/nios2-elf/4.1.2/../../../../nios2-elf/lib/mno-hw-mul/libsmallc.a(lib_a-int_errno.o)
                0x0080908c                errno
 .sbss          0x00809090        0xc ../lab2_cruisecontroloptimized_bsp//libucosii_bsp.a(alt_main.o)
                0x00809090                alt_argc
                0x00809094                alt_argv
                0x00809098                alt_envp
 .sbss          0x0080909c        0x8 ../lab2_cruisecontroloptimized_bsp//libucosii_bsp.a(alt_tick.o)
                0x0080909c                _alt_tick_rate
                0x008090a0                _alt_nticks
 .sbss          0x008090a4        0x4 ../lab2_cruisecontroloptimized_bsp//libucosii_bsp.a(alt_env_lock.o)
                0x008090a4                alt_envsem
 .sbss          0x008090a8        0x4 ../lab2_cruisecontroloptimized_bsp//libucosii_bsp.a(alt_malloc_lock.o)
                0x008090a8                alt_heapsem
 .sbss          0x008090ac       0x5c ../lab2_cruisecontroloptimized_bsp//libucosii_bsp.a(os_core.o)
                0x008090ac                OSTmrFreeList
                0x008090b0                OSLockNesting
                0x008090b4                OSTmrSemSignal
                0x008090b8                OSRunning
                0x008090bc                OSIdleCtr
                0x008090c0                OSTmrUsed
                0x008090c2                OSPrioHighRdy
                0x008090c3                OSPrioCur
                0x008090c4                OSTCBList
                0x008090c8                OSTickStepState
                0x008090cc                OSCtxSwCtr
                0x008090d0                OSTmrFree
                0x008090d4                OSIdleCtrMax
                0x008090d8                OSTCBFreeList
                0x008090dc                OSCPUUsage
                0x008090dd                OSTaskCtr
                0x008090e0                OSTCBHighRdy
                0x008090e4                OSRdyGrp
                0x008090e5                OSRdyTbl
                0x008090e8                OSEventFreeList
                0x008090ec                OSIntNesting
                0x008090f0                OSTCBCur
                0x008090f4                OSTmrTime
                0x008090f8                OSTmrSem
                0x008090fc                OSFlagFreeList
                0x00809100                OSStatRdy
                0x00809104                OSIdleCtrRun
 .sbss          0x00809108        0x4 ../lab2_cruisecontroloptimized_bsp//libucosii_bsp.a(alt_dev.o)
                0x00809108                alt_fd_list_lock
 .sbss          0x0080910c        0x4 ../lab2_cruisecontroloptimized_bsp//libucosii_bsp.a(alt_irq_vars.o)
                0x0080910c                alt_irq_active
 .sbss          0x00809110        0x2 ../lab2_cruisecontroloptimized_bsp//libucosii_bsp.a(os_cpu_c.o)
 *(.sbss2 .sbss2.* .gnu.linkonce.sb2.*)
 *(.scommon)
                0x00809112                PROVIDE (__sbss_end, ABSOLUTE (.))
                0x00809112                PROVIDE (___sbss_end, ABSOLUTE (.))
 *(.dynbss)
 *(.bss .bss.* .gnu.linkonce.b.*)
 .bss           0x00809112        0x0 ../lab2_cruisecontroloptimized_bsp//obj/HAL/src/crt0.o
 *fill*         0x00809112        0x2 00
 .bss           0x00809114       0x18 obj/default/cruise_opti.o
 .bss           0x0080912c        0x0 /opt/altera/13.0sp1/nios2eds/bin/gnu/H-i686-pc-linux-gnu/bin/../lib/gcc/nios2-elf/4.1.2/mno-hw-mul/libgcc.a(_si_to_sf.o)
 .bss           0x0080912c        0x0 /opt/altera/13.0sp1/nios2eds/bin/gnu/H-i686-pc-linux-gnu/bin/../lib/gcc/nios2-elf/4.1.2/mno-hw-mul/libgcc.a(_sf_to_df.o)
 .bss           0x0080912c        0x0 /opt/altera/13.0sp1/nios2eds/bin/gnu/H-i686-pc-linux-gnu/bin/../lib/gcc/nios2-elf/4.1.2/mno-hw-mul/libgcc.a(_addsub_df.o)
 .bss           0x0080912c        0x0 /opt/altera/13.0sp1/nios2eds/bin/gnu/H-i686-pc-linux-gnu/bin/../lib/gcc/nios2-elf/4.1.2/mno-hw-mul/libgcc.a(_div_df.o)
 .bss           0x0080912c        0x0 /opt/altera/13.0sp1/nios2eds/bin/gnu/H-i686-pc-linux-gnu/bin/../lib/gcc/nios2-elf/4.1.2/mno-hw-mul/libgcc.a(_si_to_df.o)
 .bss           0x0080912c        0x0 /opt/altera/13.0sp1/nios2eds/bin/gnu/H-i686-pc-linux-gnu/bin/../lib/gcc/nios2-elf/4.1.2/mno-hw-mul/libgcc.a(_df_to_si.o)
 .bss           0x0080912c        0x0 /opt/altera/13.0sp1/nios2eds/bin/gnu/H-i686-pc-linux-gnu/bin/../lib/gcc/nios2-elf/4.1.2/mno-hw-mul/libgcc.a(_make_df.o)
 .bss           0x0080912c        0x0 /opt/altera/13.0sp1/nios2eds/bin/gnu/H-i686-pc-linux-gnu/bin/../lib/gcc/nios2-elf/4.1.2/mno-hw-mul/libgcc.a(_thenan_df.o)
 .bss           0x0080912c        0x0 /opt/altera/13.0sp1/nios2eds/bin/gnu/H-i686-pc-linux-gnu/bin/../lib/gcc/nios2-elf/4.1.2/mno-hw-mul/libgcc.a(lib2-divmod.o)
 .bss           0x0080912c        0x0 /opt/altera/13.0sp1/nios2eds/bin/gnu/H-i686-pc-linux-gnu/bin/../lib/gcc/nios2-elf/4.1.2/mno-hw-mul/libgcc.a(lib2-mul.o)
 .bss           0x0080912c        0x0 /opt/altera/13.0sp1/nios2eds/bin/gnu/H-i686-pc-linux-gnu/bin/../lib/gcc/nios2-elf/4.1.2/mno-hw-mul/libgcc.a(_clzsi2.o)
 .bss           0x0080912c        0x0 /opt/altera/13.0sp1/nios2eds/bin/gnu/H-i686-pc-linux-gnu/bin/../lib/gcc/nios2-elf/4.1.2/mno-hw-mul/libgcc.a(_pack_sf.o)
 .bss           0x0080912c        0x0 /opt/altera/13.0sp1/nios2eds/bin/gnu/H-i686-pc-linux-gnu/bin/../lib/gcc/nios2-elf/4.1.2/mno-hw-mul/libgcc.a(_unpack_sf.o)
 .bss           0x0080912c        0x0 /opt/altera/13.0sp1/nios2eds/bin/gnu/H-i686-pc-linux-gnu/bin/../lib/gcc/nios2-elf/4.1.2/mno-hw-mul/libgcc.a(_pack_df.o)
 .bss           0x0080912c        0x0 /opt/altera/13.0sp1/nios2eds/bin/gnu/H-i686-pc-linux-gnu/bin/../lib/gcc/nios2-elf/4.1.2/mno-hw-mul/libgcc.a(_unpack_df.o)
 .bss           0x0080912c        0x0 /opt/altera/13.0sp1/nios2eds/bin/gnu/H-i686-pc-linux-gnu/bin/../lib/gcc/nios2-elf/4.1.2/mno-hw-mul/libgcc.a(_clz.o)
 .bss           0x0080912c        0x0 /opt/altera/13.0sp1/nios2eds/bin/gnu/H-i686-pc-linux-gnu/bin/../lib/gcc/nios2-elf/4.1.2/../../../../nios2-elf/lib/mno-hw-mul/libsmallc.a(lib_a-printf.o)
 .bss           0x0080912c        0x0 /opt/altera/13.0sp1/nios2eds/bin/gnu/H-i686-pc-linux-gnu/bin/../lib/gcc/nios2-elf/4.1.2/../../../../nios2-elf/lib/mno-hw-mul/libsmallc.a(lib_a-vfprintf.o)
 .bss           0x0080912c        0x0 /opt/altera/13.0sp1/nios2eds/bin/gnu/H-i686-pc-linux-gnu/bin/../lib/gcc/nios2-elf/4.1.2/../../../../nios2-elf/lib/mno-hw-mul/libsmallc.a(lib_a-fvwrite_small_dev.o)
 .bss           0x0080912c        0x0 /opt/altera/13.0sp1/nios2eds/bin/gnu/H-i686-pc-linux-gnu/bin/../lib/gcc/nios2-elf/4.1.2/../../../../nios2-elf/lib/mno-hw-mul/libsmallc.a(lib_a-impure.o)
 .bss           0x0080912c        0x0 /opt/altera/13.0sp1/nios2eds/bin/gnu/H-i686-pc-linux-gnu/bin/../lib/gcc/nios2-elf/4.1.2/../../../../nios2-elf/lib/mno-hw-mul/libsmallc.a(lib_a-strlen.o)
 .bss           0x0080912c        0x0 /opt/altera/13.0sp1/nios2eds/bin/gnu/H-i686-pc-linux-gnu/bin/../lib/gcc/nios2-elf/4.1.2/../../../../nios2-elf/lib/mno-hw-mul/libsmallc.a(lib_a-writer.o)
 .bss           0x0080912c        0x0 /opt/altera/13.0sp1/nios2eds/bin/gnu/H-i686-pc-linux-gnu/bin/../lib/gcc/nios2-elf/4.1.2/../../../../nios2-elf/lib/mno-hw-mul/libsmallc.a(lib_a-int_errno.o)
 .bss           0x0080912c        0x0 ../lab2_cruisecontroloptimized_bsp//libucosii_bsp.a(alt_alarm_start.o)
 .bss           0x0080912c        0x0 ../lab2_cruisecontroloptimized_bsp//libucosii_bsp.a(alt_load.o)
 .bss           0x0080912c        0x0 ../lab2_cruisecontroloptimized_bsp//libucosii_bsp.a(alt_main.o)
 .bss           0x0080912c        0x0 ../lab2_cruisecontroloptimized_bsp//libucosii_bsp.a(alt_printf.o)
 .bss           0x0080912c        0x0 ../lab2_cruisecontroloptimized_bsp//libucosii_bsp.a(alt_putchar.o)
 .bss           0x0080912c        0x0 ../lab2_cruisecontroloptimized_bsp//libucosii_bsp.a(alt_tick.o)
 .bss           0x0080912c        0x0 ../lab2_cruisecontroloptimized_bsp//libucosii_bsp.a(alt_write.o)
 .bss           0x0080912c        0x0 ../lab2_cruisecontroloptimized_bsp//libucosii_bsp.a(alt_env_lock.o)
 .bss           0x0080912c        0x0 ../lab2_cruisecontroloptimized_bsp//libucosii_bsp.a(alt_malloc_lock.o)
 .bss           0x0080912c        0x0 ../lab2_cruisecontroloptimized_bsp//libucosii_bsp.a(os_core.o)
 .bss           0x0080912c        0x0 ../lab2_cruisecontroloptimized_bsp//libucosii_bsp.a(os_dbg.o)
 .bss           0x0080912c        0x0 ../lab2_cruisecontroloptimized_bsp//libucosii_bsp.a(os_flag.o)
 .bss           0x0080912c        0x0 ../lab2_cruisecontroloptimized_bsp//libucosii_bsp.a(os_mbox.o)
 .bss           0x0080912c        0x0 ../lab2_cruisecontroloptimized_bsp//libucosii_bsp.a(os_sem.o)
 .bss           0x0080912c        0x0 ../lab2_cruisecontroloptimized_bsp//libucosii_bsp.a(os_task.o)
 .bss           0x0080912c        0x0 ../lab2_cruisecontroloptimized_bsp//libucosii_bsp.a(os_time.o)
 .bss           0x0080912c        0x0 ../lab2_cruisecontroloptimized_bsp//libucosii_bsp.a(os_tmr.o)
 .bss           0x0080912c        0x0 ../lab2_cruisecontroloptimized_bsp//libucosii_bsp.a(alt_sys_init.o)
 .bss           0x0080912c        0x0 ../lab2_cruisecontroloptimized_bsp//libucosii_bsp.a(altera_avalon_jtag_uart_fd.o)
 .bss           0x0080912c        0x0 ../lab2_cruisecontroloptimized_bsp//libucosii_bsp.a(altera_avalon_jtag_uart_read.o)
 .bss           0x0080912c        0x0 ../lab2_cruisecontroloptimized_bsp//libucosii_bsp.a(altera_avalon_jtag_uart_write.o)
 .bss           0x0080912c        0x0 ../lab2_cruisecontroloptimized_bsp//libucosii_bsp.a(altera_avalon_timer_sc.o)
 .bss           0x0080912c        0x0 ../lab2_cruisecontroloptimized_bsp//libucosii_bsp.a(alt_close.o)
 .bss           0x0080912c        0x0 ../lab2_cruisecontroloptimized_bsp//libucosii_bsp.a(alt_dcache_flush_all.o)
 .bss           0x0080912c        0x0 ../lab2_cruisecontroloptimized_bsp//libucosii_bsp.a(alt_dev.o)
 .bss           0x0080912c        0x0 ../lab2_cruisecontroloptimized_bsp//libucosii_bsp.a(alt_dev_llist_insert.o)
 .bss           0x0080912c        0x0 ../lab2_cruisecontroloptimized_bsp//libucosii_bsp.a(alt_do_ctors.o)
 .bss           0x0080912c        0x0 ../lab2_cruisecontroloptimized_bsp//libucosii_bsp.a(alt_do_dtors.o)
 .bss           0x0080912c        0x0 ../lab2_cruisecontroloptimized_bsp//libucosii_bsp.a(alt_errno.o)
 .bss           0x0080912c        0x0 ../lab2_cruisecontroloptimized_bsp//libucosii_bsp.a(alt_icache_flush_all.o)
 .bss           0x0080912c        0x0 ../lab2_cruisecontroloptimized_bsp//libucosii_bsp.a(alt_iic.o)
 .bss           0x0080912c        0x0 ../lab2_cruisecontroloptimized_bsp//libucosii_bsp.a(alt_iic_isr_register.o)
 .bss           0x0080912c        0x0 ../lab2_cruisecontroloptimized_bsp//libucosii_bsp.a(alt_io_redirect.o)
 .bss           0x0080912c        0x0 ../lab2_cruisecontroloptimized_bsp//libucosii_bsp.a(alt_irq_entry.o)
 .bss           0x0080912c        0x0 ../lab2_cruisecontroloptimized_bsp//libucosii_bsp.a(alt_irq_handler.o)
 .bss           0x0080912c        0x0 ../lab2_cruisecontroloptimized_bsp//libucosii_bsp.a(alt_irq_vars.o)
 .bss           0x0080912c        0x0 ../lab2_cruisecontroloptimized_bsp//libucosii_bsp.a(alt_open.o)
 .bss           0x0080912c        0x0 ../lab2_cruisecontroloptimized_bsp//libucosii_bsp.a(alt_release_fd.o)
 .bss           0x0080912c        0x0 ../lab2_cruisecontroloptimized_bsp//libucosii_bsp.a(altera_nios2_qsys_irq.o)
 .bss           0x0080912c        0x0 ../lab2_cruisecontroloptimized_bsp//libucosii_bsp.a(os_cpu_a.o)
 .bss           0x0080912c        0x0 ../lab2_cruisecontroloptimized_bsp//libucosii_bsp.a(os_cpu_c.o)
 .bss           0x0080912c        0x0 ../lab2_cruisecontroloptimized_bsp//libucosii_bsp.a(alt_exception_entry.o)
 .bss           0x0080912c        0x0 ../lab2_cruisecontroloptimized_bsp//libucosii_bsp.a(alt_find_dev.o)
 .bss           0x0080912c        0x0 ../lab2_cruisecontroloptimized_bsp//libucosii_bsp.a(alt_find_file.o)
 .bss           0x0080912c        0x0 ../lab2_cruisecontroloptimized_bsp//libucosii_bsp.a(alt_get_fd.o)
 .bss           0x0080912c        0x0 /opt/altera/13.0sp1/nios2eds/bin/gnu/H-i686-pc-linux-gnu/bin/../lib/gcc/nios2-elf/4.1.2/../../../../nios2-elf/lib/mno-hw-mul/libsmallc.a(lib_a-atexit.o)
 .bss           0x0080912c        0x0 /opt/altera/13.0sp1/nios2eds/bin/gnu/H-i686-pc-linux-gnu/bin/../lib/gcc/nios2-elf/4.1.2/../../../../nios2-elf/lib/mno-hw-mul/libsmallc.a(lib_a-exit.o)
 .bss           0x0080912c        0x0 /opt/altera/13.0sp1/nios2eds/bin/gnu/H-i686-pc-linux-gnu/bin/../lib/gcc/nios2-elf/4.1.2/../../../../nios2-elf/lib/mno-hw-mul/libsmallc.a(lib_a-memcmp.o)
 .bss           0x0080912c        0x0 /opt/altera/13.0sp1/nios2eds/bin/gnu/H-i686-pc-linux-gnu/bin/../lib/gcc/nios2-elf/4.1.2/../../../../nios2-elf/lib/mno-hw-mul/libsmallc.a(lib_a-putc.o)
 .bss           0x0080912c        0x0 /opt/altera/13.0sp1/nios2eds/bin/gnu/H-i686-pc-linux-gnu/bin/../lib/gcc/nios2-elf/4.1.2/../../../../nios2-elf/lib/mno-hw-mul/libsmallc.a(lib_a-__atexit.o)
 .bss           0x0080912c        0x0 /opt/altera/13.0sp1/nios2eds/bin/gnu/H-i686-pc-linux-gnu/bin/../lib/gcc/nios2-elf/4.1.2/../../../../nios2-elf/lib/mno-hw-mul/libsmallc.a(lib_a-__call_atexit.o)
 .bss           0x0080912c        0x0 /opt/altera/13.0sp1/nios2eds/bin/gnu/H-i686-pc-linux-gnu/bin/../lib/gcc/nios2-elf/4.1.2/mno-hw-mul/libgcc.a(_ge_df.o)
 .bss           0x0080912c        0x0 /opt/altera/13.0sp1/nios2eds/bin/gnu/H-i686-pc-linux-gnu/bin/../lib/gcc/nios2-elf/4.1.2/mno-hw-mul/libgcc.a(_fpcmp_parts_df.o)
 .bss           0x0080912c        0x0 ../lab2_cruisecontroloptimized_bsp//libucosii_bsp.a(alt_exit.o)
 *(COMMON)
 COMMON         0x0080912c     0x2000 obj/default/cruise_opti.o
                0x0080912c                SwitchIO_Stack
                0x0080952c                ControlTask_Stack
                0x0080992c                OverloadDetection_Stack
                0x00809d2c                VehicleTask_Stack
                0x0080a12c                ButtonsIO_Stack
                0x0080a52c                StartTask_Stack
                0x0080a92c                statisticTask_Stack
                0x0080ad2c                Extraload_Stack
 COMMON         0x0080b12c     0x2e74 ../lab2_cruisecontroloptimized_bsp//libucosii_bsp.a(os_core.o)
                0x0080b12c                OSTmrWheelTbl
                0x0080b13c                OSFlagTbl
                0x0080b4ac                OSTmrTbl
                0x0080b7ec                OSTaskStatStk
                0x0080bfec                OSTmrTaskStk
                0x0080c7ec                OSTaskIdleStk
                0x0080cfec                OSEventTbl
                0x0080db2c                OSTCBTbl
                0x0080df4c                OSTCBPrioTbl
 COMMON         0x0080dfa0      0x100 ../lab2_cruisecontroloptimized_bsp//libucosii_bsp.a(alt_irq_handler.o)
                0x0080dfa0                alt_irq
 COMMON         0x0080e0a0       0x8c /opt/altera/13.0sp1/nios2eds/bin/gnu/H-i686-pc-linux-gnu/bin/../lib/gcc/nios2-elf/4.1.2/../../../../nios2-elf/lib/mno-hw-mul/libsmallc.a(lib_a-atexit.o)
                0x0080e0a0                _atexit0
                0x0080e12c                . = ALIGN (0x4)
                0x0080e12c                __bss_end = ABSOLUTE (.)

.sram           0x00000000        0x0 load address 0x0080e12c
                0x00000000                PROVIDE (_alt_partition_sram_start, ABSOLUTE (.))
 *(.sram. sram.*)
                0x00000000                . = ALIGN (0x4)
                0x00000000                PROVIDE (_alt_partition_sram_end, ABSOLUTE (.))
                0x0080e12c                PROVIDE (_alt_partition_sram_load_addr, LOADADDR (.sram))

.sdram          0x0080e12c        0x0
                0x0080e12c                PROVIDE (_alt_partition_sdram_start, ABSOLUTE (.))
 *(.sdram. sdram.*)
                0x0080e12c                . = ALIGN (0x4)
                0x0080e12c                PROVIDE (_alt_partition_sdram_end, ABSOLUTE (.))
                0x0080e12c                _end = ABSOLUTE (.)
                0x0080e12c                end = ABSOLUTE (.)
                0x0080e12c                __alt_stack_base = ABSOLUTE (.)
                0x0080e12c                PROVIDE (_alt_partition_sdram_load_addr, LOADADDR (.sdram))

.onchip_memory  0x01008000        0x0 load address 0x0080e12c
                0x01008000                PROVIDE (_alt_partition_onchip_memory_start, ABSOLUTE (.))
 *(.onchip_memory. onchip_memory.*)
                0x01008000                . = ALIGN (0x4)
                0x01008000                PROVIDE (_alt_partition_onchip_memory_end, ABSOLUTE (.))
                0x0080e12c                PROVIDE (_alt_partition_onchip_memory_load_addr, LOADADDR (.onchip_memory))

.stab
 *(.stab)

.stabstr
 *(.stabstr)

.stab.excl
 *(.stab.excl)

.stab.exclstr
 *(.stab.exclstr)

.stab.index
 *(.stab.index)

.stab.indexstr
 *(.stab.indexstr)

.comment        0x00000000       0x26
 *(.comment)
 .comment       0x00000000       0x26 obj/default/cruise_opti.o
                                 0x27 (size before relaxing)
 .comment       0x00000000       0x27 /opt/altera/13.0sp1/nios2eds/bin/gnu/H-i686-pc-linux-gnu/bin/../lib/gcc/nios2-elf/4.1.2/mno-hw-mul/libgcc.a(_si_to_sf.o)
 .comment       0x00000000       0x27 /opt/altera/13.0sp1/nios2eds/bin/gnu/H-i686-pc-linux-gnu/bin/../lib/gcc/nios2-elf/4.1.2/mno-hw-mul/libgcc.a(_sf_to_df.o)
 .comment       0x00000000       0x27 /opt/altera/13.0sp1/nios2eds/bin/gnu/H-i686-pc-linux-gnu/bin/../lib/gcc/nios2-elf/4.1.2/mno-hw-mul/libgcc.a(_addsub_df.o)
 .comment       0x00000000       0x27 /opt/altera/13.0sp1/nios2eds/bin/gnu/H-i686-pc-linux-gnu/bin/../lib/gcc/nios2-elf/4.1.2/mno-hw-mul/libgcc.a(_div_df.o)
 .comment       0x00000000       0x27 /opt/altera/13.0sp1/nios2eds/bin/gnu/H-i686-pc-linux-gnu/bin/../lib/gcc/nios2-elf/4.1.2/mno-hw-mul/libgcc.a(_si_to_df.o)
 .comment       0x00000000       0x27 /opt/altera/13.0sp1/nios2eds/bin/gnu/H-i686-pc-linux-gnu/bin/../lib/gcc/nios2-elf/4.1.2/mno-hw-mul/libgcc.a(_df_to_si.o)
 .comment       0x00000000       0x27 /opt/altera/13.0sp1/nios2eds/bin/gnu/H-i686-pc-linux-gnu/bin/../lib/gcc/nios2-elf/4.1.2/mno-hw-mul/libgcc.a(_make_df.o)
 .comment       0x00000000       0x27 /opt/altera/13.0sp1/nios2eds/bin/gnu/H-i686-pc-linux-gnu/bin/../lib/gcc/nios2-elf/4.1.2/mno-hw-mul/libgcc.a(_thenan_df.o)
 .comment       0x00000000       0x27 /opt/altera/13.0sp1/nios2eds/bin/gnu/H-i686-pc-linux-gnu/bin/../lib/gcc/nios2-elf/4.1.2/mno-hw-mul/libgcc.a(lib2-divmod.o)
 .comment       0x00000000       0x27 /opt/altera/13.0sp1/nios2eds/bin/gnu/H-i686-pc-linux-gnu/bin/../lib/gcc/nios2-elf/4.1.2/mno-hw-mul/libgcc.a(lib2-mul.o)
 .comment       0x00000000       0x27 /opt/altera/13.0sp1/nios2eds/bin/gnu/H-i686-pc-linux-gnu/bin/../lib/gcc/nios2-elf/4.1.2/mno-hw-mul/libgcc.a(_clzsi2.o)
 .comment       0x00000000       0x27 /opt/altera/13.0sp1/nios2eds/bin/gnu/H-i686-pc-linux-gnu/bin/../lib/gcc/nios2-elf/4.1.2/mno-hw-mul/libgcc.a(_pack_sf.o)
 .comment       0x00000000       0x27 /opt/altera/13.0sp1/nios2eds/bin/gnu/H-i686-pc-linux-gnu/bin/../lib/gcc/nios2-elf/4.1.2/mno-hw-mul/libgcc.a(_unpack_sf.o)
 .comment       0x00000000       0x27 /opt/altera/13.0sp1/nios2eds/bin/gnu/H-i686-pc-linux-gnu/bin/../lib/gcc/nios2-elf/4.1.2/mno-hw-mul/libgcc.a(_pack_df.o)
 .comment       0x00000000       0x27 /opt/altera/13.0sp1/nios2eds/bin/gnu/H-i686-pc-linux-gnu/bin/../lib/gcc/nios2-elf/4.1.2/mno-hw-mul/libgcc.a(_unpack_df.o)
 .comment       0x00000000       0x27 /opt/altera/13.0sp1/nios2eds/bin/gnu/H-i686-pc-linux-gnu/bin/../lib/gcc/nios2-elf/4.1.2/mno-hw-mul/libgcc.a(_clz.o)
 .comment       0x00000000       0x27 /opt/altera/13.0sp1/nios2eds/bin/gnu/H-i686-pc-linux-gnu/bin/../lib/gcc/nios2-elf/4.1.2/../../../../nios2-elf/lib/mno-hw-mul/libsmallc.a(lib_a-printf.o)
 .comment       0x00000000       0x27 /opt/altera/13.0sp1/nios2eds/bin/gnu/H-i686-pc-linux-gnu/bin/../lib/gcc/nios2-elf/4.1.2/../../../../nios2-elf/lib/mno-hw-mul/libsmallc.a(lib_a-vfprintf.o)
 .comment       0x00000000       0x27 /opt/altera/13.0sp1/nios2eds/bin/gnu/H-i686-pc-linux-gnu/bin/../lib/gcc/nios2-elf/4.1.2/../../../../nios2-elf/lib/mno-hw-mul/libsmallc.a(lib_a-fvwrite_small_dev.o)
 .comment       0x00000000       0x27 /opt/altera/13.0sp1/nios2eds/bin/gnu/H-i686-pc-linux-gnu/bin/../lib/gcc/nios2-elf/4.1.2/../../../../nios2-elf/lib/mno-hw-mul/libsmallc.a(lib_a-impure.o)
 .comment       0x00000000       0x27 /opt/altera/13.0sp1/nios2eds/bin/gnu/H-i686-pc-linux-gnu/bin/../lib/gcc/nios2-elf/4.1.2/../../../../nios2-elf/lib/mno-hw-mul/libsmallc.a(lib_a-strlen.o)
 .comment       0x00000000       0x27 /opt/altera/13.0sp1/nios2eds/bin/gnu/H-i686-pc-linux-gnu/bin/../lib/gcc/nios2-elf/4.1.2/../../../../nios2-elf/lib/mno-hw-mul/libsmallc.a(lib_a-writer.o)
 .comment       0x00000000       0x27 /opt/altera/13.0sp1/nios2eds/bin/gnu/H-i686-pc-linux-gnu/bin/../lib/gcc/nios2-elf/4.1.2/../../../../nios2-elf/lib/mno-hw-mul/libsmallc.a(lib_a-int_errno.o)
 .comment       0x00000000       0x27 ../lab2_cruisecontroloptimized_bsp//libucosii_bsp.a(alt_alarm_start.o)
 .comment       0x00000000       0x27 ../lab2_cruisecontroloptimized_bsp//libucosii_bsp.a(alt_load.o)
 .comment       0x00000000       0x27 ../lab2_cruisecontroloptimized_bsp//libucosii_bsp.a(alt_main.o)
 .comment       0x00000000       0x27 ../lab2_cruisecontroloptimized_bsp//libucosii_bsp.a(alt_printf.o)
 .comment       0x00000000       0x27 ../lab2_cruisecontroloptimized_bsp//libucosii_bsp.a(alt_putchar.o)
 .comment       0x00000000       0x27 ../lab2_cruisecontroloptimized_bsp//libucosii_bsp.a(alt_tick.o)
 .comment       0x00000000       0x27 ../lab2_cruisecontroloptimized_bsp//libucosii_bsp.a(alt_write.o)
 .comment       0x00000000       0x27 ../lab2_cruisecontroloptimized_bsp//libucosii_bsp.a(alt_env_lock.o)
 .comment       0x00000000       0x27 ../lab2_cruisecontroloptimized_bsp//libucosii_bsp.a(alt_malloc_lock.o)
 .comment       0x00000000       0x27 ../lab2_cruisecontroloptimized_bsp//libucosii_bsp.a(os_core.o)
 .comment       0x00000000       0x27 ../lab2_cruisecontroloptimized_bsp//libucosii_bsp.a(os_dbg.o)
 .comment       0x00000000       0x27 ../lab2_cruisecontroloptimized_bsp//libucosii_bsp.a(os_flag.o)
 .comment       0x00000000       0x27 ../lab2_cruisecontroloptimized_bsp//libucosii_bsp.a(os_mbox.o)
 .comment       0x00000000       0x27 ../lab2_cruisecontroloptimized_bsp//libucosii_bsp.a(os_sem.o)
 .comment       0x00000000       0x27 ../lab2_cruisecontroloptimized_bsp//libucosii_bsp.a(os_task.o)
 .comment       0x00000000       0x27 ../lab2_cruisecontroloptimized_bsp//libucosii_bsp.a(os_time.o)
 .comment       0x00000000       0x27 ../lab2_cruisecontroloptimized_bsp//libucosii_bsp.a(os_tmr.o)
 .comment       0x00000000       0x27 ../lab2_cruisecontroloptimized_bsp//libucosii_bsp.a(alt_sys_init.o)
 .comment       0x00000000       0x27 ../lab2_cruisecontroloptimized_bsp//libucosii_bsp.a(altera_avalon_jtag_uart_fd.o)
 .comment       0x00000000       0x27 ../lab2_cruisecontroloptimized_bsp//libucosii_bsp.a(altera_avalon_jtag_uart_read.o)
 .comment       0x00000000       0x27 ../lab2_cruisecontroloptimized_bsp//libucosii_bsp.a(altera_avalon_jtag_uart_write.o)
 .comment       0x00000000       0x27 ../lab2_cruisecontroloptimized_bsp//libucosii_bsp.a(altera_avalon_timer_sc.o)
 .comment       0x00000000       0x27 ../lab2_cruisecontroloptimized_bsp//libucosii_bsp.a(alt_close.o)
 .comment       0x00000000       0x27 ../lab2_cruisecontroloptimized_bsp//libucosii_bsp.a(alt_dcache_flush_all.o)
 .comment       0x00000000       0x27 ../lab2_cruisecontroloptimized_bsp//libucosii_bsp.a(alt_dev.o)
 .comment       0x00000000       0x27 ../lab2_cruisecontroloptimized_bsp//libucosii_bsp.a(alt_dev_llist_insert.o)
 .comment       0x00000000       0x27 ../lab2_cruisecontroloptimized_bsp//libucosii_bsp.a(alt_do_ctors.o)
 .comment       0x00000000       0x27 ../lab2_cruisecontroloptimized_bsp//libucosii_bsp.a(alt_do_dtors.o)
 .comment       0x00000000       0x27 ../lab2_cruisecontroloptimized_bsp//libucosii_bsp.a(alt_errno.o)
 .comment       0x00000000       0x27 ../lab2_cruisecontroloptimized_bsp//libucosii_bsp.a(alt_icache_flush_all.o)
 .comment       0x00000000       0x27 ../lab2_cruisecontroloptimized_bsp//libucosii_bsp.a(alt_iic.o)
 .comment       0x00000000       0x27 ../lab2_cruisecontroloptimized_bsp//libucosii_bsp.a(alt_iic_isr_register.o)
 .comment       0x00000000       0x27 ../lab2_cruisecontroloptimized_bsp//libucosii_bsp.a(alt_io_redirect.o)
 .comment       0x00000000       0x27 ../lab2_cruisecontroloptimized_bsp//libucosii_bsp.a(alt_irq_handler.o)
 .comment       0x00000000       0x27 ../lab2_cruisecontroloptimized_bsp//libucosii_bsp.a(alt_irq_vars.o)
 .comment       0x00000000       0x27 ../lab2_cruisecontroloptimized_bsp//libucosii_bsp.a(alt_open.o)
 .comment       0x00000000       0x27 ../lab2_cruisecontroloptimized_bsp//libucosii_bsp.a(alt_release_fd.o)
 .comment       0x00000000       0x27 ../lab2_cruisecontroloptimized_bsp//libucosii_bsp.a(altera_nios2_qsys_irq.o)
 .comment       0x00000000       0x27 ../lab2_cruisecontroloptimized_bsp//libucosii_bsp.a(os_cpu_c.o)
 .comment       0x00000000       0x27 ../lab2_cruisecontroloptimized_bsp//libucosii_bsp.a(alt_find_dev.o)
 .comment       0x00000000       0x27 ../lab2_cruisecontroloptimized_bsp//libucosii_bsp.a(alt_find_file.o)
 .comment       0x00000000       0x27 ../lab2_cruisecontroloptimized_bsp//libucosii_bsp.a(alt_get_fd.o)
 .comment       0x00000000       0x27 /opt/altera/13.0sp1/nios2eds/bin/gnu/H-i686-pc-linux-gnu/bin/../lib/gcc/nios2-elf/4.1.2/../../../../nios2-elf/lib/mno-hw-mul/libsmallc.a(lib_a-atexit.o)
 .comment       0x00000000       0x27 /opt/altera/13.0sp1/nios2eds/bin/gnu/H-i686-pc-linux-gnu/bin/../lib/gcc/nios2-elf/4.1.2/../../../../nios2-elf/lib/mno-hw-mul/libsmallc.a(lib_a-exit.o)
 .comment       0x00000000       0x27 /opt/altera/13.0sp1/nios2eds/bin/gnu/H-i686-pc-linux-gnu/bin/../lib/gcc/nios2-elf/4.1.2/../../../../nios2-elf/lib/mno-hw-mul/libsmallc.a(lib_a-memcmp.o)
 .comment       0x00000000       0x27 /opt/altera/13.0sp1/nios2eds/bin/gnu/H-i686-pc-linux-gnu/bin/../lib/gcc/nios2-elf/4.1.2/../../../../nios2-elf/lib/mno-hw-mul/libsmallc.a(lib_a-putc.o)
 .comment       0x00000000       0x27 /opt/altera/13.0sp1/nios2eds/bin/gnu/H-i686-pc-linux-gnu/bin/../lib/gcc/nios2-elf/4.1.2/../../../../nios2-elf/lib/mno-hw-mul/libsmallc.a(lib_a-__atexit.o)
 .comment       0x00000000       0x27 /opt/altera/13.0sp1/nios2eds/bin/gnu/H-i686-pc-linux-gnu/bin/../lib/gcc/nios2-elf/4.1.2/../../../../nios2-elf/lib/mno-hw-mul/libsmallc.a(lib_a-__call_atexit.o)
 .comment       0x00000000       0x27 /opt/altera/13.0sp1/nios2eds/bin/gnu/H-i686-pc-linux-gnu/bin/../lib/gcc/nios2-elf/4.1.2/mno-hw-mul/libgcc.a(_ge_df.o)
 .comment       0x00000000       0x27 /opt/altera/13.0sp1/nios2eds/bin/gnu/H-i686-pc-linux-gnu/bin/../lib/gcc/nios2-elf/4.1.2/mno-hw-mul/libgcc.a(_fpcmp_parts_df.o)
 .comment       0x00000000       0x27 ../lab2_cruisecontroloptimized_bsp//libucosii_bsp.a(alt_exit.o)

.debug
 *(.debug)

.line
 *(.line)

.debug_srcinfo
 *(.debug_srcinfo)

.debug_sfnames
 *(.debug_sfnames)

.debug_aranges  0x00000000      0x958
 *(.debug_aranges)
 .debug_aranges
                0x00000000       0x28 ../lab2_cruisecontroloptimized_bsp//obj/HAL/src/crt0.o
 .debug_aranges
                0x00000028       0x20 obj/default/cruise_opti.o
 .debug_aranges
                0x00000048       0x20 /opt/altera/13.0sp1/nios2eds/bin/gnu/H-i686-pc-linux-gnu/bin/../lib/gcc/nios2-elf/4.1.2/mno-hw-mul/libgcc.a(_si_to_sf.o)
 .debug_aranges
                0x00000068       0x20 /opt/altera/13.0sp1/nios2eds/bin/gnu/H-i686-pc-linux-gnu/bin/../lib/gcc/nios2-elf/4.1.2/mno-hw-mul/libgcc.a(_sf_to_df.o)
 .debug_aranges
                0x00000088       0x20 /opt/altera/13.0sp1/nios2eds/bin/gnu/H-i686-pc-linux-gnu/bin/../lib/gcc/nios2-elf/4.1.2/mno-hw-mul/libgcc.a(_addsub_df.o)
 .debug_aranges
                0x000000a8       0x20 /opt/altera/13.0sp1/nios2eds/bin/gnu/H-i686-pc-linux-gnu/bin/../lib/gcc/nios2-elf/4.1.2/mno-hw-mul/libgcc.a(_div_df.o)
 .debug_aranges
                0x000000c8       0x20 /opt/altera/13.0sp1/nios2eds/bin/gnu/H-i686-pc-linux-gnu/bin/../lib/gcc/nios2-elf/4.1.2/mno-hw-mul/libgcc.a(_si_to_df.o)
 .debug_aranges
                0x000000e8       0x20 /opt/altera/13.0sp1/nios2eds/bin/gnu/H-i686-pc-linux-gnu/bin/../lib/gcc/nios2-elf/4.1.2/mno-hw-mul/libgcc.a(_df_to_si.o)
 .debug_aranges
                0x00000108       0x20 /opt/altera/13.0sp1/nios2eds/bin/gnu/H-i686-pc-linux-gnu/bin/../lib/gcc/nios2-elf/4.1.2/mno-hw-mul/libgcc.a(_make_df.o)
 .debug_aranges
                0x00000128       0x20 /opt/altera/13.0sp1/nios2eds/bin/gnu/H-i686-pc-linux-gnu/bin/../lib/gcc/nios2-elf/4.1.2/mno-hw-mul/libgcc.a(lib2-divmod.o)
 .debug_aranges
                0x00000148       0x20 /opt/altera/13.0sp1/nios2eds/bin/gnu/H-i686-pc-linux-gnu/bin/../lib/gcc/nios2-elf/4.1.2/mno-hw-mul/libgcc.a(lib2-mul.o)
 .debug_aranges
                0x00000168       0x20 /opt/altera/13.0sp1/nios2eds/bin/gnu/H-i686-pc-linux-gnu/bin/../lib/gcc/nios2-elf/4.1.2/mno-hw-mul/libgcc.a(_clzsi2.o)
 .debug_aranges
                0x00000188       0x20 /opt/altera/13.0sp1/nios2eds/bin/gnu/H-i686-pc-linux-gnu/bin/../lib/gcc/nios2-elf/4.1.2/mno-hw-mul/libgcc.a(_pack_sf.o)
 .debug_aranges
                0x000001a8       0x20 /opt/altera/13.0sp1/nios2eds/bin/gnu/H-i686-pc-linux-gnu/bin/../lib/gcc/nios2-elf/4.1.2/mno-hw-mul/libgcc.a(_unpack_sf.o)
 .debug_aranges
                0x000001c8       0x20 /opt/altera/13.0sp1/nios2eds/bin/gnu/H-i686-pc-linux-gnu/bin/../lib/gcc/nios2-elf/4.1.2/mno-hw-mul/libgcc.a(_pack_df.o)
 .debug_aranges
                0x000001e8       0x20 /opt/altera/13.0sp1/nios2eds/bin/gnu/H-i686-pc-linux-gnu/bin/../lib/gcc/nios2-elf/4.1.2/mno-hw-mul/libgcc.a(_unpack_df.o)
 .debug_aranges
                0x00000208       0x20 /opt/altera/13.0sp1/nios2eds/bin/gnu/H-i686-pc-linux-gnu/bin/../lib/gcc/nios2-elf/4.1.2/../../../../nios2-elf/lib/mno-hw-mul/libsmallc.a(lib_a-printf.o)
 .debug_aranges
                0x00000228       0x20 /opt/altera/13.0sp1/nios2eds/bin/gnu/H-i686-pc-linux-gnu/bin/../lib/gcc/nios2-elf/4.1.2/../../../../nios2-elf/lib/mno-hw-mul/libsmallc.a(lib_a-vfprintf.o)
 .debug_aranges
                0x00000248       0x20 /opt/altera/13.0sp1/nios2eds/bin/gnu/H-i686-pc-linux-gnu/bin/../lib/gcc/nios2-elf/4.1.2/../../../../nios2-elf/lib/mno-hw-mul/libsmallc.a(lib_a-fvwrite_small_dev.o)
 .debug_aranges
                0x00000268       0x20 /opt/altera/13.0sp1/nios2eds/bin/gnu/H-i686-pc-linux-gnu/bin/../lib/gcc/nios2-elf/4.1.2/../../../../nios2-elf/lib/mno-hw-mul/libsmallc.a(lib_a-strlen.o)
 .debug_aranges
                0x00000288       0x20 /opt/altera/13.0sp1/nios2eds/bin/gnu/H-i686-pc-linux-gnu/bin/../lib/gcc/nios2-elf/4.1.2/../../../../nios2-elf/lib/mno-hw-mul/libsmallc.a(lib_a-writer.o)
 .debug_aranges
                0x000002a8       0x20 ../lab2_cruisecontroloptimized_bsp//libucosii_bsp.a(alt_alarm_start.o)
 .debug_aranges
                0x000002c8       0x20 ../lab2_cruisecontroloptimized_bsp//libucosii_bsp.a(alt_load.o)
 .debug_aranges
                0x000002e8       0x20 ../lab2_cruisecontroloptimized_bsp//libucosii_bsp.a(alt_main.o)
 .debug_aranges
                0x00000308       0x20 ../lab2_cruisecontroloptimized_bsp//libucosii_bsp.a(alt_printf.o)
 .debug_aranges
                0x00000328       0x20 ../lab2_cruisecontroloptimized_bsp//libucosii_bsp.a(alt_putchar.o)
 .debug_aranges
                0x00000348       0x20 ../lab2_cruisecontroloptimized_bsp//libucosii_bsp.a(alt_tick.o)
 .debug_aranges
                0x00000368       0x20 ../lab2_cruisecontroloptimized_bsp//libucosii_bsp.a(alt_write.o)
 .debug_aranges
                0x00000388       0x20 ../lab2_cruisecontroloptimized_bsp//libucosii_bsp.a(alt_env_lock.o)
 .debug_aranges
                0x000003a8       0x20 ../lab2_cruisecontroloptimized_bsp//libucosii_bsp.a(alt_malloc_lock.o)
 .debug_aranges
                0x000003c8       0x20 ../lab2_cruisecontroloptimized_bsp//libucosii_bsp.a(os_core.o)
 .debug_aranges
                0x000003e8       0x20 ../lab2_cruisecontroloptimized_bsp//libucosii_bsp.a(os_dbg.o)
 .debug_aranges
                0x00000408       0x20 ../lab2_cruisecontroloptimized_bsp//libucosii_bsp.a(os_flag.o)
 .debug_aranges
                0x00000428       0x20 ../lab2_cruisecontroloptimized_bsp//libucosii_bsp.a(os_mbox.o)
 .debug_aranges
                0x00000448       0x20 ../lab2_cruisecontroloptimized_bsp//libucosii_bsp.a(os_sem.o)
 .debug_aranges
                0x00000468       0x20 ../lab2_cruisecontroloptimized_bsp//libucosii_bsp.a(os_task.o)
 .debug_aranges
                0x00000488       0x20 ../lab2_cruisecontroloptimized_bsp//libucosii_bsp.a(os_time.o)
 .debug_aranges
                0x000004a8       0x20 ../lab2_cruisecontroloptimized_bsp//libucosii_bsp.a(os_tmr.o)
 .debug_aranges
                0x000004c8       0x20 ../lab2_cruisecontroloptimized_bsp//libucosii_bsp.a(alt_sys_init.o)
 .debug_aranges
                0x000004e8       0x20 ../lab2_cruisecontroloptimized_bsp//libucosii_bsp.a(altera_avalon_jtag_uart_fd.o)
 .debug_aranges
                0x00000508       0x20 ../lab2_cruisecontroloptimized_bsp//libucosii_bsp.a(altera_avalon_jtag_uart_read.o)
 .debug_aranges
                0x00000528       0x20 ../lab2_cruisecontroloptimized_bsp//libucosii_bsp.a(altera_avalon_jtag_uart_write.o)
 .debug_aranges
                0x00000548       0x20 ../lab2_cruisecontroloptimized_bsp//libucosii_bsp.a(altera_avalon_timer_sc.o)
 .debug_aranges
                0x00000568       0x20 ../lab2_cruisecontroloptimized_bsp//libucosii_bsp.a(alt_close.o)
 .debug_aranges
                0x00000588       0x20 ../lab2_cruisecontroloptimized_bsp//libucosii_bsp.a(alt_dcache_flush_all.o)
 .debug_aranges
                0x000005a8       0x20 ../lab2_cruisecontroloptimized_bsp//libucosii_bsp.a(alt_dev.o)
 .debug_aranges
                0x000005c8       0x20 ../lab2_cruisecontroloptimized_bsp//libucosii_bsp.a(alt_dev_llist_insert.o)
 .debug_aranges
                0x000005e8       0x20 ../lab2_cruisecontroloptimized_bsp//libucosii_bsp.a(alt_do_ctors.o)
 .debug_aranges
                0x00000608       0x20 ../lab2_cruisecontroloptimized_bsp//libucosii_bsp.a(alt_do_dtors.o)
 .debug_aranges
                0x00000628       0x20 ../lab2_cruisecontroloptimized_bsp//libucosii_bsp.a(alt_icache_flush_all.o)
 .debug_aranges
                0x00000648       0x20 ../lab2_cruisecontroloptimized_bsp//libucosii_bsp.a(alt_iic.o)
 .debug_aranges
                0x00000668       0x20 ../lab2_cruisecontroloptimized_bsp//libucosii_bsp.a(alt_iic_isr_register.o)
 .debug_aranges
                0x00000688       0x20 ../lab2_cruisecontroloptimized_bsp//libucosii_bsp.a(alt_io_redirect.o)
 .debug_aranges
                0x000006a8       0x30 ../lab2_cruisecontroloptimized_bsp//libucosii_bsp.a(alt_irq_entry.o)
 .debug_aranges
                0x000006d8       0x28 ../lab2_cruisecontroloptimized_bsp//libucosii_bsp.a(alt_irq_handler.o)
 .debug_aranges
                0x00000700       0x20 ../lab2_cruisecontroloptimized_bsp//libucosii_bsp.a(alt_open.o)
 .debug_aranges
                0x00000720       0x20 ../lab2_cruisecontroloptimized_bsp//libucosii_bsp.a(alt_release_fd.o)
 .debug_aranges
                0x00000740       0x20 ../lab2_cruisecontroloptimized_bsp//libucosii_bsp.a(altera_nios2_qsys_irq.o)
 .debug_aranges
                0x00000760       0x20 ../lab2_cruisecontroloptimized_bsp//libucosii_bsp.a(os_cpu_a.o)
 .debug_aranges
                0x00000780       0x20 ../lab2_cruisecontroloptimized_bsp//libucosii_bsp.a(os_cpu_c.o)
 .debug_aranges
                0x000007a0       0x38 ../lab2_cruisecontroloptimized_bsp//libucosii_bsp.a(alt_exception_entry.o)
 .debug_aranges
                0x000007d8       0x20 ../lab2_cruisecontroloptimized_bsp//libucosii_bsp.a(alt_find_dev.o)
 .debug_aranges
                0x000007f8       0x20 ../lab2_cruisecontroloptimized_bsp//libucosii_bsp.a(alt_find_file.o)
 .debug_aranges
                0x00000818       0x20 ../lab2_cruisecontroloptimized_bsp//libucosii_bsp.a(alt_get_fd.o)
 .debug_aranges
                0x00000838       0x20 /opt/altera/13.0sp1/nios2eds/bin/gnu/H-i686-pc-linux-gnu/bin/../lib/gcc/nios2-elf/4.1.2/../../../../nios2-elf/lib/mno-hw-mul/libsmallc.a(lib_a-atexit.o)
 .debug_aranges
                0x00000858       0x20 /opt/altera/13.0sp1/nios2eds/bin/gnu/H-i686-pc-linux-gnu/bin/../lib/gcc/nios2-elf/4.1.2/../../../../nios2-elf/lib/mno-hw-mul/libsmallc.a(lib_a-exit.o)
 .debug_aranges
                0x00000878       0x20 /opt/altera/13.0sp1/nios2eds/bin/gnu/H-i686-pc-linux-gnu/bin/../lib/gcc/nios2-elf/4.1.2/../../../../nios2-elf/lib/mno-hw-mul/libsmallc.a(lib_a-memcmp.o)
 .debug_aranges
                0x00000898       0x20 /opt/altera/13.0sp1/nios2eds/bin/gnu/H-i686-pc-linux-gnu/bin/../lib/gcc/nios2-elf/4.1.2/../../../../nios2-elf/lib/mno-hw-mul/libsmallc.a(lib_a-putc.o)
 .debug_aranges
                0x000008b8       0x20 /opt/altera/13.0sp1/nios2eds/bin/gnu/H-i686-pc-linux-gnu/bin/../lib/gcc/nios2-elf/4.1.2/../../../../nios2-elf/lib/mno-hw-mul/libsmallc.a(lib_a-__atexit.o)
 .debug_aranges
                0x000008d8       0x20 /opt/altera/13.0sp1/nios2eds/bin/gnu/H-i686-pc-linux-gnu/bin/../lib/gcc/nios2-elf/4.1.2/../../../../nios2-elf/lib/mno-hw-mul/libsmallc.a(lib_a-__call_atexit.o)
 .debug_aranges
                0x000008f8       0x20 /opt/altera/13.0sp1/nios2eds/bin/gnu/H-i686-pc-linux-gnu/bin/../lib/gcc/nios2-elf/4.1.2/mno-hw-mul/libgcc.a(_ge_df.o)
 .debug_aranges
                0x00000918       0x20 /opt/altera/13.0sp1/nios2eds/bin/gnu/H-i686-pc-linux-gnu/bin/../lib/gcc/nios2-elf/4.1.2/mno-hw-mul/libgcc.a(_fpcmp_parts_df.o)
 .debug_aranges
                0x00000938       0x20 ../lab2_cruisecontroloptimized_bsp//libucosii_bsp.a(alt_exit.o)

.debug_pubnames
                0x00000000     0x1b82
 *(.debug_pubnames)
 .debug_pubnames
                0x00000000      0x4c0 obj/default/cruise_opti.o
 .debug_pubnames
                0x000004c0       0x22 /opt/altera/13.0sp1/nios2eds/bin/gnu/H-i686-pc-linux-gnu/bin/../lib/gcc/nios2-elf/4.1.2/mno-hw-mul/libgcc.a(_si_to_sf.o)
 .debug_pubnames
                0x000004e2       0x24 /opt/altera/13.0sp1/nios2eds/bin/gnu/H-i686-pc-linux-gnu/bin/../lib/gcc/nios2-elf/4.1.2/mno-hw-mul/libgcc.a(_sf_to_df.o)
 .debug_pubnames
                0x00000506       0x2c /opt/altera/13.0sp1/nios2eds/bin/gnu/H-i686-pc-linux-gnu/bin/../lib/gcc/nios2-elf/4.1.2/mno-hw-mul/libgcc.a(_addsub_df.o)
 .debug_pubnames
                0x00000532       0x1f /opt/altera/13.0sp1/nios2eds/bin/gnu/H-i686-pc-linux-gnu/bin/../lib/gcc/nios2-elf/4.1.2/mno-hw-mul/libgcc.a(_div_df.o)
 .debug_pubnames
                0x00000551       0x22 /opt/altera/13.0sp1/nios2eds/bin/gnu/H-i686-pc-linux-gnu/bin/../lib/gcc/nios2-elf/4.1.2/mno-hw-mul/libgcc.a(_si_to_df.o)
 .debug_pubnames
                0x00000573       0x20 /opt/altera/13.0sp1/nios2eds/bin/gnu/H-i686-pc-linux-gnu/bin/../lib/gcc/nios2-elf/4.1.2/mno-hw-mul/libgcc.a(_df_to_si.o)
 .debug_pubnames
                0x00000593       0x20 /opt/altera/13.0sp1/nios2eds/bin/gnu/H-i686-pc-linux-gnu/bin/../lib/gcc/nios2-elf/4.1.2/mno-hw-mul/libgcc.a(_make_df.o)
 .debug_pubnames
                0x000005b3       0x22 /opt/altera/13.0sp1/nios2eds/bin/gnu/H-i686-pc-linux-gnu/bin/../lib/gcc/nios2-elf/4.1.2/mno-hw-mul/libgcc.a(_thenan_df.o)
 .debug_pubnames
                0x000005d5       0x48 /opt/altera/13.0sp1/nios2eds/bin/gnu/H-i686-pc-linux-gnu/bin/../lib/gcc/nios2-elf/4.1.2/mno-hw-mul/libgcc.a(lib2-divmod.o)
 .debug_pubnames
                0x0000061d       0x1f /opt/altera/13.0sp1/nios2eds/bin/gnu/H-i686-pc-linux-gnu/bin/../lib/gcc/nios2-elf/4.1.2/mno-hw-mul/libgcc.a(lib2-mul.o)
 .debug_pubnames
                0x0000063c       0x1f /opt/altera/13.0sp1/nios2eds/bin/gnu/H-i686-pc-linux-gnu/bin/../lib/gcc/nios2-elf/4.1.2/mno-hw-mul/libgcc.a(_clzsi2.o)
 .debug_pubnames
                0x0000065b       0x1f /opt/altera/13.0sp1/nios2eds/bin/gnu/H-i686-pc-linux-gnu/bin/../lib/gcc/nios2-elf/4.1.2/mno-hw-mul/libgcc.a(_pack_sf.o)
 .debug_pubnames
                0x0000067a       0x21 /opt/altera/13.0sp1/nios2eds/bin/gnu/H-i686-pc-linux-gnu/bin/../lib/gcc/nios2-elf/4.1.2/mno-hw-mul/libgcc.a(_unpack_sf.o)
 .debug_pubnames
                0x0000069b       0x1f /opt/altera/13.0sp1/nios2eds/bin/gnu/H-i686-pc-linux-gnu/bin/../lib/gcc/nios2-elf/4.1.2/mno-hw-mul/libgcc.a(_pack_df.o)
 .debug_pubnames
                0x000006ba       0x21 /opt/altera/13.0sp1/nios2eds/bin/gnu/H-i686-pc-linux-gnu/bin/../lib/gcc/nios2-elf/4.1.2/mno-hw-mul/libgcc.a(_unpack_df.o)
 .debug_pubnames
                0x000006db       0x20 /opt/altera/13.0sp1/nios2eds/bin/gnu/H-i686-pc-linux-gnu/bin/../lib/gcc/nios2-elf/4.1.2/mno-hw-mul/libgcc.a(_clz.o)
 .debug_pubnames
                0x000006fb       0x2b /opt/altera/13.0sp1/nios2eds/bin/gnu/H-i686-pc-linux-gnu/bin/../lib/gcc/nios2-elf/4.1.2/../../../../nios2-elf/lib/mno-hw-mul/libsmallc.a(lib_a-printf.o)
 .debug_pubnames
                0x00000726       0x45 /opt/altera/13.0sp1/nios2eds/bin/gnu/H-i686-pc-linux-gnu/bin/../lib/gcc/nios2-elf/4.1.2/../../../../nios2-elf/lib/mno-hw-mul/libsmallc.a(lib_a-vfprintf.o)
 .debug_pubnames
                0x0000076b       0x2b /opt/altera/13.0sp1/nios2eds/bin/gnu/H-i686-pc-linux-gnu/bin/../lib/gcc/nios2-elf/4.1.2/../../../../nios2-elf/lib/mno-hw-mul/libsmallc.a(lib_a-fvwrite_small_dev.o)
 .debug_pubnames
                0x00000796       0x39 /opt/altera/13.0sp1/nios2eds/bin/gnu/H-i686-pc-linux-gnu/bin/../lib/gcc/nios2-elf/4.1.2/../../../../nios2-elf/lib/mno-hw-mul/libsmallc.a(lib_a-impure.o)
 .debug_pubnames
                0x000007cf       0x1d /opt/altera/13.0sp1/nios2eds/bin/gnu/H-i686-pc-linux-gnu/bin/../lib/gcc/nios2-elf/4.1.2/../../../../nios2-elf/lib/mno-hw-mul/libsmallc.a(lib_a-strlen.o)
 .debug_pubnames
                0x000007ec       0x1f /opt/altera/13.0sp1/nios2eds/bin/gnu/H-i686-pc-linux-gnu/bin/../lib/gcc/nios2-elf/4.1.2/../../../../nios2-elf/lib/mno-hw-mul/libsmallc.a(lib_a-writer.o)
 .debug_pubnames
                0x0000080b       0x1c /opt/altera/13.0sp1/nios2eds/bin/gnu/H-i686-pc-linux-gnu/bin/../lib/gcc/nios2-elf/4.1.2/../../../../nios2-elf/lib/mno-hw-mul/libsmallc.a(lib_a-int_errno.o)
 .debug_pubnames
                0x00000827       0x26 ../lab2_cruisecontroloptimized_bsp//libucosii_bsp.a(alt_alarm_start.o)
 .debug_pubnames
                0x0000084d       0x1f ../lab2_cruisecontroloptimized_bsp//libucosii_bsp.a(alt_load.o)
 .debug_pubnames
                0x0000086c       0x46 ../lab2_cruisecontroloptimized_bsp//libucosii_bsp.a(alt_main.o)
 .debug_pubnames
                0x000008b2       0x21 ../lab2_cruisecontroloptimized_bsp//libucosii_bsp.a(alt_printf.o)
 .debug_pubnames
                0x000008d3       0x22 ../lab2_cruisecontroloptimized_bsp//libucosii_bsp.a(alt_putchar.o)
 .debug_pubnames
                0x000008f5       0x68 ../lab2_cruisecontroloptimized_bsp//libucosii_bsp.a(alt_tick.o)
 .debug_pubnames
                0x0000095d       0x1c ../lab2_cruisecontroloptimized_bsp//libucosii_bsp.a(alt_write.o)
 .debug_pubnames
                0x00000979       0x41 ../lab2_cruisecontroloptimized_bsp//libucosii_bsp.a(alt_env_lock.o)
 .debug_pubnames
                0x000009ba       0x48 ../lab2_cruisecontroloptimized_bsp//libucosii_bsp.a(alt_malloc_lock.o)
 .debug_pubnames
                0x00000a02      0x41d ../lab2_cruisecontroloptimized_bsp//libucosii_bsp.a(os_core.o)
 .debug_pubnames
                0x00000e1f      0x3c5 ../lab2_cruisecontroloptimized_bsp//libucosii_bsp.a(os_dbg.o)
 .debug_pubnames
                0x000011e4       0xd0 ../lab2_cruisecontroloptimized_bsp//libucosii_bsp.a(os_flag.o)
 .debug_pubnames
                0x000012b4       0x67 ../lab2_cruisecontroloptimized_bsp//libucosii_bsp.a(os_mbox.o)
 .debug_pubnames
                0x0000131b       0x51 ../lab2_cruisecontroloptimized_bsp//libucosii_bsp.a(os_sem.o)
 .debug_pubnames
                0x0000136c       0xaf ../lab2_cruisecontroloptimized_bsp//libucosii_bsp.a(os_task.o)
 .debug_pubnames
                0x0000141b       0x20 ../lab2_cruisecontroloptimized_bsp//libucosii_bsp.a(os_time.o)
 .debug_pubnames
                0x0000143b       0xa1 ../lab2_cruisecontroloptimized_bsp//libucosii_bsp.a(os_tmr.o)
 .debug_pubnames
                0x000014dc       0x34 ../lab2_cruisecontroloptimized_bsp//libucosii_bsp.a(alt_sys_init.o)
 .debug_pubnames
                0x00001510       0x5b ../lab2_cruisecontroloptimized_bsp//libucosii_bsp.a(altera_avalon_jtag_uart_fd.o)
 .debug_pubnames
                0x0000156b       0x33 ../lab2_cruisecontroloptimized_bsp//libucosii_bsp.a(altera_avalon_jtag_uart_read.o)
 .debug_pubnames
                0x0000159e       0x34 ../lab2_cruisecontroloptimized_bsp//libucosii_bsp.a(altera_avalon_jtag_uart_write.o)
 .debug_pubnames
                0x000015d2       0x2f ../lab2_cruisecontroloptimized_bsp//libucosii_bsp.a(altera_avalon_timer_sc.o)
 .debug_pubnames
                0x00001601       0x1c ../lab2_cruisecontroloptimized_bsp//libucosii_bsp.a(alt_close.o)
 .debug_pubnames
                0x0000161d       0x2b ../lab2_cruisecontroloptimized_bsp//libucosii_bsp.a(alt_dcache_flush_all.o)
 .debug_pubnames
                0x00001648       0x78 ../lab2_cruisecontroloptimized_bsp//libucosii_bsp.a(alt_dev.o)
 .debug_pubnames
                0x000016c0       0x2b ../lab2_cruisecontroloptimized_bsp//libucosii_bsp.a(alt_dev_llist_insert.o)
 .debug_pubnames
                0x000016eb       0x20 ../lab2_cruisecontroloptimized_bsp//libucosii_bsp.a(alt_do_ctors.o)
 .debug_pubnames
                0x0000170b       0x20 ../lab2_cruisecontroloptimized_bsp//libucosii_bsp.a(alt_do_dtors.o)
 .debug_pubnames
                0x0000172b       0x20 ../lab2_cruisecontroloptimized_bsp//libucosii_bsp.a(alt_errno.o)
 .debug_pubnames
                0x0000174b       0x2b ../lab2_cruisecontroloptimized_bsp//libucosii_bsp.a(alt_icache_flush_all.o)
 .debug_pubnames
                0x00001776       0x6e ../lab2_cruisecontroloptimized_bsp//libucosii_bsp.a(alt_iic.o)
 .debug_pubnames
                0x000017e4       0x2b ../lab2_cruisecontroloptimized_bsp//libucosii_bsp.a(alt_iic_isr_register.o)
 .debug_pubnames
                0x0000180f       0x26 ../lab2_cruisecontroloptimized_bsp//libucosii_bsp.a(alt_io_redirect.o)
 .debug_pubnames
                0x00001835       0x32 ../lab2_cruisecontroloptimized_bsp//libucosii_bsp.a(alt_irq_handler.o)
 .debug_pubnames
                0x00001867       0x3b ../lab2_cruisecontroloptimized_bsp//libucosii_bsp.a(alt_irq_vars.o)
 .debug_pubnames
                0x000018a2       0x1b ../lab2_cruisecontroloptimized_bsp//libucosii_bsp.a(alt_open.o)
 .debug_pubnames
                0x000018bd       0x25 ../lab2_cruisecontroloptimized_bsp//libucosii_bsp.a(alt_release_fd.o)
 .debug_pubnames
                0x000018e2       0x31 ../lab2_cruisecontroloptimized_bsp//libucosii_bsp.a(altera_nios2_qsys_irq.o)
 .debug_pubnames