Archive member included because of file (symbol)

/opt/altera/13.0sp1/nios2eds/bin/gnu/H-i686-pc-linux-gnu/bin/../lib/gcc/nios2-elf/4.1.2/mno-hw-mul/libgcc.a(_si_to_sf.o)
                              obj/default/cruise_opti.o (__floatsisf)
/opt/altera/13.0sp1/nios2eds/bin/gnu/H-i686-pc-linux-gnu/bin/../lib/gcc/nios2-elf/4.1.2/mno-hw-mul/libgcc.a(_sf_to_df.o)
                              obj/default/cruise_opti.o (__extendsfdf2)
/opt/altera/13.0sp1/nios2eds/bin/gnu/H-i686-pc-linux-gnu/bin/../lib/gcc/nios2-elf/4.1.2/mno-hw-mul/libgcc.a(_addsub_df.o)
                              obj/default/cruise_opti.o (__adddf3)
/opt/altera/13.0sp1/nios2eds/bin/gnu/H-i686-pc-linux-gnu/bin/../lib/gcc/nios2-elf/4.1.2/mno-hw-mul/libgcc.a(_div_df.o)
                              obj/default/cruise_opti.o (__divdf3)
/opt/altera/13.0sp1/nios2eds/bin/gnu/H-i686-pc-linux-gnu/bin/../lib/gcc/nios2-elf/4.1.2/mno-hw-mul/libgcc.a(_si_to_df.o)
                              obj/default/cruise_opti.o (__floatsidf)
/opt/altera/13.0sp1/nios2eds/bin/gnu/H-i686-pc-linux-gnu/bin/../lib/gcc/nios2-elf/4.1.2/mno-hw-mul/libgcc.a(_df_to_si.o)
                              obj/default/cruise_opti.o (__fixdfsi)
/opt/altera/13.0sp1/nios2eds/bin/gnu/H-i686-pc-linux-gnu/bin/../lib/gcc/nios2-elf/4.1.2/mno-hw-mul/libgcc.a(_make_df.o)
                              /opt/altera/13.0sp1/nios2eds/bin/gnu/H-i686-pc-linux-gnu/bin/../lib/gcc/nios2-elf/4.1.2/mno-hw-mul/libgcc.a(_sf_to_df.o) (__make_dp)
/opt/altera/13.0sp1/nios2eds/bin/gnu/H-i686-pc-linux-gnu/bin/../lib/gcc/nios2-elf/4.1.2/mno-hw-mul/libgcc.a(_thenan_df.o)
                              /opt/altera/13.0sp1/nios2eds/bin/gnu/H-i686-pc-linux-gnu/bin/../lib/gcc/nios2-elf/4.1.2/mno-hw-mul/libgcc.a(_addsub_df.o) (__thenan_df)
/opt/altera/13.0sp1/nios2eds/bin/gnu/H-i686-pc-linux-gnu/bin/../lib/gcc/nios2-elf/4.1.2/mno-hw-mul/libgcc.a(lib2-divmod.o)
                              obj/default/cruise_opti.o (__divsi3)
/opt/altera/13.0sp1/nios2eds/bin/gnu/H-i686-pc-linux-gnu/bin/../lib/gcc/nios2-elf/4.1.2/mno-hw-mul/libgcc.a(lib2-mul.o)
                              obj/default/cruise_opti.o (__mulsi3)
/opt/altera/13.0sp1/nios2eds/bin/gnu/H-i686-pc-linux-gnu/bin/../lib/gcc/nios2-elf/4.1.2/mno-hw-mul/libgcc.a(_clzsi2.o)
                              /opt/altera/13.0sp1/nios2eds/bin/gnu/H-i686-pc-linux-gnu/bin/../lib/gcc/nios2-elf/4.1.2/mno-hw-mul/libgcc.a(_si_to_sf.o) (__clzsi2)
/opt/altera/13.0sp1/nios2eds/bin/gnu/H-i686-pc-linux-gnu/bin/../lib/gcc/nios2-elf/4.1.2/mno-hw-mul/libgcc.a(_pack_sf.o)
                              /opt/altera/13.0sp1/nios2eds/bin/gnu/H-i686-pc-linux-gnu/bin/../lib/gcc/nios2-elf/4.1.2/mno-hw-mul/libgcc.a(_si_to_sf.o) (__pack_f)
/opt/altera/13.0sp1/nios2eds/bin/gnu/H-i686-pc-linux-gnu/bin/../lib/gcc/nios2-elf/4.1.2/mno-hw-mul/libgcc.a(_unpack_sf.o)
                              /opt/altera/13.0sp1/nios2eds/bin/gnu/H-i686-pc-linux-gnu/bin/../lib/gcc/nios2-elf/4.1.2/mno-hw-mul/libgcc.a(_sf_to_df.o) (__unpack_f)
/opt/altera/13.0sp1/nios2eds/bin/gnu/H-i686-pc-linux-gnu/bin/../lib/gcc/nios2-elf/4.1.2/mno-hw-mul/libgcc.a(_pack_df.o)
                              /opt/altera/13.0sp1/nios2eds/bin/gnu/H-i686-pc-linux-gnu/bin/../lib/gcc/nios2-elf/4.1.2/mno-hw-mul/libgcc.a(_addsub_df.o) (__pack_d)
/opt/altera/13.0sp1/nios2eds/bin/gnu/H-i686-pc-linux-gnu/bin/../lib/gcc/nios2-elf/4.1.2/mno-hw-mul/libgcc.a(_unpack_df.o)
                              /opt/altera/13.0sp1/nios2eds/bin/gnu/H-i686-pc-linux-gnu/bin/../lib/gcc/nios2-elf/4.1.2/mno-hw-mul/libgcc.a(_addsub_df.o) (__unpack_d)
/opt/altera/13.0sp1/nios2eds/bin/gnu/H-i686-pc-linux-gnu/bin/../lib/gcc/nios2-elf/4.1.2/mno-hw-mul/libgcc.a(_clz.o)
                              /opt/altera/13.0sp1/nios2eds/bin/gnu/H-i686-pc-linux-gnu/bin/../lib/gcc/nios2-elf/4.1.2/mno-hw-mul/libgcc.a(_clzsi2.o) (__clz_tab)
/opt/altera/13.0sp1/nios2eds/bin/gnu/H-i686-pc-linux-gnu/bin/../lib/gcc/nios2-elf/4.1.2/../../../../nios2-elf/lib/mno-hw-mul/libsmallc.a(lib_a-printf.o)
                              obj/default/cruise_opti.o (printf)
/opt/altera/13.0sp1/nios2eds/bin/gnu/H-i686-pc-linux-gnu/bin/../lib/gcc/nios2-elf/4.1.2/../../../../nios2-elf/lib/mno-hw-mul/libsmallc.a(lib_a-vfprintf.o)
                              /opt/altera/13.0sp1/nios2eds/bin/gnu/H-i686-pc-linux-gnu/bin/../lib/gcc/nios2-elf/4.1.2/../../../../nios2-elf/lib/mno-hw-mul/libsmallc.a(lib_a-printf.o) (___vfprintf_internal_r)
/opt/altera/13.0sp1/nios2eds/bin/gnu/H-i686-pc-linux-gnu/bin/../lib/gcc/nios2-elf/4.1.2/../../../../nios2-elf/lib/mno-hw-mul/libsmallc.a(lib_a-fvwrite_small_dev.o)
                              /opt/altera/13.0sp1/nios2eds/bin/gnu/H-i686-pc-linux-gnu/bin/../lib/gcc/nios2-elf/4.1.2/../../../../nios2-elf/lib/mno-hw-mul/libsmallc.a(lib_a-printf.o) (__sfvwrite_small_dev)
/opt/altera/13.0sp1/nios2eds/bin/gnu/H-i686-pc-linux-gnu/bin/../lib/gcc/nios2-elf/4.1.2/../../../../nios2-elf/lib/mno-hw-mul/libsmallc.a(lib_a-impure.o)
[...]
Memory Configuration

Name             Origin             Length             Attributes
sram             0x00000000         0x00080000
reset            0x00800000         0x00000020
sdram            0x00800020         0x007fffe0
onchip_memory    0x01008000         0x00008000
*default*        0x00000000         0xffffffff

Linker script and memory map

LOAD ../lab2_cruisecontroloptimized_bsp//obj/HAL/src/crt0.o
LOAD obj/default/cruise_opti.o
LOAD /opt/altera/13.0sp1/nios2eds/bin/gnu/H-i686-pc-linux-gnu/bin/../lib/gcc/nios2-elf/4.1.2/../../../../nios2-elf/lib/mno-hw-mul/libstdc++.a
LOAD /opt/altera/13.0sp1/nios2eds/bin/gnu/H-i686-pc-linux-gnu/bin/../lib/gcc/nios2-elf/4.1.2/../../../../nios2-elf/lib/mno-hw-mul/libm.a
LOAD /opt/altera/13.0sp1/nios2eds/bin/gnu/H-i686-pc-linux-gnu/bin/../lib/gcc/nios2-elf/4.1.2/mno-hw-mul/libgcc.a
START GROUP
LOAD /opt/altera/13.0sp1/nios2eds/bin/gnu/H-i686-pc-linux-gnu/bin/../lib/gcc/nios2-elf/4.1.2/../../../../nios2-elf/lib/mno-hw-mul/libsmallc.a
LOAD /opt/altera/13.0sp1/nios2eds/bin/gnu/H-i686-pc-linux-gnu/bin/../lib/gcc/nios2-elf/4.1.2/mno-hw-mul/libgcc.a
LOAD ../lab2_cruisecontroloptimized_bsp//libucosii_bsp.a
END GROUP
LOAD /opt/altera/13.0sp1/nios2eds/bin/gnu/H-i686-pc-linux-gnu/bin/../lib/gcc/nios2-elf/4.1.2/mno-hw-mul/libgcc.a
                0x00000000                __alt_mem_sram = 0x0
                0x00800000                __alt_mem_sdram = 0x800000
                0x01008000                __alt_mem_onchip_memory = 0x1008000

.entry          0x00800000       0x20
 *(.entry)
 .entry         0x00800000       0x20 ../lab2_cruisecontroloptimized_bsp//obj/HAL/src/crt0.o
                0x00800000                __reset

.exceptions     0x00800020      0x124
                0x00800020                PROVIDE (__ram_exceptions_start, ABSOLUTE (.))
                0x00800020                . = ALIGN (0x20)
 *(.irq)
 *(.exceptions.entry.label)
 .exceptions.entry.label
                0x00800020        0x0 ../lab2_cruisecontroloptimized_bsp//libucosii_bsp.a(alt_irq_entry.o)
                0x00800020                alt_irq_entry
 .exceptions.entry.label
                0x00800020        0x0 ../lab2_cruisecontroloptimized_bsp//libucosii_bsp.a(alt_exception_entry.o)
                0x00800020                alt_exception
 *(.exceptions.entry.user)
 *(.exceptions.entry)
 .exceptions.entry
                0x00800020       0x54 ../lab2_cruisecontroloptimized_bsp//libucosii_bsp.a(alt_exception_entry.o)
 *(.exceptions.irqtest.user)
 *(.exceptions.irqtest)
 .exceptions.irqtest
                0x00800074       0x10 ../lab2_cruisecontroloptimized_bsp//libucosii_bsp.a(alt_irq_entry.o)
 *(.exceptions.irqhandler.user)
 *(.exceptions.irqhandler)
 .exceptions.irqhandler
                0x00800084        0x4 ../lab2_cruisecontroloptimized_bsp//libucosii_bsp.a(alt_irq_entry.o)
 *(.exceptions.irqreturn.user)
 *(.exceptions.irqreturn)
 .exceptions.irqreturn
                0x00800088        0x4 ../lab2_cruisecontroloptimized_bsp//libucosii_bsp.a(alt_irq_entry.o)
 *(.exceptions.notirq.label)
 .exceptions.notirq.label
                0x0080008c        0x0 ../lab2_cruisecontroloptimized_bsp//libucosii_bsp.a(alt_irq_entry.o)
 *(.exceptions.notirq.user)
 *(.exceptions.notirq)
 .exceptions.notirq
                0x0080008c        0x8 ../lab2_cruisecontroloptimized_bsp//libucosii_bsp.a(alt_exception_entry.o)
 *(.exceptions.soft.user)
 *(.exceptions.soft)
 *(.exceptions.unknown.user)
 *(.exceptions.unknown)
 .exceptions.unknown
                0x00800094        0x4 ../lab2_cruisecontroloptimized_bsp//libucosii_bsp.a(alt_exception_entry.o)
 *(.exceptions.exit.label)
 .exceptions.exit.label
                0x00800098        0x0 ../lab2_cruisecontroloptimized_bsp//libucosii_bsp.a(alt_irq_entry.o)
 .exceptions.exit.label
                0x00800098        0x0 ../lab2_cruisecontroloptimized_bsp//libucosii_bsp.a(alt_exception_entry.o)
 *(.exceptions.exit.user)
 *(.exceptions.exit)
 .exceptions.exit
                0x00800098       0x54 ../lab2_cruisecontroloptimized_bsp//libucosii_bsp.a(alt_exception_entry.o)
 *(.exceptions)
 .exceptions    0x008000ec       0x58 ../lab2_cruisecontroloptimized_bsp//libucosii_bsp.a(alt_irq_handler.o)
                0x008000ec                alt_irq_handler
                0x00800144                PROVIDE (__ram_exceptions_end, ABSOLUTE (.))
                0x00800020                PROVIDE (__flash_exceptions_start, LOADADDR (.exceptions))

.text           0x00800144     0x82f8
                0x00800144                PROVIDE (stext, ABSOLUTE (.))
 *(.interp)
 *(.hash)
 *(.dynsym)
 *(.dynstr)
 *(.gnu.version)
 *(.gnu.version_d)
 *(.gnu.version_r)
 *(.rel.init)
 *(.rela.init)
 *(.rel.text .rel.text.* .rel.gnu.linkonce.t.*)
 *(.rela.text .rela.text.* .rela.gnu.linkonce.t.*)
 *(.rel.fini)
 *(.rela.fini)
 *(.rel.rodata .rel.rodata.* .rel.gnu.linkonce.r.*)
 *(.rela.rodata .rela.rodata.* .rela.gnu.linkonce.r.*)
 *(.rel.data .rel.data.* .rel.gnu.linkonce.d.*)
 *(.rela.data .rela.data.* .rela.gnu.linkonce.d.*)
 *(.rel.tdata .rel.tdata.* .rel.gnu.linkonce.td.*)
 *(.rela.tdata .rela.tdata.* .rela.gnu.linkonce.td.*)
 *(.rel.tbss .rel.tbss.* .rel.gnu.linkonce.tb.*)
 *(.rela.tbss .rela.tbss.* .rela.gnu.linkonce.tb.*)
 *(.rel.ctors)
 *(.rela.ctors)
 *(.rel.dtors)
 *(.rela.dtors)
 *(.rel.got)
 *(.rela.got)
 *(.rel.sdata .rel.sdata.* .rel.gnu.linkonce.s.*)
 *(.rela.sdata .rela.sdata.* .rela.gnu.linkonce.s.*)
 *(.rel.sbss .rel.sbss.* .rel.gnu.linkonce.sb.*)
 *(.rela.sbss .rela.sbss.* .rela.gnu.linkonce.sb.*)
 *(.rel.sdata2 .rel.sdata2.* .rel.gnu.linkonce.s2.*)
 *(.rela.sdata2 .rela.sdata2.* .rela.gnu.linkonce.s2.*)
 *(.rel.sbss2 .rel.sbss2.* .rel.gnu.linkonce.sb2.*)
 *(.rela.sbss2 .rela.sbss2.* .rela.gnu.linkonce.sb2.*)
 *(.rel.bss .rel.bss.* .rel.gnu.linkonce.b.*)
 *(.rela.bss .rela.bss.* .rela.gnu.linkonce.b.*)
 *(.rel.plt)
 *(.rela.plt)
 *(.rel.dyn)
 *(.init)
 *(.plt)
 *(.text .stub .text.* .gnu.linkonce.t.*)
 .text          0x00800144       0x3c ../lab2_cruisecontroloptimized_bsp//obj/HAL/src/crt0.o
                0x00800144                _start
 .text          0x00800180     0x1b38 obj/default/cruise_opti.o
                0x00800180                buttons_pressed
                0x008001ac                switches_pressed
                0x008001d4                CallbackStat
                0x00800208                printStackSize
                0x00800284                statisticTask
                0x00800310                alarm_handler
                0x00800340                CallbackVehicle
                0x00800374                CallbackControl
                0x008003a8                CallbackButtons
                0x008003dc                CallbackSwitches
                0x00800410                CallbackOverload
                0x00800444                CallbackExtraloadTask
                0x00800478                CallbackExtraload
                0x008004a4                CallbackWatchdog
                0x008004dc                int2seven
                0x00800518                show_velocity_on_sevenseg
                0x0080060c                show_target_velocity
                0x00800698                show_position
                0x00800720                adjust_position
                0x0080082c                adjust_velocity
                0x0080096c                VehicleTask
                0x00800f5c                ControlTask
                0x00801350                SwitchIO
                0x00801414                ButtonsIO
                0x008014fc                OverloadDetection
                0x00801530                Extraload
                0x00801698                StartTask
                0x00801c3c                main
 .text          0x00801cb8       0x98 /opt/altera/13.0sp1/nios2eds/bin/gnu/H-i686-pc-linux-gnu/bin/../lib/gcc/nios2-elf/4.1.2/mno-hw-mul/libgcc.a(_si_to_sf.o)
                0x00801cb8                __floatsisf
 .text          0x00801d50       0x54 /opt/altera/13.0sp1/nios2eds/bin/gnu/H-i686-pc-linux-gnu/bin/../lib/gcc/nios2-elf/4.1.2/mno-hw-mul/libgcc.a(_sf_to_df.o)
                0x00801d50                __extendsfdf2
 .text          0x00801da4      0x504 /opt/altera/13.0sp1/nios2eds/bin/gnu/H-i686-pc-linux-gnu/bin/../lib/gcc/nios2-elf/4.1.2/mno-hw-mul/libgcc.a(_addsub_df.o)
                0x008021b4                __subdf3
                0x00802234                __adddf3
 .text          0x008022a8      0x258 /opt/altera/13.0sp1/nios2eds/bin/gnu/H-i686-pc-linux-gnu/bin/../lib/gcc/nios2-elf/4.1.2/mno-hw-mul/libgcc.a(_div_df.o)
                0x008022a8                __divdf3
 .text          0x00802500       0xf8 /opt/altera/13.0sp1/nios2eds/bin/gnu/H-i686-pc-linux-gnu/bin/../lib/gcc/nios2-elf/4.1.2/mno-hw-mul/libgcc.a(_si_to_df.o)
                0x00802500                __floatsidf
 .text          0x008025f8       0xd8 /opt/altera/13.0sp1/nios2eds/bin/gnu/H-i686-pc-linux-gnu/bin/../lib/gcc/nios2-elf/4.1.2/mno-hw-mul/libgcc.a(_df_to_si.o)
                0x008025f8                __fixdfsi
 .text          0x008026d0       0x38 /opt/altera/13.0sp1/nios2eds/bin/gnu/H-i686-pc-linux-gnu/bin/../lib/gcc/nios2-elf/4.1.2/mno-hw-mul/libgcc.a(_make_df.o)
                0x008026d0                __make_dp
 .text          0x00802708        0x0 /opt/altera/13.0sp1/nios2eds/bin/gnu/H-i686-pc-linux-gnu/bin/../lib/gcc/nios2-elf/4.1.2/mno-hw-mul/libgcc.a(_thenan_df.o)
 .text          0x00802708      0x14c /opt/altera/13.0sp1/nios2eds/bin/gnu/H-i686-pc-linux-gnu/bin/../lib/gcc/nios2-elf/4.1.2/mno-hw-mul/libgcc.a(lib2-divmod.o)
                0x00802784                __divsi3
                0x008027e4                __modsi3
                0x00802844                __udivsi3
                0x0080284c                __umodsi3
 .text          0x00802854       0x38 /opt/altera/13.0sp1/nios2eds/bin/gnu/H-i686-pc-linux-gnu/bin/../lib/gcc/nios2-elf/4.1.2/mno-hw-mul/libgcc.a(lib2-mul.o)
                0x00802854                __mulsi3
 .text          0x0080288c       0x80 /opt/altera/13.0sp1/nios2eds/bin/gnu/H-i686-pc-linux-gnu/bin/../lib/gcc/nios2-elf/4.1.2/mno-hw-mul/libgcc.a(_clzsi2.o)
                0x0080288c                __clzsi2
 .text          0x0080290c      0x160 /opt/altera/13.0sp1/nios2eds/bin/gnu/H-i686-pc-linux-gnu/bin/../lib/gcc/nios2-elf/4.1.2/mno-hw-mul/libgcc.a(_pack_sf.o)
                0x0080290c                __pack_f
 .text          0x00802a6c       0xc8 /opt/altera/13.0sp1/nios2eds/bin/gnu/H-i686-pc-linux-gnu/bin/../lib/gcc/nios2-elf/4.1.2/mno-hw-mul/libgcc.a(_unpack_sf.o)
                0x00802a6c                __unpack_f
 .text          0x00802b34      0x314 /opt/altera/13.0sp1/nios2eds/bin/gnu/H-i686-pc-linux-gnu/bin/../lib/gcc/nios2-elf/4.1.2/mno-hw-mul/libgcc.a(_pack_df.o)
                0x00802b34                __pack_d
 .text          0x00802e48      0x138 /opt/altera/13.0sp1/nios2eds/bin/gnu/H-i686-pc-linux-gnu/bin/../lib/gcc/nios2-elf/4.1.2/mno-hw-mul/libgcc.a(_unpack_df.o)
                0x00802e48                __unpack_d
 .text          0x00802f80        0x0 /opt/altera/13.0sp1/nios2eds/bin/gnu/H-i686-pc-linux-gnu/bin/../lib/gcc/nios2-elf/4.1.2/mno-hw-mul/libgcc.a(_clz.o)
 .text          0x00802f80       0x98 /opt/altera/13.0sp1/nios2eds/bin/gnu/H-i686-pc-linux-gnu/bin/../lib/gcc/nios2-elf/4.1.2/../../../../nios2-elf/lib/mno-hw-mul/libsmallc.a(lib_a-printf.o)
                0x00802f80                printf
                0x00802fd4                _printf_r
 .text          0x00803018      0x740 /opt/altera/13.0sp1/nios2eds/bin/gnu/H-i686-pc-linux-gnu/bin/../lib/gcc/nios2-elf/4.1.2/../../../../nios2-elf/lib/mno-hw-mul/libsmallc.a(lib_a-vfprintf.o)
                0x00803098                ___vfprintf_internal_r
                0x00803734                __vfprintf_internal
 .text          0x00803758       0xbc /opt/altera/13.0sp1/nios2eds/bin/gnu/H-i686-pc-linux-gnu/bin/../lib/gcc/nios2-elf/4.1.2/../../../../nios2-elf/lib/mno-hw-mul/libsmallc.a(lib_a-fvwrite_small_dev.o)
                0x00803758                __sfvwrite_small_dev
 .text          0x00803814        0x0 /opt/altera/13.0sp1/nios2eds/bin/gnu/H-i686-pc-linux-gnu/bin/../lib/gcc/nios2-elf/4.1.2/../../../../nios2-elf/lib/mno-hw-mul/libsmallc.a(lib_a-impure.o)
 .text          0x00803814       0x20 /opt/altera/13.0sp1/nios2eds/bin/gnu/H-i686-pc-linux-gnu/bin/../lib/gcc/nios2-elf/4.1.2/../../../../nios2-elf/lib/mno-hw-mul/libsmallc.a(lib_a-strlen.o)
                0x00803814                strlen
 .text          0x00803834       0x78 /opt/altera/13.0sp1/nios2eds/bin/gnu/H-i686-pc-linux-gnu/bin/../lib/gcc/nios2-elf/4.1.2/../../../../nios2-elf/lib/mno-hw-mul/libsmallc.a(lib_a-writer.o)
                0x00803834                _write_r
 .text          0x008038ac        0x0 /opt/altera/13.0sp1/nios2eds/bin/gnu/H-i686-pc-linux-gnu/bin/../lib/gcc/nios2-elf/4.1.2/../../../../nios2-elf/lib/mno-hw-mul/libsmallc.a(lib_a-int_errno.o)
 .text          0x008038ac       0x90 ../lab2_cruisecontroloptimized_bsp//libucosii_bsp.a(alt_alarm_start.o)
                0x008038ac                alt_alarm_start
 .text          0x0080393c       0x8c ../lab2_cruisecontroloptimized_bsp//libucosii_bsp.a(alt_load.o)
                0x0080395c                alt_load
 .text          0x008039c8       0xa8 ../lab2_cruisecontroloptimized_bsp//libucosii_bsp.a(alt_main.o)
                0x008039c8                alt_main
 .text          0x00803a70      0x144 ../lab2_cruisecontroloptimized_bsp//libucosii_bsp.a(alt_printf.o)
                0x00803a70                alt_printf
 .text          0x00803bb4       0x14 ../lab2_cruisecontroloptimized_bsp//libucosii_bsp.a(alt_putchar.o)
                0x00803bb4                alt_putchar
 .text          0x00803bc8       0xe0 ../lab2_cruisecontroloptimized_bsp//libucosii_bsp.a(alt_tick.o)
                0x00803bc8                alt_alarm_stop
                0x00803bfc                alt_tick
 .text          0x00803ca8       0xd4 ../lab2_cruisecontroloptimized_bsp//libucosii_bsp.a(alt_write.o)
                0x00803cc8                write
 .text          0x00803d7c        0x8 ../lab2_cruisecontroloptimized_bsp//libucosii_bsp.a(alt_env_lock.o)
                0x00803d7c                __env_lock
                0x00803d80                __env_unlock
 .text          0x00803d84        0x8 ../lab2_cruisecontroloptimized_bsp//libucosii_bsp.a(alt_malloc_lock.o)
                0x00803d84                __malloc_lock
                0x00803d88                __malloc_unlock
 .text          0x00803d8c      0xefc ../lab2_cruisecontroloptimized_bsp//libucosii_bsp.a(os_core.o)
                0x00803d8c                OSVersion
                0x00803d94                OS_Dummy
                0x00803d98                OS_EventTaskWait
                0x00803e1c                OS_EventTaskWaitMulti
                0x00803ebc                OS_EventTaskRemove
                0x00803f08                OS_EventTaskRemoveMulti
                0x00803f64                OS_EventTaskRdy
                0x00804058                OS_EventWaitListInit
                0x00804074                OS_MemClr
                0x00804090                OS_MemCopy
                0x008040b4                OS_StrCopy
                0x008040e0                OS_StrLen
                0x00804100                OS_TaskStatStkChk
                0x00804138                OS_Sched
                0x008041e4                OSStart
                0x00804250                OSInit
                0x00804424                OSEventNameGet
                0x008044b0                OSEventPendMulti
                0x00804784                OSIntEnter
                0x008047c0                OSStatInit
                0x00804824                OSTimeTick
                0x008048fc                OS_TaskIdle
                0x0080492c                OS_TaskStat
                0x008049b0                OS_TCBInit
                0x00804b20                OSIntExit
                0x00804be8                OSEventNameSet
 .text          0x00804c88        0x4 ../lab2_cruisecontroloptimized_bsp//libucosii_bsp.a(os_dbg.o)
                0x00804c88                OSDebugInit
 .text          0x00804c8c      0xb8c ../lab2_cruisecontroloptimized_bsp//libucosii_bsp.a(os_flag.o)
                0x00804d44                OS_FlagUnlink
                0x00804e10                OS_FlagInit
                0x00804e80                OSFlagQuery
                0x00804ec4                OSFlagAccept
                0x00805018                OSFlagCreate
                0x00805098                OSFlagDel
                0x008051e4                OSFlagNameGet
                0x00805278                OSFlagNameSet
                0x00805330                OSFlagPend
                0x00805614                OSFlagPendGetFlagsRdy
                0x00805640                OSFlagPost
 .text          0x00805818      0x420 ../lab2_cruisecontroloptimized_bsp//libucosii_bsp.a(os_mbox.o)
                0x00805818                OSMboxPostOpt
                0x008058e4                OSMboxCreate
                0x00805970                OSMboxPend
                0x00805ae4                OSMboxPendAbort
                0x00805bb4                OSMboxPost
 .text          0x00805c38      0x350 ../lab2_cruisecontroloptimized_bsp//libucosii_bsp.a(os_sem.o)
                0x00805c38                OSSemPost
                0x00805ccc                OSSemCreate
                0x00805d58                OSSemPend
                0x00805eb0                OSSemPendAbort
 .text          0x00805f88      0x8e8 ../lab2_cruisecontroloptimized_bsp//libucosii_bsp.a(os_task.o)
                0x00805f88                OS_TaskStkClr
                0x00805fb8                OSTaskSuspend
                0x008060c0                OSTaskCreateExt
                0x00806228                OSTaskDel
                0x00806454                OSTaskDelReq
                0x008064fc                OSTaskNameGet
                0x008065c8                OSTaskNameSet
                0x008066b4                OSTaskResume
                0x008067a8                OSTaskStkChk
 .text          0x00806870       0x98 ../lab2_cruisecontroloptimized_bsp//libucosii_bsp.a(os_time.o)
                0x00806870                OSTimeDly
 .text          0x00806908      0xac8 ../lab2_cruisecontroloptimized_bsp//libucosii_bsp.a(os_tmr.o)
                0x00806a74                OSTmr_Init
                0x00806cd0                OSTmrStop
                0x00806e18                OSTmrStart
                0x00806f08                OSTmrStateGet
                0x00806fa0                OSTmrRemainGet
                0x008070a8                OSTmrDel
                0x00807190                OSTmrSignal
                0x008071b8                OSTmrNameGet
                0x00807280                OSTmrCreate
 .text          0x008073d0       0x70 ../lab2_cruisecontroloptimized_bsp//libucosii_bsp.a(alt_sys_init.o)
                0x008073d0                alt_sys_init
                0x00807420                alt_irq_init
 .text          0x00807440       0x20 ../lab2_cruisecontroloptimized_bsp//libucosii_bsp.a(altera_avalon_jtag_uart_fd.o)
                0x00807440                altera_avalon_jtag_uart_write_fd
                0x00807450                altera_avalon_jtag_uart_read_fd
 .text          0x00807460       0x60 ../lab2_cruisecontroloptimized_bsp//libucosii_bsp.a(altera_avalon_jtag_uart_read.o)
                0x00807460                altera_avalon_jtag_uart_read
 .text          0x008074c0       0x34 ../lab2_cruisecontroloptimized_bsp//libucosii_bsp.a(altera_avalon_jtag_uart_write.o)
                0x008074c0                altera_avalon_jtag_uart_write
 .text          0x008074f4       0x8c ../lab2_cruisecontroloptimized_bsp//libucosii_bsp.a(altera_avalon_timer_sc.o)
                0x008074f4                alt_avalon_timer_sc_init
 .text          0x00807580       0xbc ../lab2_cruisecontroloptimized_bsp//libucosii_bsp.a(alt_close.o)
                0x008075a0                close
 .text          0x0080763c        0x4 ../lab2_cruisecontroloptimized_bsp//libucosii_bsp.a(alt_dcache_flush_all.o)
                0x0080763c                alt_dcache_flush_all
 .text          0x00807640        0x8 ../lab2_cruisecontroloptimized_bsp//libucosii_bsp.a(alt_dev.o)
 .text          0x00807648       0x70 ../lab2_cruisecontroloptimized_bsp//libucosii_bsp.a(alt_dev_llist_insert.o)
                0x00807648                alt_dev_llist_insert
 .text          0x008076b8       0x40 ../lab2_cruisecontroloptimized_bsp//libucosii_bsp.a(alt_do_ctors.o)
                0x008076b8                _do_ctors
 .text          0x008076f8       0x40 ../lab2_cruisecontroloptimized_bsp//libucosii_bsp.a(alt_do_dtors.o)
                0x008076f8                _do_dtors
 .text          0x00807738        0x0 ../lab2_cruisecontroloptimized_bsp//libucosii_bsp.a(alt_errno.o)
 .text          0x00807738        0x4 ../lab2_cruisecontroloptimized_bsp//libucosii_bsp.a(alt_icache_flush_all.o)
                0x00807738                alt_icache_flush_all
 .text          0x0080773c       0x9c ../lab2_cruisecontroloptimized_bsp//libucosii_bsp.a(alt_iic.o)
                0x0080773c                alt_ic_irq_enabled
                0x00807754                alt_ic_irq_enable
                0x00807794                alt_ic_irq_disable
                0x008077d4                alt_ic_isr_register
 .text          0x008077d8       0x6c ../lab2_cruisecontroloptimized_bsp//libucosii_bsp.a(alt_iic_isr_register.o)
                0x008077d8                alt_iic_isr_register
 .text          0x00807844      0x114 ../lab2_cruisecontroloptimized_bsp//libucosii_bsp.a(alt_io_redirect.o)
                0x008078cc                alt_io_redirect
 .text          0x00807958        0x0 ../lab2_cruisecontroloptimized_bsp//libucosii_bsp.a(alt_irq_entry.o)
 .text          0x00807958        0x0 ../lab2_cruisecontroloptimized_bsp//libucosii_bsp.a(alt_irq_handler.o)
 .text          0x00807958        0x0 ../lab2_cruisecontroloptimized_bsp//libucosii_bsp.a(alt_irq_vars.o)
 .text          0x00807958      0x17c ../lab2_cruisecontroloptimized_bsp//libucosii_bsp.a(alt_open.o)
                0x00807958                open
 .text          0x00807ad4       0x5c ../lab2_cruisecontroloptimized_bsp//libucosii_bsp.a(alt_release_fd.o)
                0x00807ad4                alt_release_fd
 .text          0x00807b30        0x8 ../lab2_cruisecontroloptimized_bsp//libucosii_bsp.a(altera_nios2_qsys_irq.o)
                0x00807b30                altera_nios2_qsys_irq_init
 .text          0x00807b38       0xc0 ../lab2_cruisecontroloptimized_bsp//libucosii_bsp.a(os_cpu_a.o)
                0x00807b38                OSCtxSw
                0x00807b38                OSIntCtxSw
                0x00807bb4                OSStartHighRdy
                0x00807bd4                OSStartTsk
 .text          0x00807bf8       0xa0 ../lab2_cruisecontroloptimized_bsp//libucosii_bsp.a(os_cpu_c.o)
                0x00807bf8                OSTaskStkInit
                0x00807c1c                OSTaskCreateHook
                0x00807c20                OSTaskDelHook
                0x00807c24                OSTaskSwHook
                0x00807c28                OSTaskStatHook
                0x00807c2c                OSInitHookBegin
                0x00807c34                OSInitHookEnd
                0x00807c38                OSTaskIdleHook
                0x00807c3c                OSTCBInitHook
                0x00807c40                OSTimeTickHook
 .text          0x00807c98        0x0 ../lab2_cruisecontroloptimized_bsp//libucosii_bsp.a(alt_exception_entry.o)
 .text          0x00807c98       0x70 ../lab2_cruisecontroloptimized_bsp//libucosii_bsp.a(alt_find_dev.o)
                0x00807c98                alt_find_dev
 .text          0x00807d08       0x9c ../lab2_cruisecontroloptimized_bsp//libucosii_bsp.a(alt_find_file.o)
                0x00807d08                alt_find_file
 .text          0x00807da4       0xa4 ../lab2_cruisecontroloptimized_bsp//libucosii_bsp.a(alt_get_fd.o)
                0x00807da4                alt_get_fd
 .text          0x00807e48       0x14 /opt/altera/13.0sp1/nios2eds/bin/gnu/H-i686-pc-linux-gnu/bin/../lib/gcc/nios2-elf/4.1.2/../../../../nios2-elf/lib/mno-hw-mul/libsmallc.a(lib_a-atexit.o)
                0x00807e48                atexit
 .text          0x00807e5c       0x20 /opt/altera/13.0sp1/nios2eds/bin/gnu/H-i686-pc-linux-gnu/bin/../lib/gcc/nios2-elf/4.1.2/../../../../nios2-elf/lib/mno-hw-mul/libsmallc.a(lib_a-exit.o)
                0x00807e5c                exit
 .text          0x00807e7c       0x3c /opt/altera/13.0sp1/nios2eds/bin/gnu/H-i686-pc-linux-gnu/bin/../lib/gcc/nios2-elf/4.1.2/../../../../nios2-elf/lib/mno-hw-mul/libsmallc.a(lib_a-memcmp.o)
                0x00807e7c                memcmp
 .text          0x00807eb8       0xe4 /opt/altera/13.0sp1/nios2eds/bin/gnu/H-i686-pc-linux-gnu/bin/../lib/gcc/nios2-elf/4.1.2/../../../../nios2-elf/lib/mno-hw-mul/libsmallc.a(lib_a-putc.o)
                0x00807eb8                putc
                0x00807f28                _putc_r
 .text          0x00807f9c      0x16c /opt/altera/13.0sp1/nios2eds/bin/gnu/H-i686-pc-linux-gnu/bin/../lib/gcc/nios2-elf/4.1.2/../../../../nios2-elf/lib/mno-hw-mul/libsmallc.a(lib_a-__atexit.o)
                0x00807f9c                __register_exitproc
 .text          0x00808108      0x1c0 /opt/altera/13.0sp1/nios2eds/bin/gnu/H-i686-pc-linux-gnu/bin/../lib/gcc/nios2-elf/4.1.2/../../../../nios2-elf/lib/mno-hw-mul/libsmallc.a(lib_a-__call_atexit.o)
                0x0080810c                __call_exitprocs
 .text          0x008082c8       0x88 /opt/altera/13.0sp1/nios2eds/bin/gnu/H-i686-pc-linux-gnu/bin/../lib/gcc/nios2-elf/4.1.2/mno-hw-mul/libgcc.a(_ge_df.o)
                0x008082c8                __gedf2
 .text          0x00808350       0xc8 /opt/altera/13.0sp1/nios2eds/bin/gnu/H-i686-pc-linux-gnu/bin/../lib/gcc/nios2-elf/4.1.2/mno-hw-mul/libgcc.a(_fpcmp_parts_df.o)
                0x00808350                __fpcmp_parts_d
 .text          0x00808418       0x20 ../lab2_cruisecontroloptimized_bsp//libucosii_bsp.a(alt_exit.o)
                0x00808418                _exit
 *(.gnu.warning.*)
 *(.fini)
                0x00808438                PROVIDE (__etext, ABSOLUTE (.))
                0x00808438                PROVIDE (_etext, ABSOLUTE (.))
                0x00808438                PROVIDE (etext, ABSOLUTE (.))
 *(.eh_frame_hdr)
                0x00808438                . = ALIGN (0x4)
                0x00808438                PROVIDE (__preinit_array_start, ABSOLUTE (.))
 *(.preinit_array)
                0x00808438                PROVIDE (__preinit_array_end, ABSOLUTE (.))
                0x00808438                PROVIDE (__init_array_start, ABSOLUTE (.))
 *(.init_array)
                0x00808438                PROVIDE (__init_array_end, ABSOLUTE (.))
                0x00808438                PROVIDE (__fini_array_start, ABSOLUTE (.))
 *(.fini_array)
                0x00808438                PROVIDE (__fini_array_end, ABSOLUTE (.))
 *(.eh_frame)
 *(.gcc_except_table)
 *(.dynamic)
                0x00808438                PROVIDE (__CTOR_LIST__, ABSOLUTE (.))
 *(.ctors)
 *(SORT(.ctors.*))
 .ctors.65535   0x00808438        0x4 /opt/altera/13.0sp1/nios2eds/bin/gnu/H-i686-pc-linux-gnu/bin/../lib/gcc/nios2-elf/4.1.2/../../../../nios2-elf/lib/mno-hw-mul/libsmallc.a(lib_a-__call_atexit.o)
                0x0080843c                PROVIDE (__CTOR_END__, ABSOLUTE (.))
                0x0080843c                PROVIDE (__DTOR_LIST__, ABSOLUTE (.))
 *(.dtors)
 *(SORT(.dtors.*))
                0x0080843c                PROVIDE (__DTOR_END__, ABSOLUTE (.))
 *(.jcr)
                0x0080843c                . = ALIGN (0x4)

.rodata         0x0080843c      0x494
                0x0080843c                PROVIDE (__ram_rodata_start, ABSOLUTE (.))
                0x0080843c                . = ALIGN (0x4)
 *(.rodata .rodata.* .gnu.linkonce.r.*)
 .rodata        0x0080843c      0x208 obj/default/cruise_opti.o
 .rodata        0x00808644       0x14 /opt/altera/13.0sp1/nios2eds/bin/gnu/H-i686-pc-linux-gnu/bin/../lib/gcc/nios2-elf/4.1.2/mno-hw-mul/libgcc.a(_thenan_df.o)
                0x00808644                __thenan_df
 .rodata        0x00808658      0x100 /opt/altera/13.0sp1/nios2eds/bin/gnu/H-i686-pc-linux-gnu/bin/../lib/gcc/nios2-elf/4.1.2/mno-hw-mul/libgcc.a(_clz.o)
                0x00808658                __clz_tab
 .rodata.str1.4
                0x00808758       0x11 ../lab2_cruisecontroloptimized_bsp//libucosii_bsp.a(alt_main.o)
                                 0x14 (size before relaxing)
 *fill*         0x00808769        0x3 00
 .rodata.str1.4
                0x0080876c       0x1e ../lab2_cruisecontroloptimized_bsp//libucosii_bsp.a(os_core.o)
                                 0x20 (size before relaxing)
 .rodata        0x0080878a      0x100 ../lab2_cruisecontroloptimized_bsp//libucosii_bsp.a(os_core.o)
                0x0080878a                OSUnMapTbl
 *fill*         0x0080888a        0x2 00
 .rodata.str1.4
                0x0080888c       0x35 ../lab2_cruisecontroloptimized_bsp//libucosii_bsp.a(os_tmr.o)
                                 0x38 (size before relaxing)
 .rodata.str1.4
                0x00000000       0x14 ../lab2_cruisecontroloptimized_bsp//libucosii_bsp.a(alt_sys_init.o)
 *fill*         0x008088c1        0x3 00
 .rodata.str1.4
                0x008088c4        0xc ../lab2_cruisecontroloptimized_bsp//libucosii_bsp.a(alt_dev.o)
 *(.rodata1)
                0x008088d0                . = ALIGN (0x4)
                0x008088d0                PROVIDE (__ram_rodata_end, ABSOLUTE (.))
                0x0080843c                PROVIDE (__flash_rodata_start, LOADADDR (.rodata))

.rwdata         0x008088d0      0x394 load address 0x00808c64
                0x008088d0                PROVIDE (__ram_rwdata_start, ABSOLUTE (.))
                0x008088d0                . = ALIGN (0x4)
 *(.got.plt)
 *(.got)
 *(.data1)
 *(.data .data.* .gnu.linkonce.d.*)
 .data          0x008088d0        0x0 ../lab2_cruisecontroloptimized_bsp//obj/HAL/src/crt0.o
 .data          0x008088d0       0x2c obj/default/cruise_opti.o
 .data          0x008088fc        0x0 /opt/altera/13.0sp1/nios2eds/bin/gnu/H-i686-pc-linux-gnu/bin/../lib/gcc/nios2-elf/4.1.2/mno-hw-mul/libgcc.a(_si_to_sf.o)
 .data          0x008088fc        0x0 /opt/altera/13.0sp1/nios2eds/bin/gnu/H-i686-pc-linux-gnu/bin/../lib/gcc/nios2-elf/4.1.2/mno-hw-mul/libgcc.a(_sf_to_df.o)
 .data          0x008088fc        0x0 /opt/altera/13.0sp1/nios2eds/bin/gnu/H-i686-pc-linux-gnu/bin/../lib/gcc/nios2-elf/4.1.2/mno-hw-mul/libgcc.a(_addsub_df.o)
 .data          0x008088fc        0x0 /opt/altera/13.0sp1/nios2eds/bin/gnu/H-i686-pc-linux-gnu/bin/../lib/gcc/nios2-elf/4.1.2/mno-hw-mul/libgcc.a(_div_df.o)
 .data          0x008088fc        0x0 /opt/altera/13.0sp1/nios2eds/bin/gnu/H-i686-pc-linux-gnu/bin/../lib/gcc/nios2-elf/4.1.2/mno-hw-mul/libgcc.a(_si_to_df.o)
 .data          0x008088fc        0x0 /opt/altera/13.0sp1/nios2eds/bin/gnu/H-i686-pc-linux-gnu/bin/../lib/gcc/nios2-elf/4.1.2/mno-hw-mul/libgcc.a(_df_to_si.o)
 .data          0x008088fc        0x0 /opt/altera/13.0sp1/nios2eds/bin/gnu/H-i686-pc-linux-gnu/bin/../lib/gcc/nios2-elf/4.1.2/mno-hw-mul/libgcc.a(_make_df.o)
 .data          0x008088fc        0x0 /opt/altera/13.0sp1/nios2eds/bin/gnu/H-i686-pc-linux-gnu/bin/../lib/gcc/nios2-elf/4.1.2/mno-hw-mul/libgcc.a(_thenan_df.o)
 .data          0x008088fc        0x0 /opt/altera/13.0sp1/nios2eds/bin/gnu/H-i686-pc-linux-gnu/bin/../lib/gcc/nios2-elf/4.1.2/mno-hw-mul/libgcc.a(lib2-divmod.o)
 .data          0x008088fc        0x0 /opt/altera/13.0sp1/nios2eds/bin/gnu/H-i686-pc-linux-gnu/bin/../lib/gcc/nios2-elf/4.1.2/mno-hw-mul/libgcc.a(lib2-mul.o)
 .data          0x008088fc        0x0 /opt/altera/13.0sp1/nios2eds/bin/gnu/H-i686-pc-linux-gnu/bin/../lib/gcc/nios2-elf/4.1.2/mno-hw-mul/libgcc.a(_clzsi2.o)
 .data          0x008088fc        0x0 /opt/altera/13.0sp1/nios2eds/bin/gnu/H-i686-pc-linux-gnu/bin/../lib/gcc/nios2-elf/4.1.2/mno-hw-mul/libgcc.a(_pack_sf.o)
 .data          0x008088fc        0x0 /opt/altera/13.0sp1/nios2eds/bin/gnu/H-i686-pc-linux-gnu/bin/../lib/gcc/nios2-elf/4.1.2/mno-hw-mul/libgcc.a(_unpack_sf.o)
 .data          0x008088fc        0x0 /opt/altera/13.0sp1/nios2eds/bin/gnu/H-i686-pc-linux-gnu/bin/../lib/gcc/nios2-elf/4.1.2/mno-hw-mul/libgcc.a(_pack_df.o)
 .data          0x008088fc        0x0 /opt/altera/13.0sp1/nios2eds/bin/gnu/H-i686-pc-linux-gnu/bin/../lib/gcc/nios2-elf/4.1.2/mno-hw-mul/libgcc.a(_unpack_df.o)
 .data          0x008088fc        0x0 /opt/altera/13.0sp1/nios2eds/bin/gnu/H-i686-pc-linux-gnu/bin/../lib/gcc/nios2-elf/4.1.2/mno-hw-mul/libgcc.a(_clz.o)
 .data          0x008088fc        0x0 /opt/altera/13.0sp1/nios2eds/bin/gnu/H-i686-pc-linux-gnu/bin/../lib/gcc/nios2-elf/4.1.2/../../../../nios2-elf/lib/mno-hw-mul/libsmallc.a(lib_a-printf.o)
 .data          0x008088fc        0x0 /opt/altera/13.0sp1/nios2eds/bin/gnu/H-i686-pc-linux-gnu/bin/../lib/gcc/nios2-elf/4.1.2/../../../../nios2-elf/lib/mno-hw-mul/libsmallc.a(lib_a-vfprintf.o)
 .data          0x008088fc        0x0 /opt/altera/13.0sp1/nios2eds/bin/gnu/H-i686-pc-linux-gnu/bin/../lib/gcc/nios2-elf/4.1.2/../../../../nios2-elf/lib/mno-hw-mul/libsmallc.a(lib_a-fvwrite_small_dev.o)
 .data          0x008088fc       0xe0 /opt/altera/13.0sp1/nios2eds/bin/gnu/H-i686-pc-linux-gnu/bin/../lib/gcc/nios2-elf/4.1.2/../../../../nios2-elf/lib/mno-hw-mul/libsmallc.a(lib_a-impure.o)
 .data          0x008089dc        0x0 /opt/altera/13.0sp1/nios2eds/bin/gnu/H-i686-pc-linux-gnu/bin/../lib/gcc/nios2-elf/4.1.2/../../../../nios2-elf/lib/mno-hw-mul/libsmallc.a(lib_a-strlen.o)
 .data          0x008089dc        0x0 /opt/altera/13.0sp1/nios2eds/bin/gnu/H-i686-pc-linux-gnu/bin/../lib/gcc/nios2-elf/4.1.2/../../../../nios2-elf/lib/mno-hw-mul/libsmallc.a(lib_a-writer.o)
 .data          0x008089dc        0x0 /opt/altera/13.0sp1/nios2eds/bin/gnu/H-i686-pc-linux-gnu/bin/../lib/gcc/nios2-elf/4.1.2/../../../../nios2-elf/lib/mno-hw-mul/libsmallc.a(lib_a-int_errno.o)
 .data          0x008089dc        0x0 ../lab2_cruisecontroloptimized_bsp//libucosii_bsp.a(alt_alarm_start.o)
 .data          0x008089dc        0x0 ../lab2_cruisecontroloptimized_bsp//libucosii_bsp.a(alt_load.o)
 .data          0x008089dc        0x0 ../lab2_cruisecontroloptimized_bsp//libucosii_bsp.a(alt_main.o)
 .data          0x008089dc        0x0 ../lab2_cruisecontroloptimized_bsp//libucosii_bsp.a(alt_printf.o)
 .data          0x008089dc        0x0 ../lab2_cruisecontroloptimized_bsp//libucosii_bsp.a(alt_putchar.o)
 .data          0x008089dc        0x0 ../lab2_cruisecontroloptimized_bsp//libucosii_bsp.a(alt_tick.o)
 .data          0x008089dc        0x0 ../lab2_cruisecontroloptimized_bsp//libucosii_bsp.a(alt_write.o)
 .data          0x008089dc        0x0 ../lab2_cruisecontroloptimized_bsp//libucosii_bsp.a(alt_env_lock.o)
 .data          0x008089dc        0x0 ../lab2_cruisecontroloptimized_bsp//libucosii_bsp.a(alt_malloc_lock.o)
 .data          0x008089dc        0x0 ../lab2_cruisecontroloptimized_bsp//libucosii_bsp.a(os_core.o)
 .data          0x008089dc        0x0 ../lab2_cruisecontroloptimized_bsp//libucosii_bsp.a(os_dbg.o)
 .data          0x008089dc        0x0 ../lab2_cruisecontroloptimized_bsp//libucosii_bsp.a(os_flag.o)
 .data          0x008089dc        0x0 ../lab2_cruisecontroloptimized_bsp//libucosii_bsp.a(os_mbox.o)
 .data          0x008089dc        0x0 ../lab2_cruisecontroloptimized_bsp//libucosii_bsp.a(os_sem.o)
 .data          0x008089dc        0x0 ../lab2_cruisecontroloptimized_bsp//libucosii_bsp.a(os_task.o)
 .data          0x008089dc        0x0 ../lab2_cruisecontroloptimized_bsp//libucosii_bsp.a(os_time.o)
 .data          0x008089dc        0x0 ../lab2_cruisecontroloptimized_bsp//libucosii_bsp.a(os_tmr.o)
 .data          0x008089dc       0x2c ../lab2_cruisecontroloptimized_bsp//libucosii_bsp.a(alt_sys_init.o)
 .data          0x00808a08        0x0 ../lab2_cruisecontroloptimized_bsp//libucosii_bsp.a(altera_avalon_jtag_uart_fd.o)
 .data          0x00808a08        0x0 ../lab2_cruisecontroloptimized_bsp//libucosii_bsp.a(altera_avalon_jtag_uart_read.o)
 .data          0x00808a08        0x0 ../lab2_cruisecontroloptimized_bsp//libucosii_bsp.a(altera_avalon_jtag_uart_write.o)
 .data          0x00808a08        0x0 ../lab2_cruisecontroloptimized_bsp//libucosii_bsp.a(altera_avalon_timer_sc.o)
 .data          0x00808a08        0x0 ../lab2_cruisecontroloptimized_bsp//libucosii_bsp.a(alt_close.o)
 .data          0x00808a08        0x0 ../lab2_cruisecontroloptimized_bsp//libucosii_bsp.a(alt_dcache_flush_all.o)
 .data          0x00808a08      0x1a8 ../lab2_cruisecontroloptimized_bsp//libucosii_bsp.a(alt_dev.o)
                0x00808a08                alt_dev_null
                0x00808a30                alt_fd_list
 .data          0x00808bb0        0x0 ../lab2_cruisecontroloptimized_bsp//libucosii_bsp.a(alt_dev_llist_insert.o)
 .data          0x00808bb0        0x0 ../lab2_cruisecontroloptimized_bsp//libucosii_bsp.a(alt_do_ctors.o)
 .data          0x00808bb0        0x0 ../lab2_cruisecontroloptimized_bsp//libucosii_bsp.a(alt_do_dtors.o)
 .data          0x00808bb0        0x0 ../lab2_cruisecontroloptimized_bsp//libucosii_bsp.a(alt_errno.o)
 .data          0x00808bb0        0x0 ../lab2_cruisecontroloptimized_bsp//libucosii_bsp.a(alt_icache_flush_all.o)
 .data          0x00808bb0        0x0 ../lab2_cruisecontroloptimized_bsp//libucosii_bsp.a(alt_iic.o)
 .data          0x00808bb0        0x0 ../lab2_cruisecontroloptimized_bsp//libucosii_bsp.a(alt_iic_isr_register.o)
 .data          0x00808bb0        0x0 ../lab2_cruisecontroloptimized_bsp//libucosii_bsp.a(alt_io_redirect.o)
 .data          0x00808bb0        0x0 ../lab2_cruisecontroloptimized_bsp//libucosii_bsp.a(alt_irq_entry.o)
 .data          0x00808bb0        0x0 ../lab2_cruisecontroloptimized_bsp//libucosii_bsp.a(alt_irq_handler.o)
 .data          0x00808bb0        0x0 ../lab2_cruisecontroloptimized_bsp//libucosii_bsp.a(alt_irq_vars.o)
 .data          0x00808bb0        0x0 ../lab2_cruisecontroloptimized_bsp//libucosii_bsp.a(alt_open.o)
 .data          0x00808bb0        0x0 ../lab2_cruisecontroloptimized_bsp//libucosii_bsp.a(alt_release_fd.o)
 .data          0x00808bb0        0x0 ../lab2_cruisecontroloptimized_bsp//libucosii_bsp.a(altera_nios2_qsys_irq.o)
 .data          0x00808bb0        0x0 ../lab2_cruisecontroloptimized_bsp//libucosii_bsp.a(os_cpu_a.o)
 .data          0x00808bb0        0x0 ../lab2_cruisecontroloptimized_bsp//libucosii_bsp.a(os_cpu_c.o)
 .data          0x00808bb0        0x0 ../lab2_cruisecontroloptimized_bsp//libucosii_bsp.a(alt_exception_entry.o)
 .data          0x00808bb0        0x0 ../lab2_cruisecontroloptimized_bsp//libucosii_bsp.a(alt_find_dev.o)
 .data          0x00808bb0        0x0 ../lab2_cruisecontroloptimized_bsp//libucosii_bsp.a(alt_find_file.o)
 .data          0x00808bb0        0x0 ../lab2_cruisecontroloptimized_bsp//libucosii_bsp.a(alt_get_fd.o)
 .data          0x00808bb0        0x0 /opt/altera/13.0sp1/nios2eds/bin/gnu/H-i686-pc-linux-gnu/bin/../lib/gcc/nios2-elf/4.1.2/../../../../nios2-elf/lib/mno-hw-mul/libsmallc.a(lib_a-atexit.o)
 .data          0x00808bb0        0x0 /opt/altera/13.0sp1/nios2eds/bin/gnu/H-i686-pc-linux-gnu/bin/../lib/gcc/nios2-elf/4.1.2/../../../../nios2-elf/lib/mno-hw-mul/libsmallc.a(lib_a-exit.o)
 .data          0x00808bb0        0x0 /opt/altera/13.0sp1/nios2eds/bin/gnu/H-i686-pc-linux-gnu/bin/../lib/gcc/nios2-elf/4.1.2/../../../../nios2-elf/lib/mno-hw-mul/libsmallc.a(lib_a-memcmp.o)
 .data          0x00808bb0        0x0 /opt/altera/13.0sp1/nios2eds/bin/gnu/H-i686-pc-linux-gnu/bin/../lib/gcc/nios2-elf/4.1.2/../../../../nios2-elf/lib/mno-hw-mul/libsmallc.a(lib_a-putc.o)
 .data          0x00808bb0        0x0 /opt/altera/13.0sp1/nios2eds/bin/gnu/H-i686-pc-linux-gnu/bin/../lib/gcc/nios2-elf/4.1.2/../../../../nios2-elf/lib/mno-hw-mul/libsmallc.a(lib_a-__atexit.o)
 .data          0x00808bb0        0x0 /opt/altera/13.0sp1/nios2eds/bin/gnu/H-i686-pc-linux-gnu/bin/../lib/gcc/nios2-elf/4.1.2/../../../../nios2-elf/lib/mno-hw-mul/libsmallc.a(lib_a-__call_atexit.o)
 .data          0x00808bb0        0x0 /opt/altera/13.0sp1/nios2eds/bin/gnu/H-i686-pc-linux-gnu/bin/../lib/gcc/nios2-elf/4.1.2/mno-hw-mul/libgcc.a(_ge_df.o)
 .data          0x00808bb0        0x0 /opt/altera/13.0sp1/nios2eds/bin/gnu/H-i686-pc-linux-gnu/bin/../lib/gcc/nios2-elf/4.1.2/mno-hw-mul/libgcc.a(_fpcmp_parts_df.o)
 .data          0x00808bb0        0x0 ../lab2_cruisecontroloptimized_bsp//libucosii_bsp.a(alt_exit.o)
                0x00810bb0                _gp = ABSOLUTE ((. + 0x8000))
                0x00810bb0                PROVIDE (gp, _gp)
 *(.rwdata .rwdata.*)
 *(.sdata .sdata.* .gnu.linkonce.s.*)
 .sdata         0x00808bb0       0x14 obj/default/cruise_opti.o
                0x00808bb0                gas_pedal
                0x00808bb4                brake_pedal
                0x00808bb8                top_gear
                0x00808bbc                engine
                0x00808bc0                cruise_control
 .sdata         0x00808bc4        0x8 /opt/altera/13.0sp1/nios2eds/bin/gnu/H-i686-pc-linux-gnu/bin/../lib/gcc/nios2-elf/4.1.2/../../../../nios2-elf/lib/mno-hw-mul/libsmallc.a(lib_a-impure.o)
                0x00808bc4                _impure_ptr
                0x00808bc8                _global_impure_ptr
 .sdata         0x00808bcc        0x8 ../lab2_cruisecontroloptimized_bsp//libucosii_bsp.a(alt_tick.o)
                0x00808bcc                alt_alarm_list
 .sdata         0x00808bd4       0x74 ../lab2_cruisecontroloptimized_bsp//libucosii_bsp.a(os_dbg.o)
                0x00808bd4                OSDebugEn
                0x00808bd8                OSEndiannessTest
                0x00808bdc                OSEventEn
                0x00808bde                OSEventMax
                0x00808be0                OSEventNameSize
                0x00808be2                OSEventSize
                0x00808be4                OSEventTblSize
                0x00808be6                OSEventMultiEn
                0x00808be8                OSFlagEn
                0x00808bea                OSFlagGrpSize
                0x00808bec                OSFlagNodeSize
                0x00808bee                OSFlagWidth
                0x00808bf0                OSFlagMax
                0x00808bf2                OSFlagNameSize
                0x00808bf4                OSLowestPrio
                0x00808bf6                OSMboxEn
                0x00808bf8                OSMemEn
                0x00808bfa                OSMemMax
                0x00808bfc                OSMemNameSize
                0x00808bfe                OSMemSize
                0x00808c00                OSMemTblSize
                0x00808c02                OSMutexEn
                0x00808c04                OSPtrSize
                0x00808c06                OSQEn
                0x00808c08                OSQMax
                0x00808c0a                OSQSize
                0x00808c0c                OSRdyTblSize
                0x00808c0e                OSSemEn
                0x00808c10                OSStkWidth
                0x00808c12                OSTaskCreateEn
                0x00808c14                OSTaskCreateExtEn
                0x00808c16                OSTaskDelEn
                0x00808c18                OSTaskIdleStkSize
                0x00808c1a                OSTaskProfileEn
                0x00808c1c                OSTaskMax
                0x00808c1e                OSTaskNameSize
                0x00808c20                OSTaskStatEn
                0x00808c22                OSTaskStatStkSize
                0x00808c24                OSTaskStatStkChkEn
                0x00808c26                OSTaskSwHookEn
                0x00808c28                OSTCBPrioTblMax
                0x00808c2a                OSTCBSize
                0x00808c2c                OSTicksPerSec
                0x00808c2e                OSTimeTickHookEn
                0x00808c30                OSVersionNbr
                0x00808c32                OSTmrEn
                0x00808c34                OSTmrCfgMax
                0x00808c36                OSTmrCfgNameSize
                0x00808c38                OSTmrCfgWheelSize
                0x00808c3a                OSTmrCfgTicksPerSec
                0x00808c3c                OSTmrSize
                0x00808c3e                OSTmrTblSize
                0x00808c40                OSTmrWheelSize
                0x00808c42                OSTmrWheelTblSize
                0x00808c44                OSDataSize
 .sdata         0x00808c48       0x14 ../lab2_cruisecontroloptimized_bsp//libucosii_bsp.a(alt_dev.o)
                0x00808c48                alt_fs_list
                0x00808c50                alt_dev_list
                0x00808c58                alt_max_fd
 .sdata         0x00808c5c        0x4 ../lab2_cruisecontroloptimized_bsp//libucosii_bsp.a(alt_errno.o)
                0x00808c5c                alt_errno
 .sdata         0x00808c60        0x4 ../lab2_cruisecontroloptimized_bsp//libucosii_bsp.a(alt_irq_vars.o)
                0x00808c60                alt_priority_mask
 *(.sdata2 .sdata2.* .gnu.linkonce.s2.*)
                0x00808c64                . = ALIGN (0x4)
                0x00808c64                _edata = ABSOLUTE (.)
                0x00808c64                PROVIDE (edata, ABSOLUTE (.))
                0x00808c64                PROVIDE (__ram_rwdata_end, ABSOLUTE (.))
                0x00808c64                PROVIDE (__flash_rwdata_start, LOADADDR (.rwdata))

.bss            0x00808ff8     0x50fc
                0x00808ff8                __bss_start = ABSOLUTE (.)
                0x00808ff8                PROVIDE (__sbss_start, ABSOLUTE (.))
                0x00808ff8                PROVIDE (___sbss_start, ABSOLUTE (.))
 *(.dynsbss)
 *(.sbss .sbss.* .gnu.linkonce.sb.*)
 .sbss          0x00808ff8       0x14 obj/default/cruise_opti.o
                0x00808ff8                TimerExtraload
                0x00808ffc                led_green
                0x00809000                led_red
                0x00809004                ENGINE
                0x00809005                TOP_GEAR
                0x00809006                GAS_PEDAL
                0x00809007                BRAKE_PEDAL
                0x00809008                CRUISE_CONTROL
                0x00809009                FLAG
 .sbss          0x0080900c       0x48 obj/default/cruise_opti.o
                0x0080900c                SemSwitches
                0x00809010                Mbox_Throttle
                0x00809014                SemExtraload
                0x00809018                Mbox_Velocity
                0x0080901c                TimerVehicle
                0x00809020                SemControl
                0x00809024                TimerWatchdog
                0x00809028                TimerStat
                0x0080902c                TimerOverload
                0x00809030                SemVehicle
                0x00809034                SemOverload
                0x00809038                SemButtons
                0x0080903c                SemStat
                0x00809040                TimerExtraloadTask
                0x00809044                delay
                0x00809048                TimerButtons
                0x0080904c                TimerControl
                0x00809050                TimerSwitches
 .sbss          0x00809054        0x4 /opt/altera/13.0sp1/nios2eds/bin/gnu/H-i686-pc-linux-gnu/bin/../lib/gcc/nios2-elf/4.1.2/../../../../nios2-elf/lib/mno-hw-mul/libsmallc.a(lib_a-int_errno.o)
                0x00809054                errno
 .sbss          0x00809058        0xc ../lab2_cruisecontroloptimized_bsp//libucosii_bsp.a(alt_main.o)
                0x00809058                alt_argc
                0x0080905c                alt_argv
                0x00809060                alt_envp
 .sbss          0x00809064        0x8 ../lab2_cruisecontroloptimized_bsp//libucosii_bsp.a(alt_tick.o)
                0x00809064                _alt_tick_rate
                0x00809068                _alt_nticks
 .sbss          0x0080906c        0x4 ../lab2_cruisecontroloptimized_bsp//libucosii_bsp.a(alt_env_lock.o)
                0x0080906c                alt_envsem
 .sbss          0x00809070        0x4 ../lab2_cruisecontroloptimized_bsp//libucosii_bsp.a(alt_malloc_lock.o)
                0x00809070                alt_heapsem
 .sbss          0x00809074       0x5c ../lab2_cruisecontroloptimized_bsp//libucosii_bsp.a(os_core.o)
                0x00809074                OSTmrFreeList
                0x00809078                OSLockNesting
                0x0080907c                OSTmrSemSignal
                0x00809080                OSRunning
                0x00809084                OSIdleCtr
                0x00809088                OSTmrUsed
                0x0080908a                OSPrioHighRdy
                0x0080908b                OSPrioCur
                0x0080908c                OSTCBList
                0x00809090                OSTickStepState
                0x00809094                OSCtxSwCtr
                0x00809098                OSTmrFree
                0x0080909c                OSIdleCtrMax
                0x008090a0                OSTCBFreeList
                0x008090a4                OSCPUUsage
                0x008090a5                OSTaskCtr
                0x008090a8                OSTCBHighRdy
                0x008090ac                OSRdyGrp
                0x008090ad                OSRdyTbl
                0x008090b0                OSEventFreeList
                0x008090b4                OSIntNesting
                0x008090b8                OSTCBCur
                0x008090bc                OSTmrTime
                0x008090c0                OSTmrSem
                0x008090c4                OSFlagFreeList
                0x008090c8                OSStatRdy
                0x008090cc                OSIdleCtrRun
 .sbss          0x008090d0        0x4 ../lab2_cruisecontroloptimized_bsp//libucosii_bsp.a(alt_dev.o)
                0x008090d0                alt_fd_list_lock
 .sbss          0x008090d4        0x4 ../lab2_cruisecontroloptimized_bsp//libucosii_bsp.a(alt_irq_vars.o)
                0x008090d4                alt_irq_active
 .sbss          0x008090d8        0x2 ../lab2_cruisecontroloptimized_bsp//libucosii_bsp.a(os_cpu_c.o)
 *(.sbss2 .sbss2.* .gnu.linkonce.sb2.*)
 *(.scommon)
                0x008090da                PROVIDE (__sbss_end, ABSOLUTE (.))
                0x008090da                PROVIDE (___sbss_end, ABSOLUTE (.))
 *(.dynbss)
 *(.bss .bss.* .gnu.linkonce.b.*)
 .bss           0x008090da        0x0 ../lab2_cruisecontroloptimized_bsp//obj/HAL/src/crt0.o
 *fill*         0x008090da        0x2 00
 .bss           0x008090dc       0x18 obj/default/cruise_opti.o
 .bss           0x008090f4        0x0 /opt/altera/13.0sp1/nios2eds/bin/gnu/H-i686-pc-linux-gnu/bin/../lib/gcc/nios2-elf/4.1.2/mno-hw-mul/libgcc.a(_si_to_sf.o)
 .bss           0x008090f4        0x0 /opt/altera/13.0sp1/nios2eds/bin/gnu/H-i686-pc-linux-gnu/bin/../lib/gcc/nios2-elf/4.1.2/mno-hw-mul/libgcc.a(_sf_to_df.o)
 .bss           0x008090f4        0x0 /opt/altera/13.0sp1/nios2eds/bin/gnu/H-i686-pc-linux-gnu/bin/../lib/gcc/nios2-elf/4.1.2/mno-hw-mul/libgcc.a(_addsub_df.o)
 .bss           0x008090f4        0x0 /opt/altera/13.0sp1/nios2eds/bin/gnu/H-i686-pc-linux-gnu/bin/../lib/gcc/nios2-elf/4.1.2/mno-hw-mul/libgcc.a(_div_df.o)
 .bss           0x008090f4        0x0 /opt/altera/13.0sp1/nios2eds/bin/gnu/H-i686-pc-linux-gnu/bin/../lib/gcc/nios2-elf/4.1.2/mno-hw-mul/libgcc.a(_si_to_df.o)
 .bss           0x008090f4        0x0 /opt/altera/13.0sp1/nios2eds/bin/gnu/H-i686-pc-linux-gnu/bin/../lib/gcc/nios2-elf/4.1.2/mno-hw-mul/libgcc.a(_df_to_si.o)
 .bss           0x008090f4        0x0 /opt/altera/13.0sp1/nios2eds/bin/gnu/H-i686-pc-linux-gnu/bin/../lib/gcc/nios2-elf/4.1.2/mno-hw-mul/libgcc.a(_make_df.o)
 .bss           0x008090f4        0x0 /opt/altera/13.0sp1/nios2eds/bin/gnu/H-i686-pc-linux-gnu/bin/../lib/gcc/nios2-elf/4.1.2/mno-hw-mul/libgcc.a(_thenan_df.o)
 .bss           0x008090f4        0x0 /opt/altera/13.0sp1/nios2eds/bin/gnu/H-i686-pc-linux-gnu/bin/../lib/gcc/nios2-elf/4.1.2/mno-hw-mul/libgcc.a(lib2-divmod.o)
 .bss           0x008090f4        0x0 /opt/altera/13.0sp1/nios2eds/bin/gnu/H-i686-pc-linux-gnu/bin/../lib/gcc/nios2-elf/4.1.2/mno-hw-mul/libgcc.a(lib2-mul.o)
 .bss           0x008090f4        0x0 /opt/altera/13.0sp1/nios2eds/bin/gnu/H-i686-pc-linux-gnu/bin/../lib/gcc/nios2-elf/4.1.2/mno-hw-mul/libgcc.a(_clzsi2.o)
 .bss           0x008090f4        0x0 /opt/altera/13.0sp1/nios2eds/bin/gnu/H-i686-pc-linux-gnu/bin/../lib/gcc/nios2-elf/4.1.2/mno-hw-mul/libgcc.a(_pack_sf.o)
 .bss           0x008090f4        0x0 /opt/altera/13.0sp1/nios2eds/bin/gnu/H-i686-pc-linux-gnu/bin/../lib/gcc/nios2-elf/4.1.2/mno-hw-mul/libgcc.a(_unpack_sf.o)
 .bss           0x008090f4        0x0 /opt/altera/13.0sp1/nios2eds/bin/gnu/H-i686-pc-linux-gnu/bin/../lib/gcc/nios2-elf/4.1.2/mno-hw-mul/libgcc.a(_pack_df.o)
 .bss           0x008090f4        0x0 /opt/altera/13.0sp1/nios2eds/bin/gnu/H-i686-pc-linux-gnu/bin/../lib/gcc/nios2-elf/4.1.2/mno-hw-mul/libgcc.a(_unpack_df.o)
 .bss           0x008090f4        0x0 /opt/altera/13.0sp1/nios2eds/bin/gnu/H-i686-pc-linux-gnu/bin/../lib/gcc/nios2-elf/4.1.2/mno-hw-mul/libgcc.a(_clz.o)
 .bss           0x008090f4        0x0 /opt/altera/13.0sp1/nios2eds/bin/gnu/H-i686-pc-linux-gnu/bin/../lib/gcc/nios2-elf/4.1.2/../../../../nios2-elf/lib/mno-hw-mul/libsmallc.a(lib_a-printf.o)
 .bss           0x008090f4        0x0 /opt/altera/13.0sp1/nios2eds/bin/gnu/H-i686-pc-linux-gnu/bin/../lib/gcc/nios2-elf/4.1.2/../../../../nios2-elf/lib/mno-hw-mul/libsmallc.a(lib_a-vfprintf.o)
 .bss           0x008090f4        0x0 /opt/altera/13.0sp1/nios2eds/bin/gnu/H-i686-pc-linux-gnu/bin/../lib/gcc/nios2-elf/4.1.2/../../../../nios2-elf/lib/mno-hw-mul/libsmallc.a(lib_a-fvwrite_small_dev.o)
 .bss           0x008090f4        0x0 /opt/altera/13.0sp1/nios2eds/bin/gnu/H-i686-pc-linux-gnu/bin/../lib/gcc/nios2-elf/4.1.2/../../../../nios2-elf/lib/mno-hw-mul/libsmallc.a(lib_a-impure.o)
 .bss           0x008090f4        0x0 /opt/altera/13.0sp1/nios2eds/bin/gnu/H-i686-pc-linux-gnu/bin/../lib/gcc/nios2-elf/4.1.2/../../../../nios2-elf/lib/mno-hw-mul/libsmallc.a(lib_a-strlen.o)
 .bss           0x008090f4        0x0 /opt/altera/13.0sp1/nios2eds/bin/gnu/H-i686-pc-linux-gnu/bin/../lib/gcc/nios2-elf/4.1.2/../../../../nios2-elf/lib/mno-hw-mul/libsmallc.a(lib_a-writer.o)
 .bss           0x008090f4        0x0 /opt/altera/13.0sp1/nios2eds/bin/gnu/H-i686-pc-linux-gnu/bin/../lib/gcc/nios2-elf/4.1.2/../../../../nios2-elf/lib/mno-hw-mul/libsmallc.a(lib_a-int_errno.o)
 .bss           0x008090f4        0x0 ../lab2_cruisecontroloptimized_bsp//libucosii_bsp.a(alt_alarm_start.o)
 .bss           0x008090f4        0x0 ../lab2_cruisecontroloptimized_bsp//libucosii_bsp.a(alt_load.o)
 .bss           0x008090f4        0x0 ../lab2_cruisecontroloptimized_bsp//libucosii_bsp.a(alt_main.o)
 .bss           0x008090f4        0x0 ../lab2_cruisecontroloptimized_bsp//libucosii_bsp.a(alt_printf.o)
 .bss           0x008090f4        0x0 ../lab2_cruisecontroloptimized_bsp//libucosii_bsp.a(alt_putchar.o)
 .bss           0x008090f4        0x0 ../lab2_cruisecontroloptimized_bsp//libucosii_bsp.a(alt_tick.o)
 .bss           0x008090f4        0x0 ../lab2_cruisecontroloptimized_bsp//libucosii_bsp.a(alt_write.o)
 .bss           0x008090f4        0x0 ../lab2_cruisecontroloptimized_bsp//libucosii_bsp.a(alt_env_lock.o)
 .bss           0x008090f4        0x0 ../lab2_cruisecontroloptimized_bsp//libucosii_bsp.a(alt_malloc_lock.o)
 .bss           0x008090f4        0x0 ../lab2_cruisecontroloptimized_bsp//libucosii_bsp.a(os_core.o)
 .bss           0x008090f4        0x0 ../lab2_cruisecontroloptimized_bsp//libucosii_bsp.a(os_dbg.o)
 .bss           0x008090f4        0x0 ../lab2_cruisecontroloptimized_bsp//libucosii_bsp.a(os_flag.o)
 .bss           0x008090f4        0x0 ../lab2_cruisecontroloptimized_bsp//libucosii_bsp.a(os_mbox.o)
 .bss           0x008090f4        0x0 ../lab2_cruisecontroloptimized_bsp//libucosii_bsp.a(os_sem.o)
 .bss           0x008090f4        0x0 ../lab2_cruisecontroloptimized_bsp//libucosii_bsp.a(os_task.o)
 .bss           0x008090f4        0x0 ../lab2_cruisecontroloptimized_bsp//libucosii_bsp.a(os_time.o)
 .bss           0x008090f4        0x0 ../lab2_cruisecontroloptimized_bsp//libucosii_bsp.a(os_tmr.o)
 .bss           0x008090f4        0x0 ../lab2_cruisecontroloptimized_bsp//libucosii_bsp.a(alt_sys_init.o)
 .bss           0x008090f4        0x0 ../lab2_cruisecontroloptimized_bsp//libucosii_bsp.a(altera_avalon_jtag_uart_fd.o)
 .bss           0x008090f4        0x0 ../lab2_cruisecontroloptimized_bsp//libucosii_bsp.a(altera_avalon_jtag_uart_read.o)
 .bss           0x008090f4        0x0 ../lab2_cruisecontroloptimized_bsp//libucosii_bsp.a(altera_avalon_jtag_uart_write.o)
 .bss           0x008090f4        0x0 ../lab2_cruisecontroloptimized_bsp//libucosii_bsp.a(altera_avalon_timer_sc.o)
 .bss           0x008090f4        0x0 ../lab2_cruisecontroloptimized_bsp//libucosii_bsp.a(alt_close.o)
 .bss           0x008090f4        0x0 ../lab2_cruisecontroloptimized_bsp//libucosii_bsp.a(alt_dcache_flush_all.o)
 .bss           0x008090f4        0x0 ../lab2_cruisecontroloptimized_bsp//libucosii_bsp.a(alt_dev.o)
 .bss           0x008090f4        0x0 ../lab2_cruisecontroloptimized_bsp//libucosii_bsp.a(alt_dev_llist_insert.o)
 .bss           0x008090f4        0x0 ../lab2_cruisecontroloptimized_bsp//libucosii_bsp.a(alt_do_ctors.o)
 .bss           0x008090f4        0x0 ../lab2_cruisecontroloptimized_bsp//libucosii_bsp.a(alt_do_dtors.o)
 .bss           0x008090f4        0x0 ../lab2_cruisecontroloptimized_bsp//libucosii_bsp.a(alt_errno.o)
 .bss           0x008090f4        0x0 ../lab2_cruisecontroloptimized_bsp//libucosii_bsp.a(alt_icache_flush_all.o)
 .bss           0x008090f4        0x0 ../lab2_cruisecontroloptimized_bsp//libucosii_bsp.a(alt_iic.o)
 .bss           0x008090f4        0x0 ../lab2_cruisecontroloptimized_bsp//libucosii_bsp.a(alt_iic_isr_register.o)
 .bss           0x008090f4        0x0 ../lab2_cruisecontroloptimized_bsp//libucosii_bsp.a(alt_io_redirect.o)
 .bss           0x008090f4        0x0 ../lab2_cruisecontroloptimized_bsp//libucosii_bsp.a(alt_irq_entry.o)
 .bss           0x008090f4        0x0 ../lab2_cruisecontroloptimized_bsp//libucosii_bsp.a(alt_irq_handler.o)
 .bss           0x008090f4        0x0 ../lab2_cruisecontroloptimized_bsp//libucosii_bsp.a(alt_irq_vars.o)
 .bss           0x008090f4        0x0 ../lab2_cruisecontroloptimized_bsp//libucosii_bsp.a(alt_open.o)
 .bss           0x008090f4        0x0 ../lab2_cruisecontroloptimized_bsp//libucosii_bsp.a(alt_release_fd.o)
 .bss           0x008090f4        0x0 ../lab2_cruisecontroloptimized_bsp//libucosii_bsp.a(altera_nios2_qsys_irq.o)
 .bss           0x008090f4        0x0 ../lab2_cruisecontroloptimized_bsp//libucosii_bsp.a(os_cpu_a.o)
 .bss           0x008090f4        0x0 ../lab2_cruisecontroloptimized_bsp//libucosii_bsp.a(os_cpu_c.o)
 .bss           0x008090f4        0x0 ../lab2_cruisecontroloptimized_bsp//libucosii_bsp.a(alt_exception_entry.o)
 .bss           0x008090f4        0x0 ../lab2_cruisecontroloptimized_bsp//libucosii_bsp.a(alt_find_dev.o)
 .bss           0x008090f4        0x0 ../lab2_cruisecontroloptimized_bsp//libucosii_bsp.a(alt_find_file.o)
 .bss           0x008090f4        0x0 ../lab2_cruisecontroloptimized_bsp//libucosii_bsp.a(alt_get_fd.o)
 .bss           0x008090f4        0x0 /opt/altera/13.0sp1/nios2eds/bin/gnu/H-i686-pc-linux-gnu/bin/../lib/gcc/nios2-elf/4.1.2/../../../../nios2-elf/lib/mno-hw-mul/libsmallc.a(lib_a-atexit.o)
 .bss           0x008090f4        0x0 /opt/altera/13.0sp1/nios2eds/bin/gnu/H-i686-pc-linux-gnu/bin/../lib/gcc/nios2-elf/4.1.2/../../../../nios2-elf/lib/mno-hw-mul/libsmallc.a(lib_a-exit.o)
 .bss           0x008090f4        0x0 /opt/altera/13.0sp1/nios2eds/bin/gnu/H-i686-pc-linux-gnu/bin/../lib/gcc/nios2-elf/4.1.2/../../../../nios2-elf/lib/mno-hw-mul/libsmallc.a(lib_a-memcmp.o)
 .bss           0x008090f4        0x0 /opt/altera/13.0sp1/nios2eds/bin/gnu/H-i686-pc-linux-gnu/bin/../lib/gcc/nios2-elf/4.1.2/../../../../nios2-elf/lib/mno-hw-mul/libsmallc.a(lib_a-putc.o)
 .bss           0x008090f4        0x0 /opt/altera/13.0sp1/nios2eds/bin/gnu/H-i686-pc-linux-gnu/bin/../lib/gcc/nios2-elf/4.1.2/../../../../nios2-elf/lib/mno-hw-mul/libsmallc.a(lib_a-__atexit.o)
 .bss           0x008090f4        0x0 /opt/altera/13.0sp1/nios2eds/bin/gnu/H-i686-pc-linux-gnu/bin/../lib/gcc/nios2-elf/4.1.2/../../../../nios2-elf/lib/mno-hw-mul/libsmallc.a(lib_a-__call_atexit.o)
 .bss           0x008090f4        0x0 /opt/altera/13.0sp1/nios2eds/bin/gnu/H-i686-pc-linux-gnu/bin/../lib/gcc/nios2-elf/4.1.2/mno-hw-mul/libgcc.a(_ge_df.o)
 .bss           0x008090f4        0x0 /opt/altera/13.0sp1/nios2eds/bin/gnu/H-i686-pc-linux-gnu/bin/../lib/gcc/nios2-elf/4.1.2/mno-hw-mul/libgcc.a(_fpcmp_parts_df.o)
 .bss           0x008090f4        0x0 ../lab2_cruisecontroloptimized_bsp//libucosii_bsp.a(alt_exit.o)
 *(COMMON)
 COMMON         0x008090f4     0x2000 obj/default/cruise_opti.o
                0x008090f4                SwitchIO_Stack
                0x008094f4                ControlTask_Stack
                0x008098f4                OverloadDetection_Stack
                0x00809cf4                VehicleTask_Stack
                0x0080a0f4                ButtonsIO_Stack
                0x0080a4f4                StartTask_Stack
                0x0080a8f4                statisticTask_Stack
                0x0080acf4                Extraload_Stack
 COMMON         0x0080b0f4     0x2e74 ../lab2_cruisecontroloptimized_bsp//libucosii_bsp.a(os_core.o)
                0x0080b0f4                OSTmrWheelTbl
                0x0080b104                OSFlagTbl
                0x0080b474                OSTmrTbl
                0x0080b7b4                OSTaskStatStk
                0x0080bfb4                OSTmrTaskStk
                0x0080c7b4                OSTaskIdleStk
                0x0080cfb4                OSEventTbl
                0x0080daf4                OSTCBTbl
                0x0080df14                OSTCBPrioTbl
 COMMON         0x0080df68      0x100 ../lab2_cruisecontroloptimized_bsp//libucosii_bsp.a(alt_irq_handler.o)
                0x0080df68                alt_irq
 COMMON         0x0080e068       0x8c /opt/altera/13.0sp1/nios2eds/bin/gnu/H-i686-pc-linux-gnu/bin/../lib/gcc/nios2-elf/4.1.2/../../../../nios2-elf/lib/mno-hw-mul/libsmallc.a(lib_a-atexit.o)
                0x0080e068                _atexit0
                0x0080e0f4                . = ALIGN (0x4)
                0x0080e0f4                __bss_end = ABSOLUTE (.)

.sram           0x00000000        0x0 load address 0x0080e0f4
                0x00000000                PROVIDE (_alt_partition_sram_start, ABSOLUTE (.))
 *(.sram. sram.*)
                0x00000000                . = ALIGN (0x4)
                0x00000000                PROVIDE (_alt_partition_sram_end, ABSOLUTE (.))
                0x0080e0f4                PROVIDE (_alt_partition_sram_load_addr, LOADADDR (.sram))

.sdram          0x0080e0f4        0x0
                0x0080e0f4                PROVIDE (_alt_partition_sdram_start, ABSOLUTE (.))
 *(.sdram. sdram.*)
                0x0080e0f4                . = ALIGN (0x4)
                0x0080e0f4                PROVIDE (_alt_partition_sdram_end, ABSOLUTE (.))
                0x0080e0f4                _end = ABSOLUTE (.)
                0x0080e0f4                end = ABSOLUTE (.)
                0x0080e0f4                __alt_stack_base = ABSOLUTE (.)
                0x0080e0f4                PROVIDE (_alt_partition_sdram_load_addr, LOADADDR (.sdram))

.onchip_memory  0x01008000        0x0 load address 0x0080e0f4
                0x01008000                PROVIDE (_alt_partition_onchip_memory_start, ABSOLUTE (.))
 *(.onchip_memory. onchip_memory.*)
                0x01008000                . = ALIGN (0x4)
                0x01008000                PROVIDE (_alt_partition_onchip_memory_end, ABSOLUTE (.))
                0x0080e0f4                PROVIDE (_alt_partition_onchip_memory_load_addr, LOADADDR (.onchip_memory))

.stab
 *(.stab)

.stabstr
 *(.stabstr)

.stab.excl
 *(.stab.excl)

.stab.exclstr
 *(.stab.exclstr)

.stab.index
 *(.stab.index)

.stab.indexstr
 *(.stab.indexstr)

.comment        0x00000000       0x26
 *(.comment)
 .comment       0x00000000       0x26 obj/default/cruise_opti.o
                                 0x27 (size before relaxing)
 .comment       0x00000000       0x27 /opt/altera/13.0sp1/nios2eds/bin/gnu/H-i686-pc-linux-gnu/bin/../lib/gcc/nios2-elf/4.1.2/mno-hw-mul/libgcc.a(_si_to_sf.o)
 .comment       0x00000000       0x27 /opt/altera/13.0sp1/nios2eds/bin/gnu/H-i686-pc-linux-gnu/bin/../lib/gcc/nios2-elf/4.1.2/mno-hw-mul/libgcc.a(_sf_to_df.o)
 .comment       0x00000000       0x27 /opt/altera/13.0sp1/nios2eds/bin/gnu/H-i686-pc-linux-gnu/bin/../lib/gcc/nios2-elf/4.1.2/mno-hw-mul/libgcc.a(_addsub_df.o)
 .comment       0x00000000       0x27 /opt/altera/13.0sp1/nios2eds/bin/gnu/H-i686-pc-linux-gnu/bin/../lib/gcc/nios2-elf/4.1.2/mno-hw-mul/libgcc.a(_div_df.o)
 .comment       0x00000000       0x27 /opt/altera/13.0sp1/nios2eds/bin/gnu/H-i686-pc-linux-gnu/bin/../lib/gcc/nios2-elf/4.1.2/mno-hw-mul/libgcc.a(_si_to_df.o)
 .comment       0x00000000       0x27 /opt/altera/13.0sp1/nios2eds/bin/gnu/H-i686-pc-linux-gnu/bin/../lib/gcc/nios2-elf/4.1.2/mno-hw-mul/libgcc.a(_df_to_si.o)
 .comment       0x00000000       0x27 /opt/altera/13.0sp1/nios2eds/bin/gnu/H-i686-pc-linux-gnu/bin/../lib/gcc/nios2-elf/4.1.2/mno-hw-mul/libgcc.a(_make_df.o)
 .comment       0x00000000       0x27 /opt/altera/13.0sp1/nios2eds/bin/gnu/H-i686-pc-linux-gnu/bin/../lib/gcc/nios2-elf/4.1.2/mno-hw-mul/libgcc.a(_thenan_df.o)
 .comment       0x00000000       0x27 /opt/altera/13.0sp1/nios2eds/bin/gnu/H-i686-pc-linux-gnu/bin/../lib/gcc/nios2-elf/4.1.2/mno-hw-mul/libgcc.a(lib2-divmod.o)
 .comment       0x00000000       0x27 /opt/altera/13.0sp1/nios2eds/bin/gnu/H-i686-pc-linux-gnu/bin/../lib/gcc/nios2-elf/4.1.2/mno-hw-mul/libgcc.a(lib2-mul.o)
 .comment       0x00000000       0x27 /opt/altera/13.0sp1/nios2eds/bin/gnu/H-i686-pc-linux-gnu/bin/../lib/gcc/nios2-elf/4.1.2/mno-hw-mul/libgcc.a(_clzsi2.o)
 .comment       0x00000000       0x27 /opt/altera/13.0sp1/nios2eds/bin/gnu/H-i686-pc-linux-gnu/bin/../lib/gcc/nios2-elf/4.1.2/mno-hw-mul/libgcc.a(_pack_sf.o)
 .comment       0x00000000       0x27 /opt/altera/13.0sp1/nios2eds/bin/gnu/H-i686-pc-linux-gnu/bin/../lib/gcc/nios2-elf/4.1.2/mno-hw-mul/libgcc.a(_unpack_sf.o)
 .comment       0x00000000       0x27 /opt/altera/13.0sp1/nios2eds/bin/gnu/H-i686-pc-linux-gnu/bin/../lib/gcc/nios2-elf/4.1.2/mno-hw-mul/libgcc.a(_pack_df.o)
 .comment       0x00000000       0x27 /opt/altera/13.0sp1/nios2eds/bin/gnu/H-i686-pc-linux-gnu/bin/../lib/gcc/nios2-elf/4.1.2/mno-hw-mul/libgcc.a(_unpack_df.o)
 .comment       0x00000000       0x27 /opt/altera/13.0sp1/nios2eds/bin/gnu/H-i686-pc-linux-gnu/bin/../lib/gcc/nios2-elf/4.1.2/mno-hw-mul/libgcc.a(_clz.o)
 .comment       0x00000000       0x27 /opt/altera/13.0sp1/nios2eds/bin/gnu/H-i686-pc-linux-gnu/bin/../lib/gcc/nios2-elf/4.1.2/../../../../nios2-elf/lib/mno-hw-mul/libsmallc.a(lib_a-printf.o)
 .comment       0x00000000       0x27 /opt/altera/13.0sp1/nios2eds/bin/gnu/H-i686-pc-linux-gnu/bin/../lib/gcc/nios2-elf/4.1.2/../../../../nios2-elf/lib/mno-hw-mul/libsmallc.a(lib_a-vfprintf.o)
 .comment       0x00000000       0x27 /opt/altera/13.0sp1/nios2eds/bin/gnu/H-i686-pc-linux-gnu/bin/../lib/gcc/nios2-elf/4.1.2/../../../../nios2-elf/lib/mno-hw-mul/libsmallc.a(lib_a-fvwrite_small_dev.o)
 .comment       0x00000000       0x27 /opt/altera/13.0sp1/nios2eds/bin/gnu/H-i686-pc-linux-gnu/bin/../lib/gcc/nios2-elf/4.1.2/../../../../nios2-elf/lib/mno-hw-mul/libsmallc.a(lib_a-impure.o)
 .comment       0x00000000       0x27 /opt/altera/13.0sp1/nios2eds/bin/gnu/H-i686-pc-linux-gnu/bin/../lib/gcc/nios2-elf/4.1.2/../../../../nios2-elf/lib/mno-hw-mul/libsmallc.a(lib_a-strlen.o)
 .comment       0x00000000       0x27 /opt/altera/13.0sp1/nios2eds/bin/gnu/H-i686-pc-linux-gnu/bin/../lib/gcc/nios2-elf/4.1.2/../../../../nios2-elf/lib/mno-hw-mul/libsmallc.a(lib_a-writer.o)
 .comment       0x00000000       0x27 /opt/altera/13.0sp1/nios2eds/bin/gnu/H-i686-pc-linux-gnu/bin/../lib/gcc/nios2-elf/4.1.2/../../../../nios2-elf/lib/mno-hw-mul/libsmallc.a(lib_a-int_errno.o)
 .comment       0x00000000       0x27 ../lab2_cruisecontroloptimized_bsp//libucosii_bsp.a(alt_alarm_start.o)
 .comment       0x00000000       0x27 ../lab2_cruisecontroloptimized_bsp//libucosii_bsp.a(alt_load.o)
 .comment       0x00000000       0x27 ../lab2_cruisecontroloptimized_bsp//libucosii_bsp.a(alt_main.o)
 .comment       0x00000000       0x27 ../lab2_cruisecontroloptimized_bsp//libucosii_bsp.a(alt_printf.o)
 .comment       0x00000000       0x27 ../lab2_cruisecontroloptimized_bsp//libucosii_bsp.a(alt_putchar.o)
 .comment       0x00000000       0x27 ../lab2_cruisecontroloptimized_bsp//libucosii_bsp.a(alt_tick.o)
 .comment       0x00000000       0x27 ../lab2_cruisecontroloptimized_bsp//libucosii_bsp.a(alt_write.o)
 .comment       0x00000000       0x27 ../lab2_cruisecontroloptimized_bsp//libucosii_bsp.a(alt_env_lock.o)
 .comment       0x00000000       0x27 ../lab2_cruisecontroloptimized_bsp//libucosii_bsp.a(alt_malloc_lock.o)
 .comment       0x00000000       0x27 ../lab2_cruisecontroloptimized_bsp//libucosii_bsp.a(os_core.o)
 .comment       0x00000000       0x27 ../lab2_cruisecontroloptimized_bsp//libucosii_bsp.a(os_dbg.o)
 .comment       0x00000000       0x27 ../lab2_cruisecontroloptimized_bsp//libucosii_bsp.a(os_flag.o)
 .comment       0x00000000       0x27 ../lab2_cruisecontroloptimized_bsp//libucosii_bsp.a(os_mbox.o)
 .comment       0x00000000       0x27 ../lab2_cruisecontroloptimized_bsp//libucosii_bsp.a(os_sem.o)
 .comment       0x00000000       0x27 ../lab2_cruisecontroloptimized_bsp//libucosii_bsp.a(os_task.o)
 .comment       0x00000000       0x27 ../lab2_cruisecontroloptimized_bsp//libucosii_bsp.a(os_time.o)
 .comment       0x00000000       0x27 ../lab2_cruisecontroloptimized_bsp//libucosii_bsp.a(os_tmr.o)
 .comment       0x00000000       0x27 ../lab2_cruisecontroloptimized_bsp//libucosii_bsp.a(alt_sys_init.o)
 .comment       0x00000000       0x27 ../lab2_cruisecontroloptimized_bsp//libucosii_bsp.a(altera_avalon_jtag_uart_fd.o)
 .comment       0x00000000       0x27 ../lab2_cruisecontroloptimized_bsp//libucosii_bsp.a(altera_avalon_jtag_uart_read.o)
 .comment       0x00000000       0x27 ../lab2_cruisecontroloptimized_bsp//libucosii_bsp.a(altera_avalon_jtag_uart_write.o)
 .comment       0x00000000       0x27 ../lab2_cruisecontroloptimized_bsp//libucosii_bsp.a(altera_avalon_timer_sc.o)
 .comment       0x00000000       0x27 ../lab2_cruisecontroloptimized_bsp//libucosii_bsp.a(alt_close.o)
 .comment       0x00000000       0x27 ../lab2_cruisecontroloptimized_bsp//libucosii_bsp.a(alt_dcache_flush_all.o)
 .comment       0x00000000       0x27 ../lab2_cruisecontroloptimized_bsp//libucosii_bsp.a(alt_dev.o)
 .comment       0x00000000       0x27 ../lab2_cruisecontroloptimized_bsp//libucosii_bsp.a(alt_dev_llist_insert.o)
 .comment       0x00000000       0x27 ../lab2_cruisecontroloptimized_bsp//libucosii_bsp.a(alt_do_ctors.o)
 .comment       0x00000000       0x27 ../lab2_cruisecontroloptimized_bsp//libucosii_bsp.a(alt_do_dtors.o)
 .comment       0x00000000       0x27 ../lab2_cruisecontroloptimized_bsp//libucosii_bsp.a(alt_errno.o)
 .comment       0x00000000       0x27 ../lab2_cruisecontroloptimized_bsp//libucosii_bsp.a(alt_icache_flush_all.o)
 .comment       0x00000000       0x27 ../lab2_cruisecontroloptimized_bsp//libucosii_bsp.a(alt_iic.o)
 .comment       0x00000000       0x27 ../lab2_cruisecontroloptimized_bsp//libucosii_bsp.a(alt_iic_isr_register.o)
 .comment       0x00000000       0x27 ../lab2_cruisecontroloptimized_bsp//libucosii_bsp.a(alt_io_redirect.o)
 .comment       0x00000000       0x27 ../lab2_cruisecontroloptimized_bsp//libucosii_bsp.a(alt_irq_handler.o)
 .comment       0x00000000       0x27 ../lab2_cruisecontroloptimized_bsp//libucosii_bsp.a(alt_irq_vars.o)
 .comment       0x00000000       0x27 ../lab2_cruisecontroloptimized_bsp//libucosii_bsp.a(alt_open.o)
 .comment       0x00000000       0x27 ../lab2_cruisecontroloptimized_bsp//libucosii_bsp.a(alt_release_fd.o)
 .comment       0x00000000       0x27 ../lab2_cruisecontroloptimized_bsp//libucosii_bsp.a(altera_nios2_qsys_irq.o)
 .comment       0x00000000       0x27 ../lab2_cruisecontroloptimized_bsp//libucosii_bsp.a(os_cpu_c.o)
 .comment       0x00000000       0x27 ../lab2_cruisecontroloptimized_bsp//libucosii_bsp.a(alt_find_dev.o)
 .comment       0x00000000       0x27 ../lab2_cruisecontroloptimized_bsp//libucosii_bsp.a(alt_find_file.o)
 .comment       0x00000000       0x27 ../lab2_cruisecontroloptimized_bsp//libucosii_bsp.a(alt_get_fd.o)
 .comment       0x00000000       0x27 /opt/altera/13.0sp1/nios2eds/bin/gnu/H-i686-pc-linux-gnu/bin/../lib/gcc/nios2-elf/4.1.2/../../../../nios2-elf/lib/mno-hw-mul/libsmallc.a(lib_a-atexit.o)
 .comment       0x00000000       0x27 /opt/altera/13.0sp1/nios2eds/bin/gnu/H-i686-pc-linux-gnu/bin/../lib/gcc/nios2-elf/4.1.2/../../../../nios2-elf/lib/mno-hw-mul/libsmallc.a(lib_a-exit.o)
 .comment       0x00000000       0x27 /opt/altera/13.0sp1/nios2eds/bin/gnu/H-i686-pc-linux-gnu/bin/../lib/gcc/nios2-elf/4.1.2/../../../../nios2-elf/lib/mno-hw-mul/libsmallc.a(lib_a-memcmp.o)
 .comment       0x00000000       0x27 /opt/altera/13.0sp1/nios2eds/bin/gnu/H-i686-pc-linux-gnu/bin/../lib/gcc/nios2-elf/4.1.2/../../../../nios2-elf/lib/mno-hw-mul/libsmallc.a(lib_a-putc.o)
 .comment       0x00000000       0x27 /opt/altera/13.0sp1/nios2eds/bin/gnu/H-i686-pc-linux-gnu/bin/../lib/gcc/nios2-elf/4.1.2/../../../../nios2-elf/lib/mno-hw-mul/libsmallc.a(lib_a-__atexit.o)
 .comment       0x00000000       0x27 /opt/altera/13.0sp1/nios2eds/bin/gnu/H-i686-pc-linux-gnu/bin/../lib/gcc/nios2-elf/4.1.2/../../../../nios2-elf/lib/mno-hw-mul/libsmallc.a(lib_a-__call_atexit.o)
 .comment       0x00000000       0x27 /opt/altera/13.0sp1/nios2eds/bin/gnu/H-i686-pc-linux-gnu/bin/../lib/gcc/nios2-elf/4.1.2/mno-hw-mul/libgcc.a(_ge_df.o)
 .comment       0x00000000       0x27 /opt/altera/13.0sp1/nios2eds/bin/gnu/H-i686-pc-linux-gnu/bin/../lib/gcc/nios2-elf/4.1.2/mno-hw-mul/libgcc.a(_fpcmp_parts_df.o)
 .comment       0x00000000       0x27 ../lab2_cruisecontroloptimized_bsp//libucosii_bsp.a(alt_exit.o)

.debug
 *(.debug)

.line
 *(.line)

.debug_srcinfo
 *(.debug_srcinfo)

.debug_sfnames
 *(.debug_sfnames)

.debug_aranges  0x00000000      0x958
 *(.debug_aranges)
 .debug_aranges
                0x00000000       0x28 ../lab2_cruisecontroloptimized_bsp//obj/HAL/src/crt0.o
 .debug_aranges
                0x00000028       0x20 obj/default/cruise_opti.o
 .debug_aranges
                0x00000048       0x20 /opt/altera/13.0sp1/nios2eds/bin/gnu/H-i686-pc-linux-gnu/bin/../lib/gcc/nios2-elf/4.1.2/mno-hw-mul/libgcc.a(_si_to_sf.o)
 .debug_aranges
                0x00000068       0x20 /opt/altera/13.0sp1/nios2eds/bin/gnu/H-i686-pc-linux-gnu/bin/../lib/gcc/nios2-elf/4.1.2/mno-hw-mul/libgcc.a(_sf_to_df.o)
 .debug_aranges
                0x00000088       0x20 /opt/altera/13.0sp1/nios2eds/bin/gnu/H-i686-pc-linux-gnu/bin/../lib/gcc/nios2-elf/4.1.2/mno-hw-mul/libgcc.a(_addsub_df.o)
 .debug_aranges
                0x000000a8       0x20 /opt/altera/13.0sp1/nios2eds/bin/gnu/H-i686-pc-linux-gnu/bin/../lib/gcc/nios2-elf/4.1.2/mno-hw-mul/libgcc.a(_div_df.o)
 .debug_aranges
                0x000000c8       0x20 /opt/altera/13.0sp1/nios2eds/bin/gnu/H-i686-pc-linux-gnu/bin/../lib/gcc/nios2-elf/4.1.2/mno-hw-mul/libgcc.a(_si_to_df.o)
 .debug_aranges
                0x000000e8       0x20 /opt/altera/13.0sp1/nios2eds/bin/gnu/H-i686-pc-linux-gnu/bin/../lib/gcc/nios2-elf/4.1.2/mno-hw-mul/libgcc.a(_df_to_si.o)
 .debug_aranges
                0x00000108       0x20 /opt/altera/13.0sp1/nios2eds/bin/gnu/H-i686-pc-linux-gnu/bin/../lib/gcc/nios2-elf/4.1.2/mno-hw-mul/libgcc.a(_make_df.o)
 .debug_aranges
                0x00000128       0x20 /opt/altera/13.0sp1/nios2eds/bin/gnu/H-i686-pc-linux-gnu/bin/../lib/gcc/nios2-elf/4.1.2/mno-hw-mul/libgcc.a(lib2-divmod.o)
 .debug_aranges
                0x00000148       0x20 /opt/altera/13.0sp1/nios2eds/bin/gnu/H-i686-pc-linux-gnu/bin/../lib/gcc/nios2-elf/4.1.2/mno-hw-mul/libgcc.a(lib2-mul.o)
 .debug_aranges
                0x00000168       0x20 /opt/altera/13.0sp1/nios2eds/bin/gnu/H-i686-pc-linux-gnu/bin/../lib/gcc/nios2-elf/4.1.2/mno-hw-mul/libgcc.a(_clzsi2.o)
 .debug_aranges
                0x00000188       0x20 /opt/altera/13.0sp1/nios2eds/bin/gnu/H-i686-pc-linux-gnu/bin/../lib/gcc/nios2-elf/4.1.2/mno-hw-mul/libgcc.a(_pack_sf.o)
 .debug_aranges
                0x000001a8       0x20 /opt/altera/13.0sp1/nios2eds/bin/gnu/H-i686-pc-linux-gnu/bin/../lib/gcc/nios2-elf/4.1.2/mno-hw-mul/libgcc.a(_unpack_sf.o)
 .debug_aranges
                0x000001c8       0x20 /opt/altera/13.0sp1/nios2eds/bin/gnu/H-i686-pc-linux-gnu/bin/../lib/gcc/nios2-elf/4.1.2/mno-hw-mul/libgcc.a(_pack_df.o)
 .debug_aranges
                0x000001e8       0x20 /opt/altera/13.0sp1/nios2eds/bin/gnu/H-i686-pc-linux-gnu/bin/../lib/gcc/nios2-elf/4.1.2/mno-hw-mul/libgcc.a(_unpack_df.o)
 .debug_aranges
                0x00000208       0x20 /opt/altera/13.0sp1/nios2eds/bin/gnu/H-i686-pc-linux-gnu/bin/../lib/gcc/nios2-elf/4.1.2/../../../../nios2-elf/lib/mno-hw-mul/libsmallc.a(lib_a-printf.o)
 .debug_aranges
                0x00000228       0x20 /opt/altera/13.0sp1/nios2eds/bin/gnu/H-i686-pc-linux-gnu/bin/../lib/gcc/nios2-elf/4.1.2/../../../../nios2-elf/lib/mno-hw-mul/libsmallc.a(lib_a-vfprintf.o)
 .debug_aranges
                0x00000248       0x20 /opt/altera/13.0sp1/nios2eds/bin/gnu/H-i686-pc-linux-gnu/bin/../lib/gcc/nios2-elf/4.1.2/../../../../nios2-elf/lib/mno-hw-mul/libsmallc.a(lib_a-fvwrite_small_dev.o)
 .debug_aranges
                0x00000268       0x20 /opt/altera/13.0sp1/nios2eds/bin/gnu/H-i686-pc-linux-gnu/bin/../lib/gcc/nios2-elf/4.1.2/../../../../nios2-elf/lib/mno-hw-mul/libsmallc.a(lib_a-strlen.o)
 .debug_aranges
                0x00000288       0x20 /opt/altera/13.0sp1/nios2eds/bin/gnu/H-i686-pc-linux-gnu/bin/../lib/gcc/nios2-elf/4.1.2/../../../../nios2-elf/lib/mno-hw-mul/libsmallc.a(lib_a-writer.o)
 .debug_aranges
                0x000002a8       0x20 ../lab2_cruisecontroloptimized_bsp//libucosii_bsp.a(alt_alarm_start.o)
 .debug_aranges
                0x000002c8       0x20 ../lab2_cruisecontroloptimized_bsp//libucosii_bsp.a(alt_load.o)
 .debug_aranges
                0x000002e8       0x20 ../lab2_cruisecontroloptimized_bsp//libucosii_bsp.a(alt_main.o)
 .debug_aranges
                0x00000308       0x20 ../lab2_cruisecontroloptimized_bsp//libucosii_bsp.a(alt_printf.o)
 .debug_aranges
                0x00000328       0x20 ../lab2_cruisecontroloptimized_bsp//libucosii_bsp.a(alt_putchar.o)
 .debug_aranges
                0x00000348       0x20 ../lab2_cruisecontroloptimized_bsp//libucosii_bsp.a(alt_tick.o)
 .debug_aranges
                0x00000368       0x20 ../lab2_cruisecontroloptimized_bsp//libucosii_bsp.a(alt_write.o)
 .debug_aranges
                0x00000388       0x20 ../lab2_cruisecontroloptimized_bsp//libucosii_bsp.a(alt_env_lock.o)
 .debug_aranges
                0x000003a8       0x20 ../lab2_cruisecontroloptimized_bsp//libucosii_bsp.a(alt_malloc_lock.o)
 .debug_aranges
                0x000003c8       0x20 ../lab2_cruisecontroloptimized_bsp//libucosii_bsp.a(os_core.o)
 .debug_aranges
                0x000003e8       0x20 ../lab2_cruisecontroloptimized_bsp//libucosii_bsp.a(os_dbg.o)
 .debug_aranges
                0x00000408       0x20 ../lab2_cruisecontroloptimized_bsp//libucosii_bsp.a(os_flag.o)
 .debug_aranges
                0x00000428       0x20 ../lab2_cruisecontroloptimized_bsp//libucosii_bsp.a(os_mbox.o)
 .debug_aranges
                0x00000448       0x20 ../lab2_cruisecontroloptimized_bsp//libucosii_bsp.a(os_sem.o)
 .debug_aranges
                0x00000468       0x20 ../lab2_cruisecontroloptimized_bsp//libucosii_bsp.a(os_task.o)
 .debug_aranges
                0x00000488       0x20 ../lab2_cruisecontroloptimized_bsp//libucosii_bsp.a(os_time.o)
 .debug_aranges
                0x000004a8       0x20 ../lab2_cruisecontroloptimized_bsp//libucosii_bsp.a(os_tmr.o)
 .debug_aranges
                0x000004c8       0x20 ../lab2_cruisecontroloptimized_bsp//libucosii_bsp.a(alt_sys_init.o)
 .debug_aranges
                0x000004e8       0x20 ../lab2_cruisecontroloptimized_bsp//libucosii_bsp.a(altera_avalon_jtag_uart_fd.o)
 .debug_aranges
                0x00000508       0x20 ../lab2_cruisecontroloptimized_bsp//libucosii_bsp.a(altera_avalon_jtag_uart_read.o)
 .debug_aranges
                0x00000528       0x20 ../lab2_cruisecontroloptimized_bsp//libucosii_bsp.a(altera_avalon_jtag_uart_write.o)
 .debug_aranges
                0x00000548       0x20 ../lab2_cruisecontroloptimized_bsp//libucosii_bsp.a(altera_avalon_timer_sc.o)
 .debug_aranges
                0x00000568       0x20 ../lab2_cruisecontroloptimized_bsp//libucosii_bsp.a(alt_close.o)
 .debug_aranges
                0x00000588       0x20 ../lab2_cruisecontroloptimized_bsp//libucosii_bsp.a(alt_dcache_flush_all.o)
 .debug_aranges
                0x000005a8       0x20 ../lab2_cruisecontroloptimized_bsp//libucosii_bsp.a(alt_dev.o)
 .debug_aranges
                0x000005c8       0x20 ../lab2_cruisecontroloptimized_bsp//libucosii_bsp.a(alt_dev_llist_insert.o)
 .debug_aranges
                0x000005e8       0x20 ../lab2_cruisecontroloptimized_bsp//libucosii_bsp.a(alt_do_ctors.o)
 .debug_aranges
                0x00000608       0x20 ../lab2_cruisecontroloptimized_bsp//libucosii_bsp.a(alt_do_dtors.o)
 .debug_aranges
                0x00000628       0x20 ../lab2_cruisecontroloptimized_bsp//libucosii_bsp.a(alt_icache_flush_all.o)
 .debug_aranges
                0x00000648       0x20 ../lab2_cruisecontroloptimized_bsp//libucosii_bsp.a(alt_iic.o)
 .debug_aranges
                0x00000668       0x20 ../lab2_cruisecontroloptimized_bsp//libucosii_bsp.a(alt_iic_isr_register.o)
 .debug_aranges
                0x00000688       0x20 ../lab2_cruisecontroloptimized_bsp//libucosii_bsp.a(alt_io_redirect.o)
 .debug_aranges
                0x000006a8       0x30 ../lab2_cruisecontroloptimized_bsp//libucosii_bsp.a(alt_irq_entry.o)
 .debug_aranges
                0x000006d8       0x28 ../lab2_cruisecontroloptimized_bsp//libucosii_bsp.a(alt_irq_handler.o)
 .debug_aranges
                0x00000700       0x20 ../lab2_cruisecontroloptimized_bsp//libucosii_bsp.a(alt_open.o)
 .debug_aranges
                0x00000720       0x20 ../lab2_cruisecontroloptimized_bsp//libucosii_bsp.a(alt_release_fd.o)
 .debug_aranges
                0x00000740       0x20 ../lab2_cruisecontroloptimized_bsp//libucosii_bsp.a(altera_nios2_qsys_irq.o)
 .debug_aranges
                0x00000760       0x20 ../lab2_cruisecontroloptimized_bsp//libucosii_bsp.a(os_cpu_a.o)
 .debug_aranges
                0x00000780       0x20 ../lab2_cruisecontroloptimized_bsp//libucosii_bsp.a(os_cpu_c.o)
 .debug_aranges
                0x000007a0       0x38 ../lab2_cruisecontroloptimized_bsp//libucosii_bsp.a(alt_exception_entry.o)
 .debug_aranges
                0x000007d8       0x20 ../lab2_cruisecontroloptimized_bsp//libucosii_bsp.a(alt_find_dev.o)
 .debug_aranges
                0x000007f8       0x20 ../lab2_cruisecontroloptimized_bsp//libucosii_bsp.a(alt_find_file.o)
 .debug_aranges
                0x00000818       0x20 ../lab2_cruisecontroloptimized_bsp//libucosii_bsp.a(alt_get_fd.o)
 .debug_aranges
                0x00000838       0x20 /opt/altera/13.0sp1/nios2eds/bin/gnu/H-i686-pc-linux-gnu/bin/../lib/gcc/nios2-elf/4.1.2/../../../../nios2-elf/lib/mno-hw-mul/libsmallc.a(lib_a-atexit.o)
 .debug_aranges
                0x00000858       0x20 /opt/altera/13.0sp1/nios2eds/bin/gnu/H-i686-pc-linux-gnu/bin/../lib/gcc/nios2-elf/4.1.2/../../../../nios2-elf/lib/mno-hw-mul/libsmallc.a(lib_a-exit.o)
 .debug_aranges
                0x00000878       0x20 /opt/altera/13.0sp1/nios2eds/bin/gnu/H-i686-pc-linux-gnu/bin/../lib/gcc/nios2-elf/4.1.2/../../../../nios2-elf/lib/mno-hw-mul/libsmallc.a(lib_a-memcmp.o)
 .debug_aranges
                0x00000898       0x20 /opt/altera/13.0sp1/nios2eds/bin/gnu/H-i686-pc-linux-gnu/bin/../lib/gcc/nios2-elf/4.1.2/../../../../nios2-elf/lib/mno-hw-mul/libsmallc.a(lib_a-putc.o)
 .debug_aranges
                0x000008b8       0x20 /opt/altera/13.0sp1/nios2eds/bin/gnu/H-i686-pc-linux-gnu/bin/../lib/gcc/nios2-elf/4.1.2/../../../../nios2-elf/lib/mno-hw-mul/libsmallc.a(lib_a-__atexit.o)
 .debug_aranges
                0x000008d8       0x20 /opt/altera/13.0sp1/nios2eds/bin/gnu/H-i686-pc-linux-gnu/bin/../lib/gcc/nios2-elf/4.1.2/../../../../nios2-elf/lib/mno-hw-mul/libsmallc.a(lib_a-__call_atexit.o)
 .debug_aranges
                0x000008f8       0x20 /opt/altera/13.0sp1/nios2eds/bin/gnu/H-i686-pc-linux-gnu/bin/../lib/gcc/nios2-elf/4.1.2/mno-hw-mul/libgcc.a(_ge_df.o)
 .debug_aranges
                0x00000918       0x20 /opt/altera/13.0sp1/nios2eds/bin/gnu/H-i686-pc-linux-gnu/bin/../lib/gcc/nios2-elf/4.1.2/mno-hw-mul/libgcc.a(_fpcmp_parts_df.o)
 .debug_aranges
                0x00000938       0x20 ../lab2_cruisecontroloptimized_bsp//libucosii_bsp.a(alt_exit.o)

.debug_pubnames
                0x00000000     0x1b82
 *(.debug_pubnames)
 .debug_pubnames
                0x00000000      0x4c0 obj/default/cruise_opti.o
 .debug_pubnames
                0x000004c0       0x22 /opt/altera/13.0sp1/nios2eds/bin/gnu/H-i686-pc-linux-gnu/bin/../lib/gcc/nios2-elf/4.1.2/mno-hw-mul/libgcc.a(_si_to_sf.o)
 .debug_pubnames
                0x000004e2       0x24 /opt/altera/13.0sp1/nios2eds/bin/gnu/H-i686-pc-linux-gnu/bin/../lib/gcc/nios2-elf/4.1.2/mno-hw-mul/libgcc.a(_sf_to_df.o)
 .debug_pubnames
                0x00000506       0x2c /opt/altera/13.0sp1/nios2eds/bin/gnu/H-i686-pc-linux-gnu/bin/../lib/gcc/nios2-elf/4.1.2/mno-hw-mul/libgcc.a(_addsub_df.o)
 .debug_pubnames
                0x00000532       0x1f /opt/altera/13.0sp1/nios2eds/bin/gnu/H-i686-pc-linux-gnu/bin/../lib/gcc/nios2-elf/4.1.2/mno-hw-mul/libgcc.a(_div_df.o)
 .debug_pubnames
                0x00000551       0x22 /opt/altera/13.0sp1/nios2eds/bin/gnu/H-i686-pc-linux-gnu/bin/../lib/gcc/nios2-elf/4.1.2/mno-hw-mul/libgcc.a(_si_to_df.o)
 .debug_pubnames
                0x00000573       0x20 /opt/altera/13.0sp1/nios2eds/bin/gnu/H-i686-pc-linux-gnu/bin/../lib/gcc/nios2-elf/4.1.2/mno-hw-mul/libgcc.a(_df_to_si.o)
 .debug_pubnames
                0x00000593       0x20 /opt/altera/13.0sp1/nios2eds/bin/gnu/H-i686-pc-linux-gnu/bin/../lib/gcc/nios2-elf/4.1.2/mno-hw-mul/libgcc.a(_make_df.o)
 .debug_pubnames
                0x000005b3       0x22 /opt/altera/13.0sp1/nios2eds/bin/gnu/H-i686-pc-linux-gnu/bin/../lib/gcc/nios2-elf/4.1.2/mno-hw-mul/libgcc.a(_thenan_df.o)
 .debug_pubnames
                0x000005d5       0x48 /opt/altera/13.0sp1/nios2eds/bin/gnu/H-i686-pc-linux-gnu/bin/../lib/gcc/nios2-elf/4.1.2/mno-hw-mul/libgcc.a(lib2-divmod.o)
 .debug_pubnames
                0x0000061d       0x1f /opt/altera/13.0sp1/nios2eds/bin/gnu/H-i686-pc-linux-gnu/bin/../lib/gcc/nios2-elf/4.1.2/mno-hw-mul/libgcc.a(lib2-mul.o)
 .debug_pubnames
                0x0000063c       0x1f /opt/altera/13.0sp1/nios2eds/bin/gnu/H-i686-pc-linux-gnu/bin/../lib/gcc/nios2-elf/4.1.2/mno-hw-mul/libgcc.a(_clzsi2.o)
 .debug_pubnames
                0x0000065b       0x1f /opt/altera/13.0sp1/nios2eds/bin/gnu/H-i686-pc-linux-gnu/bin/../lib/gcc/nios2-elf/4.1.2/mno-hw-mul/libgcc.a(_pack_sf.o)
 .debug_pubnames
                0x0000067a       0x21 /opt/altera/13.0sp1/nios2eds/bin/gnu/H-i686-pc-linux-gnu/bin/../lib/gcc/nios2-elf/4.1.2/mno-hw-mul/libgcc.a(_unpack_sf.o)
 .debug_pubnames
                0x0000069b       0x1f /opt/altera/13.0sp1/nios2eds/bin/gnu/H-i686-pc-linux-gnu/bin/../lib/gcc/nios2-elf/4.1.2/mno-hw-mul/libgcc.a(_pack_df.o)
 .debug_pubnames
                0x000006ba       0x21 /opt/altera/13.0sp1/nios2eds/bin/gnu/H-i686-pc-linux-gnu/bin/../lib/gcc/nios2-elf/4.1.2/mno-hw-mul/libgcc.a(_unpack_df.o)
 .debug_pubnames
                0x000006db       0x20 /opt/altera/13.0sp1/nios2eds/bin/gnu/H-i686-pc-linux-gnu/bin/../lib/gcc/nios2-elf/4.1.2/mno-hw-mul/libgcc.a(_clz.o)
 .debug_pubnames
                0x000006fb       0x2b /opt/altera/13.0sp1/nios2eds/bin/gnu/H-i686-pc-linux-gnu/bin/../lib/gcc/nios2-elf/4.1.2/../../../../nios2-elf/lib/mno-hw-mul/libsmallc.a(lib_a-printf.o)
 .debug_pubnames
                0x00000726       0x45 /opt/altera/13.0sp1/nios2eds/bin/gnu/H-i686-pc-linux-gnu/bin/../lib/gcc/nios2-elf/4.1.2/../../../../nios2-elf/lib/mno-hw-mul/libsmallc.a(lib_a-vfprintf.o)
 .debug_pubnames
                0x0000076b       0x2b /opt/altera/13.0sp1/nios2eds/bin/gnu/H-i686-pc-linux-gnu/bin/../lib/gcc/nios2-elf/4.1.2/../../../../nios2-elf/lib/mno-hw-mul/libsmallc.a(lib_a-fvwrite_small_dev.o)
 .debug_pubnames
                0x00000796       0x39 /opt/altera/13.0sp1/nios2eds/bin/gnu/H-i686-pc-linux-gnu/bin/../lib/gcc/nios2-elf/4.1.2/../../../../nios2-elf/lib/mno-hw-mul/libsmallc.a(lib_a-impure.o)
 .debug_pubnames
                0x000007cf       0x1d /opt/altera/13.0sp1/nios2eds/bin/gnu/H-i686-pc-linux-gnu/bin/../lib/gcc/nios2-elf/4.1.2/../../../../nios2-elf/lib/mno-hw-mul/libsmallc.a(lib_a-strlen.o)
 .debug_pubnames
                0x000007ec       0x1f /opt/altera/13.0sp1/nios2eds/bin/gnu/H-i686-pc-linux-gnu/bin/../lib/gcc/nios2-elf/4.1.2/../../../../nios2-elf/lib/mno-hw-mul/libsmallc.a(lib_a-writer.o)
 .debug_pubnames
                0x0000080b       0x1c /opt/altera/13.0sp1/nios2eds/bin/gnu/H-i686-pc-linux-gnu/bin/../lib/gcc/nios2-elf/4.1.2/../../../../nios2-elf/lib/mno-hw-mul/libsmallc.a(lib_a-int_errno.o)
 .debug_pubnames
                0x00000827       0x26 ../lab2_cruisecontroloptimized_bsp//libucosii_bsp.a(alt_alarm_start.o)
 .debug_pubnames
                0x0000084d       0x1f ../lab2_cruisecontroloptimized_bsp//libucosii_bsp.a(alt_load.o)
 .debug_pubnames
                0x0000086c       0x46 ../lab2_cruisecontroloptimized_bsp//libucosii_bsp.a(alt_main.o)
 .debug_pubnames
                0x000008b2       0x21 ../lab2_cruisecontroloptimized_bsp//libucosii_bsp.a(alt_printf.o)
 .debug_pubnames
                0x000008d3       0x22 ../lab2_cruisecontroloptimized_bsp//libucosii_bsp.a(alt_putchar.o)
 .debug_pubnames
                0x000008f5       0x68 ../lab2_cruisecontroloptimized_bsp//libucosii_bsp.a(alt_tick.o)
 .debug_pubnames
                0x0000095d       0x1c ../lab2_cruisecontroloptimized_bsp//libucosii_bsp.a(alt_write.o)
 .debug_pubnames
                0x00000979       0x41 ../lab2_cruisecontroloptimized_bsp//libucosii_bsp.a(alt_env_lock.o)
 .debug_pubnames
                0x000009ba       0x48 ../lab2_cruisecontroloptimized_bsp//libucosii_bsp.a(alt_malloc_lock.o)
 .debug_pubnames
                0x00000a02      0x41d ../lab2_cruisecontroloptimized_bsp//libucosii_bsp.a(os_core.o)
 .debug_pubnames
                0x00000e1f      0x3c5 ../lab2_cruisecontroloptimized_bsp//libucosii_bsp.a(os_dbg.o)
 .debug_pubnames
                0x000011e4       0xd0 ../lab2_cruisecontroloptimized_bsp//libucosii_bsp.a(os_flag.o)
 .debug_pubnames
                0x000012b4       0x67 ../lab2_cruisecontroloptimized_bsp//libucosii_bsp.a(os_mbox.o)
 .debug_pubnames
                0x0000131b       0x51 ../lab2_cruisecontroloptimized_bsp//libucosii_bsp.a(os_sem.o)
 .debug_pubnames
                0x0000136c       0xaf ../lab2_cruisecontroloptimized_bsp//libucosii_bsp.a(os_task.o)
 .debug_pubnames
                0x0000141b       0x20 ../lab2_cruisecontroloptimized_bsp//libucosii_bsp.a(os_time.o)
 .debug_pubnames
                0x0000143b       0xa1 ../lab2_cruisecontroloptimized_bsp//libucosii_bsp.a(os_tmr.o)
 .debug_pubnames
                0x000014dc       0x34 ../lab2_cruisecontroloptimized_bsp//libucosii_bsp.a(alt_sys_init.o)
 .debug_pubnames
                0x00001510       0x5b ../lab2_cruisecontroloptimized_bsp//libucosii_bsp.a(altera_avalon_jtag_uart_fd.o)
 .debug_pubnames
                0x0000156b       0x33 ../lab2_cruisecontroloptimized_bsp//libucosii_bsp.a(altera_avalon_jtag_uart_read.o)
 .debug_pubnames
                0x0000159e       0x34 ../lab2_cruisecontroloptimized_bsp//libucosii_bsp.a(altera_avalon_jtag_uart_write.o)
 .debug_pubnames
                0x000015d2       0x2f ../lab2_cruisecontroloptimized_bsp//libucosii_bsp.a(altera_avalon_timer_sc.o)
 .debug_pubnames
                0x00001601       0x1c ../lab2_cruisecontroloptimized_bsp//libucosii_bsp.a(alt_close.o)
 .debug_pubnames
                0x0000161d       0x2b ../lab2_cruisecontroloptimized_bsp//libucosii_bsp.a(alt_dcache_flush_all.o)
 .debug_pubnames
                0x00001648       0x78 ../lab2_cruisecontroloptimized_bsp//libucosii_bsp.a(alt_dev.o)
 .debug_pubnames
                0x000016c0       0x2b ../lab2_cruisecontroloptimized_bsp//libucosii_bsp.a(alt_dev_llist_insert.o)
 .debug_pubnames
                0x000016eb       0x20 ../lab2_cruisecontroloptimized_bsp//libucosii_bsp.a(alt_do_ctors.o)
 .debug_pubnames
                0x0000170b       0x20 ../lab2_cruisecontroloptimized_bsp//libucosii_bsp.a(alt_do_dtors.o)
 .debug_pubnames
                0x0000172b       0x20 ../lab2_cruisecontroloptimized_bsp//libucosii_bsp.a(alt_errno.o)
 .debug_pubnames
                0x0000174b       0x2b ../lab2_cruisecontroloptimized_bsp//libucosii_bsp.a(alt_icache_flush_all.o)
 .debug_pubnames
                0x00001776       0x6e ../lab2_cruisecontroloptimized_bsp//libucosii_bsp.a(alt_iic.o)
 .debug_pubnames
                0x000017e4       0x2b ../lab2_cruisecontroloptimized_bsp//libucosii_bsp.a(alt_iic_isr_register.o)
 .debug_pubnames
                0x0000180f       0x26 ../lab2_cruisecontroloptimized_bsp//libucosii_bsp.a(alt_io_redirect.o)
 .debug_pubnames
                0x00001835       0x32 ../lab2_cruisecontroloptimized_bsp//libucosii_bsp.a(alt_irq_handler.o)
 .debug_pubnames
                0x00001867       0x3b ../lab2_cruisecontroloptimized_bsp//libucosii_bsp.a(alt_irq_vars.o)
 .debug_pubnames
                0x000018a2       0x1b ../lab2_cruisecontroloptimized_bsp//libucosii_bsp.a(alt_open.o)
 .debug_pubnames
                0x000018bd       0x25 ../lab2_cruisecontroloptimized_bsp//libucosii_bsp.a(alt_release_fd.o)
 .debug_pubnames
                0x000018e2       0x31 ../lab2_cruisecontroloptimized_bsp//libucosii_bsp.a(altera_nios2_qsys_irq.o)
 .debug_pubnames