Archive member included because of file (symbol)

/opt/altera/13.0sp1/nios2eds/bin/gnu/H-i686-pc-linux-gnu/bin/../lib/gcc/nios2-elf/4.1.2/mno-hw-mul/libgcc.a(_si_to_sf.o)
                              obj/default/cruise_skeleton.o (__floatsisf)
/opt/altera/13.0sp1/nios2eds/bin/gnu/H-i686-pc-linux-gnu/bin/../lib/gcc/nios2-elf/4.1.2/mno-hw-mul/libgcc.a(_sf_to_df.o)
                              obj/default/cruise_skeleton.o (__extendsfdf2)
/opt/altera/13.0sp1/nios2eds/bin/gnu/H-i686-pc-linux-gnu/bin/../lib/gcc/nios2-elf/4.1.2/mno-hw-mul/libgcc.a(_addsub_df.o)
                              obj/default/cruise_skeleton.o (__adddf3)
/opt/altera/13.0sp1/nios2eds/bin/gnu/H-i686-pc-linux-gnu/bin/../lib/gcc/nios2-elf/4.1.2/mno-hw-mul/libgcc.a(_div_df.o)
                              obj/default/cruise_skeleton.o (__divdf3)
/opt/altera/13.0sp1/nios2eds/bin/gnu/H-i686-pc-linux-gnu/bin/../lib/gcc/nios2-elf/4.1.2/mno-hw-mul/libgcc.a(_si_to_df.o)
                              obj/default/cruise_skeleton.o (__floatsidf)
/opt/altera/13.0sp1/nios2eds/bin/gnu/H-i686-pc-linux-gnu/bin/../lib/gcc/nios2-elf/4.1.2/mno-hw-mul/libgcc.a(_df_to_si.o)
                              obj/default/cruise_skeleton.o (__fixdfsi)
/opt/altera/13.0sp1/nios2eds/bin/gnu/H-i686-pc-linux-gnu/bin/../lib/gcc/nios2-elf/4.1.2/mno-hw-mul/libgcc.a(_make_df.o)
                              /opt/altera/13.0sp1/nios2eds/bin/gnu/H-i686-pc-linux-gnu/bin/../lib/gcc/nios2-elf/4.1.2/mno-hw-mul/libgcc.a(_sf_to_df.o) (__make_dp)
/opt/altera/13.0sp1/nios2eds/bin/gnu/H-i686-pc-linux-gnu/bin/../lib/gcc/nios2-elf/4.1.2/mno-hw-mul/libgcc.a(_thenan_df.o)
                              /opt/altera/13.0sp1/nios2eds/bin/gnu/H-i686-pc-linux-gnu/bin/../lib/gcc/nios2-elf/4.1.2/mno-hw-mul/libgcc.a(_addsub_df.o) (__thenan_df)
/opt/altera/13.0sp1/nios2eds/bin/gnu/H-i686-pc-linux-gnu/bin/../lib/gcc/nios2-elf/4.1.2/mno-hw-mul/libgcc.a(lib2-divmod.o)
                              obj/default/cruise_skeleton.o (__divsi3)
/opt/altera/13.0sp1/nios2eds/bin/gnu/H-i686-pc-linux-gnu/bin/../lib/gcc/nios2-elf/4.1.2/mno-hw-mul/libgcc.a(lib2-mul.o)
                              obj/default/cruise_skeleton.o (__mulsi3)
/opt/altera/13.0sp1/nios2eds/bin/gnu/H-i686-pc-linux-gnu/bin/../lib/gcc/nios2-elf/4.1.2/mno-hw-mul/libgcc.a(_clzsi2.o)
                              /opt/altera/13.0sp1/nios2eds/bin/gnu/H-i686-pc-linux-gnu/bin/../lib/gcc/nios2-elf/4.1.2/mno-hw-mul/libgcc.a(_si_to_sf.o) (__clzsi2)
/opt/altera/13.0sp1/nios2eds/bin/gnu/H-i686-pc-linux-gnu/bin/../lib/gcc/nios2-elf/4.1.2/mno-hw-mul/libgcc.a(_pack_sf.o)
                              /opt/altera/13.0sp1/nios2eds/bin/gnu/H-i686-pc-linux-gnu/bin/../lib/gcc/nios2-elf/4.1.2/mno-hw-mul/libgcc.a(_si_to_sf.o) (__pack_f)
/opt/altera/13.0sp1/nios2eds/bin/gnu/H-i686-pc-linux-gnu/bin/../lib/gcc/nios2-elf/4.1.2/mno-hw-mul/libgcc.a(_unpack_sf.o)
                              /opt/altera/13.0sp1/nios2eds/bin/gnu/H-i686-pc-linux-gnu/bin/../lib/gcc/nios2-elf/4.1.2/mno-hw-mul/libgcc.a(_sf_to_df.o) (__unpack_f)
/opt/altera/13.0sp1/nios2eds/bin/gnu/H-i686-pc-linux-gnu/bin/../lib/gcc/nios2-elf/4.1.2/mno-hw-mul/libgcc.a(_pack_df.o)
                              /opt/altera/13.0sp1/nios2eds/bin/gnu/H-i686-pc-linux-gnu/bin/../lib/gcc/nios2-elf/4.1.2/mno-hw-mul/libgcc.a(_addsub_df.o) (__pack_d)
/opt/altera/13.0sp1/nios2eds/bin/gnu/H-i686-pc-linux-gnu/bin/../lib/gcc/nios2-elf/4.1.2/mno-hw-mul/libgcc.a(_unpack_df.o)
                              /opt/altera/13.0sp1/nios2eds/bin/gnu/H-i686-pc-linux-gnu/bin/../lib/gcc/nios2-elf/4.1.2/mno-hw-mul/libgcc.a(_addsub_df.o) (__unpack_d)
/opt/altera/13.0sp1/nios2eds/bin/gnu/H-i686-pc-linux-gnu/bin/../lib/gcc/nios2-elf/4.1.2/mno-hw-mul/libgcc.a(_clz.o)
                              /opt/altera/13.0sp1/nios2eds/bin/gnu/H-i686-pc-linux-gnu/bin/../lib/gcc/nios2-elf/4.1.2/mno-hw-mul/libgcc.a(_clzsi2.o) (__clz_tab)
/opt/altera/13.0sp1/nios2eds/bin/gnu/H-i686-pc-linux-gnu/bin/../lib/gcc/nios2-elf/4.1.2/../../../../nios2-elf/lib/mno-hw-mul/libc.a(lib_a-printf.o)
                              obj/default/cruise_skeleton.o (printf)
/opt/altera/13.0sp1/nios2eds/bin/gnu/H-i686-pc-linux-gnu/bin/../lib/gcc/nios2-elf/4.1.2/../../../../nios2-elf/lib/mno-hw-mul/libc.a(lib_a-puts.o)
                              obj/default/cruise_skeleton.o (puts)
/opt/altera/13.0sp1/nios2eds/bin/gnu/H-i686-pc-linux-gnu/bin/../lib/gcc/nios2-elf/4.1.2/../../../../nios2-elf/lib/mno-hw-mul/libc.a(lib_a-strlen.o)
                              /opt/altera/13.0sp1/nios2eds/bin/gnu/H-i686-pc-linux-gnu/bin/../lib/gcc/nios2-elf/4.1.2/../../../../nios2-elf/lib/mno-hw-mul/libc.a(lib_a-puts.o) (strlen)
/opt/altera/13.0sp1/nios2eds/bin/gnu/H-i686-pc-linux-gnu/bin/../lib/gcc/nios2-elf/4.1.2/../../../../nios2-elf/lib/mno-hw-mul/libc.a(lib_a-vfprintf.o)
                              /opt/altera/13.0sp1/nios2eds/bin/gnu/H-i686-pc-linux-gnu/bin/../lib/gcc/nios2-elf/4.1.2/../../../../nios2-elf/lib/mno-hw-mul/libc.a(lib_a-printf.o) (___vfprintf_internal_r)
[...]
Memory Configuration

Name             Origin             Length             Attributes
onchip_memory    0x00000000         0x00006400
sram             0x00100000         0x00080000
reset            0x01000000         0x00000020
sdram            0x01000020         0x007fffe0
*default*        0x00000000         0xffffffff

Linker script and memory map

LOAD ../lab2_cruisecontrol_bsp//obj/HAL/src/crt0.o
LOAD obj/default/cruise_skeleton.o
LOAD /opt/altera/13.0sp1/nios2eds/bin/gnu/H-i686-pc-linux-gnu/bin/../lib/gcc/nios2-elf/4.1.2/../../../../nios2-elf/lib/mno-hw-mul/libstdc++.a
LOAD /opt/altera/13.0sp1/nios2eds/bin/gnu/H-i686-pc-linux-gnu/bin/../lib/gcc/nios2-elf/4.1.2/../../../../nios2-elf/lib/mno-hw-mul/libm.a
LOAD /opt/altera/13.0sp1/nios2eds/bin/gnu/H-i686-pc-linux-gnu/bin/../lib/gcc/nios2-elf/4.1.2/mno-hw-mul/libgcc.a
START GROUP
LOAD /opt/altera/13.0sp1/nios2eds/bin/gnu/H-i686-pc-linux-gnu/bin/../lib/gcc/nios2-elf/4.1.2/../../../../nios2-elf/lib/mno-hw-mul/libc.a
LOAD /opt/altera/13.0sp1/nios2eds/bin/gnu/H-i686-pc-linux-gnu/bin/../lib/gcc/nios2-elf/4.1.2/mno-hw-mul/libgcc.a
LOAD ../lab2_cruisecontrol_bsp//libucosii_bsp.a
END GROUP
LOAD /opt/altera/13.0sp1/nios2eds/bin/gnu/H-i686-pc-linux-gnu/bin/../lib/gcc/nios2-elf/4.1.2/mno-hw-mul/libgcc.a
                0x00000000                __alt_mem_onchip_memory = 0x0
                0x00100000                __alt_mem_sram = 0x100000
                0x01000000                __alt_mem_sdram = 0x1000000

.entry          0x01000000       0x20
 *(.entry)
 .entry         0x01000000       0x20 ../lab2_cruisecontrol_bsp//obj/HAL/src/crt0.o
                0x01000000                __reset

.exceptions     0x01000020      0x19c
                0x01000020                PROVIDE (__ram_exceptions_start, ABSOLUTE (.))
                0x01000020                . = ALIGN (0x20)
 *(.irq)
 *(.exceptions.entry.label)
 .exceptions.entry.label
                0x01000020        0x0 ../lab2_cruisecontrol_bsp//libucosii_bsp.a(alt_irq_entry.o)
                0x01000020                alt_irq_entry
 .exceptions.entry.label
                0x01000020        0x0 ../lab2_cruisecontrol_bsp//libucosii_bsp.a(alt_exception_entry.o)
                0x01000020                alt_exception
 *(.exceptions.entry.user)
 *(.exceptions.entry)
 .exceptions.entry
                0x01000020       0x54 ../lab2_cruisecontrol_bsp//libucosii_bsp.a(alt_exception_entry.o)
 *(.exceptions.irqtest.user)
 *(.exceptions.irqtest)
 .exceptions.irqtest
                0x01000074       0x10 ../lab2_cruisecontrol_bsp//libucosii_bsp.a(alt_irq_entry.o)
 *(.exceptions.irqhandler.user)
 *(.exceptions.irqhandler)
 .exceptions.irqhandler
                0x01000084        0x4 ../lab2_cruisecontrol_bsp//libucosii_bsp.a(alt_irq_entry.o)
 *(.exceptions.irqreturn.user)
 *(.exceptions.irqreturn)
 .exceptions.irqreturn
                0x01000088        0x4 ../lab2_cruisecontrol_bsp//libucosii_bsp.a(alt_irq_entry.o)
 *(.exceptions.notirq.label)
 .exceptions.notirq.label
                0x0100008c        0x0 ../lab2_cruisecontrol_bsp//libucosii_bsp.a(alt_irq_entry.o)
 *(.exceptions.notirq.user)
 *(.exceptions.notirq)
 .exceptions.notirq
                0x0100008c        0x8 ../lab2_cruisecontrol_bsp//libucosii_bsp.a(alt_exception_entry.o)
 *(.exceptions.soft.user)
 *(.exceptions.soft)
 *(.exceptions.unknown.user)
 *(.exceptions.unknown)
 .exceptions.unknown
                0x01000094        0x4 ../lab2_cruisecontrol_bsp//libucosii_bsp.a(alt_exception_entry.o)
 *(.exceptions.exit.label)
 .exceptions.exit.label
                0x01000098        0x0 ../lab2_cruisecontrol_bsp//libucosii_bsp.a(alt_irq_entry.o)
 .exceptions.exit.label
                0x01000098        0x0 ../lab2_cruisecontrol_bsp//libucosii_bsp.a(alt_exception_entry.o)
 *(.exceptions.exit.user)
 *(.exceptions.exit)
 .exceptions.exit
                0x01000098       0x54 ../lab2_cruisecontrol_bsp//libucosii_bsp.a(alt_exception_entry.o)
 *(.exceptions)
 .exceptions    0x010000ec       0xd0 ../lab2_cruisecontrol_bsp//libucosii_bsp.a(alt_irq_handler.o)
                0x010000ec                alt_irq_handler
                0x010001bc                PROVIDE (__ram_exceptions_end, ABSOLUTE (.))
                0x01000020                PROVIDE (__flash_exceptions_start, LOADADDR (.exceptions))

.text           0x010001bc    0x18de0
                0x010001bc                PROVIDE (stext, ABSOLUTE (.))
 *(.interp)
 *(.hash)
 *(.dynsym)
 *(.dynstr)
 *(.gnu.version)
 *(.gnu.version_d)
 *(.gnu.version_r)
 *(.rel.init)
 *(.rela.init)
 *(.rel.text .rel.text.* .rel.gnu.linkonce.t.*)
 *(.rela.text .rela.text.* .rela.gnu.linkonce.t.*)
 *(.rel.fini)
 *(.rela.fini)
 *(.rel.rodata .rel.rodata.* .rel.gnu.linkonce.r.*)
 *(.rela.rodata .rela.rodata.* .rela.gnu.linkonce.r.*)
 *(.rel.data .rel.data.* .rel.gnu.linkonce.d.*)
 *(.rela.data .rela.data.* .rela.gnu.linkonce.d.*)
 *(.rel.tdata .rel.tdata.* .rel.gnu.linkonce.td.*)
 *(.rela.tdata .rela.tdata.* .rela.gnu.linkonce.td.*)
 *(.rel.tbss .rel.tbss.* .rel.gnu.linkonce.tb.*)
 *(.rela.tbss .rela.tbss.* .rela.gnu.linkonce.tb.*)
 *(.rel.ctors)
 *(.rela.ctors)
 *(.rel.dtors)
 *(.rela.dtors)
 *(.rel.got)
 *(.rela.got)
 *(.rel.sdata .rel.sdata.* .rel.gnu.linkonce.s.*)
 *(.rela.sdata .rela.sdata.* .rela.gnu.linkonce.s.*)
 *(.rel.sbss .rel.sbss.* .rel.gnu.linkonce.sb.*)
 *(.rela.sbss .rela.sbss.* .rela.gnu.linkonce.sb.*)
 *(.rel.sdata2 .rel.sdata2.* .rel.gnu.linkonce.s2.*)
 *(.rela.sdata2 .rela.sdata2.* .rela.gnu.linkonce.s2.*)
 *(.rel.sbss2 .rel.sbss2.* .rel.gnu.linkonce.sb2.*)
 *(.rela.sbss2 .rela.sbss2.* .rela.gnu.linkonce.sb2.*)
 *(.rel.bss .rel.bss.* .rel.gnu.linkonce.b.*)
 *(.rela.bss .rela.bss.* .rela.gnu.linkonce.b.*)
 *(.rel.plt)
 *(.rela.plt)
 *(.rel.dyn)
 *(.init)
 *(.plt)
 *(.text .stub .text.* .gnu.linkonce.t.*)
 .text          0x010001bc       0x3c ../lab2_cruisecontrol_bsp//obj/HAL/src/crt0.o
                0x010001bc                _start
 .text          0x010001f8     0x1098 obj/default/cruise_skeleton.o
                0x010001f8                buttons_pressed
                0x01000220                switches_pressed
                0x01000244                alarm_handler
                0x01000274                int2seven
                0x010002b0                show_velocity_on_sevenseg
                0x010003a0                show_target_velocity
                0x0100044c                show_position
                0x010004cc                adjust_position
                0x010005d8                adjust_velocity
                0x01000718                TmrCallback
                0x01000750                VehicleTask
                0x01000a44                ControlTask
                0x01000e38                SwitchIO
                0x01000ef8                ButtonsIO
                0x01000fdc                StartTask
                0x01001214                main
 .text          0x01001290       0x98 /opt/altera/13.0sp1/nios2eds/bin/gnu/H-i686-pc-linux-gnu/bin/../lib/gcc/nios2-elf/4.1.2/mno-hw-mul/libgcc.a(_si_to_sf.o)
                0x01001290                __floatsisf
 .text          0x01001328       0x54 /opt/altera/13.0sp1/nios2eds/bin/gnu/H-i686-pc-linux-gnu/bin/../lib/gcc/nios2-elf/4.1.2/mno-hw-mul/libgcc.a(_sf_to_df.o)
                0x01001328                __extendsfdf2
 .text          0x0100137c      0x504 /opt/altera/13.0sp1/nios2eds/bin/gnu/H-i686-pc-linux-gnu/bin/../lib/gcc/nios2-elf/4.1.2/mno-hw-mul/libgcc.a(_addsub_df.o)
                0x0100178c                __subdf3
                0x0100180c                __adddf3
 .text          0x01001880      0x258 /opt/altera/13.0sp1/nios2eds/bin/gnu/H-i686-pc-linux-gnu/bin/../lib/gcc/nios2-elf/4.1.2/mno-hw-mul/libgcc.a(_div_df.o)
                0x01001880                __divdf3
 .text          0x01001ad8       0xf8 /opt/altera/13.0sp1/nios2eds/bin/gnu/H-i686-pc-linux-gnu/bin/../lib/gcc/nios2-elf/4.1.2/mno-hw-mul/libgcc.a(_si_to_df.o)
                0x01001ad8                __floatsidf
 .text          0x01001bd0       0xd8 /opt/altera/13.0sp1/nios2eds/bin/gnu/H-i686-pc-linux-gnu/bin/../lib/gcc/nios2-elf/4.1.2/mno-hw-mul/libgcc.a(_df_to_si.o)
                0x01001bd0                __fixdfsi
 .text          0x01001ca8       0x38 /opt/altera/13.0sp1/nios2eds/bin/gnu/H-i686-pc-linux-gnu/bin/../lib/gcc/nios2-elf/4.1.2/mno-hw-mul/libgcc.a(_make_df.o)
                0x01001ca8                __make_dp
 .text          0x01001ce0        0x0 /opt/altera/13.0sp1/nios2eds/bin/gnu/H-i686-pc-linux-gnu/bin/../lib/gcc/nios2-elf/4.1.2/mno-hw-mul/libgcc.a(_thenan_df.o)
 .text          0x01001ce0      0x14c /opt/altera/13.0sp1/nios2eds/bin/gnu/H-i686-pc-linux-gnu/bin/../lib/gcc/nios2-elf/4.1.2/mno-hw-mul/libgcc.a(lib2-divmod.o)
                0x01001d5c                __divsi3
                0x01001dbc                __modsi3
                0x01001e1c                __udivsi3
                0x01001e24                __umodsi3
 .text          0x01001e2c       0x38 /opt/altera/13.0sp1/nios2eds/bin/gnu/H-i686-pc-linux-gnu/bin/../lib/gcc/nios2-elf/4.1.2/mno-hw-mul/libgcc.a(lib2-mul.o)
                0x01001e2c                __mulsi3
 .text          0x01001e64       0x80 /opt/altera/13.0sp1/nios2eds/bin/gnu/H-i686-pc-linux-gnu/bin/../lib/gcc/nios2-elf/4.1.2/mno-hw-mul/libgcc.a(_clzsi2.o)
                0x01001e64                __clzsi2
 .text          0x01001ee4      0x160 /opt/altera/13.0sp1/nios2eds/bin/gnu/H-i686-pc-linux-gnu/bin/../lib/gcc/nios2-elf/4.1.2/mno-hw-mul/libgcc.a(_pack_sf.o)
                0x01001ee4                __pack_f
 .text          0x01002044       0xc8 /opt/altera/13.0sp1/nios2eds/bin/gnu/H-i686-pc-linux-gnu/bin/../lib/gcc/nios2-elf/4.1.2/mno-hw-mul/libgcc.a(_unpack_sf.o)
                0x01002044                __unpack_f
 .text          0x0100210c      0x314 /opt/altera/13.0sp1/nios2eds/bin/gnu/H-i686-pc-linux-gnu/bin/../lib/gcc/nios2-elf/4.1.2/mno-hw-mul/libgcc.a(_pack_df.o)
                0x0100210c                __pack_d
 .text          0x01002420      0x138 /opt/altera/13.0sp1/nios2eds/bin/gnu/H-i686-pc-linux-gnu/bin/../lib/gcc/nios2-elf/4.1.2/mno-hw-mul/libgcc.a(_unpack_df.o)
                0x01002420                __unpack_d
 .text          0x01002558        0x0 /opt/altera/13.0sp1/nios2eds/bin/gnu/H-i686-pc-linux-gnu/bin/../lib/gcc/nios2-elf/4.1.2/mno-hw-mul/libgcc.a(_clz.o)
 .text          0x01002558       0x78 /opt/altera/13.0sp1/nios2eds/bin/gnu/H-i686-pc-linux-gnu/bin/../lib/gcc/nios2-elf/4.1.2/../../../../nios2-elf/lib/mno-hw-mul/libc.a(lib_a-printf.o)
                0x01002558                printf
                0x0100259c                _printf_r
 .text          0x010025d0       0xb4 /opt/altera/13.0sp1/nios2eds/bin/gnu/H-i686-pc-linux-gnu/bin/../lib/gcc/nios2-elf/4.1.2/../../../../nios2-elf/lib/mno-hw-mul/libc.a(lib_a-puts.o)
                0x010025d0                _puts_r
                0x01002670                puts
 .text          0x01002684       0x74 /opt/altera/13.0sp1/nios2eds/bin/gnu/H-i686-pc-linux-gnu/bin/../lib/gcc/nios2-elf/4.1.2/../../../../nios2-elf/lib/mno-hw-mul/libc.a(lib_a-strlen.o)
                0x01002684                strlen
 .text          0x010026f8     0x1f40 /opt/altera/13.0sp1/nios2eds/bin/gnu/H-i686-pc-linux-gnu/bin/../lib/gcc/nios2-elf/4.1.2/../../../../nios2-elf/lib/mno-hw-mul/libc.a(lib_a-vfprintf.o)
                0x01002750                ___vfprintf_internal_r
                0x01004614                __vfprintf_internal
 .text          0x01004638      0x13c /opt/altera/13.0sp1/nios2eds/bin/gnu/H-i686-pc-linux-gnu/bin/../lib/gcc/nios2-elf/4.1.2/../../../../nios2-elf/lib/mno-hw-mul/libc.a(lib_a-wsetup.o)
                0x01004638                __swsetup_r
 .text          0x01004774     0x17f8 /opt/altera/13.0sp1/nios2eds/bin/gnu/H-i686-pc-linux-gnu/bin/../lib/gcc/nios2-elf/4.1.2/../../../../nios2-elf/lib/mno-hw-mul/libc.a(lib_a-dtoa.o)
                0x010049b8                _dtoa_r
 .text          0x01005f6c      0x230 /opt/altera/13.0sp1/nios2eds/bin/gnu/H-i686-pc-linux-gnu/bin/../lib/gcc/nios2-elf/4.1.2/../../../../nios2-elf/lib/mno-hw-mul/libc.a(lib_a-fflush.o)
                0x01005f6c                _fflush_r
                0x01006168                fflush
 .text          0x0100619c      0x2f4 /opt/altera/13.0sp1/nios2eds/bin/gnu/H-i686-pc-linux-gnu/bin/../lib/gcc/nios2-elf/4.1.2/../../../../nios2-elf/lib/mno-hw-mul/libc.a(lib_a-findfp.o)
                0x010061f4                __sfp_lock_acquire
                0x010061f8                __sfp_lock_release
                0x010061fc                __sinit_lock_acquire
                0x01006200                __sinit_lock_release
                0x01006204                __sinit
                0x010062b8                __fp_unlock_all
                0x010062d0                __fp_lock_all
                0x010062e8                _cleanup_r
                0x010062f4                _cleanup
                0x01006304                __sfmoreglue
                0x010063a0                __sfp
 .text          0x01006490      0x440 /opt/altera/13.0sp1/nios2eds/bin/gnu/H-i686-pc-linux-gnu/bin/../lib/gcc/nios2-elf/4.1.2/../../../../nios2-elf/lib/mno-hw-mul/libc.a(lib_a-freer.o)
                0x01006490                _malloc_trim_r
                0x010065bc                _free_r
 .text          0x010068d0      0x49c /opt/altera/13.0sp1/nios2eds/bin/gnu/H-i686-pc-linux-gnu/bin/../lib/gcc/nios2-elf/4.1.2/../../../../nios2-elf/lib/mno-hw-mul/libc.a(lib_a-fvwrite.o)
                0x010068d0                __sfvwrite_r
 .text          0x01006d6c      0x180 /opt/altera/13.0sp1/nios2eds/bin/gnu/H-i686-pc-linux-gnu/bin/../lib/gcc/nios2-elf/4.1.2/../../../../nios2-elf/lib/mno-hw-mul/libc.a(lib_a-fwalk.o)
                0x01006d6c                _fwalk_reent
                0x01006e34                _fwalk
 .text          0x01006eec        0x0 /opt/altera/13.0sp1/nios2eds/bin/gnu/H-i686-pc-linux-gnu/bin/../lib/gcc/nios2-elf/4.1.2/../../../../nios2-elf/lib/mno-hw-mul/libc.a(lib_a-impure.o)
 .text          0x01006eec       0xc4 /opt/altera/13.0sp1/nios2eds/bin/gnu/H-i686-pc-linux-gnu/bin/../lib/gcc/nios2-elf/4.1.2/../../../../nios2-elf/lib/mno-hw-mul/libc.a(lib_a-locale.o)
                0x01006eec                __locale_charset
                0x01006ef4                _localeconv_r
                0x01006f00                localeconv
                0x01006f10                _setlocale_r
                0x01006f94                setlocale
 .text          0x01006fb0      0x194 /opt/altera/13.0sp1/nios2eds/bin/gnu/H-i686-pc-linux-gnu/bin/../lib/gcc/nios2-elf/4.1.2/../../../../nios2-elf/lib/mno-hw-mul/libc.a(lib_a-makebuf.o)
                0x01006fb0                __smakebuf_r
 .text          0x01007144      0x740 /opt/altera/13.0sp1/nios2eds/bin/gnu/H-i686-pc-linux-gnu/bin/../lib/gcc/nios2-elf/4.1.2/../../../../nios2-elf/lib/mno-hw-mul/libc.a(lib_a-mallocr.o)
                0x01007144                _malloc_r
 .text          0x01007884       0xe4 /opt/altera/13.0sp1/nios2eds/bin/gnu/H-i686-pc-linux-gnu/bin/../lib/gcc/nios2-elf/4.1.2/../../../../nios2-elf/lib/mno-hw-mul/libc.a(lib_a-memchr.o)
                0x01007884                memchr
 .text          0x01007968       0xa0 /opt/altera/13.0sp1/nios2eds/bin/gnu/H-i686-pc-linux-gnu/bin/../lib/gcc/nios2-elf/4.1.2/../../../../nios2-elf/lib/mno-hw-mul/libc.a(lib_a-memcpy.o)
                0x01007968                memcpy
 .text          0x01007a08       0xe0 /opt/altera/13.0sp1/nios2eds/bin/gnu/H-i686-pc-linux-gnu/bin/../lib/gcc/nios2-elf/4.1.2/../../../../nios2-elf/lib/mno-hw-mul/libc.a(lib_a-memmove.o)
                0x01007a08                memmove
 .text          0x01007ae8       0x98 /opt/altera/13.0sp1/nios2eds/bin/gnu/H-i686-pc-linux-gnu/bin/../lib/gcc/nios2-elf/4.1.2/../../../../nios2-elf/lib/mno-hw-mul/libc.a(lib_a-memset.o)
                0x01007ae8                memset
 .text          0x01007b80     0x108c /opt/altera/13.0sp1/nios2eds/bin/gnu/H-i686-pc-linux-gnu/bin/../lib/gcc/nios2-elf/4.1.2/../../../../nios2-elf/lib/mno-hw-mul/libc.a(lib_a-mprec.o)
                0x01007b80                _Bfree
                0x01007ba8                __hi0bits
                0x01007c18                __lo0bits
                0x01007cdc                __mcmp
                0x01007d3c                __ulp
                0x01007dbc                __b2d
                0x01007edc                __ratio
                0x01007f8c                _mprec_log10
                0x01008020                __copybits
                0x01008078                __any_on
                0x01008100                _Balloc
                0x010081bc                __d2b
                0x01008338                __mdiff
                0x010084c4                __lshift
                0x01008610                __multiply
                0x01008864                __i2b
                0x010088a0                __multadd
                0x010089cc                __pow5mult
                0x01008aec                __s2b
 .text          0x01008c0c      0x5f4 /opt/altera/13.0sp1/nios2eds/bin/gnu/H-i686-pc-linux-gnu/bin/../lib/gcc/nios2-elf/4.1.2/../../../../nios2-elf/lib/mno-hw-mul/libc.a(lib_a-reallocr.o)
                0x01008c0c                _realloc_r
 .text          0x01009200       0x40 /opt/altera/13.0sp1/nios2eds/bin/gnu/H-i686-pc-linux-gnu/bin/../lib/gcc/nios2-elf/4.1.2/../../../../nios2-elf/lib/mno-hw-mul/libc.a(lib_a-s_isinfd.o)
                0x01009200                __isinfd
 .text          0x01009240       0x30 /opt/altera/13.0sp1/nios2eds/bin/gnu/H-i686-pc-linux-gnu/bin/../lib/gcc/nios2-elf/4.1.2/../../../../nios2-elf/lib/mno-hw-mul/libc.a(lib_a-s_isnand.o)
                0x01009240                __isnand
 .text          0x01009270       0x70 /opt/altera/13.0sp1/nios2eds/bin/gnu/H-i686-pc-linux-gnu/bin/../lib/gcc/nios2-elf/4.1.2/../../../../nios2-elf/lib/mno-hw-mul/libc.a(lib_a-sbrkr.o)
                0x01009270                _sbrk_r
 .text          0x010092e0      0x14c /opt/altera/13.0sp1/nios2eds/bin/gnu/H-i686-pc-linux-gnu/bin/../lib/gcc/nios2-elf/4.1.2/../../../../nios2-elf/lib/mno-hw-mul/libc.a(lib_a-stdio.o)
                0x010092e0                __sclose
                0x010092e8                __sseek
                0x01009350                __swrite
                0x010093cc                __sread
 .text          0x0100942c       0xbc /opt/altera/13.0sp1/nios2eds/bin/gnu/H-i686-pc-linux-gnu/bin/../lib/gcc/nios2-elf/4.1.2/../../../../nios2-elf/lib/mno-hw-mul/libc.a(lib_a-strcmp.o)
                0x0100942c                strcmp
 .text          0x010094e8       0x78 /opt/altera/13.0sp1/nios2eds/bin/gnu/H-i686-pc-linux-gnu/bin/../lib/gcc/nios2-elf/4.1.2/../../../../nios2-elf/lib/mno-hw-mul/libc.a(lib_a-writer.o)
                0x010094e8                _write_r
 .text          0x01009560       0xc8 /opt/altera/13.0sp1/nios2eds/bin/gnu/H-i686-pc-linux-gnu/bin/../lib/gcc/nios2-elf/4.1.2/../../../../nios2-elf/lib/mno-hw-mul/libc.a(lib_a-callocr.o)
                0x01009560                _calloc_r
 .text          0x01009628       0x70 /opt/altera/13.0sp1/nios2eds/bin/gnu/H-i686-pc-linux-gnu/bin/../lib/gcc/nios2-elf/4.1.2/../../../../nios2-elf/lib/mno-hw-mul/libc.a(lib_a-closer.o)
                0x01009628                _close_r
 .text          0x01009698      0x124 /opt/altera/13.0sp1/nios2eds/bin/gnu/H-i686-pc-linux-gnu/bin/../lib/gcc/nios2-elf/4.1.2/../../../../nios2-elf/lib/mno-hw-mul/libc.a(lib_a-fclose.o)
                0x01009698                _fclose_r
                0x010097a8                fclose
 .text          0x010097bc       0x74 /opt/altera/13.0sp1/nios2eds/bin/gnu/H-i686-pc-linux-gnu/bin/../lib/gcc/nios2-elf/4.1.2/../../../../nios2-elf/lib/mno-hw-mul/libc.a(lib_a-fstatr.o)
                0x010097bc                _fstat_r
 .text          0x01009830        0x0 /opt/altera/13.0sp1/nios2eds/bin/gnu/H-i686-pc-linux-gnu/bin/../lib/gcc/nios2-elf/4.1.2/../../../../nios2-elf/lib/mno-hw-mul/libc.a(lib_a-int_errno.o)
 .text          0x01009830       0x70 /opt/altera/13.0sp1/nios2eds/bin/gnu/H-i686-pc-linux-gnu/bin/../lib/gcc/nios2-elf/4.1.2/../../../../nios2-elf/lib/mno-hw-mul/libc.a(lib_a-isattyr.o)
                0x01009830                _isatty_r
 .text          0x010098a0       0x78 /opt/altera/13.0sp1/nios2eds/bin/gnu/H-i686-pc-linux-gnu/bin/../lib/gcc/nios2-elf/4.1.2/../../../../nios2-elf/lib/mno-hw-mul/libc.a(lib_a-lseekr.o)
                0x010098a0                _lseek_r
 .text          0x01009918       0x78 /opt/altera/13.0sp1/nios2eds/bin/gnu/H-i686-pc-linux-gnu/bin/../lib/gcc/nios2-elf/4.1.2/../../../../nios2-elf/lib/mno-hw-mul/libc.a(lib_a-readr.o)
                0x01009918                _read_r
 .text          0x01009990      0x66c /opt/altera/13.0sp1/nios2eds/bin/gnu/H-i686-pc-linux-gnu/bin/../lib/gcc/nios2-elf/4.1.2/mno-hw-mul/libgcc.a(_udivdi3.o)
                0x01009990                __udivdi3
 .text          0x01009ffc      0x660 /opt/altera/13.0sp1/nios2eds/bin/gnu/H-i686-pc-linux-gnu/bin/../lib/gcc/nios2-elf/4.1.2/mno-hw-mul/libgcc.a(_umoddi3.o)
                0x01009ffc                __umoddi3
 .text          0x0100a65c      0x3c4 /opt/altera/13.0sp1/nios2eds/bin/gnu/H-i686-pc-linux-gnu/bin/../lib/gcc/nios2-elf/4.1.2/mno-hw-mul/libgcc.a(_mul_df.o)
                0x0100a65c                __muldf3
 .text          0x0100aa20       0x88 /opt/altera/13.0sp1/nios2eds/bin/gnu/H-i686-pc-linux-gnu/bin/../lib/gcc/nios2-elf/4.1.2/mno-hw-mul/libgcc.a(_eq_df.o)
                0x0100aa20                __eqdf2
 .text          0x0100aaa8       0x88 /opt/altera/13.0sp1/nios2eds/bin/gnu/H-i686-pc-linux-gnu/bin/../lib/gcc/nios2-elf/4.1.2/mno-hw-mul/libgcc.a(_ne_df.o)
                0x0100aaa8                __nedf2
 .text          0x0100ab30       0x88 /opt/altera/13.0sp1/nios2eds/bin/gnu/H-i686-pc-linux-gnu/bin/../lib/gcc/nios2-elf/4.1.2/mno-hw-mul/libgcc.a(_gt_df.o)
                0x0100ab30                __gtdf2
 .text          0x0100abb8       0x88 /opt/altera/13.0sp1/nios2eds/bin/gnu/H-i686-pc-linux-gnu/bin/../lib/gcc/nios2-elf/4.1.2/mno-hw-mul/libgcc.a(_ge_df.o)
                0x0100abb8                __gedf2
 .text          0x0100ac40       0x88 /opt/altera/13.0sp1/nios2eds/bin/gnu/H-i686-pc-linux-gnu/bin/../lib/gcc/nios2-elf/4.1.2/mno-hw-mul/libgcc.a(_lt_df.o)
                0x0100ac40                __ltdf2
 .text          0x0100acc8      0x194 /opt/altera/13.0sp1/nios2eds/bin/gnu/H-i686-pc-linux-gnu/bin/../lib/gcc/nios2-elf/4.1.2/mno-hw-mul/libgcc.a(_usi_to_df.o)
                0x0100acc8                __floatunsidf
 .text          0x0100ae5c      0x124 /opt/altera/13.0sp1/nios2eds/bin/gnu/H-i686-pc-linux-gnu/bin/../lib/gcc/nios2-elf/4.1.2/mno-hw-mul/libgcc.a(_muldi3.o)
                0x0100ae5c                __muldi3
 .text          0x0100af80       0xc8 /opt/altera/13.0sp1/nios2eds/bin/gnu/H-i686-pc-linux-gnu/bin/../lib/gcc/nios2-elf/4.1.2/mno-hw-mul/libgcc.a(_fpcmp_parts_df.o)
                0x0100af80                __fpcmp_parts_d
 .text          0x0100b048      0x154 ../lab2_cruisecontrol_bsp//libucosii_bsp.a(alt_alarm_start.o)
                0x0100b048                alt_alarm_start
 .text          0x0100b19c      0x160 ../lab2_cruisecontrol_bsp//libucosii_bsp.a(alt_close.o)
                0x0100b19c                close
 .text          0x0100b2fc       0x2c ../lab2_cruisecontrol_bsp//libucosii_bsp.a(alt_dev.o)
 .text          0x0100b328        0x0 ../lab2_cruisecontrol_bsp//libucosii_bsp.a(alt_errno.o)
 .text          0x0100b328      0x138 ../lab2_cruisecontrol_bsp//libucosii_bsp.a(alt_fstat.o)
                0x0100b328                fstat
 .text          0x0100b460      0x124 ../lab2_cruisecontrol_bsp//libucosii_bsp.a(alt_isatty.o)
                0x0100b460                isatty
 .text          0x0100b584       0xec ../lab2_cruisecontrol_bsp//libucosii_bsp.a(alt_load.o)
                0x0100b584                alt_load
 .text          0x0100b670      0x154 ../lab2_cruisecontrol_bsp//libucosii_bsp.a(alt_lseek.o)
                0x0100b670                lseek
 .text          0x0100b7c4       0xc8 ../lab2_cruisecontrol_bsp//libucosii_bsp.a(alt_main.o)
                0x0100b7c4                alt_main
 .text          0x0100b88c      0x184 ../lab2_cruisecontrol_bsp//libucosii_bsp.a(alt_read.o)
                0x0100b88c                read
 .text          0x0100ba10       0x78 ../lab2_cruisecontrol_bsp//libucosii_bsp.a(alt_release_fd.o)
                0x0100ba10                alt_release_fd
 .text          0x0100ba88       0xbc ../lab2_cruisecontrol_bsp//libucosii_bsp.a(alt_sbrk.o)
                0x0100ba88                sbrk
 .text          0x0100bb44      0x1a8 ../lab2_cruisecontrol_bsp//libucosii_bsp.a(alt_tick.o)
                0x0100bb44                alt_alarm_stop
                0x0100bbdc                alt_tick
 .text          0x0100bcec      0x184 ../lab2_cruisecontrol_bsp//libucosii_bsp.a(alt_write.o)
                0x0100bcec                write
 .text          0x0100be70      0x108 ../lab2_cruisecontrol_bsp//libucosii_bsp.a(alt_env_lock.o)
                0x0100be70                __env_lock
                0x0100bf1c                __env_unlock
 .text          0x0100bf78      0x1d8 ../lab2_cruisecontrol_bsp//libucosii_bsp.a(alt_malloc_lock.o)
                0x0100bf78                __malloc_lock
                0x0100c080                __malloc_unlock
 .text          0x0100c150     0x212c ../lab2_cruisecontrol_bsp//libucosii_bsp.a(os_core.o)
                0x0100c150                OSEventNameGet
                0x0100c280                OSEventNameSet
                0x0100c3c4                OSEventPendMulti
                0x0100ca78                OSInit
                0x0100cad0                OSIntEnter
                0x0100cb4c                OSIntExit
                0x0100cc4c                OSSchedLock
                0x0100ccd8                OSSchedUnlock
                0x0100cdbc                OSStart
                0x0100ce2c                OSStatInit
                0x0100ced8                OSTimeTick
                0x0100d118                OSVersion
                0x0100d138                OS_Dummy
                0x0100d154                OS_EventTaskRdy
                0x0100d2e8                OS_EventTaskWait
                0x0100d3f8                OS_EventTaskWaitMulti
                0x0100d54c                OS_EventTaskRemove
                0x0100d604                OS_EventTaskRemoveMulti
                0x0100d708                OS_EventWaitListInit
                0x0100dad4                OS_MemClr
                0x0100db28                OS_MemCopy
                0x0100db94                OS_Sched
                0x0100dcd8                OS_StrCopy
                0x0100dd58                OS_StrLen
                0x0100ddb0                OS_TaskIdle
                0x0100de0c                OS_TaskStat
                0x0100ded4                OS_TaskStatStkChk
                0x0100df9c                OS_TCBInit
 .text          0x0100e27c      0x1ec ../lab2_cruisecontrol_bsp//libucosii_bsp.a(os_dbg.o)
                0x0100e27c                OSDebugInit
 .text          0x0100e468     0x193c ../lab2_cruisecontrol_bsp//libucosii_bsp.a(os_flag.o)
                0x0100e468                OSFlagAccept
                0x0100e79c                OSFlagCreate
                0x0100e8d8                OSFlagDel
                0x0100eb80                OSFlagNameGet
                0x0100ecc4                OSFlagNameSet
                0x0100ee18                OSFlagPend
                0x0100f45c                OSFlagPendGetFlagsRdy
                0x0100f4c4                OSFlagPost
                0x0100f86c                OSFlagQuery
                0x0100fb04                OS_FlagInit
                0x0100fcf8                OS_FlagUnlink
 .text          0x0100fda4      0xc8c ../lab2_cruisecontrol_bsp//libucosii_bsp.a(os_mbox.o)
                0x0100fda4                OSMboxAccept
                0x0100fe48                OSMboxCreate
                0x0100ff5c                OSMboxDel
                0x010101fc                OSMboxPend
                0x010104c4                OSMboxPendAbort
                0x01010640                OSMboxPost
                0x01010774                OSMboxPostOpt
                0x01010900                OSMboxQuery
 .text          0x01010a30      0x80c ../lab2_cruisecontrol_bsp//libucosii_bsp.a(os_mem.o)
                0x01010a30                OSMemCreate
                0x01010c4c                OSMemGet
                0x01010d50                OSMemNameGet
                0x01010e5c                OSMemNameSet
                0x01010f7c                OSMemPut
                0x0101106c                OSMemQuery
                0x01011168                OS_MemInit
 .text          0x0101123c     0x1334 ../lab2_cruisecontrol_bsp//libucosii_bsp.a(os_q.o)
                0x0101123c                OSQAccept
                0x01011390                OSQCreate
                0x010115a4                OSQDel
                0x010118a4                OSQFlush
                0x0101196c                OSQPend
                0x01011c8c                OSQPendAbort
                0x01011e08                OSQPost
                0x01011f88                OSQPostFront
                0x01012110                OSQPostOpt
                0x01012344                OSQQuery
                0x010124c4                OS_QInit
 .text          0x01012570      0xbc8 ../lab2_cruisecontrol_bsp//libucosii_bsp.a(os_sem.o)
                0x01012570                OSSemAccept
                0x01012630                OSSemCreate
                0x01012744                OSSemDel
                0x010129e4                OSSemPend
                0x01012c60                OSSemPendAbort
                0x01012ddc                OSSemPost
                0x01012f04                OSSemQuery
                0x01013034                OSSemSet
 .text          0x01013138     0x1a40 ../lab2_cruisecontrol_bsp//libucosii_bsp.a(os_task.o)
                0x01013138                OSTaskChangePrio
                0x010136ac                OSTaskCreate
                0x01013880                OSTaskCreateExt
                0x01013a80                OSTaskDel
                0x01013e8c                OSTaskDelReq
                0x01013ffc                OSTaskNameGet
                0x010141b4                OSTaskNameSet
                0x01014378                OSTaskResume
                0x01014590                OSTaskStkChk
                0x0101478c                OSTaskSuspend
                0x010149b8                OSTaskQuery
                0x01014afc                OS_TaskStkClr
 .text          0x01014b78      0x67c ../lab2_cruisecontrol_bsp//libucosii_bsp.a(os_time.o)
                0x01014b78                OSTimeDly
                0x01014cc4                OSTimeDlyHMSM
                0x01014f1c                OSTimeDlyResume
                0x0101512c                OSTimeGet
                0x01015190                OSTimeSet
 .text          0x010151f4     0x1350 ../lab2_cruisecontrol_bsp//libucosii_bsp.a(os_tmr.o)
                0x010151f4                OSTmrCreate
                0x010153d8                OSTmrDel
                0x01015550                OSTmrNameGet
                0x010156bc                OSTmrRemainGet
                0x010158b8                OSTmrStateGet
                0x010159b4                OSTmrStart
                0x01015b34                OSTmrStop
                0x01015d60                OSTmrSignal
                0x01015f28                OSTmr_Init
 .text          0x01016544       0xe8 ../lab2_cruisecontrol_bsp//libucosii_bsp.a(alt_sys_init.o)
                0x01016544                alt_irq_init
                0x01016578                alt_sys_init
 .text          0x0101662c      0x148 ../lab2_cruisecontrol_bsp//libucosii_bsp.a(altera_avalon_jtag_uart_fd.o)
                0x0101662c                altera_avalon_jtag_uart_read_fd
                0x01016684                altera_avalon_jtag_uart_write_fd
                0x010166dc                altera_avalon_jtag_uart_close_fd
                0x01016724                altera_avalon_jtag_uart_ioctl_fd
 .text          0x01016774      0x584 ../lab2_cruisecontrol_bsp//libucosii_bsp.a(altera_avalon_jtag_uart_init.o)
                0x01016774                altera_avalon_jtag_uart_init
                0x01016c84                altera_avalon_jtag_uart_close
 .text          0x01016cf8       0xf4 ../lab2_cruisecontrol_bsp//libucosii_bsp.a(altera_avalon_jtag_uart_ioctl.o)
                0x01016cf8                altera_avalon_jtag_uart_ioctl
 .text          0x01016dec      0x2c0 ../lab2_cruisecontrol_bsp//libucosii_bsp.a(altera_avalon_jtag_uart_read.o)
                0x01016dec                altera_avalon_jtag_uart_read
 .text          0x010170ac      0x2dc ../lab2_cruisecontrol_bsp//libucosii_bsp.a(altera_avalon_jtag_uart_write.o)
                0x010170ac                altera_avalon_jtag_uart_write
 .text          0x01017388      0x100 ../lab2_cruisecontrol_bsp//libucosii_bsp.a(altera_avalon_timer_sc.o)
                0x010173f8                alt_avalon_timer_sc_init
 .text          0x01017488      0x530 ../lab2_cruisecontrol_bsp//libucosii_bsp.a(altera_up_avalon_character_lcd.o)
                0x01017488                get_DDRAM_addr
                0x01017504                alt_up_character_lcd_send_cmd
                0x01017538                alt_up_character_lcd_init
                0x0101756c                alt_up_character_lcd_open_dev
                0x010175ac                alt_up_character_lcd_write
                0x01017624                alt_up_character_lcd_string
                0x0101769c                alt_up_character_lcd_write_fd
                0x010176e8                alt_up_character_lcd_set_cursor_pos
                0x01017760                alt_up_character_lcd_shift_cursor
                0x01017810                alt_up_character_lcd_shift_display
                0x010178c0                alt_up_character_lcd_erase_pos
                0x01017950                alt_up_character_lcd_cursor_off
                0x01017984                alt_up_character_lcd_cursor_blink_on
 .text          0x010179b8       0x1c ../lab2_cruisecontrol_bsp//libucosii_bsp.a(alt_dcache_flush_all.o)
                0x010179b8                alt_dcache_flush_all
 .text          0x010179d4      0x114 ../lab2_cruisecontrol_bsp//libucosii_bsp.a(alt_dev_llist_insert.o)
                0x010179d4                alt_dev_llist_insert
 .text          0x01017ae8       0x64 ../lab2_cruisecontrol_bsp//libucosii_bsp.a(alt_do_ctors.o)
                0x01017ae8                _do_ctors
 .text          0x01017b4c       0x64 ../lab2_cruisecontrol_bsp//libucosii_bsp.a(alt_do_dtors.o)
                0x01017b4c                _do_dtors
 .text          0x01017bb0       0x94 ../lab2_cruisecontrol_bsp//libucosii_bsp.a(alt_find_dev.o)
                0x01017bb0                alt_find_dev
 .text          0x01017c44       0x1c ../lab2_cruisecontrol_bsp//libucosii_bsp.a(alt_icache_flush_all.o)
                0x01017c44                alt_icache_flush_all
 .text          0x01017c60      0x1d4 ../lab2_cruisecontrol_bsp//libucosii_bsp.a(alt_iic.o)
                0x01017c60                alt_ic_isr_register
                0x01017cb0                alt_ic_irq_enable
                0x01017d4c                alt_ic_irq_disable
                0x01017dec                alt_ic_irq_enabled
 .text          0x01017e34       0xf8 ../lab2_cruisecontrol_bsp//libucosii_bsp.a(alt_iic_isr_register.o)
                0x01017e34                alt_iic_isr_register
 .text          0x01017f2c      0x150 ../lab2_cruisecontrol_bsp//libucosii_bsp.a(alt_io_redirect.o)
                0x01018004                alt_io_redirect
 .text          0x0101807c        0x0 ../lab2_cruisecontrol_bsp//libucosii_bsp.a(alt_irq_entry.o)
 .text          0x0101807c        0x0 ../lab2_cruisecontrol_bsp//libucosii_bsp.a(alt_irq_handler.o)
 .text          0x0101807c        0x0 ../lab2_cruisecontrol_bsp//libucosii_bsp.a(alt_irq_vars.o)
 .text          0x0101807c      0x2e4 ../lab2_cruisecontrol_bsp//libucosii_bsp.a(alt_open.o)
                0x01018174                open
 .text          0x01018360       0x20 ../lab2_cruisecontrol_bsp//libucosii_bsp.a(altera_nios2_qsys_irq.o)
                0x01018360                altera_nios2_qsys_irq_init
 .text          0x01018380       0xd0 ../lab2_cruisecontrol_bsp//libucosii_bsp.a(os_cpu_a.o)
                0x01018380                OSCtxSw
                0x01018380                OSIntCtxSw
                0x0101840c                OSStartHighRdy
                0x0101842c                OSStartTsk
 .text          0x01018450      0x46c ../lab2_cruisecontrol_bsp//libucosii_bsp.a(os_cpu_c.o)
                0x01018450                OSTaskStkInit
                0x01018760                OSTaskCreateHook
                0x01018780                OSTaskDelHook
                0x010187a0                OSTaskSwHook
                0x010187bc                OSTaskStatHook
                0x010187d8                OSTimeTickHook
                0x01018844                OSInitHookBegin
                0x01018864                OSInitHookEnd
                0x01018880                OSTaskIdleHook
                0x0101889c                OSTCBInitHook
 .text          0x010188bc        0x0 ../lab2_cruisecontrol_bsp//libucosii_bsp.a(alt_exception_entry.o)
 .text          0x010188bc      0x120 ../lab2_cruisecontrol_bsp//libucosii_bsp.a(alt_find_file.o)
                0x010188bc                alt_find_file
 .text          0x010189dc      0x104 ../lab2_cruisecontrol_bsp//libucosii_bsp.a(alt_get_fd.o)
                0x010189dc                alt_get_fd
 .text          0x01018ae0       0x14 /opt/altera/13.0sp1/nios2eds/bin/gnu/H-i686-pc-linux-gnu/bin/../lib/gcc/nios2-elf/4.1.2/../../../../nios2-elf/lib/mno-hw-mul/libc.a(lib_a-atexit.o)
                0x01018ae0                atexit
 .text          0x01018af4       0x38 /opt/altera/13.0sp1/nios2eds/bin/gnu/H-i686-pc-linux-gnu/bin/../lib/gcc/nios2-elf/4.1.2/../../../../nios2-elf/lib/mno-hw-mul/libc.a(lib_a-exit.o)
                0x01018af4                exit
 .text          0x01018b2c       0x74 /opt/altera/13.0sp1/nios2eds/bin/gnu/H-i686-pc-linux-gnu/bin/../lib/gcc/nios2-elf/4.1.2/../../../../nios2-elf/lib/mno-hw-mul/libc.a(lib_a-memcmp.o)
                0x01018b2c                memcmp
 .text          0x01018ba0      0x134 /opt/altera/13.0sp1/nios2eds/bin/gnu/H-i686-pc-linux-gnu/bin/../lib/gcc/nios2-elf/4.1.2/../../../../nios2-elf/lib/mno-hw-mul/libc.a(lib_a-__atexit.o)
                0x01018ba0                __register_exitproc
 .text          0x01018cd4      0x1b4 /opt/altera/13.0sp1/nios2eds/bin/gnu/H-i686-pc-linux-gnu/bin/../lib/gcc/nios2-elf/4.1.2/../../../../nios2-elf/lib/mno-hw-mul/libc.a(lib_a-__call_atexit.o)
                0x01018cd8                __call_exitprocs
 .text          0x01018e88       0xa4 /opt/altera/13.0sp1/nios2eds/bin/gnu/H-i686-pc-linux-gnu/bin/../lib/gcc/nios2-elf/4.1.2/mno-hw-mul/libgcc.a(_fixunsdfsi.o)
                0x01018e88                __fixunsdfsi
 .text          0x01018f2c       0x6c ../lab2_cruisecontrol_bsp//libucosii_bsp.a(alt_exit.o)
                0x01018f6c                _exit
 *(.gnu.warning.*)
 *(.fini)
                0x01018f98                PROVIDE (__etext, ABSOLUTE (.))
                0x01018f98                PROVIDE (_etext, ABSOLUTE (.))
                0x01018f98                PROVIDE (etext, ABSOLUTE (.))
 *(.eh_frame_hdr)
                0x01018f98                . = ALIGN (0x4)
                0x01018f98                PROVIDE (__preinit_array_start, ABSOLUTE (.))
 *(.preinit_array)
                0x01018f98                PROVIDE (__preinit_array_end, ABSOLUTE (.))
                0x01018f98                PROVIDE (__init_array_start, ABSOLUTE (.))
 *(.init_array)
                0x01018f98                PROVIDE (__init_array_end, ABSOLUTE (.))
                0x01018f98                PROVIDE (__fini_array_start, ABSOLUTE (.))
 *(.fini_array)
                0x01018f98                PROVIDE (__fini_array_end, ABSOLUTE (.))
 *(.eh_frame)
 *(.gcc_except_table)
 *(.dynamic)
                0x01018f98                PROVIDE (__CTOR_LIST__, ABSOLUTE (.))
 *(.ctors)
 *(SORT(.ctors.*))
 .ctors.65535   0x01018f98        0x4 /opt/altera/13.0sp1/nios2eds/bin/gnu/H-i686-pc-linux-gnu/bin/../lib/gcc/nios2-elf/4.1.2/../../../../nios2-elf/lib/mno-hw-mul/libc.a(lib_a-__call_atexit.o)
                0x01018f9c                PROVIDE (__CTOR_END__, ABSOLUTE (.))
                0x01018f9c                PROVIDE (__DTOR_LIST__, ABSOLUTE (.))
 *(.dtors)
 *(SORT(.dtors.*))
                0x01018f9c                PROVIDE (__DTOR_END__, ABSOLUTE (.))
 *(.jcr)
                0x01018f9c                . = ALIGN (0x4)

.rodata         0x01018f9c      0x5c4
                0x01018f9c                PROVIDE (__ram_rodata_start, ABSOLUTE (.))
                0x01018f9c                . = ALIGN (0x4)
 *(.rodata .rodata.* .gnu.linkonce.r.*)
 .rodata        0x01018f9c      0x114 obj/default/cruise_skeleton.o
 .rodata        0x010190b0       0x14 /opt/altera/13.0sp1/nios2eds/bin/gnu/H-i686-pc-linux-gnu/bin/../lib/gcc/nios2-elf/4.1.2/mno-hw-mul/libgcc.a(_thenan_df.o)
                0x010190b0                __thenan_df
 .rodata        0x010190c4      0x100 /opt/altera/13.0sp1/nios2eds/bin/gnu/H-i686-pc-linux-gnu/bin/../lib/gcc/nios2-elf/4.1.2/mno-hw-mul/libgcc.a(_clz.o)
                0x010190c4                __clz_tab
 .rodata.str1.4
                0x010191c4        0x2 /opt/altera/13.0sp1/nios2eds/bin/gnu/H-i686-pc-linux-gnu/bin/../lib/gcc/nios2-elf/4.1.2/../../../../nios2-elf/lib/mno-hw-mul/libc.a(lib_a-puts.o)
                                  0x4 (size before relaxing)
 *fill*         0x010191c6        0x2 00
 .rodata.str1.4
                0x010191c8       0x5e /opt/altera/13.0sp1/nios2eds/bin/gnu/H-i686-pc-linux-gnu/bin/../lib/gcc/nios2-elf/4.1.2/../../../../nios2-elf/lib/mno-hw-mul/libc.a(lib_a-vfprintf.o)
                                 0x60 (size before relaxing)
 .rodata        0x01019226       0x20 /opt/altera/13.0sp1/nios2eds/bin/gnu/H-i686-pc-linux-gnu/bin/../lib/gcc/nios2-elf/4.1.2/../../../../nios2-elf/lib/mno-hw-mul/libc.a(lib_a-vfprintf.o)
 *fill*         0x01019246        0x2 00
 .rodata.str1.4
                0x01019248       0x10 /opt/altera/13.0sp1/nios2eds/bin/gnu/H-i686-pc-linux-gnu/bin/../lib/gcc/nios2-elf/4.1.2/../../../../nios2-elf/lib/mno-hw-mul/libc.a(lib_a-dtoa.o)
                                 0x14 (size before relaxing)
 .rodata.str1.4
                0x01019258        0x2 /opt/altera/13.0sp1/nios2eds/bin/gnu/H-i686-pc-linux-gnu/bin/../lib/gcc/nios2-elf/4.1.2/../../../../nios2-elf/lib/mno-hw-mul/libc.a(lib_a-impure.o)
                                  0x4 (size before relaxing)
 *fill*         0x0101925a        0x2 00
 .rodata.str1.4
                0x0101925c       0x10 /opt/altera/13.0sp1/nios2eds/bin/gnu/H-i686-pc-linux-gnu/bin/../lib/gcc/nios2-elf/4.1.2/../../../../nios2-elf/lib/mno-hw-mul/libc.a(lib_a-locale.o)
                                 0x18 (size before relaxing)
 .rodata        0x0101926c       0x30 /opt/altera/13.0sp1/nios2eds/bin/gnu/H-i686-pc-linux-gnu/bin/../lib/gcc/nios2-elf/4.1.2/../../../../nios2-elf/lib/mno-hw-mul/libc.a(lib_a-locale.o)
 .rodata        0x0101929c      0x124 /opt/altera/13.0sp1/nios2eds/bin/gnu/H-i686-pc-linux-gnu/bin/../lib/gcc/nios2-elf/4.1.2/../../../../nios2-elf/lib/mno-hw-mul/libc.a(lib_a-mprec.o)
                0x0101929c                __mprec_tens
                0x01019364                __mprec_bigtens
                0x0101938c                __mprec_tinytens
 .rodata        0x010193c0        0xc ../lab2_cruisecontrol_bsp//libucosii_bsp.a(alt_dev.o)
 .rodata        0x010193cc       0x14 ../lab2_cruisecontrol_bsp//libucosii_bsp.a(alt_main.o)
 .rodata        0x010193e0      0x120 ../lab2_cruisecontrol_bsp//libucosii_bsp.a(os_core.o)
                0x010193e0                OSUnMapTbl
 .rodata        0x01019500       0x38 ../lab2_cruisecontrol_bsp//libucosii_bsp.a(os_tmr.o)
 .rodata        0x01019538       0x24 ../lab2_cruisecontrol_bsp//libucosii_bsp.a(alt_sys_init.o)
 .rodata        0x0101955c        0x4 ../lab2_cruisecontrol_bsp//libucosii_bsp.a(os_cpu_c.o)
 *(.rodata1)
                0x01019560                . = ALIGN (0x4)
                0x01019560                PROVIDE (__ram_rodata_end, ABSOLUTE (.))
                0x01018f9c                PROVIDE (__flash_rodata_start, LOADADDR (.rodata))

.rwdata         0x01019560     0x1b50 load address 0x0101b0b0
                0x01019560                PROVIDE (__ram_rwdata_start, ABSOLUTE (.))
                0x01019560                . = ALIGN (0x4)
 *(.got.plt)
 *(.got)
 *(.data1)
 *(.data .data.* .gnu.linkonce.d.*)
 .data          0x01019560        0x0 ../lab2_cruisecontrol_bsp//obj/HAL/src/crt0.o
 .data          0x01019560       0x2c obj/default/cruise_skeleton.o
 .data          0x0101958c        0x0 /opt/altera/13.0sp1/nios2eds/bin/gnu/H-i686-pc-linux-gnu/bin/../lib/gcc/nios2-elf/4.1.2/mno-hw-mul/libgcc.a(_si_to_sf.o)
 .data          0x0101958c        0x0 /opt/altera/13.0sp1/nios2eds/bin/gnu/H-i686-pc-linux-gnu/bin/../lib/gcc/nios2-elf/4.1.2/mno-hw-mul/libgcc.a(_sf_to_df.o)
 .data          0x0101958c        0x0 /opt/altera/13.0sp1/nios2eds/bin/gnu/H-i686-pc-linux-gnu/bin/../lib/gcc/nios2-elf/4.1.2/mno-hw-mul/libgcc.a(_addsub_df.o)
 .data          0x0101958c        0x0 /opt/altera/13.0sp1/nios2eds/bin/gnu/H-i686-pc-linux-gnu/bin/../lib/gcc/nios2-elf/4.1.2/mno-hw-mul/libgcc.a(_div_df.o)
 .data          0x0101958c        0x0 /opt/altera/13.0sp1/nios2eds/bin/gnu/H-i686-pc-linux-gnu/bin/../lib/gcc/nios2-elf/4.1.2/mno-hw-mul/libgcc.a(_si_to_df.o)
 .data          0x0101958c        0x0 /opt/altera/13.0sp1/nios2eds/bin/gnu/H-i686-pc-linux-gnu/bin/../lib/gcc/nios2-elf/4.1.2/mno-hw-mul/libgcc.a(_df_to_si.o)
 .data          0x0101958c        0x0 /opt/altera/13.0sp1/nios2eds/bin/gnu/H-i686-pc-linux-gnu/bin/../lib/gcc/nios2-elf/4.1.2/mno-hw-mul/libgcc.a(_make_df.o)
 .data          0x0101958c        0x0 /opt/altera/13.0sp1/nios2eds/bin/gnu/H-i686-pc-linux-gnu/bin/../lib/gcc/nios2-elf/4.1.2/mno-hw-mul/libgcc.a(_thenan_df.o)
 .data          0x0101958c        0x0 /opt/altera/13.0sp1/nios2eds/bin/gnu/H-i686-pc-linux-gnu/bin/../lib/gcc/nios2-elf/4.1.2/mno-hw-mul/libgcc.a(lib2-divmod.o)
 .data          0x0101958c        0x0 /opt/altera/13.0sp1/nios2eds/bin/gnu/H-i686-pc-linux-gnu/bin/../lib/gcc/nios2-elf/4.1.2/mno-hw-mul/libgcc.a(lib2-mul.o)
 .data          0x0101958c        0x0 /opt/altera/13.0sp1/nios2eds/bin/gnu/H-i686-pc-linux-gnu/bin/../lib/gcc/nios2-elf/4.1.2/mno-hw-mul/libgcc.a(_clzsi2.o)
 .data          0x0101958c        0x0 /opt/altera/13.0sp1/nios2eds/bin/gnu/H-i686-pc-linux-gnu/bin/../lib/gcc/nios2-elf/4.1.2/mno-hw-mul/libgcc.a(_pack_sf.o)
 .data          0x0101958c        0x0 /opt/altera/13.0sp1/nios2eds/bin/gnu/H-i686-pc-linux-gnu/bin/../lib/gcc/nios2-elf/4.1.2/mno-hw-mul/libgcc.a(_unpack_sf.o)
 .data          0x0101958c        0x0 /opt/altera/13.0sp1/nios2eds/bin/gnu/H-i686-pc-linux-gnu/bin/../lib/gcc/nios2-elf/4.1.2/mno-hw-mul/libgcc.a(_pack_df.o)
 .data          0x0101958c        0x0 /opt/altera/13.0sp1/nios2eds/bin/gnu/H-i686-pc-linux-gnu/bin/../lib/gcc/nios2-elf/4.1.2/mno-hw-mul/libgcc.a(_unpack_df.o)
 .data          0x0101958c        0x0 /opt/altera/13.0sp1/nios2eds/bin/gnu/H-i686-pc-linux-gnu/bin/../lib/gcc/nios2-elf/4.1.2/mno-hw-mul/libgcc.a(_clz.o)
 .data          0x0101958c        0x0 /opt/altera/13.0sp1/nios2eds/bin/gnu/H-i686-pc-linux-gnu/bin/../lib/gcc/nios2-elf/4.1.2/../../../../nios2-elf/lib/mno-hw-mul/libc.a(lib_a-printf.o)
 .data          0x0101958c        0x0 /opt/altera/13.0sp1/nios2eds/bin/gnu/H-i686-pc-linux-gnu/bin/../lib/gcc/nios2-elf/4.1.2/../../../../nios2-elf/lib/mno-hw-mul/libc.a(lib_a-puts.o)
 .data          0x0101958c        0x0 /opt/altera/13.0sp1/nios2eds/bin/gnu/H-i686-pc-linux-gnu/bin/../lib/gcc/nios2-elf/4.1.2/../../../../nios2-elf/lib/mno-hw-mul/libc.a(lib_a-strlen.o)
 .data          0x0101958c        0x0 /opt/altera/13.0sp1/nios2eds/bin/gnu/H-i686-pc-linux-gnu/bin/../lib/gcc/nios2-elf/4.1.2/../../../../nios2-elf/lib/mno-hw-mul/libc.a(lib_a-vfprintf.o)
 .data          0x0101958c        0x0 /opt/altera/13.0sp1/nios2eds/bin/gnu/H-i686-pc-linux-gnu/bin/../lib/gcc/nios2-elf/4.1.2/../../../../nios2-elf/lib/mno-hw-mul/libc.a(lib_a-wsetup.o)
 .data          0x0101958c        0x0 /opt/altera/13.0sp1/nios2eds/bin/gnu/H-i686-pc-linux-gnu/bin/../lib/gcc/nios2-elf/4.1.2/../../../../nios2-elf/lib/mno-hw-mul/libc.a(lib_a-dtoa.o)
 .data          0x0101958c        0x0 /opt/altera/13.0sp1/nios2eds/bin/gnu/H-i686-pc-linux-gnu/bin/../lib/gcc/nios2-elf/4.1.2/../../../../nios2-elf/lib/mno-hw-mul/libc.a(lib_a-fflush.o)
 .data          0x0101958c        0x0 /opt/altera/13.0sp1/nios2eds/bin/gnu/H-i686-pc-linux-gnu/bin/../lib/gcc/nios2-elf/4.1.2/../../../../nios2-elf/lib/mno-hw-mul/libc.a(lib_a-findfp.o)
 .data          0x0101958c        0x0 /opt/altera/13.0sp1/nios2eds/bin/gnu/H-i686-pc-linux-gnu/bin/../lib/gcc/nios2-elf/4.1.2/../../../../nios2-elf/lib/mno-hw-mul/libc.a(lib_a-freer.o)
 .data          0x0101958c        0x0 /opt/altera/13.0sp1/nios2eds/bin/gnu/H-i686-pc-linux-gnu/bin/../lib/gcc/nios2-elf/4.1.2/../../../../nios2-elf/lib/mno-hw-mul/libc.a(lib_a-fvwrite.o)
 .data          0x0101958c        0x0 /opt/altera/13.0sp1/nios2eds/bin/gnu/H-i686-pc-linux-gnu/bin/../lib/gcc/nios2-elf/4.1.2/../../../../nios2-elf/lib/mno-hw-mul/libc.a(lib_a-fwalk.o)
 .data          0x0101958c      0x400 /opt/altera/13.0sp1/nios2eds/bin/gnu/H-i686-pc-linux-gnu/bin/../lib/gcc/nios2-elf/4.1.2/../../../../nios2-elf/lib/mno-hw-mul/libc.a(lib_a-impure.o)
 .data          0x0101998c        0xc /opt/altera/13.0sp1/nios2eds/bin/gnu/H-i686-pc-linux-gnu/bin/../lib/gcc/nios2-elf/4.1.2/../../../../nios2-elf/lib/mno-hw-mul/libc.a(lib_a-locale.o)
                0x0101998c                __lc_ctype
 .data          0x01019998        0x0 /opt/altera/13.0sp1/nios2eds/bin/gnu/H-i686-pc-linux-gnu/bin/../lib/gcc/nios2-elf/4.1.2/../../../../nios2-elf/lib/mno-hw-mul/libc.a(lib_a-makebuf.o)
 .data          0x01019998      0x408 /opt/altera/13.0sp1/nios2eds/bin/gnu/H-i686-pc-linux-gnu/bin/../lib/gcc/nios2-elf/4.1.2/../../../../nios2-elf/lib/mno-hw-mul/libc.a(lib_a-mallocr.o)
                0x01019998                __malloc_av_
 .data          0x01019da0        0x0 /opt/altera/13.0sp1/nios2eds/bin/gnu/H-i686-pc-linux-gnu/bin/../lib/gcc/nios2-elf/4.1.2/../../../../nios2-elf/lib/mno-hw-mul/libc.a(lib_a-memchr.o)
 .data          0x01019da0        0x0 /opt/altera/13.0sp1/nios2eds/bin/gnu/H-i686-pc-linux-gnu/bin/../lib/gcc/nios2-elf/4.1.2/../../../../nios2-elf/lib/mno-hw-mul/libc.a(lib_a-memcpy.o)
 .data          0x01019da0        0x0 /opt/altera/13.0sp1/nios2eds/bin/gnu/H-i686-pc-linux-gnu/bin/../lib/gcc/nios2-elf/4.1.2/../../../../nios2-elf/lib/mno-hw-mul/libc.a(lib_a-memmove.o)
 .data          0x01019da0        0x0 /opt/altera/13.0sp1/nios2eds/bin/gnu/H-i686-pc-linux-gnu/bin/../lib/gcc/nios2-elf/4.1.2/../../../../nios2-elf/lib/mno-hw-mul/libc.a(lib_a-memset.o)
 .data          0x01019da0        0x0 /opt/altera/13.0sp1/nios2eds/bin/gnu/H-i686-pc-linux-gnu/bin/../lib/gcc/nios2-elf/4.1.2/../../../../nios2-elf/lib/mno-hw-mul/libc.a(lib_a-mprec.o)
 .data          0x01019da0        0x0 /opt/altera/13.0sp1/nios2eds/bin/gnu/H-i686-pc-linux-gnu/bin/../lib/gcc/nios2-elf/4.1.2/../../../../nios2-elf/lib/mno-hw-mul/libc.a(lib_a-reallocr.o)
 .data          0x01019da0        0x0 /opt/altera/13.0sp1/nios2eds/bin/gnu/H-i686-pc-linux-gnu/bin/../lib/gcc/nios2-elf/4.1.2/../../../../nios2-elf/lib/mno-hw-mul/libc.a(lib_a-s_isinfd.o)
 .data          0x01019da0        0x0 /opt/altera/13.0sp1/nios2eds/bin/gnu/H-i686-pc-linux-gnu/bin/../lib/gcc/nios2-elf/4.1.2/../../../../nios2-elf/lib/mno-hw-mul/libc.a(lib_a-s_isnand.o)
 .data          0x01019da0        0x0 /opt/altera/13.0sp1/nios2eds/bin/gnu/H-i686-pc-linux-gnu/bin/../lib/gcc/nios2-elf/4.1.2/../../../../nios2-elf/lib/mno-hw-mul/libc.a(lib_a-sbrkr.o)
 .data          0x01019da0        0x0 /opt/altera/13.0sp1/nios2eds/bin/gnu/H-i686-pc-linux-gnu/bin/../lib/gcc/nios2-elf/4.1.2/../../../../nios2-elf/lib/mno-hw-mul/libc.a(lib_a-stdio.o)
 .data          0x01019da0        0x0 /opt/altera/13.0sp1/nios2eds/bin/gnu/H-i686-pc-linux-gnu/bin/../lib/gcc/nios2-elf/4.1.2/../../../../nios2-elf/lib/mno-hw-mul/libc.a(lib_a-strcmp.o)
 .data          0x01019da0        0x0 /opt/altera/13.0sp1/nios2eds/bin/gnu/H-i686-pc-linux-gnu/bin/../lib/gcc/nios2-elf/4.1.2/../../../../nios2-elf/lib/mno-hw-mul/libc.a(lib_a-writer.o)
 .data          0x01019da0        0x0 /opt/altera/13.0sp1/nios2eds/bin/gnu/H-i686-pc-linux-gnu/bin/../lib/gcc/nios2-elf/4.1.2/../../../../nios2-elf/lib/mno-hw-mul/libc.a(lib_a-callocr.o)
 .data          0x01019da0        0x0 /opt/altera/13.0sp1/nios2eds/bin/gnu/H-i686-pc-linux-gnu/bin/../lib/gcc/nios2-elf/4.1.2/../../../../nios2-elf/lib/mno-hw-mul/libc.a(lib_a-closer.o)
 .data          0x01019da0        0x0 /opt/altera/13.0sp1/nios2eds/bin/gnu/H-i686-pc-linux-gnu/bin/../lib/gcc/nios2-elf/4.1.2/../../../../nios2-elf/lib/mno-hw-mul/libc.a(lib_a-fclose.o)
 .data          0x01019da0        0x0 /opt/altera/13.0sp1/nios2eds/bin/gnu/H-i686-pc-linux-gnu/bin/../lib/gcc/nios2-elf/4.1.2/../../../../nios2-elf/lib/mno-hw-mul/libc.a(lib_a-fstatr.o)
 .data          0x01019da0        0x0 /opt/altera/13.0sp1/nios2eds/bin/gnu/H-i686-pc-linux-gnu/bin/../lib/gcc/nios2-elf/4.1.2/../../../../nios2-elf/lib/mno-hw-mul/libc.a(lib_a-int_errno.o)
 .data          0x01019da0        0x0 /opt/altera/13.0sp1/nios2eds/bin/gnu/H-i686-pc-linux-gnu/bin/../lib/gcc/nios2-elf/4.1.2/../../../../nios2-elf/lib/mno-hw-mul/libc.a(lib_a-isattyr.o)
 .data          0x01019da0        0x0 /opt/altera/13.0sp1/nios2eds/bin/gnu/H-i686-pc-linux-gnu/bin/../lib/gcc/nios2-elf/4.1.2/../../../../nios2-elf/lib/mno-hw-mul/libc.a(lib_a-lseekr.o)
 .data          0x01019da0        0x0 /opt/altera/13.0sp1/nios2eds/bin/gnu/H-i686-pc-linux-gnu/bin/../lib/gcc/nios2-elf/4.1.2/../../../../nios2-elf/lib/mno-hw-mul/libc.a(lib_a-readr.o)
 .data          0x01019da0        0x0 /opt/altera/13.0sp1/nios2eds/bin/gnu/H-i686-pc-linux-gnu/bin/../lib/gcc/nios2-elf/4.1.2/mno-hw-mul/libgcc.a(_udivdi3.o)
 .data          0x01019da0        0x0 /opt/altera/13.0sp1/nios2eds/bin/gnu/H-i686-pc-linux-gnu/bin/../lib/gcc/nios2-elf/4.1.2/mno-hw-mul/libgcc.a(_umoddi3.o)
 .data          0x01019da0        0x0 /opt/altera/13.0sp1/nios2eds/bin/gnu/H-i686-pc-linux-gnu/bin/../lib/gcc/nios2-elf/4.1.2/mno-hw-mul/libgcc.a(_mul_df.o)
 .data          0x01019da0        0x0 /opt/altera/13.0sp1/nios2eds/bin/gnu/H-i686-pc-linux-gnu/bin/../lib/gcc/nios2-elf/4.1.2/mno-hw-mul/libgcc.a(_eq_df.o)
 .data          0x01019da0        0x0 /opt/altera/13.0sp1/nios2eds/bin/gnu/H-i686-pc-linux-gnu/bin/../lib/gcc/nios2-elf/4.1.2/mno-hw-mul/libgcc.a(_ne_df.o)
 .data          0x01019da0        0x0 /opt/altera/13.0sp1/nios2eds/bin/gnu/H-i686-pc-linux-gnu/bin/../lib/gcc/nios2-elf/4.1.2/mno-hw-mul/libgcc.a(_gt_df.o)
 .data          0x01019da0        0x0 /opt/altera/13.0sp1/nios2eds/bin/gnu/H-i686-pc-linux-gnu/bin/../lib/gcc/nios2-elf/4.1.2/mno-hw-mul/libgcc.a(_ge_df.o)
 .data          0x01019da0        0x0 /opt/altera/13.0sp1/nios2eds/bin/gnu/H-i686-pc-linux-gnu/bin/../lib/gcc/nios2-elf/4.1.2/mno-hw-mul/libgcc.a(_lt_df.o)
 .data          0x01019da0        0x0 /opt/altera/13.0sp1/nios2eds/bin/gnu/H-i686-pc-linux-gnu/bin/../lib/gcc/nios2-elf/4.1.2/mno-hw-mul/libgcc.a(_usi_to_df.o)
 .data          0x01019da0        0x0 /opt/altera/13.0sp1/nios2eds/bin/gnu/H-i686-pc-linux-gnu/bin/../lib/gcc/nios2-elf/4.1.2/mno-hw-mul/libgcc.a(_muldi3.o)
 .data          0x01019da0        0x0 /opt/altera/13.0sp1/nios2eds/bin/gnu/H-i686-pc-linux-gnu/bin/../lib/gcc/nios2-elf/4.1.2/mno-hw-mul/libgcc.a(_fpcmp_parts_df.o)
 .data          0x01019da0        0x0 ../lab2_cruisecontrol_bsp//libucosii_bsp.a(alt_alarm_start.o)
 .data          0x01019da0        0x0 ../lab2_cruisecontrol_bsp//libucosii_bsp.a(alt_close.o)
 .data          0x01019da0      0x1a8 ../lab2_cruisecontrol_bsp//libucosii_bsp.a(alt_dev.o)
                0x01019da0                alt_dev_null
                0x01019dc8                alt_fd_list
 .data          0x01019f48        0x0 ../lab2_cruisecontrol_bsp//libucosii_bsp.a(alt_errno.o)
 .data          0x01019f48        0x0 ../lab2_cruisecontrol_bsp//libucosii_bsp.a(alt_fstat.o)
 .data          0x01019f48        0x0 ../lab2_cruisecontrol_bsp//libucosii_bsp.a(alt_isatty.o)
 .data          0x01019f48        0x0 ../lab2_cruisecontrol_bsp//libucosii_bsp.a(alt_load.o)
 .data          0x01019f48        0x0 ../lab2_cruisecontrol_bsp//libucosii_bsp.a(alt_lseek.o)
 .data          0x01019f48        0x0 ../lab2_cruisecontrol_bsp//libucosii_bsp.a(alt_main.o)
 .data          0x01019f48        0x0 ../lab2_cruisecontrol_bsp//libucosii_bsp.a(alt_read.o)
 .data          0x01019f48        0x0 ../lab2_cruisecontrol_bsp//libucosii_bsp.a(alt_release_fd.o)
 .data          0x01019f48        0x0 ../lab2_cruisecontrol_bsp//libucosii_bsp.a(alt_sbrk.o)
 .data          0x01019f48        0x0 ../lab2_cruisecontrol_bsp//libucosii_bsp.a(alt_tick.o)
 .data          0x01019f48        0x0 ../lab2_cruisecontrol_bsp//libucosii_bsp.a(alt_write.o)
 .data          0x01019f48        0x0 ../lab2_cruisecontrol_bsp//libucosii_bsp.a(alt_env_lock.o)
 .data          0x01019f48        0x0 ../lab2_cruisecontrol_bsp//libucosii_bsp.a(alt_malloc_lock.o)
 .data          0x01019f48        0x0 ../lab2_cruisecontrol_bsp//libucosii_bsp.a(os_core.o)
 .data          0x01019f48        0x0 ../lab2_cruisecontrol_bsp//libucosii_bsp.a(os_dbg.o)
 .data          0x01019f48        0x0 ../lab2_cruisecontrol_bsp//libucosii_bsp.a(os_flag.o)
 .data          0x01019f48        0x0 ../lab2_cruisecontrol_bsp//libucosii_bsp.a(os_mbox.o)
 .data          0x01019f48        0x0 ../lab2_cruisecontrol_bsp//libucosii_bsp.a(os_mem.o)
 .data          0x01019f48        0x0 ../lab2_cruisecontrol_bsp//libucosii_bsp.a(os_q.o)
 .data          0x01019f48        0x0 ../lab2_cruisecontrol_bsp//libucosii_bsp.a(os_sem.o)
 .data          0x01019f48        0x0 ../lab2_cruisecontrol_bsp//libucosii_bsp.a(os_task.o)
 .data          0x01019f48        0x0 ../lab2_cruisecontrol_bsp//libucosii_bsp.a(os_time.o)
 .data          0x01019f48        0x0 ../lab2_cruisecontrol_bsp//libucosii_bsp.a(os_tmr.o)
 .data          0x01019f48     0x1098 ../lab2_cruisecontrol_bsp//libucosii_bsp.a(alt_sys_init.o)
 .data          0x0101afe0        0x0 ../lab2_cruisecontrol_bsp//libucosii_bsp.a(altera_avalon_jtag_uart_fd.o)
 .data          0x0101afe0        0x0 ../lab2_cruisecontrol_bsp//libucosii_bsp.a(altera_avalon_jtag_uart_init.o)
 .data          0x0101afe0        0x0 ../lab2_cruisecontrol_bsp//libucosii_bsp.a(altera_avalon_jtag_uart_ioctl.o)
 .data          0x0101afe0        0x0 ../lab2_cruisecontrol_bsp//libucosii_bsp.a(altera_avalon_jtag_uart_read.o)
 .data          0x0101afe0        0x0 ../lab2_cruisecontrol_bsp//libucosii_bsp.a(altera_avalon_jtag_uart_write.o)
 .data          0x0101afe0        0x0 ../lab2_cruisecontrol_bsp//libucosii_bsp.a(altera_avalon_timer_sc.o)
 .data          0x0101afe0        0x0 ../lab2_cruisecontrol_bsp//libucosii_bsp.a(altera_up_avalon_character_lcd.o)
 .data          0x0101afe0        0x0 ../lab2_cruisecontrol_bsp//libucosii_bsp.a(alt_dcache_flush_all.o)
 .data          0x0101afe0        0x0 ../lab2_cruisecontrol_bsp//libucosii_bsp.a(alt_dev_llist_insert.o)
 .data          0x0101afe0        0x0 ../lab2_cruisecontrol_bsp//libucosii_bsp.a(alt_do_ctors.o)
 .data          0x0101afe0        0x0 ../lab2_cruisecontrol_bsp//libucosii_bsp.a(alt_do_dtors.o)
 .data          0x0101afe0        0x0 ../lab2_cruisecontrol_bsp//libucosii_bsp.a(alt_find_dev.o)
 .data          0x0101afe0        0x0 ../lab2_cruisecontrol_bsp//libucosii_bsp.a(alt_icache_flush_all.o)
 .data          0x0101afe0        0x0 ../lab2_cruisecontrol_bsp//libucosii_bsp.a(alt_iic.o)
 .data          0x0101afe0        0x0 ../lab2_cruisecontrol_bsp//libucosii_bsp.a(alt_iic_isr_register.o)
 .data          0x0101afe0        0x0 ../lab2_cruisecontrol_bsp//libucosii_bsp.a(alt_io_redirect.o)
 .data          0x0101afe0        0x0 ../lab2_cruisecontrol_bsp//libucosii_bsp.a(alt_irq_entry.o)
 .data          0x0101afe0        0x0 ../lab2_cruisecontrol_bsp//libucosii_bsp.a(alt_irq_handler.o)
 .data          0x0101afe0        0x0 ../lab2_cruisecontrol_bsp//libucosii_bsp.a(alt_irq_vars.o)
 .data          0x0101afe0        0x0 ../lab2_cruisecontrol_bsp//libucosii_bsp.a(alt_open.o)
 .data          0x0101afe0        0x0 ../lab2_cruisecontrol_bsp//libucosii_bsp.a(altera_nios2_qsys_irq.o)
 .data          0x0101afe0        0x0 ../lab2_cruisecontrol_bsp//libucosii_bsp.a(os_cpu_a.o)
 .data          0x0101afe0        0x0 ../lab2_cruisecontrol_bsp//libucosii_bsp.a(os_cpu_c.o)
 .data          0x0101afe0        0x0 ../lab2_cruisecontrol_bsp//libucosii_bsp.a(alt_exception_entry.o)
 .data          0x0101afe0        0x0 ../lab2_cruisecontrol_bsp//libucosii_bsp.a(alt_find_file.o)
 .data          0x0101afe0        0x0 ../lab2_cruisecontrol_bsp//libucosii_bsp.a(alt_get_fd.o)
 .data          0x0101afe0        0x0 /opt/altera/13.0sp1/nios2eds/bin/gnu/H-i686-pc-linux-gnu/bin/../lib/gcc/nios2-elf/4.1.2/../../../../nios2-elf/lib/mno-hw-mul/libc.a(lib_a-atexit.o)
 .data          0x0101afe0        0x0 /opt/altera/13.0sp1/nios2eds/bin/gnu/H-i686-pc-linux-gnu/bin/../lib/gcc/nios2-elf/4.1.2/../../../../nios2-elf/lib/mno-hw-mul/libc.a(lib_a-exit.o)
 .data          0x0101afe0        0x0 /opt/altera/13.0sp1/nios2eds/bin/gnu/H-i686-pc-linux-gnu/bin/../lib/gcc/nios2-elf/4.1.2/../../../../nios2-elf/lib/mno-hw-mul/libc.a(lib_a-memcmp.o)
 .data          0x0101afe0        0x0 /opt/altera/13.0sp1/nios2eds/bin/gnu/H-i686-pc-linux-gnu/bin/../lib/gcc/nios2-elf/4.1.2/../../../../nios2-elf/lib/mno-hw-mul/libc.a(lib_a-__atexit.o)
 .data          0x0101afe0        0x0 /opt/altera/13.0sp1/nios2eds/bin/gnu/H-i686-pc-linux-gnu/bin/../lib/gcc/nios2-elf/4.1.2/../../../../nios2-elf/lib/mno-hw-mul/libc.a(lib_a-__call_atexit.o)
 .data          0x0101afe0        0x0 /opt/altera/13.0sp1/nios2eds/bin/gnu/H-i686-pc-linux-gnu/bin/../lib/gcc/nios2-elf/4.1.2/mno-hw-mul/libgcc.a(_fixunsdfsi.o)
 .data          0x0101afe0        0x0 ../lab2_cruisecontrol_bsp//libucosii_bsp.a(alt_exit.o)
                0x01022fe0                _gp = ABSOLUTE ((. + 0x8000))
                0x01022fe0                PROVIDE (gp, _gp)
 *(.rwdata .rwdata.*)
 *(.sdata .sdata.* .gnu.linkonce.s.*)
 .sdata         0x0101afe0       0x14 obj/default/cruise_skeleton.o
                0x0101afe0                gas_pedal
                0x0101afe4                brake_pedal
                0x0101afe8                top_gear
                0x0101afec                engine
                0x0101aff0                cruise_control
 .sdata         0x0101aff4        0x8 /opt/altera/13.0sp1/nios2eds/bin/gnu/H-i686-pc-linux-gnu/bin/../lib/gcc/nios2-elf/4.1.2/../../../../nios2-elf/lib/mno-hw-mul/libc.a(lib_a-impure.o)
                0x0101aff4                _impure_ptr
                0x0101aff8                _global_impure_ptr
 .sdata         0x0101affc        0x8 /opt/altera/13.0sp1/nios2eds/bin/gnu/H-i686-pc-linux-gnu/bin/../lib/gcc/nios2-elf/4.1.2/../../../../nios2-elf/lib/mno-hw-mul/libc.a(lib_a-locale.o)
                0x0101affc                __mb_cur_max
 .sdata         0x0101b004        0x8 /opt/altera/13.0sp1/nios2eds/bin/gnu/H-i686-pc-linux-gnu/bin/../lib/gcc/nios2-elf/4.1.2/../../../../nios2-elf/lib/mno-hw-mul/libc.a(lib_a-mallocr.o)
                0x0101b004                __malloc_trim_threshold
                0x0101b008                __malloc_sbrk_base
 .sdata         0x0101b00c       0x14 ../lab2_cruisecontrol_bsp//libucosii_bsp.a(alt_dev.o)
                0x0101b00c                alt_fs_list
                0x0101b014                alt_dev_list
                0x0101b01c                alt_max_fd
 .sdata         0x0101b020        0x4 ../lab2_cruisecontrol_bsp//libucosii_bsp.a(alt_errno.o)
                0x0101b020                alt_errno
 .sdata         0x0101b024        0x4 ../lab2_cruisecontrol_bsp//libucosii_bsp.a(alt_sbrk.o)
 .sdata         0x0101b028        0x8 ../lab2_cruisecontrol_bsp//libucosii_bsp.a(alt_tick.o)
                0x0101b028                alt_alarm_list
 .sdata         0x0101b030        0x4 ../lab2_cruisecontrol_bsp//libucosii_bsp.a(alt_env_lock.o)
 .sdata         0x0101b034        0x4 ../lab2_cruisecontrol_bsp//libucosii_bsp.a(alt_malloc_lock.o)
 .sdata         0x0101b038       0x74 ../lab2_cruisecontrol_bsp//libucosii_bsp.a(os_dbg.o)
                0x0101b038                OSDebugEn
                0x0101b03c                OSEndiannessTest
                0x0101b040                OSEventEn
                0x0101b042                OSEventMax
                0x0101b044                OSEventNameSize
                0x0101b046                OSEventSize
                0x0101b048                OSEventTblSize
                0x0101b04a                OSEventMultiEn
                0x0101b04c                OSFlagEn
                0x0101b04e                OSFlagGrpSize
                0x0101b050                OSFlagNodeSize
                0x0101b052                OSFlagWidth
                0x0101b054                OSFlagMax
                0x0101b056                OSFlagNameSize
                0x0101b058                OSLowestPrio
                0x0101b05a                OSMboxEn
                0x0101b05c                OSMemEn
                0x0101b05e                OSMemMax
                0x0101b060                OSMemNameSize
                0x0101b062                OSMemSize
                0x0101b064                OSMemTblSize
                0x0101b066                OSMutexEn
                0x0101b068                OSPtrSize
                0x0101b06a                OSQEn
                0x0101b06c                OSQMax
                0x0101b06e                OSQSize
                0x0101b070                OSRdyTblSize
                0x0101b072                OSSemEn
                0x0101b074                OSStkWidth
                0x0101b076                OSTaskCreateEn
                0x0101b078                OSTaskCreateExtEn
                0x0101b07a                OSTaskDelEn
                0x0101b07c                OSTaskIdleStkSize
                0x0101b07e                OSTaskProfileEn
                0x0101b080                OSTaskMax
                0x0101b082                OSTaskNameSize
                0x0101b084                OSTaskStatEn
                0x0101b086                OSTaskStatStkSize
                0x0101b088                OSTaskStatStkChkEn
                0x0101b08a                OSTaskSwHookEn
                0x0101b08c                OSTCBPrioTblMax
                0x0101b08e                OSTCBSize
                0x0101b090                OSTicksPerSec
                0x0101b092                OSTimeTickHookEn
                0x0101b094                OSVersionNbr
                0x0101b096                OSTmrEn
                0x0101b098                OSTmrCfgMax
                0x0101b09a                OSTmrCfgNameSize
                0x0101b09c                OSTmrCfgWheelSize
                0x0101b09e                OSTmrCfgTicksPerSec
                0x0101b0a0                OSTmrSize
                0x0101b0a2                OSTmrTblSize
                0x0101b0a4                OSTmrWheelSize
                0x0101b0a6                OSTmrWheelTblSize
                0x0101b0a8                OSDataSize
 .sdata         0x0101b0ac        0x4 ../lab2_cruisecontrol_bsp//libucosii_bsp.a(alt_irq_vars.o)
                0x0101b0ac                alt_priority_mask
 *(.sdata2 .sdata2.* .gnu.linkonce.s2.*)
                0x0101b0b0                . = ALIGN (0x4)
                0x0101b0b0                _edata = ABSOLUTE (.)
                0x0101b0b0                PROVIDE (edata, ABSOLUTE (.))
                0x0101b0b0                PROVIDE (__ram_rwdata_end, ABSOLUTE (.))
                0x0101b0b0                PROVIDE (__flash_rwdata_start, LOADADDR (.rwdata))

.bss            0x0101cc00     0xe120
                0x0101cc00                __bss_start = ABSOLUTE (.)
                0x0101cc00                PROVIDE (__sbss_start, ABSOLUTE (.))
                0x0101cc00                PROVIDE (___sbss_start, ABSOLUTE (.))
 *(.dynsbss)
 *(.sbss .sbss.* .gnu.linkonce.sb.*)
 .sbss          0x0101cc00       0x10 obj/default/cruise_skeleton.o
                0x0101cc00                led_green
                0x0101cc04                led_red
                0x0101cc08                ENGINE
                0x0101cc09                TOP_GEAR
                0x0101cc0a                GAS_PEDAL
                0x0101cc0b                BRAKE_PEDAL
                0x0101cc0c                CRUISE_CONTROL
 .sbss          0x0101cc10       0x18 obj/default/cruise_skeleton.o
                0x0101cc10                task_prio
                0x0101cc14                Mbox_Throttle
                0x0101cc18                Mbox_Velocity
                0x0101cc1c                Timer
                0x0101cc20                delay
                0x0101cc24                Sem_Timer
 .sbss          0x0101cc28        0xc /opt/altera/13.0sp1/nios2eds/bin/gnu/H-i686-pc-linux-gnu/bin/../lib/gcc/nios2-elf/4.1.2/../../../../nios2-elf/lib/mno-hw-mul/libc.a(lib_a-locale.o)
                0x0101cc28                __nlocale_changed
                0x0101cc2c                __mlocale_changed
                0x0101cc30                _PathLocale
 .sbss          0x0101cc34        0xc /opt/altera/13.0sp1/nios2eds/bin/gnu/H-i686-pc-linux-gnu/bin/../lib/gcc/nios2-elf/4.1.2/../../../../nios2-elf/lib/mno-hw-mul/libc.a(lib_a-mallocr.o)
                0x0101cc34                __malloc_top_pad
                0x0101cc38                __malloc_max_sbrked_mem
                0x0101cc3c                __malloc_max_total_mem
 .sbss          0x0101cc40        0x4 /opt/altera/13.0sp1/nios2eds/bin/gnu/H-i686-pc-linux-gnu/bin/../lib/gcc/nios2-elf/4.1.2/../../../../nios2-elf/lib/mno-hw-mul/libc.a(lib_a-int_errno.o)
                0x0101cc40                errno
 .sbss          0x0101cc44        0x4 ../lab2_cruisecontrol_bsp//libucosii_bsp.a(alt_dev.o)
                0x0101cc44                alt_fd_list_lock
 .sbss          0x0101cc48        0xc ../lab2_cruisecontrol_bsp//libucosii_bsp.a(alt_main.o)
                0x0101cc48                alt_argc
                0x0101cc4c                alt_argv
                0x0101cc50                alt_envp
 .sbss          0x0101cc54        0x8 ../lab2_cruisecontrol_bsp//libucosii_bsp.a(alt_tick.o)
                0x0101cc54                _alt_tick_rate
                0x0101cc58                _alt_nticks
 .sbss          0x0101cc5c        0x8 ../lab2_cruisecontrol_bsp//libucosii_bsp.a(alt_env_lock.o)
                0x0101cc60                alt_envsem
 .sbss          0x0101cc64        0x8 ../lab2_cruisecontrol_bsp//libucosii_bsp.a(alt_malloc_lock.o)
                0x0101cc68                alt_heapsem
 .sbss          0x0101cc6c       0x68 ../lab2_cruisecontrol_bsp//libucosii_bsp.a(os_core.o)
                0x0101cc6c                OSTmrFreeList
                0x0101cc70                OSLockNesting
                0x0101cc74                OSTmrSemSignal
                0x0101cc78                OSRunning
                0x0101cc7c                OSIdleCtr
                0x0101cc80                OSTmrUsed
                0x0101cc82                OSPrioHighRdy
                0x0101cc83                OSPrioCur
                0x0101cc84                OSTCBList
                0x0101cc88                OSTickStepState
                0x0101cc8c                OSCtxSwCtr
                0x0101cc90                OSTmrFree
                0x0101cc94                OSIdleCtrMax
                0x0101cc98                OSTCBFreeList
                0x0101cc9c                OSCPUUsage
                0x0101cc9d                OSTaskCtr
                0x0101cca0                OSMemFreeList
                0x0101cca4                OSTCBHighRdy
                0x0101cca8                OSQFreeList
                0x0101ccac                OSRdyGrp
                0x0101ccad                OSRdyTbl
                0x0101ccb0                OSEventFreeList
                0x0101ccb4                OSIntNesting
                0x0101ccb8                OSTCBCur
                0x0101ccbc                OSTmrTime
                0x0101ccc0                OSTime
                0x0101ccc4                OSTmrSem
                0x0101ccc8                OSFlagFreeList
                0x0101cccc                OSStatRdy
                0x0101ccd0                OSIdleCtrRun
 .sbss          0x0101ccd4        0x4 ../lab2_cruisecontrol_bsp//libucosii_bsp.a(alt_irq_vars.o)
                0x0101ccd4                alt_irq_active
 .sbss          0x0101ccd8        0x2 ../lab2_cruisecontrol_bsp//libucosii_bsp.a(os_cpu_c.o)
 *(.sbss2 .sbss2.* .gnu.linkonce.sb2.*)
 *(.scommon)
                0x0101ccda                PROVIDE (__sbss_end, ABSOLUTE (.))
                0x0101ccda                PROVIDE (___sbss_end, ABSOLUTE (.))
 *(.dynbss)
 *(.bss .bss.* .gnu.linkonce.b.*)
 .bss           0x0101ccda        0x0 ../lab2_cruisecontrol_bsp//obj/HAL/src/crt0.o
 *fill*         0x0101ccda        0x2 00
 .bss           0x0101ccdc       0x18 obj/default/cruise_skeleton.o
 .bss           0x0101ccf4        0x0 /opt/altera/13.0sp1/nios2eds/bin/gnu/H-i686-pc-linux-gnu/bin/../lib/gcc/nios2-elf/4.1.2/mno-hw-mul/libgcc.a(_si_to_sf.o)
 .bss           0x0101ccf4        0x0 /opt/altera/13.0sp1/nios2eds/bin/gnu/H-i686-pc-linux-gnu/bin/../lib/gcc/nios2-elf/4.1.2/mno-hw-mul/libgcc.a(_sf_to_df.o)
 .bss           0x0101ccf4        0x0 /opt/altera/13.0sp1/nios2eds/bin/gnu/H-i686-pc-linux-gnu/bin/../lib/gcc/nios2-elf/4.1.2/mno-hw-mul/libgcc.a(_addsub_df.o)
 .bss           0x0101ccf4        0x0 /opt/altera/13.0sp1/nios2eds/bin/gnu/H-i686-pc-linux-gnu/bin/../lib/gcc/nios2-elf/4.1.2/mno-hw-mul/libgcc.a(_div_df.o)
 .bss           0x0101ccf4        0x0 /opt/altera/13.0sp1/nios2eds/bin/gnu/H-i686-pc-linux-gnu/bin/../lib/gcc/nios2-elf/4.1.2/mno-hw-mul/libgcc.a(_si_to_df.o)
 .bss           0x0101ccf4        0x0 /opt/altera/13.0sp1/nios2eds/bin/gnu/H-i686-pc-linux-gnu/bin/../lib/gcc/nios2-elf/4.1.2/mno-hw-mul/libgcc.a(_df_to_si.o)
 .bss           0x0101ccf4        0x0 /opt/altera/13.0sp1/nios2eds/bin/gnu/H-i686-pc-linux-gnu/bin/../lib/gcc/nios2-elf/4.1.2/mno-hw-mul/libgcc.a(_make_df.o)
 .bss           0x0101ccf4        0x0 /opt/altera/13.0sp1/nios2eds/bin/gnu/H-i686-pc-linux-gnu/bin/../lib/gcc/nios2-elf/4.1.2/mno-hw-mul/libgcc.a(_thenan_df.o)
 .bss           0x0101ccf4        0x0 /opt/altera/13.0sp1/nios2eds/bin/gnu/H-i686-pc-linux-gnu/bin/../lib/gcc/nios2-elf/4.1.2/mno-hw-mul/libgcc.a(lib2-divmod.o)
 .bss           0x0101ccf4        0x0 /opt/altera/13.0sp1/nios2eds/bin/gnu/H-i686-pc-linux-gnu/bin/../lib/gcc/nios2-elf/4.1.2/mno-hw-mul/libgcc.a(lib2-mul.o)
 .bss           0x0101ccf4        0x0 /opt/altera/13.0sp1/nios2eds/bin/gnu/H-i686-pc-linux-gnu/bin/../lib/gcc/nios2-elf/4.1.2/mno-hw-mul/libgcc.a(_clzsi2.o)
 .bss           0x0101ccf4        0x0 /opt/altera/13.0sp1/nios2eds/bin/gnu/H-i686-pc-linux-gnu/bin/../lib/gcc/nios2-elf/4.1.2/mno-hw-mul/libgcc.a(_pack_sf.o)
 .bss           0x0101ccf4        0x0 /opt/altera/13.0sp1/nios2eds/bin/gnu/H-i686-pc-linux-gnu/bin/../lib/gcc/nios2-elf/4.1.2/mno-hw-mul/libgcc.a(_unpack_sf.o)
 .bss           0x0101ccf4        0x0 /opt/altera/13.0sp1/nios2eds/bin/gnu/H-i686-pc-linux-gnu/bin/../lib/gcc/nios2-elf/4.1.2/mno-hw-mul/libgcc.a(_pack_df.o)
 .bss           0x0101ccf4        0x0 /opt/altera/13.0sp1/nios2eds/bin/gnu/H-i686-pc-linux-gnu/bin/../lib/gcc/nios2-elf/4.1.2/mno-hw-mul/libgcc.a(_unpack_df.o)
 .bss           0x0101ccf4        0x0 /opt/altera/13.0sp1/nios2eds/bin/gnu/H-i686-pc-linux-gnu/bin/../lib/gcc/nios2-elf/4.1.2/mno-hw-mul/libgcc.a(_clz.o)
 .bss           0x0101ccf4        0x0 /opt/altera/13.0sp1/nios2eds/bin/gnu/H-i686-pc-linux-gnu/bin/../lib/gcc/nios2-elf/4.1.2/../../../../nios2-elf/lib/mno-hw-mul/libc.a(lib_a-printf.o)
 .bss           0x0101ccf4        0x0 /opt/altera/13.0sp1/nios2eds/bin/gnu/H-i686-pc-linux-gnu/bin/../lib/gcc/nios2-elf/4.1.2/../../../../nios2-elf/lib/mno-hw-mul/libc.a(lib_a-puts.o)
 .bss           0x0101ccf4        0x0 /opt/altera/13.0sp1/nios2eds/bin/gnu/H-i686-pc-linux-gnu/bin/../lib/gcc/nios2-elf/4.1.2/../../../../nios2-elf/lib/mno-hw-mul/libc.a(lib_a-strlen.o)
 .bss           0x0101ccf4        0x0 /opt/altera/13.0sp1/nios2eds/bin/gnu/H-i686-pc-linux-gnu/bin/../lib/gcc/nios2-elf/4.1.2/../../../../nios2-elf/lib/mno-hw-mul/libc.a(lib_a-vfprintf.o)
 .bss           0x0101ccf4        0x0 /opt/altera/13.0sp1/nios2eds/bin/gnu/H-i686-pc-linux-gnu/bin/../lib/gcc/nios2-elf/4.1.2/../../../../nios2-elf/lib/mno-hw-mul/libc.a(lib_a-wsetup.o)
 .bss           0x0101ccf4        0x0 /opt/altera/13.0sp1/nios2eds/bin/gnu/H-i686-pc-linux-gnu/bin/../lib/gcc/nios2-elf/4.1.2/../../../../nios2-elf/lib/mno-hw-mul/libc.a(lib_a-dtoa.o)
 .bss           0x0101ccf4        0x0 /opt/altera/13.0sp1/nios2eds/bin/gnu/H-i686-pc-linux-gnu/bin/../lib/gcc/nios2-elf/4.1.2/../../../../nios2-elf/lib/mno-hw-mul/libc.a(lib_a-fflush.o)
 .bss           0x0101ccf4        0x0 /opt/altera/13.0sp1/nios2eds/bin/gnu/H-i686-pc-linux-gnu/bin/../lib/gcc/nios2-elf/4.1.2/../../../../nios2-elf/lib/mno-hw-mul/libc.a(lib_a-findfp.o)
 .bss           0x0101ccf4        0x0 /opt/altera/13.0sp1/nios2eds/bin/gnu/H-i686-pc-linux-gnu/bin/../lib/gcc/nios2-elf/4.1.2/../../../../nios2-elf/lib/mno-hw-mul/libc.a(lib_a-freer.o)
 .bss           0x0101ccf4        0x0 /opt/altera/13.0sp1/nios2eds/bin/gnu/H-i686-pc-linux-gnu/bin/../lib/gcc/nios2-elf/4.1.2/../../../../nios2-elf/lib/mno-hw-mul/libc.a(lib_a-fvwrite.o)
 .bss           0x0101ccf4        0x0 /opt/altera/13.0sp1/nios2eds/bin/gnu/H-i686-pc-linux-gnu/bin/../lib/gcc/nios2-elf/4.1.2/../../../../nios2-elf/lib/mno-hw-mul/libc.a(lib_a-fwalk.o)
 .bss           0x0101ccf4        0x0 /opt/altera/13.0sp1/nios2eds/bin/gnu/H-i686-pc-linux-gnu/bin/../lib/gcc/nios2-elf/4.1.2/../../../../nios2-elf/lib/mno-hw-mul/libc.a(lib_a-impure.o)
 .bss           0x0101ccf4        0x0 /opt/altera/13.0sp1/nios2eds/bin/gnu/H-i686-pc-linux-gnu/bin/../lib/gcc/nios2-elf/4.1.2/../../../../nios2-elf/lib/mno-hw-mul/libc.a(lib_a-locale.o)
 .bss           0x0101ccf4        0x0 /opt/altera/13.0sp1/nios2eds/bin/gnu/H-i686-pc-linux-gnu/bin/../lib/gcc/nios2-elf/4.1.2/../../../../nios2-elf/lib/mno-hw-mul/libc.a(lib_a-makebuf.o)
 .bss           0x0101ccf4       0x28 /opt/altera/13.0sp1/nios2eds/bin/gnu/H-i686-pc-linux-gnu/bin/../lib/gcc/nios2-elf/4.1.2/../../../../nios2-elf/lib/mno-hw-mul/libc.a(lib_a-mallocr.o)
                0x0101ccf4                __malloc_current_mallinfo
 .bss           0x0101cd1c        0x0 /opt/altera/13.0sp1/nios2eds/bin/gnu/H-i686-pc-linux-gnu/bin/../lib/gcc/nios2-elf/4.1.2/../../../../nios2-elf/lib/mno-hw-mul/libc.a(lib_a-memchr.o)
 .bss           0x0101cd1c        0x0 /opt/altera/13.0sp1/nios2eds/bin/gnu/H-i686-pc-linux-gnu/bin/../lib/gcc/nios2-elf/4.1.2/../../../../nios2-elf/lib/mno-hw-mul/libc.a(lib_a-memcpy.o)
 .bss           0x0101cd1c        0x0 /opt/altera/13.0sp1/nios2eds/bin/gnu/H-i686-pc-linux-gnu/bin/../lib/gcc/nios2-elf/4.1.2/../../../../nios2-elf/lib/mno-hw-mul/libc.a(lib_a-memmove.o)
 .bss           0x0101cd1c        0x0 /opt/altera/13.0sp1/nios2eds/bin/gnu/H-i686-pc-linux-gnu/bin/../lib/gcc/nios2-elf/4.1.2/../../../../nios2-elf/lib/mno-hw-mul/libc.a(lib_a-memset.o)
 .bss           0x0101cd1c        0x0 /opt/altera/13.0sp1/nios2eds/bin/gnu/H-i686-pc-linux-gnu/bin/../lib/gcc/nios2-elf/4.1.2/../../../../nios2-elf/lib/mno-hw-mul/libc.a(lib_a-mprec.o)
 .bss           0x0101cd1c        0x0 /opt/altera/13.0sp1/nios2eds/bin/gnu/H-i686-pc-linux-gnu/bin/../lib/gcc/nios2-elf/4.1.2/../../../../nios2-elf/lib/mno-hw-mul/libc.a(lib_a-reallocr.o)
 .bss           0x0101cd1c        0x0 /opt/altera/13.0sp1/nios2eds/bin/gnu/H-i686-pc-linux-gnu/bin/../lib/gcc/nios2-elf/4.1.2/../../../../nios2-elf/lib/mno-hw-mul/libc.a(lib_a-s_isinfd.o)
 .bss           0x0101cd1c        0x0 /opt/altera/13.0sp1/nios2eds/bin/gnu/H-i686-pc-linux-gnu/bin/../lib/gcc/nios2-elf/4.1.2/../../../../nios2-elf/lib/mno-hw-mul/libc.a(lib_a-s_isnand.o)
 .bss           0x0101cd1c        0x0 /opt/altera/13.0sp1/nios2eds/bin/gnu/H-i686-pc-linux-gnu/bin/../lib/gcc/nios2-elf/4.1.2/../../../../nios2-elf/lib/mno-hw-mul/libc.a(lib_a-sbrkr.o)
 .bss           0x0101cd1c        0x0 /opt/altera/13.0sp1/nios2eds/bin/gnu/H-i686-pc-linux-gnu/bin/../lib/gcc/nios2-elf/4.1.2/../../../../nios2-elf/lib/mno-hw-mul/libc.a(lib_a-stdio.o)
 .bss           0x0101cd1c        0x0 /opt/altera/13.0sp1/nios2eds/bin/gnu/H-i686-pc-linux-gnu/bin/../lib/gcc/nios2-elf/4.1.2/../../../../nios2-elf/lib/mno-hw-mul/libc.a(lib_a-strcmp.o)
 .bss           0x0101cd1c        0x0 /opt/altera/13.0sp1/nios2eds/bin/gnu/H-i686-pc-linux-gnu/bin/../lib/gcc/nios2-elf/4.1.2/../../../../nios2-elf/lib/mno-hw-mul/libc.a(lib_a-writer.o)
 .bss           0x0101cd1c        0x0 /opt/altera/13.0sp1/nios2eds/bin/gnu/H-i686-pc-linux-gnu/bin/../lib/gcc/nios2-elf/4.1.2/../../../../nios2-elf/lib/mno-hw-mul/libc.a(lib_a-callocr.o)
 .bss           0x0101cd1c        0x0 /opt/altera/13.0sp1/nios2eds/bin/gnu/H-i686-pc-linux-gnu/bin/../lib/gcc/nios2-elf/4.1.2/../../../../nios2-elf/lib/mno-hw-mul/libc.a(lib_a-closer.o)
 .bss           0x0101cd1c        0x0 /opt/altera/13.0sp1/nios2eds/bin/gnu/H-i686-pc-linux-gnu/bin/../lib/gcc/nios2-elf/4.1.2/../../../../nios2-elf/lib/mno-hw-mul/libc.a(lib_a-fclose.o)
 .bss           0x0101cd1c        0x0 /opt/altera/13.0sp1/nios2eds/bin/gnu/H-i686-pc-linux-gnu/bin/../lib/gcc/nios2-elf/4.1.2/../../../../nios2-elf/lib/mno-hw-mul/libc.a(lib_a-fstatr.o)
 .bss           0x0101cd1c        0x0 /opt/altera/13.0sp1/nios2eds/bin/gnu/H-i686-pc-linux-gnu/bin/../lib/gcc/nios2-elf/4.1.2/../../../../nios2-elf/lib/mno-hw-mul/libc.a(lib_a-int_errno.o)
 .bss           0x0101cd1c        0x0 /opt/altera/13.0sp1/nios2eds/bin/gnu/H-i686-pc-linux-gnu/bin/../lib/gcc/nios2-elf/4.1.2/../../../../nios2-elf/lib/mno-hw-mul/libc.a(lib_a-isattyr.o)
 .bss           0x0101cd1c        0x0 /opt/altera/13.0sp1/nios2eds/bin/gnu/H-i686-pc-linux-gnu/bin/../lib/gcc/nios2-elf/4.1.2/../../../../nios2-elf/lib/mno-hw-mul/libc.a(lib_a-lseekr.o)
 .bss           0x0101cd1c        0x0 /opt/altera/13.0sp1/nios2eds/bin/gnu/H-i686-pc-linux-gnu/bin/../lib/gcc/nios2-elf/4.1.2/../../../../nios2-elf/lib/mno-hw-mul/libc.a(lib_a-readr.o)
 .bss           0x0101cd1c        0x0 /opt/altera/13.0sp1/nios2eds/bin/gnu/H-i686-pc-linux-gnu/bin/../lib/gcc/nios2-elf/4.1.2/mno-hw-mul/libgcc.a(_udivdi3.o)
 .bss           0x0101cd1c        0x0 /opt/altera/13.0sp1/nios2eds/bin/gnu/H-i686-pc-linux-gnu/bin/../lib/gcc/nios2-elf/4.1.2/mno-hw-mul/libgcc.a(_umoddi3.o)
 .bss           0x0101cd1c        0x0 /opt/altera/13.0sp1/nios2eds/bin/gnu/H-i686-pc-linux-gnu/bin/../lib/gcc/nios2-elf/4.1.2/mno-hw-mul/libgcc.a(_mul_df.o)
 .bss           0x0101cd1c        0x0 /opt/altera/13.0sp1/nios2eds/bin/gnu/H-i686-pc-linux-gnu/bin/../lib/gcc/nios2-elf/4.1.2/mno-hw-mul/libgcc.a(_eq_df.o)
 .bss           0x0101cd1c        0x0 /opt/altera/13.0sp1/nios2eds/bin/gnu/H-i686-pc-linux-gnu/bin/../lib/gcc/nios2-elf/4.1.2/mno-hw-mul/libgcc.a(_ne_df.o)
 .bss           0x0101cd1c        0x0 /opt/altera/13.0sp1/nios2eds/bin/gnu/H-i686-pc-linux-gnu/bin/../lib/gcc/nios2-elf/4.1.2/mno-hw-mul/libgcc.a(_gt_df.o)
 .bss           0x0101cd1c        0x0 /opt/altera/13.0sp1/nios2eds/bin/gnu/H-i686-pc-linux-gnu/bin/../lib/gcc/nios2-elf/4.1.2/mno-hw-mul/libgcc.a(_ge_df.o)
 .bss           0x0101cd1c        0x0 /opt/altera/13.0sp1/nios2eds/bin/gnu/H-i686-pc-linux-gnu/bin/../lib/gcc/nios2-elf/4.1.2/mno-hw-mul/libgcc.a(_lt_df.o)
 .bss           0x0101cd1c        0x0 /opt/altera/13.0sp1/nios2eds/bin/gnu/H-i686-pc-linux-gnu/bin/../lib/gcc/nios2-elf/4.1.2/mno-hw-mul/libgcc.a(_usi_to_df.o)
 .bss           0x0101cd1c        0x0 /opt/altera/13.0sp1/nios2eds/bin/gnu/H-i686-pc-linux-gnu/bin/../lib/gcc/nios2-elf/4.1.2/mno-hw-mul/libgcc.a(_muldi3.o)
 .bss           0x0101cd1c        0x0 /opt/altera/13.0sp1/nios2eds/bin/gnu/H-i686-pc-linux-gnu/bin/../lib/gcc/nios2-elf/4.1.2/mno-hw-mul/libgcc.a(_fpcmp_parts_df.o)
 .bss           0x0101cd1c        0x0 ../lab2_cruisecontrol_bsp//libucosii_bsp.a(alt_alarm_start.o)
 .bss           0x0101cd1c        0x0 ../lab2_cruisecontrol_bsp//libucosii_bsp.a(alt_close.o)
 .bss           0x0101cd1c        0x0 ../lab2_cruisecontrol_bsp//libucosii_bsp.a(alt_dev.o)
 .bss           0x0101cd1c        0x0 ../lab2_cruisecontrol_bsp//libucosii_bsp.a(alt_errno.o)
 .bss           0x0101cd1c        0x0 ../lab2_cruisecontrol_bsp//libucosii_bsp.a(alt_fstat.o)
 .bss           0x0101cd1c        0x0 ../lab2_cruisecontrol_bsp//libucosii_bsp.a(alt_isatty.o)
 .bss           0x0101cd1c        0x0 ../lab2_cruisecontrol_bsp//libucosii_bsp.a(alt_load.o)
 .bss           0x0101cd1c        0x0 ../lab2_cruisecontrol_bsp//libucosii_bsp.a(alt_lseek.o)
 .bss           0x0101cd1c        0x0 ../lab2_cruisecontrol_bsp//libucosii_bsp.a(alt_main.o)
 .bss           0x0101cd1c        0x0 ../lab2_cruisecontrol_bsp//libucosii_bsp.a(alt_read.o)
 .bss           0x0101cd1c        0x0 ../lab2_cruisecontrol_bsp//libucosii_bsp.a(alt_release_fd.o)
 .bss           0x0101cd1c        0x0 ../lab2_cruisecontrol_bsp//libucosii_bsp.a(alt_sbrk.o)
 .bss           0x0101cd1c        0x0 ../lab2_cruisecontrol_bsp//libucosii_bsp.a(alt_tick.o)
 .bss           0x0101cd1c        0x0 ../lab2_cruisecontrol_bsp//libucosii_bsp.a(alt_write.o)
 .bss           0x0101cd1c        0x0 ../lab2_cruisecontrol_bsp//libucosii_bsp.a(alt_env_lock.o)
 .bss           0x0101cd1c        0x0 ../lab2_cruisecontrol_bsp//libucosii_bsp.a(alt_malloc_lock.o)
 .bss           0x0101cd1c        0x0 ../lab2_cruisecontrol_bsp//libucosii_bsp.a(os_core.o)
 .bss           0x0101cd1c        0x0 ../lab2_cruisecontrol_bsp//libucosii_bsp.a(os_dbg.o)
 .bss           0x0101cd1c        0x0 ../lab2_cruisecontrol_bsp//libucosii_bsp.a(os_flag.o)
 .bss           0x0101cd1c        0x0 ../lab2_cruisecontrol_bsp//libucosii_bsp.a(os_mbox.o)
 .bss           0x0101cd1c        0x0 ../lab2_cruisecontrol_bsp//libucosii_bsp.a(os_mem.o)
 .bss           0x0101cd1c        0x0 ../lab2_cruisecontrol_bsp//libucosii_bsp.a(os_q.o)
 .bss           0x0101cd1c        0x0 ../lab2_cruisecontrol_bsp//libucosii_bsp.a(os_sem.o)
 .bss           0x0101cd1c        0x0 ../lab2_cruisecontrol_bsp//libucosii_bsp.a(os_task.o)
 .bss           0x0101cd1c        0x0 ../lab2_cruisecontrol_bsp//libucosii_bsp.a(os_time.o)
 .bss           0x0101cd1c        0x0 ../lab2_cruisecontrol_bsp//libucosii_bsp.a(os_tmr.o)
 .bss           0x0101cd1c        0x0 ../lab2_cruisecontrol_bsp//libucosii_bsp.a(alt_sys_init.o)
 .bss           0x0101cd1c        0x0 ../lab2_cruisecontrol_bsp//libucosii_bsp.a(altera_avalon_jtag_uart_fd.o)
 .bss           0x0101cd1c        0x0 ../lab2_cruisecontrol_bsp//libucosii_bsp.a(altera_avalon_jtag_uart_init.o)
 .bss           0x0101cd1c        0x0 ../lab2_cruisecontrol_bsp//libucosii_bsp.a(altera_avalon_jtag_uart_ioctl.o)
 .bss           0x0101cd1c        0x0 ../lab2_cruisecontrol_bsp//libucosii_bsp.a(altera_avalon_jtag_uart_read.o)
 .bss           0x0101cd1c        0x0 ../lab2_cruisecontrol_bsp//libucosii_bsp.a(altera_avalon_jtag_uart_write.o)
 .bss           0x0101cd1c        0x0 ../lab2_cruisecontrol_bsp//libucosii_bsp.a(altera_avalon_timer_sc.o)
 .bss           0x0101cd1c        0x0 ../lab2_cruisecontrol_bsp//libucosii_bsp.a(altera_up_avalon_character_lcd.o)
 .bss           0x0101cd1c        0x0 ../lab2_cruisecontrol_bsp//libucosii_bsp.a(alt_dcache_flush_all.o)
 .bss           0x0101cd1c        0x0 ../lab2_cruisecontrol_bsp//libucosii_bsp.a(alt_dev_llist_insert.o)
 .bss           0x0101cd1c        0x0 ../lab2_cruisecontrol_bsp//libucosii_bsp.a(alt_do_ctors.o)
 .bss           0x0101cd1c        0x0 ../lab2_cruisecontrol_bsp//libucosii_bsp.a(alt_do_dtors.o)
 .bss           0x0101cd1c        0x0 ../lab2_cruisecontrol_bsp//libucosii_bsp.a(alt_find_dev.o)
 .bss           0x0101cd1c        0x0 ../lab2_cruisecontrol_bsp//libucosii_bsp.a(alt_icache_flush_all.o)
 .bss           0x0101cd1c        0x0 ../lab2_cruisecontrol_bsp//libucosii_bsp.a(alt_iic.o)
 .bss           0x0101cd1c        0x0 ../lab2_cruisecontrol_bsp//libucosii_bsp.a(alt_iic_isr_register.o)
 .bss           0x0101cd1c        0x0 ../lab2_cruisecontrol_bsp//libucosii_bsp.a(alt_io_redirect.o)
 .bss           0x0101cd1c        0x0 ../lab2_cruisecontrol_bsp//libucosii_bsp.a(alt_irq_entry.o)
 .bss           0x0101cd1c        0x0 ../lab2_cruisecontrol_bsp//libucosii_bsp.a(alt_irq_handler.o)
 .bss           0x0101cd1c        0x0 ../lab2_cruisecontrol_bsp//libucosii_bsp.a(alt_irq_vars.o)
 .bss           0x0101cd1c        0x0 ../lab2_cruisecontrol_bsp//libucosii_bsp.a(alt_open.o)
 .bss           0x0101cd1c        0x0 ../lab2_cruisecontrol_bsp//libucosii_bsp.a(altera_nios2_qsys_irq.o)
 .bss           0x0101cd1c        0x0 ../lab2_cruisecontrol_bsp//libucosii_bsp.a(os_cpu_a.o)
 .bss           0x0101cd1c        0x0 ../lab2_cruisecontrol_bsp//libucosii_bsp.a(os_cpu_c.o)
 .bss           0x0101cd1c        0x0 ../lab2_cruisecontrol_bsp//libucosii_bsp.a(alt_exception_entry.o)
 .bss           0x0101cd1c        0x0 ../lab2_cruisecontrol_bsp//libucosii_bsp.a(alt_find_file.o)
 .bss           0x0101cd1c        0x0 ../lab2_cruisecontrol_bsp//libucosii_bsp.a(alt_get_fd.o)
 .bss           0x0101cd1c        0x0 /opt/altera/13.0sp1/nios2eds/bin/gnu/H-i686-pc-linux-gnu/bin/../lib/gcc/nios2-elf/4.1.2/../../../../nios2-elf/lib/mno-hw-mul/libc.a(lib_a-atexit.o)
 .bss           0x0101cd1c        0x0 /opt/altera/13.0sp1/nios2eds/bin/gnu/H-i686-pc-linux-gnu/bin/../lib/gcc/nios2-elf/4.1.2/../../../../nios2-elf/lib/mno-hw-mul/libc.a(lib_a-exit.o)
 .bss           0x0101cd1c        0x0 /opt/altera/13.0sp1/nios2eds/bin/gnu/H-i686-pc-linux-gnu/bin/../lib/gcc/nios2-elf/4.1.2/../../../../nios2-elf/lib/mno-hw-mul/libc.a(lib_a-memcmp.o)
 .bss           0x0101cd1c        0x0 /opt/altera/13.0sp1/nios2eds/bin/gnu/H-i686-pc-linux-gnu/bin/../lib/gcc/nios2-elf/4.1.2/../../../../nios2-elf/lib/mno-hw-mul/libc.a(lib_a-__atexit.o)
 .bss           0x0101cd1c        0x0 /opt/altera/13.0sp1/nios2eds/bin/gnu/H-i686-pc-linux-gnu/bin/../lib/gcc/nios2-elf/4.1.2/../../../../nios2-elf/lib/mno-hw-mul/libc.a(lib_a-__call_atexit.o)
 .bss           0x0101cd1c        0x0 /opt/altera/13.0sp1/nios2eds/bin/gnu/H-i686-pc-linux-gnu/bin/../lib/gcc/nios2-elf/4.1.2/mno-hw-mul/libgcc.a(_fixunsdfsi.o)
 .bss           0x0101cd1c        0x0 ../lab2_cruisecontrol_bsp//libucosii_bsp.a(alt_exit.o)
 *(COMMON)
 COMMON         0x0101cd1c     0xa000 obj/default/cruise_skeleton.o
                0x0101cd1c                SwitchIO_Stack
                0x0101ed1c                ControlTask_Stack
                0x01020d1c                VehicleTask_Stack
                0x01022d1c                ButtonsIO_Stack
                0x01024d1c                StartTask_Stack
 COMMON         0x01026d1c     0x3d74 ../lab2_cruisecontrol_bsp//libucosii_bsp.a(os_core.o)
                0x01026d1c                OSTmrWheelTbl
                0x01026d2c                OSFlagTbl
                0x0102709c                OSTmrTbl
                0x010273dc                OSMemTbl
                0x0102800c                OSTaskStatStk
                0x0102880c                OSQTbl
                0x010289ec                OSTmrTaskStk
                0x010291ec                OSTaskIdleStk
                0x010299ec                OSEventTbl
                0x0102a52c                OSTCBTbl
                0x0102aa3c                OSTCBPrioTbl
 COMMON         0x0102aa90      0x100 ../lab2_cruisecontrol_bsp//libucosii_bsp.a(alt_irq_handler.o)
                0x0102aa90                alt_irq
 COMMON         0x0102ab90      0x190 /opt/altera/13.0sp1/nios2eds/bin/gnu/H-i686-pc-linux-gnu/bin/../lib/gcc/nios2-elf/4.1.2/../../../../nios2-elf/lib/mno-hw-mul/libc.a(lib_a-atexit.o)
                0x0102ab90                _atexit0
                0x0102ad20                . = ALIGN (0x4)
                0x0102ad20                __bss_end = ABSOLUTE (.)

.onchip_memory  0x00000000        0x0 load address 0x0102ad20
                0x00000000                PROVIDE (_alt_partition_onchip_memory_start, ABSOLUTE (.))
 *(.onchip_memory. onchip_memory.*)
                0x00000000                . = ALIGN (0x4)
                0x00000000                PROVIDE (_alt_partition_onchip_memory_end, ABSOLUTE (.))
                0x0102ad20                PROVIDE (_alt_partition_onchip_memory_load_addr, LOADADDR (.onchip_memory))

.sram           0x00100000        0x0 load address 0x0102ad20
                0x00100000                PROVIDE (_alt_partition_sram_start, ABSOLUTE (.))
 *(.sram. sram.*)
                0x00100000                . = ALIGN (0x4)
                0x00100000                PROVIDE (_alt_partition_sram_end, ABSOLUTE (.))
                0x0102ad20                PROVIDE (_alt_partition_sram_load_addr, LOADADDR (.sram))

.sdram          0x0102ad20        0x0
                0x0102ad20                PROVIDE (_alt_partition_sdram_start, ABSOLUTE (.))
 *(.sdram. sdram.*)
                0x0102ad20                . = ALIGN (0x4)
                0x0102ad20                PROVIDE (_alt_partition_sdram_end, ABSOLUTE (.))
                0x0102ad20                _end = ABSOLUTE (.)
                0x0102ad20                end = ABSOLUTE (.)
                0x0102ad20                __alt_stack_base = ABSOLUTE (.)
                0x0102ad20                PROVIDE (_alt_partition_sdram_load_addr, LOADADDR (.sdram))

.stab
 *(.stab)

.stabstr
 *(.stabstr)

.stab.excl
 *(.stab.excl)

.stab.exclstr
 *(.stab.exclstr)

.stab.index
 *(.stab.index)

.stab.indexstr
 *(.stab.indexstr)

.comment        0x00000000       0x26
 *(.comment)
 .comment       0x00000000       0x26 obj/default/cruise_skeleton.o
                                 0x27 (size before relaxing)
 .comment       0x00000000       0x27 /opt/altera/13.0sp1/nios2eds/bin/gnu/H-i686-pc-linux-gnu/bin/../lib/gcc/nios2-elf/4.1.2/mno-hw-mul/libgcc.a(_si_to_sf.o)