Archive member included because of file (symbol)

/opt/altera/13.0sp1/nios2eds/bin/gnu/H-i686-pc-linux-gnu/bin/../lib/gcc/nios2-elf/4.1.2/mno-hw-mul/libgcc.a(_si_to_sf.o)
                              obj/default/cruise_skeleton.o (__floatsisf)
/opt/altera/13.0sp1/nios2eds/bin/gnu/H-i686-pc-linux-gnu/bin/../lib/gcc/nios2-elf/4.1.2/mno-hw-mul/libgcc.a(_sf_to_df.o)
                              obj/default/cruise_skeleton.o (__extendsfdf2)
/opt/altera/13.0sp1/nios2eds/bin/gnu/H-i686-pc-linux-gnu/bin/../lib/gcc/nios2-elf/4.1.2/mno-hw-mul/libgcc.a(_addsub_df.o)
                              obj/default/cruise_skeleton.o (__adddf3)
/opt/altera/13.0sp1/nios2eds/bin/gnu/H-i686-pc-linux-gnu/bin/../lib/gcc/nios2-elf/4.1.2/mno-hw-mul/libgcc.a(_div_df.o)
                              obj/default/cruise_skeleton.o (__divdf3)
/opt/altera/13.0sp1/nios2eds/bin/gnu/H-i686-pc-linux-gnu/bin/../lib/gcc/nios2-elf/4.1.2/mno-hw-mul/libgcc.a(_si_to_df.o)
                              obj/default/cruise_skeleton.o (__floatsidf)
/opt/altera/13.0sp1/nios2eds/bin/gnu/H-i686-pc-linux-gnu/bin/../lib/gcc/nios2-elf/4.1.2/mno-hw-mul/libgcc.a(_df_to_si.o)
                              obj/default/cruise_skeleton.o (__fixdfsi)
/opt/altera/13.0sp1/nios2eds/bin/gnu/H-i686-pc-linux-gnu/bin/../lib/gcc/nios2-elf/4.1.2/mno-hw-mul/libgcc.a(_make_df.o)
                              /opt/altera/13.0sp1/nios2eds/bin/gnu/H-i686-pc-linux-gnu/bin/../lib/gcc/nios2-elf/4.1.2/mno-hw-mul/libgcc.a(_sf_to_df.o) (__make_dp)
/opt/altera/13.0sp1/nios2eds/bin/gnu/H-i686-pc-linux-gnu/bin/../lib/gcc/nios2-elf/4.1.2/mno-hw-mul/libgcc.a(_thenan_df.o)
                              /opt/altera/13.0sp1/nios2eds/bin/gnu/H-i686-pc-linux-gnu/bin/../lib/gcc/nios2-elf/4.1.2/mno-hw-mul/libgcc.a(_addsub_df.o) (__thenan_df)
/opt/altera/13.0sp1/nios2eds/bin/gnu/H-i686-pc-linux-gnu/bin/../lib/gcc/nios2-elf/4.1.2/mno-hw-mul/libgcc.a(lib2-divmod.o)
                              obj/default/cruise_skeleton.o (__divsi3)
/opt/altera/13.0sp1/nios2eds/bin/gnu/H-i686-pc-linux-gnu/bin/../lib/gcc/nios2-elf/4.1.2/mno-hw-mul/libgcc.a(lib2-mul.o)
                              obj/default/cruise_skeleton.o (__mulsi3)
/opt/altera/13.0sp1/nios2eds/bin/gnu/H-i686-pc-linux-gnu/bin/../lib/gcc/nios2-elf/4.1.2/mno-hw-mul/libgcc.a(_clzsi2.o)
                              /opt/altera/13.0sp1/nios2eds/bin/gnu/H-i686-pc-linux-gnu/bin/../lib/gcc/nios2-elf/4.1.2/mno-hw-mul/libgcc.a(_si_to_sf.o) (__clzsi2)
/opt/altera/13.0sp1/nios2eds/bin/gnu/H-i686-pc-linux-gnu/bin/../lib/gcc/nios2-elf/4.1.2/mno-hw-mul/libgcc.a(_pack_sf.o)
                              /opt/altera/13.0sp1/nios2eds/bin/gnu/H-i686-pc-linux-gnu/bin/../lib/gcc/nios2-elf/4.1.2/mno-hw-mul/libgcc.a(_si_to_sf.o) (__pack_f)
/opt/altera/13.0sp1/nios2eds/bin/gnu/H-i686-pc-linux-gnu/bin/../lib/gcc/nios2-elf/4.1.2/mno-hw-mul/libgcc.a(_unpack_sf.o)
                              /opt/altera/13.0sp1/nios2eds/bin/gnu/H-i686-pc-linux-gnu/bin/../lib/gcc/nios2-elf/4.1.2/mno-hw-mul/libgcc.a(_sf_to_df.o) (__unpack_f)
/opt/altera/13.0sp1/nios2eds/bin/gnu/H-i686-pc-linux-gnu/bin/../lib/gcc/nios2-elf/4.1.2/mno-hw-mul/libgcc.a(_pack_df.o)
                              /opt/altera/13.0sp1/nios2eds/bin/gnu/H-i686-pc-linux-gnu/bin/../lib/gcc/nios2-elf/4.1.2/mno-hw-mul/libgcc.a(_addsub_df.o) (__pack_d)
/opt/altera/13.0sp1/nios2eds/bin/gnu/H-i686-pc-linux-gnu/bin/../lib/gcc/nios2-elf/4.1.2/mno-hw-mul/libgcc.a(_unpack_df.o)
                              /opt/altera/13.0sp1/nios2eds/bin/gnu/H-i686-pc-linux-gnu/bin/../lib/gcc/nios2-elf/4.1.2/mno-hw-mul/libgcc.a(_addsub_df.o) (__unpack_d)
/opt/altera/13.0sp1/nios2eds/bin/gnu/H-i686-pc-linux-gnu/bin/../lib/gcc/nios2-elf/4.1.2/mno-hw-mul/libgcc.a(_clz.o)
                              /opt/altera/13.0sp1/nios2eds/bin/gnu/H-i686-pc-linux-gnu/bin/../lib/gcc/nios2-elf/4.1.2/mno-hw-mul/libgcc.a(_clzsi2.o) (__clz_tab)
/opt/altera/13.0sp1/nios2eds/bin/gnu/H-i686-pc-linux-gnu/bin/../lib/gcc/nios2-elf/4.1.2/../../../../nios2-elf/lib/mno-hw-mul/libc.a(lib_a-printf.o)
                              obj/default/cruise_skeleton.o (printf)
/opt/altera/13.0sp1/nios2eds/bin/gnu/H-i686-pc-linux-gnu/bin/../lib/gcc/nios2-elf/4.1.2/../../../../nios2-elf/lib/mno-hw-mul/libc.a(lib_a-puts.o)
                              obj/default/cruise_skeleton.o (puts)
/opt/altera/13.0sp1/nios2eds/bin/gnu/H-i686-pc-linux-gnu/bin/../lib/gcc/nios2-elf/4.1.2/../../../../nios2-elf/lib/mno-hw-mul/libc.a(lib_a-strlen.o)
                              /opt/altera/13.0sp1/nios2eds/bin/gnu/H-i686-pc-linux-gnu/bin/../lib/gcc/nios2-elf/4.1.2/../../../../nios2-elf/lib/mno-hw-mul/libc.a(lib_a-puts.o) (strlen)
/opt/altera/13.0sp1/nios2eds/bin/gnu/H-i686-pc-linux-gnu/bin/../lib/gcc/nios2-elf/4.1.2/../../../../nios2-elf/lib/mno-hw-mul/libc.a(lib_a-vfprintf.o)
                              /opt/altera/13.0sp1/nios2eds/bin/gnu/H-i686-pc-linux-gnu/bin/../lib/gcc/nios2-elf/4.1.2/../../../../nios2-elf/lib/mno-hw-mul/libc.a(lib_a-printf.o) (___vfprintf_internal_r)
[...]
Memory Configuration

Name             Origin             Length             Attributes
onchip_memory    0x00000000         0x00006400
sram             0x00100000         0x00080000
reset            0x01000000         0x00000020
sdram            0x01000020         0x007fffe0
*default*        0x00000000         0xffffffff

Linker script and memory map

LOAD ../lab2_cruisecontrol_bsp//obj/HAL/src/crt0.o
LOAD obj/default/cruise_skeleton.o
LOAD /opt/altera/13.0sp1/nios2eds/bin/gnu/H-i686-pc-linux-gnu/bin/../lib/gcc/nios2-elf/4.1.2/../../../../nios2-elf/lib/mno-hw-mul/libstdc++.a
LOAD /opt/altera/13.0sp1/nios2eds/bin/gnu/H-i686-pc-linux-gnu/bin/../lib/gcc/nios2-elf/4.1.2/../../../../nios2-elf/lib/mno-hw-mul/libm.a
LOAD /opt/altera/13.0sp1/nios2eds/bin/gnu/H-i686-pc-linux-gnu/bin/../lib/gcc/nios2-elf/4.1.2/mno-hw-mul/libgcc.a
START GROUP
LOAD /opt/altera/13.0sp1/nios2eds/bin/gnu/H-i686-pc-linux-gnu/bin/../lib/gcc/nios2-elf/4.1.2/../../../../nios2-elf/lib/mno-hw-mul/libc.a
LOAD /opt/altera/13.0sp1/nios2eds/bin/gnu/H-i686-pc-linux-gnu/bin/../lib/gcc/nios2-elf/4.1.2/mno-hw-mul/libgcc.a
LOAD ../lab2_cruisecontrol_bsp//libucosii_bsp.a
END GROUP
LOAD /opt/altera/13.0sp1/nios2eds/bin/gnu/H-i686-pc-linux-gnu/bin/../lib/gcc/nios2-elf/4.1.2/mno-hw-mul/libgcc.a
                0x00000000                __alt_mem_onchip_memory = 0x0
                0x00100000                __alt_mem_sram = 0x100000
                0x01000000                __alt_mem_sdram = 0x1000000

.entry          0x01000000       0x20
 *(.entry)
 .entry         0x01000000       0x20 ../lab2_cruisecontrol_bsp//obj/HAL/src/crt0.o
                0x01000000                __reset

.exceptions     0x01000020      0x19c
                0x01000020                PROVIDE (__ram_exceptions_start, ABSOLUTE (.))
                0x01000020                . = ALIGN (0x20)
 *(.irq)
 *(.exceptions.entry.label)
 .exceptions.entry.label
                0x01000020        0x0 ../lab2_cruisecontrol_bsp//libucosii_bsp.a(alt_irq_entry.o)
                0x01000020                alt_irq_entry
 .exceptions.entry.label
                0x01000020        0x0 ../lab2_cruisecontrol_bsp//libucosii_bsp.a(alt_exception_entry.o)
                0x01000020                alt_exception
 *(.exceptions.entry.user)
 *(.exceptions.entry)
 .exceptions.entry
                0x01000020       0x54 ../lab2_cruisecontrol_bsp//libucosii_bsp.a(alt_exception_entry.o)
 *(.exceptions.irqtest.user)
 *(.exceptions.irqtest)
 .exceptions.irqtest
                0x01000074       0x10 ../lab2_cruisecontrol_bsp//libucosii_bsp.a(alt_irq_entry.o)
 *(.exceptions.irqhandler.user)
 *(.exceptions.irqhandler)
 .exceptions.irqhandler
                0x01000084        0x4 ../lab2_cruisecontrol_bsp//libucosii_bsp.a(alt_irq_entry.o)
 *(.exceptions.irqreturn.user)
 *(.exceptions.irqreturn)
 .exceptions.irqreturn
                0x01000088        0x4 ../lab2_cruisecontrol_bsp//libucosii_bsp.a(alt_irq_entry.o)
 *(.exceptions.notirq.label)
 .exceptions.notirq.label
                0x0100008c        0x0 ../lab2_cruisecontrol_bsp//libucosii_bsp.a(alt_irq_entry.o)
 *(.exceptions.notirq.user)
 *(.exceptions.notirq)
 .exceptions.notirq
                0x0100008c        0x8 ../lab2_cruisecontrol_bsp//libucosii_bsp.a(alt_exception_entry.o)
 *(.exceptions.soft.user)
 *(.exceptions.soft)
 *(.exceptions.unknown.user)
 *(.exceptions.unknown)
 .exceptions.unknown
                0x01000094        0x4 ../lab2_cruisecontrol_bsp//libucosii_bsp.a(alt_exception_entry.o)
 *(.exceptions.exit.label)
 .exceptions.exit.label
                0x01000098        0x0 ../lab2_cruisecontrol_bsp//libucosii_bsp.a(alt_irq_entry.o)
 .exceptions.exit.label
                0x01000098        0x0 ../lab2_cruisecontrol_bsp//libucosii_bsp.a(alt_exception_entry.o)
 *(.exceptions.exit.user)
 *(.exceptions.exit)
 .exceptions.exit
                0x01000098       0x54 ../lab2_cruisecontrol_bsp//libucosii_bsp.a(alt_exception_entry.o)
 *(.exceptions)
 .exceptions    0x010000ec       0xd0 ../lab2_cruisecontrol_bsp//libucosii_bsp.a(alt_irq_handler.o)
                0x010000ec                alt_irq_handler
                0x010001bc                PROVIDE (__ram_exceptions_end, ABSOLUTE (.))
                0x01000020                PROVIDE (__flash_exceptions_start, LOADADDR (.exceptions))

.text           0x010001bc    0x186d4
                0x010001bc                PROVIDE (stext, ABSOLUTE (.))
 *(.interp)
 *(.hash)
 *(.dynsym)
 *(.dynstr)
 *(.gnu.version)
 *(.gnu.version_d)
 *(.gnu.version_r)
 *(.rel.init)
 *(.rela.init)
 *(.rel.text .rel.text.* .rel.gnu.linkonce.t.*)
 *(.rela.text .rela.text.* .rela.gnu.linkonce.t.*)
 *(.rel.fini)
 *(.rela.fini)
 *(.rel.rodata .rel.rodata.* .rel.gnu.linkonce.r.*)
 *(.rela.rodata .rela.rodata.* .rela.gnu.linkonce.r.*)
 *(.rel.data .rel.data.* .rel.gnu.linkonce.d.*)
 *(.rela.data .rela.data.* .rela.gnu.linkonce.d.*)
 *(.rel.tdata .rel.tdata.* .rel.gnu.linkonce.td.*)
 *(.rela.tdata .rela.tdata.* .rela.gnu.linkonce.td.*)
 *(.rel.tbss .rel.tbss.* .rel.gnu.linkonce.tb.*)
 *(.rela.tbss .rela.tbss.* .rela.gnu.linkonce.tb.*)
 *(.rel.ctors)
 *(.rela.ctors)
 *(.rel.dtors)
 *(.rela.dtors)
 *(.rel.got)
 *(.rela.got)
 *(.rel.sdata .rel.sdata.* .rel.gnu.linkonce.s.*)
 *(.rela.sdata .rela.sdata.* .rela.gnu.linkonce.s.*)
 *(.rel.sbss .rel.sbss.* .rel.gnu.linkonce.sb.*)
 *(.rela.sbss .rela.sbss.* .rela.gnu.linkonce.sb.*)
 *(.rel.sdata2 .rel.sdata2.* .rel.gnu.linkonce.s2.*)
 *(.rela.sdata2 .rela.sdata2.* .rela.gnu.linkonce.s2.*)
 *(.rel.sbss2 .rel.sbss2.* .rel.gnu.linkonce.sb2.*)
 *(.rela.sbss2 .rela.sbss2.* .rela.gnu.linkonce.sb2.*)
 *(.rel.bss .rel.bss.* .rel.gnu.linkonce.b.*)
 *(.rela.bss .rela.bss.* .rela.gnu.linkonce.b.*)
 *(.rel.plt)
 *(.rela.plt)
 *(.rel.dyn)
 *(.init)
 *(.plt)
 *(.text .stub .text.* .gnu.linkonce.t.*)
 .text          0x010001bc       0x3c ../lab2_cruisecontrol_bsp//obj/HAL/src/crt0.o
                0x010001bc                _start
 .text          0x010001f8      0x98c obj/default/cruise_skeleton.o
                0x010001f8                buttons_pressed
                0x01000220                switches_pressed
                0x01000244                alarm_handler
                0x01000274                int2seven
                0x010002b0                show_velocity_on_sevenseg
                0x010003a0                show_target_velocity
                0x010003c0                show_position
                0x010003e0                adjust_position
                0x010004ec                adjust_velocity
                0x0100062c                VehicleTask
                0x010008ec                ControlTask
                0x01000958                StartTask
                0x01000b08                main
 .text          0x01000b84       0x98 /opt/altera/13.0sp1/nios2eds/bin/gnu/H-i686-pc-linux-gnu/bin/../lib/gcc/nios2-elf/4.1.2/mno-hw-mul/libgcc.a(_si_to_sf.o)
                0x01000b84                __floatsisf
 .text          0x01000c1c       0x54 /opt/altera/13.0sp1/nios2eds/bin/gnu/H-i686-pc-linux-gnu/bin/../lib/gcc/nios2-elf/4.1.2/mno-hw-mul/libgcc.a(_sf_to_df.o)
                0x01000c1c                __extendsfdf2
 .text          0x01000c70      0x504 /opt/altera/13.0sp1/nios2eds/bin/gnu/H-i686-pc-linux-gnu/bin/../lib/gcc/nios2-elf/4.1.2/mno-hw-mul/libgcc.a(_addsub_df.o)
                0x01001080                __subdf3
                0x01001100                __adddf3
 .text          0x01001174      0x258 /opt/altera/13.0sp1/nios2eds/bin/gnu/H-i686-pc-linux-gnu/bin/../lib/gcc/nios2-elf/4.1.2/mno-hw-mul/libgcc.a(_div_df.o)
                0x01001174                __divdf3
 .text          0x010013cc       0xf8 /opt/altera/13.0sp1/nios2eds/bin/gnu/H-i686-pc-linux-gnu/bin/../lib/gcc/nios2-elf/4.1.2/mno-hw-mul/libgcc.a(_si_to_df.o)
                0x010013cc                __floatsidf
 .text          0x010014c4       0xd8 /opt/altera/13.0sp1/nios2eds/bin/gnu/H-i686-pc-linux-gnu/bin/../lib/gcc/nios2-elf/4.1.2/mno-hw-mul/libgcc.a(_df_to_si.o)
                0x010014c4                __fixdfsi
 .text          0x0100159c       0x38 /opt/altera/13.0sp1/nios2eds/bin/gnu/H-i686-pc-linux-gnu/bin/../lib/gcc/nios2-elf/4.1.2/mno-hw-mul/libgcc.a(_make_df.o)
                0x0100159c                __make_dp
 .text          0x010015d4        0x0 /opt/altera/13.0sp1/nios2eds/bin/gnu/H-i686-pc-linux-gnu/bin/../lib/gcc/nios2-elf/4.1.2/mno-hw-mul/libgcc.a(_thenan_df.o)
 .text          0x010015d4      0x14c /opt/altera/13.0sp1/nios2eds/bin/gnu/H-i686-pc-linux-gnu/bin/../lib/gcc/nios2-elf/4.1.2/mno-hw-mul/libgcc.a(lib2-divmod.o)
                0x01001650                __divsi3
                0x010016b0                __modsi3
                0x01001710                __udivsi3
                0x01001718                __umodsi3
 .text          0x01001720       0x38 /opt/altera/13.0sp1/nios2eds/bin/gnu/H-i686-pc-linux-gnu/bin/../lib/gcc/nios2-elf/4.1.2/mno-hw-mul/libgcc.a(lib2-mul.o)
                0x01001720                __mulsi3
 .text          0x01001758       0x80 /opt/altera/13.0sp1/nios2eds/bin/gnu/H-i686-pc-linux-gnu/bin/../lib/gcc/nios2-elf/4.1.2/mno-hw-mul/libgcc.a(_clzsi2.o)
                0x01001758                __clzsi2
 .text          0x010017d8      0x160 /opt/altera/13.0sp1/nios2eds/bin/gnu/H-i686-pc-linux-gnu/bin/../lib/gcc/nios2-elf/4.1.2/mno-hw-mul/libgcc.a(_pack_sf.o)
                0x010017d8                __pack_f
 .text          0x01001938       0xc8 /opt/altera/13.0sp1/nios2eds/bin/gnu/H-i686-pc-linux-gnu/bin/../lib/gcc/nios2-elf/4.1.2/mno-hw-mul/libgcc.a(_unpack_sf.o)
                0x01001938                __unpack_f
 .text          0x01001a00      0x314 /opt/altera/13.0sp1/nios2eds/bin/gnu/H-i686-pc-linux-gnu/bin/../lib/gcc/nios2-elf/4.1.2/mno-hw-mul/libgcc.a(_pack_df.o)
                0x01001a00                __pack_d
 .text          0x01001d14      0x138 /opt/altera/13.0sp1/nios2eds/bin/gnu/H-i686-pc-linux-gnu/bin/../lib/gcc/nios2-elf/4.1.2/mno-hw-mul/libgcc.a(_unpack_df.o)
                0x01001d14                __unpack_d
 .text          0x01001e4c        0x0 /opt/altera/13.0sp1/nios2eds/bin/gnu/H-i686-pc-linux-gnu/bin/../lib/gcc/nios2-elf/4.1.2/mno-hw-mul/libgcc.a(_clz.o)
 .text          0x01001e4c       0x78 /opt/altera/13.0sp1/nios2eds/bin/gnu/H-i686-pc-linux-gnu/bin/../lib/gcc/nios2-elf/4.1.2/../../../../nios2-elf/lib/mno-hw-mul/libc.a(lib_a-printf.o)
                0x01001e4c                printf
                0x01001e90                _printf_r
 .text          0x01001ec4       0xb4 /opt/altera/13.0sp1/nios2eds/bin/gnu/H-i686-pc-linux-gnu/bin/../lib/gcc/nios2-elf/4.1.2/../../../../nios2-elf/lib/mno-hw-mul/libc.a(lib_a-puts.o)
                0x01001ec4                _puts_r
                0x01001f64                puts
 .text          0x01001f78       0x74 /opt/altera/13.0sp1/nios2eds/bin/gnu/H-i686-pc-linux-gnu/bin/../lib/gcc/nios2-elf/4.1.2/../../../../nios2-elf/lib/mno-hw-mul/libc.a(lib_a-strlen.o)
                0x01001f78                strlen
 .text          0x01001fec     0x1f40 /opt/altera/13.0sp1/nios2eds/bin/gnu/H-i686-pc-linux-gnu/bin/../lib/gcc/nios2-elf/4.1.2/../../../../nios2-elf/lib/mno-hw-mul/libc.a(lib_a-vfprintf.o)
                0x01002044                ___vfprintf_internal_r
                0x01003f08                __vfprintf_internal
 .text          0x01003f2c      0x13c /opt/altera/13.0sp1/nios2eds/bin/gnu/H-i686-pc-linux-gnu/bin/../lib/gcc/nios2-elf/4.1.2/../../../../nios2-elf/lib/mno-hw-mul/libc.a(lib_a-wsetup.o)
                0x01003f2c                __swsetup_r
 .text          0x01004068     0x17f8 /opt/altera/13.0sp1/nios2eds/bin/gnu/H-i686-pc-linux-gnu/bin/../lib/gcc/nios2-elf/4.1.2/../../../../nios2-elf/lib/mno-hw-mul/libc.a(lib_a-dtoa.o)
                0x010042ac                _dtoa_r
 .text          0x01005860      0x230 /opt/altera/13.0sp1/nios2eds/bin/gnu/H-i686-pc-linux-gnu/bin/../lib/gcc/nios2-elf/4.1.2/../../../../nios2-elf/lib/mno-hw-mul/libc.a(lib_a-fflush.o)
                0x01005860                _fflush_r
                0x01005a5c                fflush
 .text          0x01005a90      0x2f4 /opt/altera/13.0sp1/nios2eds/bin/gnu/H-i686-pc-linux-gnu/bin/../lib/gcc/nios2-elf/4.1.2/../../../../nios2-elf/lib/mno-hw-mul/libc.a(lib_a-findfp.o)
                0x01005ae8                __sfp_lock_acquire
                0x01005aec                __sfp_lock_release
                0x01005af0                __sinit_lock_acquire
                0x01005af4                __sinit_lock_release
                0x01005af8                __sinit
                0x01005bac                __fp_unlock_all
                0x01005bc4                __fp_lock_all
                0x01005bdc                _cleanup_r
                0x01005be8                _cleanup
                0x01005bf8                __sfmoreglue
                0x01005c94                __sfp
 .text          0x01005d84      0x440 /opt/altera/13.0sp1/nios2eds/bin/gnu/H-i686-pc-linux-gnu/bin/../lib/gcc/nios2-elf/4.1.2/../../../../nios2-elf/lib/mno-hw-mul/libc.a(lib_a-freer.o)
                0x01005d84                _malloc_trim_r
                0x01005eb0                _free_r
 .text          0x010061c4      0x49c /opt/altera/13.0sp1/nios2eds/bin/gnu/H-i686-pc-linux-gnu/bin/../lib/gcc/nios2-elf/4.1.2/../../../../nios2-elf/lib/mno-hw-mul/libc.a(lib_a-fvwrite.o)
                0x010061c4                __sfvwrite_r
 .text          0x01006660      0x180 /opt/altera/13.0sp1/nios2eds/bin/gnu/H-i686-pc-linux-gnu/bin/../lib/gcc/nios2-elf/4.1.2/../../../../nios2-elf/lib/mno-hw-mul/libc.a(lib_a-fwalk.o)
                0x01006660                _fwalk_reent
                0x01006728                _fwalk
 .text          0x010067e0        0x0 /opt/altera/13.0sp1/nios2eds/bin/gnu/H-i686-pc-linux-gnu/bin/../lib/gcc/nios2-elf/4.1.2/../../../../nios2-elf/lib/mno-hw-mul/libc.a(lib_a-impure.o)
 .text          0x010067e0       0xc4 /opt/altera/13.0sp1/nios2eds/bin/gnu/H-i686-pc-linux-gnu/bin/../lib/gcc/nios2-elf/4.1.2/../../../../nios2-elf/lib/mno-hw-mul/libc.a(lib_a-locale.o)
                0x010067e0                __locale_charset
                0x010067e8                _localeconv_r
                0x010067f4                localeconv
                0x01006804                _setlocale_r
                0x01006888                setlocale
 .text          0x010068a4      0x194 /opt/altera/13.0sp1/nios2eds/bin/gnu/H-i686-pc-linux-gnu/bin/../lib/gcc/nios2-elf/4.1.2/../../../../nios2-elf/lib/mno-hw-mul/libc.a(lib_a-makebuf.o)
                0x010068a4                __smakebuf_r
 .text          0x01006a38      0x740 /opt/altera/13.0sp1/nios2eds/bin/gnu/H-i686-pc-linux-gnu/bin/../lib/gcc/nios2-elf/4.1.2/../../../../nios2-elf/lib/mno-hw-mul/libc.a(lib_a-mallocr.o)
                0x01006a38                _malloc_r
 .text          0x01007178       0xe4 /opt/altera/13.0sp1/nios2eds/bin/gnu/H-i686-pc-linux-gnu/bin/../lib/gcc/nios2-elf/4.1.2/../../../../nios2-elf/lib/mno-hw-mul/libc.a(lib_a-memchr.o)
                0x01007178                memchr
 .text          0x0100725c       0xa0 /opt/altera/13.0sp1/nios2eds/bin/gnu/H-i686-pc-linux-gnu/bin/../lib/gcc/nios2-elf/4.1.2/../../../../nios2-elf/lib/mno-hw-mul/libc.a(lib_a-memcpy.o)
                0x0100725c                memcpy
 .text          0x010072fc       0xe0 /opt/altera/13.0sp1/nios2eds/bin/gnu/H-i686-pc-linux-gnu/bin/../lib/gcc/nios2-elf/4.1.2/../../../../nios2-elf/lib/mno-hw-mul/libc.a(lib_a-memmove.o)
                0x010072fc                memmove
 .text          0x010073dc       0x98 /opt/altera/13.0sp1/nios2eds/bin/gnu/H-i686-pc-linux-gnu/bin/../lib/gcc/nios2-elf/4.1.2/../../../../nios2-elf/lib/mno-hw-mul/libc.a(lib_a-memset.o)
                0x010073dc                memset
 .text          0x01007474     0x108c /opt/altera/13.0sp1/nios2eds/bin/gnu/H-i686-pc-linux-gnu/bin/../lib/gcc/nios2-elf/4.1.2/../../../../nios2-elf/lib/mno-hw-mul/libc.a(lib_a-mprec.o)
                0x01007474                _Bfree
                0x0100749c                __hi0bits
                0x0100750c                __lo0bits
                0x010075d0                __mcmp
                0x01007630                __ulp
                0x010076b0                __b2d
                0x010077d0                __ratio
                0x01007880                _mprec_log10
                0x01007914                __copybits
                0x0100796c                __any_on
                0x010079f4                _Balloc
                0x01007ab0                __d2b
                0x01007c2c                __mdiff
                0x01007db8                __lshift
                0x01007f04                __multiply
                0x01008158                __i2b
                0x01008194                __multadd
                0x010082c0                __pow5mult
                0x010083e0                __s2b
 .text          0x01008500      0x5f4 /opt/altera/13.0sp1/nios2eds/bin/gnu/H-i686-pc-linux-gnu/bin/../lib/gcc/nios2-elf/4.1.2/../../../../nios2-elf/lib/mno-hw-mul/libc.a(lib_a-reallocr.o)
                0x01008500                _realloc_r
 .text          0x01008af4       0x40 /opt/altera/13.0sp1/nios2eds/bin/gnu/H-i686-pc-linux-gnu/bin/../lib/gcc/nios2-elf/4.1.2/../../../../nios2-elf/lib/mno-hw-mul/libc.a(lib_a-s_isinfd.o)
                0x01008af4                __isinfd
 .text          0x01008b34       0x30 /opt/altera/13.0sp1/nios2eds/bin/gnu/H-i686-pc-linux-gnu/bin/../lib/gcc/nios2-elf/4.1.2/../../../../nios2-elf/lib/mno-hw-mul/libc.a(lib_a-s_isnand.o)
                0x01008b34                __isnand
 .text          0x01008b64       0x70 /opt/altera/13.0sp1/nios2eds/bin/gnu/H-i686-pc-linux-gnu/bin/../lib/gcc/nios2-elf/4.1.2/../../../../nios2-elf/lib/mno-hw-mul/libc.a(lib_a-sbrkr.o)
                0x01008b64                _sbrk_r
 .text          0x01008bd4      0x14c /opt/altera/13.0sp1/nios2eds/bin/gnu/H-i686-pc-linux-gnu/bin/../lib/gcc/nios2-elf/4.1.2/../../../../nios2-elf/lib/mno-hw-mul/libc.a(lib_a-stdio.o)
                0x01008bd4                __sclose
                0x01008bdc                __sseek
                0x01008c44                __swrite
                0x01008cc0                __sread
 .text          0x01008d20       0xbc /opt/altera/13.0sp1/nios2eds/bin/gnu/H-i686-pc-linux-gnu/bin/../lib/gcc/nios2-elf/4.1.2/../../../../nios2-elf/lib/mno-hw-mul/libc.a(lib_a-strcmp.o)
                0x01008d20                strcmp
 .text          0x01008ddc       0x78 /opt/altera/13.0sp1/nios2eds/bin/gnu/H-i686-pc-linux-gnu/bin/../lib/gcc/nios2-elf/4.1.2/../../../../nios2-elf/lib/mno-hw-mul/libc.a(lib_a-writer.o)
                0x01008ddc                _write_r
 .text          0x01008e54       0xc8 /opt/altera/13.0sp1/nios2eds/bin/gnu/H-i686-pc-linux-gnu/bin/../lib/gcc/nios2-elf/4.1.2/../../../../nios2-elf/lib/mno-hw-mul/libc.a(lib_a-callocr.o)
                0x01008e54                _calloc_r
 .text          0x01008f1c       0x70 /opt/altera/13.0sp1/nios2eds/bin/gnu/H-i686-pc-linux-gnu/bin/../lib/gcc/nios2-elf/4.1.2/../../../../nios2-elf/lib/mno-hw-mul/libc.a(lib_a-closer.o)
                0x01008f1c                _close_r
 .text          0x01008f8c      0x124 /opt/altera/13.0sp1/nios2eds/bin/gnu/H-i686-pc-linux-gnu/bin/../lib/gcc/nios2-elf/4.1.2/../../../../nios2-elf/lib/mno-hw-mul/libc.a(lib_a-fclose.o)
                0x01008f8c                _fclose_r
                0x0100909c                fclose
 .text          0x010090b0       0x74 /opt/altera/13.0sp1/nios2eds/bin/gnu/H-i686-pc-linux-gnu/bin/../lib/gcc/nios2-elf/4.1.2/../../../../nios2-elf/lib/mno-hw-mul/libc.a(lib_a-fstatr.o)
                0x010090b0                _fstat_r
 .text          0x01009124        0x0 /opt/altera/13.0sp1/nios2eds/bin/gnu/H-i686-pc-linux-gnu/bin/../lib/gcc/nios2-elf/4.1.2/../../../../nios2-elf/lib/mno-hw-mul/libc.a(lib_a-int_errno.o)
 .text          0x01009124       0x70 /opt/altera/13.0sp1/nios2eds/bin/gnu/H-i686-pc-linux-gnu/bin/../lib/gcc/nios2-elf/4.1.2/../../../../nios2-elf/lib/mno-hw-mul/libc.a(lib_a-isattyr.o)
                0x01009124                _isatty_r
 .text          0x01009194       0x78 /opt/altera/13.0sp1/nios2eds/bin/gnu/H-i686-pc-linux-gnu/bin/../lib/gcc/nios2-elf/4.1.2/../../../../nios2-elf/lib/mno-hw-mul/libc.a(lib_a-lseekr.o)
                0x01009194                _lseek_r
 .text          0x0100920c       0x78 /opt/altera/13.0sp1/nios2eds/bin/gnu/H-i686-pc-linux-gnu/bin/../lib/gcc/nios2-elf/4.1.2/../../../../nios2-elf/lib/mno-hw-mul/libc.a(lib_a-readr.o)
                0x0100920c                _read_r
 .text          0x01009284      0x66c /opt/altera/13.0sp1/nios2eds/bin/gnu/H-i686-pc-linux-gnu/bin/../lib/gcc/nios2-elf/4.1.2/mno-hw-mul/libgcc.a(_udivdi3.o)
                0x01009284                __udivdi3
 .text          0x010098f0      0x660 /opt/altera/13.0sp1/nios2eds/bin/gnu/H-i686-pc-linux-gnu/bin/../lib/gcc/nios2-elf/4.1.2/mno-hw-mul/libgcc.a(_umoddi3.o)
                0x010098f0                __umoddi3
 .text          0x01009f50      0x3c4 /opt/altera/13.0sp1/nios2eds/bin/gnu/H-i686-pc-linux-gnu/bin/../lib/gcc/nios2-elf/4.1.2/mno-hw-mul/libgcc.a(_mul_df.o)
                0x01009f50                __muldf3
 .text          0x0100a314       0x88 /opt/altera/13.0sp1/nios2eds/bin/gnu/H-i686-pc-linux-gnu/bin/../lib/gcc/nios2-elf/4.1.2/mno-hw-mul/libgcc.a(_eq_df.o)
                0x0100a314                __eqdf2
 .text          0x0100a39c       0x88 /opt/altera/13.0sp1/nios2eds/bin/gnu/H-i686-pc-linux-gnu/bin/../lib/gcc/nios2-elf/4.1.2/mno-hw-mul/libgcc.a(_ne_df.o)
                0x0100a39c                __nedf2
 .text          0x0100a424       0x88 /opt/altera/13.0sp1/nios2eds/bin/gnu/H-i686-pc-linux-gnu/bin/../lib/gcc/nios2-elf/4.1.2/mno-hw-mul/libgcc.a(_gt_df.o)
                0x0100a424                __gtdf2
 .text          0x0100a4ac       0x88 /opt/altera/13.0sp1/nios2eds/bin/gnu/H-i686-pc-linux-gnu/bin/../lib/gcc/nios2-elf/4.1.2/mno-hw-mul/libgcc.a(_ge_df.o)
                0x0100a4ac                __gedf2
 .text          0x0100a534       0x88 /opt/altera/13.0sp1/nios2eds/bin/gnu/H-i686-pc-linux-gnu/bin/../lib/gcc/nios2-elf/4.1.2/mno-hw-mul/libgcc.a(_lt_df.o)
                0x0100a534                __ltdf2
 .text          0x0100a5bc      0x194 /opt/altera/13.0sp1/nios2eds/bin/gnu/H-i686-pc-linux-gnu/bin/../lib/gcc/nios2-elf/4.1.2/mno-hw-mul/libgcc.a(_usi_to_df.o)
                0x0100a5bc                __floatunsidf
 .text          0x0100a750      0x124 /opt/altera/13.0sp1/nios2eds/bin/gnu/H-i686-pc-linux-gnu/bin/../lib/gcc/nios2-elf/4.1.2/mno-hw-mul/libgcc.a(_muldi3.o)
                0x0100a750                __muldi3
 .text          0x0100a874       0xc8 /opt/altera/13.0sp1/nios2eds/bin/gnu/H-i686-pc-linux-gnu/bin/../lib/gcc/nios2-elf/4.1.2/mno-hw-mul/libgcc.a(_fpcmp_parts_df.o)
                0x0100a874                __fpcmp_parts_d
 .text          0x0100a93c      0x154 ../lab2_cruisecontrol_bsp//libucosii_bsp.a(alt_alarm_start.o)
                0x0100a93c                alt_alarm_start
 .text          0x0100aa90      0x160 ../lab2_cruisecontrol_bsp//libucosii_bsp.a(alt_close.o)
                0x0100aa90                close
 .text          0x0100abf0       0x2c ../lab2_cruisecontrol_bsp//libucosii_bsp.a(alt_dev.o)
 .text          0x0100ac1c        0x0 ../lab2_cruisecontrol_bsp//libucosii_bsp.a(alt_errno.o)
 .text          0x0100ac1c      0x138 ../lab2_cruisecontrol_bsp//libucosii_bsp.a(alt_fstat.o)
                0x0100ac1c                fstat
 .text          0x0100ad54      0x124 ../lab2_cruisecontrol_bsp//libucosii_bsp.a(alt_isatty.o)
                0x0100ad54                isatty
 .text          0x0100ae78       0xec ../lab2_cruisecontrol_bsp//libucosii_bsp.a(alt_load.o)
                0x0100ae78                alt_load
 .text          0x0100af64      0x154 ../lab2_cruisecontrol_bsp//libucosii_bsp.a(alt_lseek.o)
                0x0100af64                lseek
 .text          0x0100b0b8       0xc8 ../lab2_cruisecontrol_bsp//libucosii_bsp.a(alt_main.o)
                0x0100b0b8                alt_main
 .text          0x0100b180      0x184 ../lab2_cruisecontrol_bsp//libucosii_bsp.a(alt_read.o)
                0x0100b180                read
 .text          0x0100b304       0x78 ../lab2_cruisecontrol_bsp//libucosii_bsp.a(alt_release_fd.o)
                0x0100b304                alt_release_fd
 .text          0x0100b37c       0xbc ../lab2_cruisecontrol_bsp//libucosii_bsp.a(alt_sbrk.o)
                0x0100b37c                sbrk
 .text          0x0100b438      0x1a8 ../lab2_cruisecontrol_bsp//libucosii_bsp.a(alt_tick.o)
                0x0100b438                alt_alarm_stop
                0x0100b4d0                alt_tick
 .text          0x0100b5e0      0x184 ../lab2_cruisecontrol_bsp//libucosii_bsp.a(alt_write.o)
                0x0100b5e0                write
 .text          0x0100b764      0x108 ../lab2_cruisecontrol_bsp//libucosii_bsp.a(alt_env_lock.o)
                0x0100b764                __env_lock
                0x0100b810                __env_unlock
 .text          0x0100b86c      0x1d8 ../lab2_cruisecontrol_bsp//libucosii_bsp.a(alt_malloc_lock.o)
                0x0100b86c                __malloc_lock
                0x0100b974                __malloc_unlock
 .text          0x0100ba44     0x212c ../lab2_cruisecontrol_bsp//libucosii_bsp.a(os_core.o)
                0x0100ba44                OSEventNameGet
                0x0100bb74                OSEventNameSet
                0x0100bcb8                OSEventPendMulti
                0x0100c36c                OSInit
                0x0100c3c4                OSIntEnter
                0x0100c440                OSIntExit
                0x0100c540                OSSchedLock
                0x0100c5cc                OSSchedUnlock
                0x0100c6b0                OSStart
                0x0100c720                OSStatInit
                0x0100c7cc                OSTimeTick
                0x0100ca0c                OSVersion
                0x0100ca2c                OS_Dummy
                0x0100ca48                OS_EventTaskRdy
                0x0100cbdc                OS_EventTaskWait
                0x0100ccec                OS_EventTaskWaitMulti
                0x0100ce40                OS_EventTaskRemove
                0x0100cef8                OS_EventTaskRemoveMulti
                0x0100cffc                OS_EventWaitListInit
                0x0100d3c8                OS_MemClr
                0x0100d41c                OS_MemCopy
                0x0100d488                OS_Sched
                0x0100d5cc                OS_StrCopy
                0x0100d64c                OS_StrLen
                0x0100d6a4                OS_TaskIdle
                0x0100d700                OS_TaskStat
                0x0100d7c8                OS_TaskStatStkChk
                0x0100d890                OS_TCBInit
 .text          0x0100db70      0x1ec ../lab2_cruisecontrol_bsp//libucosii_bsp.a(os_dbg.o)
                0x0100db70                OSDebugInit
 .text          0x0100dd5c     0x193c ../lab2_cruisecontrol_bsp//libucosii_bsp.a(os_flag.o)
                0x0100dd5c                OSFlagAccept
                0x0100e090                OSFlagCreate
                0x0100e1cc                OSFlagDel
                0x0100e474                OSFlagNameGet
                0x0100e5b8                OSFlagNameSet
                0x0100e70c                OSFlagPend
                0x0100ed50                OSFlagPendGetFlagsRdy
                0x0100edb8                OSFlagPost
                0x0100f160                OSFlagQuery
                0x0100f3f8                OS_FlagInit
                0x0100f5ec                OS_FlagUnlink
 .text          0x0100f698      0xc8c ../lab2_cruisecontrol_bsp//libucosii_bsp.a(os_mbox.o)
                0x0100f698                OSMboxAccept
                0x0100f73c                OSMboxCreate
                0x0100f850                OSMboxDel
                0x0100faf0                OSMboxPend
                0x0100fdb8                OSMboxPendAbort
                0x0100ff34                OSMboxPost
                0x01010068                OSMboxPostOpt
                0x010101f4                OSMboxQuery
 .text          0x01010324      0x80c ../lab2_cruisecontrol_bsp//libucosii_bsp.a(os_mem.o)
                0x01010324                OSMemCreate
                0x01010540                OSMemGet
                0x01010644                OSMemNameGet
                0x01010750                OSMemNameSet
                0x01010870                OSMemPut
                0x01010960                OSMemQuery
                0x01010a5c                OS_MemInit
 .text          0x01010b30     0x1334 ../lab2_cruisecontrol_bsp//libucosii_bsp.a(os_q.o)
                0x01010b30                OSQAccept
                0x01010c84                OSQCreate
                0x01010e98                OSQDel
                0x01011198                OSQFlush
                0x01011260                OSQPend
                0x01011580                OSQPendAbort
                0x010116fc                OSQPost
                0x0101187c                OSQPostFront
                0x01011a04                OSQPostOpt
                0x01011c38                OSQQuery
                0x01011db8                OS_QInit
 .text          0x01011e64      0xbc8 ../lab2_cruisecontrol_bsp//libucosii_bsp.a(os_sem.o)
                0x01011e64                OSSemAccept
                0x01011f24                OSSemCreate
                0x01012038                OSSemDel
                0x010122d8                OSSemPend
                0x01012554                OSSemPendAbort
                0x010126d0                OSSemPost
                0x010127f8                OSSemQuery
                0x01012928                OSSemSet
 .text          0x01012a2c     0x1a40 ../lab2_cruisecontrol_bsp//libucosii_bsp.a(os_task.o)
                0x01012a2c                OSTaskChangePrio
                0x01012fa0                OSTaskCreate
                0x01013174                OSTaskCreateExt
                0x01013374                OSTaskDel
                0x01013780                OSTaskDelReq
                0x010138f0                OSTaskNameGet
                0x01013aa8                OSTaskNameSet
                0x01013c6c                OSTaskResume
                0x01013e84                OSTaskStkChk
                0x01014080                OSTaskSuspend
                0x010142ac                OSTaskQuery
                0x010143f0                OS_TaskStkClr
 .text          0x0101446c      0x67c ../lab2_cruisecontrol_bsp//libucosii_bsp.a(os_time.o)
                0x0101446c                OSTimeDly
                0x010145b8                OSTimeDlyHMSM
                0x01014810                OSTimeDlyResume
                0x01014a20                OSTimeGet
                0x01014a84                OSTimeSet
 .text          0x01014ae8     0x1350 ../lab2_cruisecontrol_bsp//libucosii_bsp.a(os_tmr.o)
                0x01014ae8                OSTmrCreate
                0x01014ccc                OSTmrDel
                0x01014e44                OSTmrNameGet
                0x01014fb0                OSTmrRemainGet
                0x010151ac                OSTmrStateGet
                0x010152a8                OSTmrStart
                0x01015428                OSTmrStop
                0x01015654                OSTmrSignal
                0x0101581c                OSTmr_Init
 .text          0x01015e38       0xe8 ../lab2_cruisecontrol_bsp//libucosii_bsp.a(alt_sys_init.o)
                0x01015e38                alt_irq_init
                0x01015e6c                alt_sys_init
 .text          0x01015f20      0x148 ../lab2_cruisecontrol_bsp//libucosii_bsp.a(altera_avalon_jtag_uart_fd.o)
                0x01015f20                altera_avalon_jtag_uart_read_fd
                0x01015f78                altera_avalon_jtag_uart_write_fd
                0x01015fd0                altera_avalon_jtag_uart_close_fd
                0x01016018                altera_avalon_jtag_uart_ioctl_fd
 .text          0x01016068      0x584 ../lab2_cruisecontrol_bsp//libucosii_bsp.a(altera_avalon_jtag_uart_init.o)
                0x01016068                altera_avalon_jtag_uart_init
                0x01016578                altera_avalon_jtag_uart_close
 .text          0x010165ec       0xf4 ../lab2_cruisecontrol_bsp//libucosii_bsp.a(altera_avalon_jtag_uart_ioctl.o)
                0x010165ec                altera_avalon_jtag_uart_ioctl
 .text          0x010166e0      0x2c0 ../lab2_cruisecontrol_bsp//libucosii_bsp.a(altera_avalon_jtag_uart_read.o)
                0x010166e0                altera_avalon_jtag_uart_read
 .text          0x010169a0      0x2dc ../lab2_cruisecontrol_bsp//libucosii_bsp.a(altera_avalon_jtag_uart_write.o)
                0x010169a0                altera_avalon_jtag_uart_write
 .text          0x01016c7c      0x100 ../lab2_cruisecontrol_bsp//libucosii_bsp.a(altera_avalon_timer_sc.o)
                0x01016cec                alt_avalon_timer_sc_init
 .text          0x01016d7c      0x530 ../lab2_cruisecontrol_bsp//libucosii_bsp.a(altera_up_avalon_character_lcd.o)
                0x01016d7c                get_DDRAM_addr
                0x01016df8                alt_up_character_lcd_send_cmd
                0x01016e2c                alt_up_character_lcd_init
                0x01016e60                alt_up_character_lcd_open_dev
                0x01016ea0                alt_up_character_lcd_write
                0x01016f18                alt_up_character_lcd_string
                0x01016f90                alt_up_character_lcd_write_fd
                0x01016fdc                alt_up_character_lcd_set_cursor_pos
                0x01017054                alt_up_character_lcd_shift_cursor
                0x01017104                alt_up_character_lcd_shift_display
                0x010171b4                alt_up_character_lcd_erase_pos
                0x01017244                alt_up_character_lcd_cursor_off
                0x01017278                alt_up_character_lcd_cursor_blink_on
 .text          0x010172ac       0x1c ../lab2_cruisecontrol_bsp//libucosii_bsp.a(alt_dcache_flush_all.o)
                0x010172ac                alt_dcache_flush_all
 .text          0x010172c8      0x114 ../lab2_cruisecontrol_bsp//libucosii_bsp.a(alt_dev_llist_insert.o)
                0x010172c8                alt_dev_llist_insert
 .text          0x010173dc       0x64 ../lab2_cruisecontrol_bsp//libucosii_bsp.a(alt_do_ctors.o)
                0x010173dc                _do_ctors
 .text          0x01017440       0x64 ../lab2_cruisecontrol_bsp//libucosii_bsp.a(alt_do_dtors.o)
                0x01017440                _do_dtors
 .text          0x010174a4       0x94 ../lab2_cruisecontrol_bsp//libucosii_bsp.a(alt_find_dev.o)
                0x010174a4                alt_find_dev
 .text          0x01017538       0x1c ../lab2_cruisecontrol_bsp//libucosii_bsp.a(alt_icache_flush_all.o)
                0x01017538                alt_icache_flush_all
 .text          0x01017554      0x1d4 ../lab2_cruisecontrol_bsp//libucosii_bsp.a(alt_iic.o)
                0x01017554                alt_ic_isr_register
                0x010175a4                alt_ic_irq_enable
                0x01017640                alt_ic_irq_disable
                0x010176e0                alt_ic_irq_enabled
 .text          0x01017728       0xf8 ../lab2_cruisecontrol_bsp//libucosii_bsp.a(alt_iic_isr_register.o)
                0x01017728                alt_iic_isr_register
 .text          0x01017820      0x150 ../lab2_cruisecontrol_bsp//libucosii_bsp.a(alt_io_redirect.o)
                0x010178f8                alt_io_redirect
 .text          0x01017970        0x0 ../lab2_cruisecontrol_bsp//libucosii_bsp.a(alt_irq_entry.o)
 .text          0x01017970        0x0 ../lab2_cruisecontrol_bsp//libucosii_bsp.a(alt_irq_handler.o)
 .text          0x01017970        0x0 ../lab2_cruisecontrol_bsp//libucosii_bsp.a(alt_irq_vars.o)
 .text          0x01017970      0x2e4 ../lab2_cruisecontrol_bsp//libucosii_bsp.a(alt_open.o)
                0x01017a68                open
 .text          0x01017c54       0x20 ../lab2_cruisecontrol_bsp//libucosii_bsp.a(altera_nios2_qsys_irq.o)
                0x01017c54                altera_nios2_qsys_irq_init
 .text          0x01017c74       0xd0 ../lab2_cruisecontrol_bsp//libucosii_bsp.a(os_cpu_a.o)
                0x01017c74                OSCtxSw
                0x01017c74                OSIntCtxSw
                0x01017d00                OSStartHighRdy
                0x01017d20                OSStartTsk
 .text          0x01017d44      0x46c ../lab2_cruisecontrol_bsp//libucosii_bsp.a(os_cpu_c.o)
                0x01017d44                OSTaskStkInit
                0x01018054                OSTaskCreateHook
                0x01018074                OSTaskDelHook
                0x01018094                OSTaskSwHook
                0x010180b0                OSTaskStatHook
                0x010180cc                OSTimeTickHook
                0x01018138                OSInitHookBegin
                0x01018158                OSInitHookEnd
                0x01018174                OSTaskIdleHook
                0x01018190                OSTCBInitHook
 .text          0x010181b0        0x0 ../lab2_cruisecontrol_bsp//libucosii_bsp.a(alt_exception_entry.o)
 .text          0x010181b0      0x120 ../lab2_cruisecontrol_bsp//libucosii_bsp.a(alt_find_file.o)
                0x010181b0                alt_find_file
 .text          0x010182d0      0x104 ../lab2_cruisecontrol_bsp//libucosii_bsp.a(alt_get_fd.o)
                0x010182d0                alt_get_fd
 .text          0x010183d4       0x14 /opt/altera/13.0sp1/nios2eds/bin/gnu/H-i686-pc-linux-gnu/bin/../lib/gcc/nios2-elf/4.1.2/../../../../nios2-elf/lib/mno-hw-mul/libc.a(lib_a-atexit.o)
                0x010183d4                atexit
 .text          0x010183e8       0x38 /opt/altera/13.0sp1/nios2eds/bin/gnu/H-i686-pc-linux-gnu/bin/../lib/gcc/nios2-elf/4.1.2/../../../../nios2-elf/lib/mno-hw-mul/libc.a(lib_a-exit.o)
                0x010183e8                exit
 .text          0x01018420       0x74 /opt/altera/13.0sp1/nios2eds/bin/gnu/H-i686-pc-linux-gnu/bin/../lib/gcc/nios2-elf/4.1.2/../../../../nios2-elf/lib/mno-hw-mul/libc.a(lib_a-memcmp.o)
                0x01018420                memcmp
 .text          0x01018494      0x134 /opt/altera/13.0sp1/nios2eds/bin/gnu/H-i686-pc-linux-gnu/bin/../lib/gcc/nios2-elf/4.1.2/../../../../nios2-elf/lib/mno-hw-mul/libc.a(lib_a-__atexit.o)
                0x01018494                __register_exitproc
 .text          0x010185c8      0x1b4 /opt/altera/13.0sp1/nios2eds/bin/gnu/H-i686-pc-linux-gnu/bin/../lib/gcc/nios2-elf/4.1.2/../../../../nios2-elf/lib/mno-hw-mul/libc.a(lib_a-__call_atexit.o)
                0x010185cc                __call_exitprocs
 .text          0x0101877c       0xa4 /opt/altera/13.0sp1/nios2eds/bin/gnu/H-i686-pc-linux-gnu/bin/../lib/gcc/nios2-elf/4.1.2/mno-hw-mul/libgcc.a(_fixunsdfsi.o)
                0x0101877c                __fixunsdfsi
 .text          0x01018820       0x6c ../lab2_cruisecontrol_bsp//libucosii_bsp.a(alt_exit.o)
                0x01018860                _exit
 *(.gnu.warning.*)
 *(.fini)
                0x0101888c                PROVIDE (__etext, ABSOLUTE (.))
                0x0101888c                PROVIDE (_etext, ABSOLUTE (.))
                0x0101888c                PROVIDE (etext, ABSOLUTE (.))
 *(.eh_frame_hdr)
                0x0101888c                . = ALIGN (0x4)
                0x0101888c                PROVIDE (__preinit_array_start, ABSOLUTE (.))
 *(.preinit_array)
                0x0101888c                PROVIDE (__preinit_array_end, ABSOLUTE (.))
                0x0101888c                PROVIDE (__init_array_start, ABSOLUTE (.))
 *(.init_array)
                0x0101888c                PROVIDE (__init_array_end, ABSOLUTE (.))
                0x0101888c                PROVIDE (__fini_array_start, ABSOLUTE (.))
 *(.fini_array)
                0x0101888c                PROVIDE (__fini_array_end, ABSOLUTE (.))
 *(.eh_frame)
 *(.gcc_except_table)
 *(.dynamic)
                0x0101888c                PROVIDE (__CTOR_LIST__, ABSOLUTE (.))
 *(.ctors)
 *(SORT(.ctors.*))
 .ctors.65535   0x0101888c        0x4 /opt/altera/13.0sp1/nios2eds/bin/gnu/H-i686-pc-linux-gnu/bin/../lib/gcc/nios2-elf/4.1.2/../../../../nios2-elf/lib/mno-hw-mul/libc.a(lib_a-__call_atexit.o)
                0x01018890                PROVIDE (__CTOR_END__, ABSOLUTE (.))
                0x01018890                PROVIDE (__DTOR_LIST__, ABSOLUTE (.))
 *(.dtors)
 *(SORT(.dtors.*))
                0x01018890                PROVIDE (__DTOR_END__, ABSOLUTE (.))
 *(.jcr)
                0x01018890                . = ALIGN (0x4)

.rodata         0x01018890      0x5ac
                0x01018890                PROVIDE (__ram_rodata_start, ABSOLUTE (.))
                0x01018890                . = ALIGN (0x4)
 *(.rodata .rodata.* .gnu.linkonce.r.*)
 .rodata        0x01018890       0xfc obj/default/cruise_skeleton.o
 .rodata        0x0101898c       0x14 /opt/altera/13.0sp1/nios2eds/bin/gnu/H-i686-pc-linux-gnu/bin/../lib/gcc/nios2-elf/4.1.2/mno-hw-mul/libgcc.a(_thenan_df.o)
                0x0101898c                __thenan_df
 .rodata        0x010189a0      0x100 /opt/altera/13.0sp1/nios2eds/bin/gnu/H-i686-pc-linux-gnu/bin/../lib/gcc/nios2-elf/4.1.2/mno-hw-mul/libgcc.a(_clz.o)
                0x010189a0                __clz_tab
 .rodata.str1.4
                0x01018aa0        0x2 /opt/altera/13.0sp1/nios2eds/bin/gnu/H-i686-pc-linux-gnu/bin/../lib/gcc/nios2-elf/4.1.2/../../../../nios2-elf/lib/mno-hw-mul/libc.a(lib_a-puts.o)
                                  0x4 (size before relaxing)
 *fill*         0x01018aa2        0x2 00
 .rodata.str1.4
                0x01018aa4       0x5e /opt/altera/13.0sp1/nios2eds/bin/gnu/H-i686-pc-linux-gnu/bin/../lib/gcc/nios2-elf/4.1.2/../../../../nios2-elf/lib/mno-hw-mul/libc.a(lib_a-vfprintf.o)
                                 0x60 (size before relaxing)
 .rodata        0x01018b02       0x20 /opt/altera/13.0sp1/nios2eds/bin/gnu/H-i686-pc-linux-gnu/bin/../lib/gcc/nios2-elf/4.1.2/../../../../nios2-elf/lib/mno-hw-mul/libc.a(lib_a-vfprintf.o)
 *fill*         0x01018b22        0x2 00
 .rodata.str1.4
                0x01018b24       0x10 /opt/altera/13.0sp1/nios2eds/bin/gnu/H-i686-pc-linux-gnu/bin/../lib/gcc/nios2-elf/4.1.2/../../../../nios2-elf/lib/mno-hw-mul/libc.a(lib_a-dtoa.o)
                                 0x14 (size before relaxing)
 .rodata.str1.4
                0x01018b34        0x2 /opt/altera/13.0sp1/nios2eds/bin/gnu/H-i686-pc-linux-gnu/bin/../lib/gcc/nios2-elf/4.1.2/../../../../nios2-elf/lib/mno-hw-mul/libc.a(lib_a-impure.o)
                                  0x4 (size before relaxing)
 *fill*         0x01018b36        0x2 00
 .rodata.str1.4
                0x01018b38       0x10 /opt/altera/13.0sp1/nios2eds/bin/gnu/H-i686-pc-linux-gnu/bin/../lib/gcc/nios2-elf/4.1.2/../../../../nios2-elf/lib/mno-hw-mul/libc.a(lib_a-locale.o)
                                 0x18 (size before relaxing)
 .rodata        0x01018b48       0x30 /opt/altera/13.0sp1/nios2eds/bin/gnu/H-i686-pc-linux-gnu/bin/../lib/gcc/nios2-elf/4.1.2/../../../../nios2-elf/lib/mno-hw-mul/libc.a(lib_a-locale.o)
 .rodata        0x01018b78      0x124 /opt/altera/13.0sp1/nios2eds/bin/gnu/H-i686-pc-linux-gnu/bin/../lib/gcc/nios2-elf/4.1.2/../../../../nios2-elf/lib/mno-hw-mul/libc.a(lib_a-mprec.o)
                0x01018b78                __mprec_tens
                0x01018c40                __mprec_bigtens
                0x01018c68                __mprec_tinytens
 .rodata        0x01018c9c        0xc ../lab2_cruisecontrol_bsp//libucosii_bsp.a(alt_dev.o)
 .rodata        0x01018ca8       0x14 ../lab2_cruisecontrol_bsp//libucosii_bsp.a(alt_main.o)
 .rodata        0x01018cbc      0x120 ../lab2_cruisecontrol_bsp//libucosii_bsp.a(os_core.o)
                0x01018cbc                OSUnMapTbl
 .rodata        0x01018ddc       0x38 ../lab2_cruisecontrol_bsp//libucosii_bsp.a(os_tmr.o)
 .rodata        0x01018e14       0x24 ../lab2_cruisecontrol_bsp//libucosii_bsp.a(alt_sys_init.o)
 .rodata        0x01018e38        0x4 ../lab2_cruisecontrol_bsp//libucosii_bsp.a(os_cpu_c.o)
 *(.rodata1)
                0x01018e3c                . = ALIGN (0x4)
                0x01018e3c                PROVIDE (__ram_rodata_end, ABSOLUTE (.))
                0x01018890                PROVIDE (__flash_rodata_start, LOADADDR (.rodata))

.rwdata         0x01018e3c     0x1b50 load address 0x0101a98c
                0x01018e3c                PROVIDE (__ram_rwdata_start, ABSOLUTE (.))
                0x01018e3c                . = ALIGN (0x4)
 *(.got.plt)
 *(.got)
 *(.data1)
 *(.data .data.* .gnu.linkonce.d.*)
 .data          0x01018e3c        0x0 ../lab2_cruisecontrol_bsp//obj/HAL/src/crt0.o
 .data          0x01018e3c       0x2c obj/default/cruise_skeleton.o
 .data          0x01018e68        0x0 /opt/altera/13.0sp1/nios2eds/bin/gnu/H-i686-pc-linux-gnu/bin/../lib/gcc/nios2-elf/4.1.2/mno-hw-mul/libgcc.a(_si_to_sf.o)
 .data          0x01018e68        0x0 /opt/altera/13.0sp1/nios2eds/bin/gnu/H-i686-pc-linux-gnu/bin/../lib/gcc/nios2-elf/4.1.2/mno-hw-mul/libgcc.a(_sf_to_df.o)
 .data          0x01018e68        0x0 /opt/altera/13.0sp1/nios2eds/bin/gnu/H-i686-pc-linux-gnu/bin/../lib/gcc/nios2-elf/4.1.2/mno-hw-mul/libgcc.a(_addsub_df.o)
 .data          0x01018e68        0x0 /opt/altera/13.0sp1/nios2eds/bin/gnu/H-i686-pc-linux-gnu/bin/../lib/gcc/nios2-elf/4.1.2/mno-hw-mul/libgcc.a(_div_df.o)
 .data          0x01018e68        0x0 /opt/altera/13.0sp1/nios2eds/bin/gnu/H-i686-pc-linux-gnu/bin/../lib/gcc/nios2-elf/4.1.2/mno-hw-mul/libgcc.a(_si_to_df.o)
 .data          0x01018e68        0x0 /opt/altera/13.0sp1/nios2eds/bin/gnu/H-i686-pc-linux-gnu/bin/../lib/gcc/nios2-elf/4.1.2/mno-hw-mul/libgcc.a(_df_to_si.o)
 .data          0x01018e68        0x0 /opt/altera/13.0sp1/nios2eds/bin/gnu/H-i686-pc-linux-gnu/bin/../lib/gcc/nios2-elf/4.1.2/mno-hw-mul/libgcc.a(_make_df.o)
 .data          0x01018e68        0x0 /opt/altera/13.0sp1/nios2eds/bin/gnu/H-i686-pc-linux-gnu/bin/../lib/gcc/nios2-elf/4.1.2/mno-hw-mul/libgcc.a(_thenan_df.o)
 .data          0x01018e68        0x0 /opt/altera/13.0sp1/nios2eds/bin/gnu/H-i686-pc-linux-gnu/bin/../lib/gcc/nios2-elf/4.1.2/mno-hw-mul/libgcc.a(lib2-divmod.o)
 .data          0x01018e68        0x0 /opt/altera/13.0sp1/nios2eds/bin/gnu/H-i686-pc-linux-gnu/bin/../lib/gcc/nios2-elf/4.1.2/mno-hw-mul/libgcc.a(lib2-mul.o)
 .data          0x01018e68        0x0 /opt/altera/13.0sp1/nios2eds/bin/gnu/H-i686-pc-linux-gnu/bin/../lib/gcc/nios2-elf/4.1.2/mno-hw-mul/libgcc.a(_clzsi2.o)
 .data          0x01018e68        0x0 /opt/altera/13.0sp1/nios2eds/bin/gnu/H-i686-pc-linux-gnu/bin/../lib/gcc/nios2-elf/4.1.2/mno-hw-mul/libgcc.a(_pack_sf.o)
 .data          0x01018e68        0x0 /opt/altera/13.0sp1/nios2eds/bin/gnu/H-i686-pc-linux-gnu/bin/../lib/gcc/nios2-elf/4.1.2/mno-hw-mul/libgcc.a(_unpack_sf.o)
 .data          0x01018e68        0x0 /opt/altera/13.0sp1/nios2eds/bin/gnu/H-i686-pc-linux-gnu/bin/../lib/gcc/nios2-elf/4.1.2/mno-hw-mul/libgcc.a(_pack_df.o)
 .data          0x01018e68        0x0 /opt/altera/13.0sp1/nios2eds/bin/gnu/H-i686-pc-linux-gnu/bin/../lib/gcc/nios2-elf/4.1.2/mno-hw-mul/libgcc.a(_unpack_df.o)
 .data          0x01018e68        0x0 /opt/altera/13.0sp1/nios2eds/bin/gnu/H-i686-pc-linux-gnu/bin/../lib/gcc/nios2-elf/4.1.2/mno-hw-mul/libgcc.a(_clz.o)
 .data          0x01018e68        0x0 /opt/altera/13.0sp1/nios2eds/bin/gnu/H-i686-pc-linux-gnu/bin/../lib/gcc/nios2-elf/4.1.2/../../../../nios2-elf/lib/mno-hw-mul/libc.a(lib_a-printf.o)
 .data          0x01018e68        0x0 /opt/altera/13.0sp1/nios2eds/bin/gnu/H-i686-pc-linux-gnu/bin/../lib/gcc/nios2-elf/4.1.2/../../../../nios2-elf/lib/mno-hw-mul/libc.a(lib_a-puts.o)
 .data          0x01018e68        0x0 /opt/altera/13.0sp1/nios2eds/bin/gnu/H-i686-pc-linux-gnu/bin/../lib/gcc/nios2-elf/4.1.2/../../../../nios2-elf/lib/mno-hw-mul/libc.a(lib_a-strlen.o)
 .data          0x01018e68        0x0 /opt/altera/13.0sp1/nios2eds/bin/gnu/H-i686-pc-linux-gnu/bin/../lib/gcc/nios2-elf/4.1.2/../../../../nios2-elf/lib/mno-hw-mul/libc.a(lib_a-vfprintf.o)
 .data          0x01018e68        0x0 /opt/altera/13.0sp1/nios2eds/bin/gnu/H-i686-pc-linux-gnu/bin/../lib/gcc/nios2-elf/4.1.2/../../../../nios2-elf/lib/mno-hw-mul/libc.a(lib_a-wsetup.o)
 .data          0x01018e68        0x0 /opt/altera/13.0sp1/nios2eds/bin/gnu/H-i686-pc-linux-gnu/bin/../lib/gcc/nios2-elf/4.1.2/../../../../nios2-elf/lib/mno-hw-mul/libc.a(lib_a-dtoa.o)
 .data          0x01018e68        0x0 /opt/altera/13.0sp1/nios2eds/bin/gnu/H-i686-pc-linux-gnu/bin/../lib/gcc/nios2-elf/4.1.2/../../../../nios2-elf/lib/mno-hw-mul/libc.a(lib_a-fflush.o)
 .data          0x01018e68        0x0 /opt/altera/13.0sp1/nios2eds/bin/gnu/H-i686-pc-linux-gnu/bin/../lib/gcc/nios2-elf/4.1.2/../../../../nios2-elf/lib/mno-hw-mul/libc.a(lib_a-findfp.o)
 .data          0x01018e68        0x0 /opt/altera/13.0sp1/nios2eds/bin/gnu/H-i686-pc-linux-gnu/bin/../lib/gcc/nios2-elf/4.1.2/../../../../nios2-elf/lib/mno-hw-mul/libc.a(lib_a-freer.o)
 .data          0x01018e68        0x0 /opt/altera/13.0sp1/nios2eds/bin/gnu/H-i686-pc-linux-gnu/bin/../lib/gcc/nios2-elf/4.1.2/../../../../nios2-elf/lib/mno-hw-mul/libc.a(lib_a-fvwrite.o)
 .data          0x01018e68        0x0 /opt/altera/13.0sp1/nios2eds/bin/gnu/H-i686-pc-linux-gnu/bin/../lib/gcc/nios2-elf/4.1.2/../../../../nios2-elf/lib/mno-hw-mul/libc.a(lib_a-fwalk.o)
 .data          0x01018e68      0x400 /opt/altera/13.0sp1/nios2eds/bin/gnu/H-i686-pc-linux-gnu/bin/../lib/gcc/nios2-elf/4.1.2/../../../../nios2-elf/lib/mno-hw-mul/libc.a(lib_a-impure.o)
 .data          0x01019268        0xc /opt/altera/13.0sp1/nios2eds/bin/gnu/H-i686-pc-linux-gnu/bin/../lib/gcc/nios2-elf/4.1.2/../../../../nios2-elf/lib/mno-hw-mul/libc.a(lib_a-locale.o)
                0x01019268                __lc_ctype
 .data          0x01019274        0x0 /opt/altera/13.0sp1/nios2eds/bin/gnu/H-i686-pc-linux-gnu/bin/../lib/gcc/nios2-elf/4.1.2/../../../../nios2-elf/lib/mno-hw-mul/libc.a(lib_a-makebuf.o)
 .data          0x01019274      0x408 /opt/altera/13.0sp1/nios2eds/bin/gnu/H-i686-pc-linux-gnu/bin/../lib/gcc/nios2-elf/4.1.2/../../../../nios2-elf/lib/mno-hw-mul/libc.a(lib_a-mallocr.o)
                0x01019274                __malloc_av_
 .data          0x0101967c        0x0 /opt/altera/13.0sp1/nios2eds/bin/gnu/H-i686-pc-linux-gnu/bin/../lib/gcc/nios2-elf/4.1.2/../../../../nios2-elf/lib/mno-hw-mul/libc.a(lib_a-memchr.o)
 .data          0x0101967c        0x0 /opt/altera/13.0sp1/nios2eds/bin/gnu/H-i686-pc-linux-gnu/bin/../lib/gcc/nios2-elf/4.1.2/../../../../nios2-elf/lib/mno-hw-mul/libc.a(lib_a-memcpy.o)
 .data          0x0101967c        0x0 /opt/altera/13.0sp1/nios2eds/bin/gnu/H-i686-pc-linux-gnu/bin/../lib/gcc/nios2-elf/4.1.2/../../../../nios2-elf/lib/mno-hw-mul/libc.a(lib_a-memmove.o)
 .data          0x0101967c        0x0 /opt/altera/13.0sp1/nios2eds/bin/gnu/H-i686-pc-linux-gnu/bin/../lib/gcc/nios2-elf/4.1.2/../../../../nios2-elf/lib/mno-hw-mul/libc.a(lib_a-memset.o)
 .data          0x0101967c        0x0 /opt/altera/13.0sp1/nios2eds/bin/gnu/H-i686-pc-linux-gnu/bin/../lib/gcc/nios2-elf/4.1.2/../../../../nios2-elf/lib/mno-hw-mul/libc.a(lib_a-mprec.o)
 .data          0x0101967c        0x0 /opt/altera/13.0sp1/nios2eds/bin/gnu/H-i686-pc-linux-gnu/bin/../lib/gcc/nios2-elf/4.1.2/../../../../nios2-elf/lib/mno-hw-mul/libc.a(lib_a-reallocr.o)
 .data          0x0101967c        0x0 /opt/altera/13.0sp1/nios2eds/bin/gnu/H-i686-pc-linux-gnu/bin/../lib/gcc/nios2-elf/4.1.2/../../../../nios2-elf/lib/mno-hw-mul/libc.a(lib_a-s_isinfd.o)
 .data          0x0101967c        0x0 /opt/altera/13.0sp1/nios2eds/bin/gnu/H-i686-pc-linux-gnu/bin/../lib/gcc/nios2-elf/4.1.2/../../../../nios2-elf/lib/mno-hw-mul/libc.a(lib_a-s_isnand.o)
 .data          0x0101967c        0x0 /opt/altera/13.0sp1/nios2eds/bin/gnu/H-i686-pc-linux-gnu/bin/../lib/gcc/nios2-elf/4.1.2/../../../../nios2-elf/lib/mno-hw-mul/libc.a(lib_a-sbrkr.o)
 .data          0x0101967c        0x0 /opt/altera/13.0sp1/nios2eds/bin/gnu/H-i686-pc-linux-gnu/bin/../lib/gcc/nios2-elf/4.1.2/../../../../nios2-elf/lib/mno-hw-mul/libc.a(lib_a-stdio.o)
 .data          0x0101967c        0x0 /opt/altera/13.0sp1/nios2eds/bin/gnu/H-i686-pc-linux-gnu/bin/../lib/gcc/nios2-elf/4.1.2/../../../../nios2-elf/lib/mno-hw-mul/libc.a(lib_a-strcmp.o)
 .data          0x0101967c        0x0 /opt/altera/13.0sp1/nios2eds/bin/gnu/H-i686-pc-linux-gnu/bin/../lib/gcc/nios2-elf/4.1.2/../../../../nios2-elf/lib/mno-hw-mul/libc.a(lib_a-writer.o)
 .data          0x0101967c        0x0 /opt/altera/13.0sp1/nios2eds/bin/gnu/H-i686-pc-linux-gnu/bin/../lib/gcc/nios2-elf/4.1.2/../../../../nios2-elf/lib/mno-hw-mul/libc.a(lib_a-callocr.o)
 .data          0x0101967c        0x0 /opt/altera/13.0sp1/nios2eds/bin/gnu/H-i686-pc-linux-gnu/bin/../lib/gcc/nios2-elf/4.1.2/../../../../nios2-elf/lib/mno-hw-mul/libc.a(lib_a-closer.o)
 .data          0x0101967c        0x0 /opt/altera/13.0sp1/nios2eds/bin/gnu/H-i686-pc-linux-gnu/bin/../lib/gcc/nios2-elf/4.1.2/../../../../nios2-elf/lib/mno-hw-mul/libc.a(lib_a-fclose.o)
 .data          0x0101967c        0x0 /opt/altera/13.0sp1/nios2eds/bin/gnu/H-i686-pc-linux-gnu/bin/../lib/gcc/nios2-elf/4.1.2/../../../../nios2-elf/lib/mno-hw-mul/libc.a(lib_a-fstatr.o)
 .data          0x0101967c        0x0 /opt/altera/13.0sp1/nios2eds/bin/gnu/H-i686-pc-linux-gnu/bin/../lib/gcc/nios2-elf/4.1.2/../../../../nios2-elf/lib/mno-hw-mul/libc.a(lib_a-int_errno.o)
 .data          0x0101967c        0x0 /opt/altera/13.0sp1/nios2eds/bin/gnu/H-i686-pc-linux-gnu/bin/../lib/gcc/nios2-elf/4.1.2/../../../../nios2-elf/lib/mno-hw-mul/libc.a(lib_a-isattyr.o)
 .data          0x0101967c        0x0 /opt/altera/13.0sp1/nios2eds/bin/gnu/H-i686-pc-linux-gnu/bin/../lib/gcc/nios2-elf/4.1.2/../../../../nios2-elf/lib/mno-hw-mul/libc.a(lib_a-lseekr.o)
 .data          0x0101967c        0x0 /opt/altera/13.0sp1/nios2eds/bin/gnu/H-i686-pc-linux-gnu/bin/../lib/gcc/nios2-elf/4.1.2/../../../../nios2-elf/lib/mno-hw-mul/libc.a(lib_a-readr.o)
 .data          0x0101967c        0x0 /opt/altera/13.0sp1/nios2eds/bin/gnu/H-i686-pc-linux-gnu/bin/../lib/gcc/nios2-elf/4.1.2/mno-hw-mul/libgcc.a(_udivdi3.o)
 .data          0x0101967c        0x0 /opt/altera/13.0sp1/nios2eds/bin/gnu/H-i686-pc-linux-gnu/bin/../lib/gcc/nios2-elf/4.1.2/mno-hw-mul/libgcc.a(_umoddi3.o)
 .data          0x0101967c        0x0 /opt/altera/13.0sp1/nios2eds/bin/gnu/H-i686-pc-linux-gnu/bin/../lib/gcc/nios2-elf/4.1.2/mno-hw-mul/libgcc.a(_mul_df.o)
 .data          0x0101967c        0x0 /opt/altera/13.0sp1/nios2eds/bin/gnu/H-i686-pc-linux-gnu/bin/../lib/gcc/nios2-elf/4.1.2/mno-hw-mul/libgcc.a(_eq_df.o)
 .data          0x0101967c        0x0 /opt/altera/13.0sp1/nios2eds/bin/gnu/H-i686-pc-linux-gnu/bin/../lib/gcc/nios2-elf/4.1.2/mno-hw-mul/libgcc.a(_ne_df.o)
 .data          0x0101967c        0x0 /opt/altera/13.0sp1/nios2eds/bin/gnu/H-i686-pc-linux-gnu/bin/../lib/gcc/nios2-elf/4.1.2/mno-hw-mul/libgcc.a(_gt_df.o)
 .data          0x0101967c        0x0 /opt/altera/13.0sp1/nios2eds/bin/gnu/H-i686-pc-linux-gnu/bin/../lib/gcc/nios2-elf/4.1.2/mno-hw-mul/libgcc.a(_ge_df.o)
 .data          0x0101967c        0x0 /opt/altera/13.0sp1/nios2eds/bin/gnu/H-i686-pc-linux-gnu/bin/../lib/gcc/nios2-elf/4.1.2/mno-hw-mul/libgcc.a(_lt_df.o)
 .data          0x0101967c        0x0 /opt/altera/13.0sp1/nios2eds/bin/gnu/H-i686-pc-linux-gnu/bin/../lib/gcc/nios2-elf/4.1.2/mno-hw-mul/libgcc.a(_usi_to_df.o)
 .data          0x0101967c        0x0 /opt/altera/13.0sp1/nios2eds/bin/gnu/H-i686-pc-linux-gnu/bin/../lib/gcc/nios2-elf/4.1.2/mno-hw-mul/libgcc.a(_muldi3.o)
 .data          0x0101967c        0x0 /opt/altera/13.0sp1/nios2eds/bin/gnu/H-i686-pc-linux-gnu/bin/../lib/gcc/nios2-elf/4.1.2/mno-hw-mul/libgcc.a(_fpcmp_parts_df.o)
 .data          0x0101967c        0x0 ../lab2_cruisecontrol_bsp//libucosii_bsp.a(alt_alarm_start.o)
 .data          0x0101967c        0x0 ../lab2_cruisecontrol_bsp//libucosii_bsp.a(alt_close.o)
 .data          0x0101967c      0x1a8 ../lab2_cruisecontrol_bsp//libucosii_bsp.a(alt_dev.o)
                0x0101967c                alt_dev_null
                0x010196a4                alt_fd_list
 .data          0x01019824        0x0 ../lab2_cruisecontrol_bsp//libucosii_bsp.a(alt_errno.o)
 .data          0x01019824        0x0 ../lab2_cruisecontrol_bsp//libucosii_bsp.a(alt_fstat.o)
 .data          0x01019824        0x0 ../lab2_cruisecontrol_bsp//libucosii_bsp.a(alt_isatty.o)
 .data          0x01019824        0x0 ../lab2_cruisecontrol_bsp//libucosii_bsp.a(alt_load.o)
 .data          0x01019824        0x0 ../lab2_cruisecontrol_bsp//libucosii_bsp.a(alt_lseek.o)
 .data          0x01019824        0x0 ../lab2_cruisecontrol_bsp//libucosii_bsp.a(alt_main.o)
 .data          0x01019824        0x0 ../lab2_cruisecontrol_bsp//libucosii_bsp.a(alt_read.o)
 .data          0x01019824        0x0 ../lab2_cruisecontrol_bsp//libucosii_bsp.a(alt_release_fd.o)
 .data          0x01019824        0x0 ../lab2_cruisecontrol_bsp//libucosii_bsp.a(alt_sbrk.o)
 .data          0x01019824        0x0 ../lab2_cruisecontrol_bsp//libucosii_bsp.a(alt_tick.o)
 .data          0x01019824        0x0 ../lab2_cruisecontrol_bsp//libucosii_bsp.a(alt_write.o)
 .data          0x01019824        0x0 ../lab2_cruisecontrol_bsp//libucosii_bsp.a(alt_env_lock.o)
 .data          0x01019824        0x0 ../lab2_cruisecontrol_bsp//libucosii_bsp.a(alt_malloc_lock.o)
 .data          0x01019824        0x0 ../lab2_cruisecontrol_bsp//libucosii_bsp.a(os_core.o)
 .data          0x01019824        0x0 ../lab2_cruisecontrol_bsp//libucosii_bsp.a(os_dbg.o)
 .data          0x01019824        0x0 ../lab2_cruisecontrol_bsp//libucosii_bsp.a(os_flag.o)
 .data          0x01019824        0x0 ../lab2_cruisecontrol_bsp//libucosii_bsp.a(os_mbox.o)
 .data          0x01019824        0x0 ../lab2_cruisecontrol_bsp//libucosii_bsp.a(os_mem.o)
 .data          0x01019824        0x0 ../lab2_cruisecontrol_bsp//libucosii_bsp.a(os_q.o)
 .data          0x01019824        0x0 ../lab2_cruisecontrol_bsp//libucosii_bsp.a(os_sem.o)
 .data          0x01019824        0x0 ../lab2_cruisecontrol_bsp//libucosii_bsp.a(os_task.o)
 .data          0x01019824        0x0 ../lab2_cruisecontrol_bsp//libucosii_bsp.a(os_time.o)
 .data          0x01019824        0x0 ../lab2_cruisecontrol_bsp//libucosii_bsp.a(os_tmr.o)
 .data          0x01019824     0x1098 ../lab2_cruisecontrol_bsp//libucosii_bsp.a(alt_sys_init.o)
 .data          0x0101a8bc        0x0 ../lab2_cruisecontrol_bsp//libucosii_bsp.a(altera_avalon_jtag_uart_fd.o)
 .data          0x0101a8bc        0x0 ../lab2_cruisecontrol_bsp//libucosii_bsp.a(altera_avalon_jtag_uart_init.o)
 .data          0x0101a8bc        0x0 ../lab2_cruisecontrol_bsp//libucosii_bsp.a(altera_avalon_jtag_uart_ioctl.o)
 .data          0x0101a8bc        0x0 ../lab2_cruisecontrol_bsp//libucosii_bsp.a(altera_avalon_jtag_uart_read.o)
 .data          0x0101a8bc        0x0 ../lab2_cruisecontrol_bsp//libucosii_bsp.a(altera_avalon_jtag_uart_write.o)
 .data          0x0101a8bc        0x0 ../lab2_cruisecontrol_bsp//libucosii_bsp.a(altera_avalon_timer_sc.o)
 .data          0x0101a8bc        0x0 ../lab2_cruisecontrol_bsp//libucosii_bsp.a(altera_up_avalon_character_lcd.o)
 .data          0x0101a8bc        0x0 ../lab2_cruisecontrol_bsp//libucosii_bsp.a(alt_dcache_flush_all.o)
 .data          0x0101a8bc        0x0 ../lab2_cruisecontrol_bsp//libucosii_bsp.a(alt_dev_llist_insert.o)
 .data          0x0101a8bc        0x0 ../lab2_cruisecontrol_bsp//libucosii_bsp.a(alt_do_ctors.o)
 .data          0x0101a8bc        0x0 ../lab2_cruisecontrol_bsp//libucosii_bsp.a(alt_do_dtors.o)
 .data          0x0101a8bc        0x0 ../lab2_cruisecontrol_bsp//libucosii_bsp.a(alt_find_dev.o)
 .data          0x0101a8bc        0x0 ../lab2_cruisecontrol_bsp//libucosii_bsp.a(alt_icache_flush_all.o)
 .data          0x0101a8bc        0x0 ../lab2_cruisecontrol_bsp//libucosii_bsp.a(alt_iic.o)
 .data          0x0101a8bc        0x0 ../lab2_cruisecontrol_bsp//libucosii_bsp.a(alt_iic_isr_register.o)
 .data          0x0101a8bc        0x0 ../lab2_cruisecontrol_bsp//libucosii_bsp.a(alt_io_redirect.o)
 .data          0x0101a8bc        0x0 ../lab2_cruisecontrol_bsp//libucosii_bsp.a(alt_irq_entry.o)
 .data          0x0101a8bc        0x0 ../lab2_cruisecontrol_bsp//libucosii_bsp.a(alt_irq_handler.o)
 .data          0x0101a8bc        0x0 ../lab2_cruisecontrol_bsp//libucosii_bsp.a(alt_irq_vars.o)
 .data          0x0101a8bc        0x0 ../lab2_cruisecontrol_bsp//libucosii_bsp.a(alt_open.o)
 .data          0x0101a8bc        0x0 ../lab2_cruisecontrol_bsp//libucosii_bsp.a(altera_nios2_qsys_irq.o)
 .data          0x0101a8bc        0x0 ../lab2_cruisecontrol_bsp//libucosii_bsp.a(os_cpu_a.o)
 .data          0x0101a8bc        0x0 ../lab2_cruisecontrol_bsp//libucosii_bsp.a(os_cpu_c.o)
 .data          0x0101a8bc        0x0 ../lab2_cruisecontrol_bsp//libucosii_bsp.a(alt_exception_entry.o)
 .data          0x0101a8bc        0x0 ../lab2_cruisecontrol_bsp//libucosii_bsp.a(alt_find_file.o)
 .data          0x0101a8bc        0x0 ../lab2_cruisecontrol_bsp//libucosii_bsp.a(alt_get_fd.o)
 .data          0x0101a8bc        0x0 /opt/altera/13.0sp1/nios2eds/bin/gnu/H-i686-pc-linux-gnu/bin/../lib/gcc/nios2-elf/4.1.2/../../../../nios2-elf/lib/mno-hw-mul/libc.a(lib_a-atexit.o)
 .data          0x0101a8bc        0x0 /opt/altera/13.0sp1/nios2eds/bin/gnu/H-i686-pc-linux-gnu/bin/../lib/gcc/nios2-elf/4.1.2/../../../../nios2-elf/lib/mno-hw-mul/libc.a(lib_a-exit.o)
 .data          0x0101a8bc        0x0 /opt/altera/13.0sp1/nios2eds/bin/gnu/H-i686-pc-linux-gnu/bin/../lib/gcc/nios2-elf/4.1.2/../../../../nios2-elf/lib/mno-hw-mul/libc.a(lib_a-memcmp.o)
 .data          0x0101a8bc        0x0 /opt/altera/13.0sp1/nios2eds/bin/gnu/H-i686-pc-linux-gnu/bin/../lib/gcc/nios2-elf/4.1.2/../../../../nios2-elf/lib/mno-hw-mul/libc.a(lib_a-__atexit.o)
 .data          0x0101a8bc        0x0 /opt/altera/13.0sp1/nios2eds/bin/gnu/H-i686-pc-linux-gnu/bin/../lib/gcc/nios2-elf/4.1.2/../../../../nios2-elf/lib/mno-hw-mul/libc.a(lib_a-__call_atexit.o)
 .data          0x0101a8bc        0x0 /opt/altera/13.0sp1/nios2eds/bin/gnu/H-i686-pc-linux-gnu/bin/../lib/gcc/nios2-elf/4.1.2/mno-hw-mul/libgcc.a(_fixunsdfsi.o)
 .data          0x0101a8bc        0x0 ../lab2_cruisecontrol_bsp//libucosii_bsp.a(alt_exit.o)
                0x010228bc                _gp = ABSOLUTE ((. + 0x8000))
                0x010228bc                PROVIDE (gp, _gp)
 *(.rwdata .rwdata.*)
 *(.sdata .sdata.* .gnu.linkonce.s.*)
 .sdata         0x0101a8bc       0x14 obj/default/cruise_skeleton.o
                0x0101a8bc                gas_pedal
                0x0101a8c0                brake_pedal
                0x0101a8c4                top_gear
                0x0101a8c8                engine
                0x0101a8cc                cruise_control
 .sdata         0x0101a8d0        0x8 /opt/altera/13.0sp1/nios2eds/bin/gnu/H-i686-pc-linux-gnu/bin/../lib/gcc/nios2-elf/4.1.2/../../../../nios2-elf/lib/mno-hw-mul/libc.a(lib_a-impure.o)
                0x0101a8d0                _impure_ptr
                0x0101a8d4                _global_impure_ptr
 .sdata         0x0101a8d8        0x8 /opt/altera/13.0sp1/nios2eds/bin/gnu/H-i686-pc-linux-gnu/bin/../lib/gcc/nios2-elf/4.1.2/../../../../nios2-elf/lib/mno-hw-mul/libc.a(lib_a-locale.o)
                0x0101a8d8                __mb_cur_max
 .sdata         0x0101a8e0        0x8 /opt/altera/13.0sp1/nios2eds/bin/gnu/H-i686-pc-linux-gnu/bin/../lib/gcc/nios2-elf/4.1.2/../../../../nios2-elf/lib/mno-hw-mul/libc.a(lib_a-mallocr.o)
                0x0101a8e0                __malloc_trim_threshold
                0x0101a8e4                __malloc_sbrk_base
 .sdata         0x0101a8e8       0x14 ../lab2_cruisecontrol_bsp//libucosii_bsp.a(alt_dev.o)
                0x0101a8e8                alt_fs_list
                0x0101a8f0                alt_dev_list
                0x0101a8f8                alt_max_fd
 .sdata         0x0101a8fc        0x4 ../lab2_cruisecontrol_bsp//libucosii_bsp.a(alt_errno.o)
                0x0101a8fc                alt_errno
 .sdata         0x0101a900        0x4 ../lab2_cruisecontrol_bsp//libucosii_bsp.a(alt_sbrk.o)
 .sdata         0x0101a904        0x8 ../lab2_cruisecontrol_bsp//libucosii_bsp.a(alt_tick.o)
                0x0101a904                alt_alarm_list
 .sdata         0x0101a90c        0x4 ../lab2_cruisecontrol_bsp//libucosii_bsp.a(alt_env_lock.o)
 .sdata         0x0101a910        0x4 ../lab2_cruisecontrol_bsp//libucosii_bsp.a(alt_malloc_lock.o)
 .sdata         0x0101a914       0x74 ../lab2_cruisecontrol_bsp//libucosii_bsp.a(os_dbg.o)
                0x0101a914                OSDebugEn
                0x0101a918                OSEndiannessTest
                0x0101a91c                OSEventEn
                0x0101a91e                OSEventMax
                0x0101a920                OSEventNameSize
                0x0101a922                OSEventSize
                0x0101a924                OSEventTblSize
                0x0101a926                OSEventMultiEn
                0x0101a928                OSFlagEn
                0x0101a92a                OSFlagGrpSize
                0x0101a92c                OSFlagNodeSize
                0x0101a92e                OSFlagWidth
                0x0101a930                OSFlagMax
                0x0101a932                OSFlagNameSize
                0x0101a934                OSLowestPrio
                0x0101a936                OSMboxEn
                0x0101a938                OSMemEn
                0x0101a93a                OSMemMax
                0x0101a93c                OSMemNameSize
                0x0101a93e                OSMemSize
                0x0101a940                OSMemTblSize
                0x0101a942                OSMutexEn
                0x0101a944                OSPtrSize
                0x0101a946                OSQEn
                0x0101a948                OSQMax
                0x0101a94a                OSQSize
                0x0101a94c                OSRdyTblSize
                0x0101a94e                OSSemEn
                0x0101a950                OSStkWidth
                0x0101a952                OSTaskCreateEn
                0x0101a954                OSTaskCreateExtEn
                0x0101a956                OSTaskDelEn
                0x0101a958                OSTaskIdleStkSize
                0x0101a95a                OSTaskProfileEn
                0x0101a95c                OSTaskMax
                0x0101a95e                OSTaskNameSize
                0x0101a960                OSTaskStatEn
                0x0101a962                OSTaskStatStkSize
                0x0101a964                OSTaskStatStkChkEn
                0x0101a966                OSTaskSwHookEn
                0x0101a968                OSTCBPrioTblMax
                0x0101a96a                OSTCBSize
                0x0101a96c                OSTicksPerSec
                0x0101a96e                OSTimeTickHookEn
                0x0101a970                OSVersionNbr
                0x0101a972                OSTmrEn
                0x0101a974                OSTmrCfgMax
                0x0101a976                OSTmrCfgNameSize
                0x0101a978                OSTmrCfgWheelSize
                0x0101a97a                OSTmrCfgTicksPerSec
                0x0101a97c                OSTmrSize
                0x0101a97e                OSTmrTblSize
                0x0101a980                OSTmrWheelSize
                0x0101a982                OSTmrWheelTblSize
                0x0101a984                OSDataSize
 .sdata         0x0101a988        0x4 ../lab2_cruisecontrol_bsp//libucosii_bsp.a(alt_irq_vars.o)
                0x0101a988                alt_priority_mask
 *(.sdata2 .sdata2.* .gnu.linkonce.s2.*)
                0x0101a98c                . = ALIGN (0x4)
                0x0101a98c                _edata = ABSOLUTE (.)
                0x0101a98c                PROVIDE (edata, ABSOLUTE (.))
                0x0101a98c                PROVIDE (__ram_rwdata_end, ABSOLUTE (.))
                0x0101a98c                PROVIDE (__flash_rwdata_start, LOADADDR (.rwdata))

.bss            0x0101c4dc     0xa118
                0x0101c4dc                __bss_start = ABSOLUTE (.)
                0x0101c4dc                PROVIDE (__sbss_start, ABSOLUTE (.))
                0x0101c4dc                PROVIDE (___sbss_start, ABSOLUTE (.))
 *(.dynsbss)
 *(.sbss .sbss.* .gnu.linkonce.sb.*)
 .sbss          0x0101c4dc        0x8 obj/default/cruise_skeleton.o
                0x0101c4dc                led_green
                0x0101c4e0                led_red
 .sbss          0x0101c4e4       0x18 obj/default/cruise_skeleton.o
                0x0101c4e4                Mbox_Throttle
                0x0101c4e8                Sem_Mbox
                0x0101c4ec                Mbox_Velocity
                0x0101c4f0                Timer
                0x0101c4f4                delay
                0x0101c4f8                Sem_Timer
 .sbss          0x0101c4fc        0xc /opt/altera/13.0sp1/nios2eds/bin/gnu/H-i686-pc-linux-gnu/bin/../lib/gcc/nios2-elf/4.1.2/../../../../nios2-elf/lib/mno-hw-mul/libc.a(lib_a-locale.o)
                0x0101c4fc                __nlocale_changed
                0x0101c500                __mlocale_changed
                0x0101c504                _PathLocale
 .sbss          0x0101c508        0xc /opt/altera/13.0sp1/nios2eds/bin/gnu/H-i686-pc-linux-gnu/bin/../lib/gcc/nios2-elf/4.1.2/../../../../nios2-elf/lib/mno-hw-mul/libc.a(lib_a-mallocr.o)
                0x0101c508                __malloc_top_pad
                0x0101c50c                __malloc_max_sbrked_mem
                0x0101c510                __malloc_max_total_mem
 .sbss          0x0101c514        0x4 /opt/altera/13.0sp1/nios2eds/bin/gnu/H-i686-pc-linux-gnu/bin/../lib/gcc/nios2-elf/4.1.2/../../../../nios2-elf/lib/mno-hw-mul/libc.a(lib_a-int_errno.o)
                0x0101c514                errno
 .sbss          0x0101c518        0x4 ../lab2_cruisecontrol_bsp//libucosii_bsp.a(alt_dev.o)
                0x0101c518                alt_fd_list_lock
 .sbss          0x0101c51c        0xc ../lab2_cruisecontrol_bsp//libucosii_bsp.a(alt_main.o)
                0x0101c51c                alt_argc
                0x0101c520                alt_argv
                0x0101c524                alt_envp
 .sbss          0x0101c528        0x8 ../lab2_cruisecontrol_bsp//libucosii_bsp.a(alt_tick.o)
                0x0101c528                _alt_tick_rate
                0x0101c52c                _alt_nticks
 .sbss          0x0101c530        0x8 ../lab2_cruisecontrol_bsp//libucosii_bsp.a(alt_env_lock.o)
                0x0101c534                alt_envsem
 .sbss          0x0101c538        0x8 ../lab2_cruisecontrol_bsp//libucosii_bsp.a(alt_malloc_lock.o)
                0x0101c53c                alt_heapsem
 .sbss          0x0101c540       0x68 ../lab2_cruisecontrol_bsp//libucosii_bsp.a(os_core.o)
                0x0101c540                OSTmrFreeList
                0x0101c544                OSLockNesting
                0x0101c548                OSTmrSemSignal
                0x0101c54c                OSRunning
                0x0101c550                OSIdleCtr
                0x0101c554                OSTmrUsed
                0x0101c556                OSPrioHighRdy
                0x0101c557                OSPrioCur
                0x0101c558                OSTCBList
                0x0101c55c                OSTickStepState
                0x0101c560                OSCtxSwCtr
                0x0101c564                OSTmrFree
                0x0101c568                OSIdleCtrMax
                0x0101c56c                OSTCBFreeList
                0x0101c570                OSCPUUsage
                0x0101c571                OSTaskCtr
                0x0101c574                OSMemFreeList
                0x0101c578                OSTCBHighRdy
                0x0101c57c                OSQFreeList
                0x0101c580                OSRdyGrp
                0x0101c581                OSRdyTbl
                0x0101c584                OSEventFreeList
                0x0101c588                OSIntNesting
                0x0101c58c                OSTCBCur
                0x0101c590                OSTmrTime
                0x0101c594                OSTime
                0x0101c598                OSTmrSem
                0x0101c59c                OSFlagFreeList
                0x0101c5a0                OSStatRdy
                0x0101c5a4                OSIdleCtrRun
 .sbss          0x0101c5a8        0x4 ../lab2_cruisecontrol_bsp//libucosii_bsp.a(alt_irq_vars.o)
                0x0101c5a8                alt_irq_active
 .sbss          0x0101c5ac        0x2 ../lab2_cruisecontrol_bsp//libucosii_bsp.a(os_cpu_c.o)
 *(.sbss2 .sbss2.* .gnu.linkonce.sb2.*)
 *(.scommon)
                0x0101c5ae                PROVIDE (__sbss_end, ABSOLUTE (.))
                0x0101c5ae                PROVIDE (___sbss_end, ABSOLUTE (.))
 *(.dynbss)
 *(.bss .bss.* .gnu.linkonce.b.*)
 .bss           0x0101c5ae        0x0 ../lab2_cruisecontrol_bsp//obj/HAL/src/crt0.o
 *fill*         0x0101c5ae        0x2 00
 .bss           0x0101c5b0       0x18 obj/default/cruise_skeleton.o
 .bss           0x0101c5c8        0x0 /opt/altera/13.0sp1/nios2eds/bin/gnu/H-i686-pc-linux-gnu/bin/../lib/gcc/nios2-elf/4.1.2/mno-hw-mul/libgcc.a(_si_to_sf.o)
 .bss           0x0101c5c8        0x0 /opt/altera/13.0sp1/nios2eds/bin/gnu/H-i686-pc-linux-gnu/bin/../lib/gcc/nios2-elf/4.1.2/mno-hw-mul/libgcc.a(_sf_to_df.o)
 .bss           0x0101c5c8        0x0 /opt/altera/13.0sp1/nios2eds/bin/gnu/H-i686-pc-linux-gnu/bin/../lib/gcc/nios2-elf/4.1.2/mno-hw-mul/libgcc.a(_addsub_df.o)
 .bss           0x0101c5c8        0x0 /opt/altera/13.0sp1/nios2eds/bin/gnu/H-i686-pc-linux-gnu/bin/../lib/gcc/nios2-elf/4.1.2/mno-hw-mul/libgcc.a(_div_df.o)
 .bss           0x0101c5c8        0x0 /opt/altera/13.0sp1/nios2eds/bin/gnu/H-i686-pc-linux-gnu/bin/../lib/gcc/nios2-elf/4.1.2/mno-hw-mul/libgcc.a(_si_to_df.o)
 .bss           0x0101c5c8        0x0 /opt/altera/13.0sp1/nios2eds/bin/gnu/H-i686-pc-linux-gnu/bin/../lib/gcc/nios2-elf/4.1.2/mno-hw-mul/libgcc.a(_df_to_si.o)
 .bss           0x0101c5c8        0x0 /opt/altera/13.0sp1/nios2eds/bin/gnu/H-i686-pc-linux-gnu/bin/../lib/gcc/nios2-elf/4.1.2/mno-hw-mul/libgcc.a(_make_df.o)
 .bss           0x0101c5c8        0x0 /opt/altera/13.0sp1/nios2eds/bin/gnu/H-i686-pc-linux-gnu/bin/../lib/gcc/nios2-elf/4.1.2/mno-hw-mul/libgcc.a(_thenan_df.o)
 .bss           0x0101c5c8        0x0 /opt/altera/13.0sp1/nios2eds/bin/gnu/H-i686-pc-linux-gnu/bin/../lib/gcc/nios2-elf/4.1.2/mno-hw-mul/libgcc.a(lib2-divmod.o)
 .bss           0x0101c5c8        0x0 /opt/altera/13.0sp1/nios2eds/bin/gnu/H-i686-pc-linux-gnu/bin/../lib/gcc/nios2-elf/4.1.2/mno-hw-mul/libgcc.a(lib2-mul.o)
 .bss           0x0101c5c8        0x0 /opt/altera/13.0sp1/nios2eds/bin/gnu/H-i686-pc-linux-gnu/bin/../lib/gcc/nios2-elf/4.1.2/mno-hw-mul/libgcc.a(_clzsi2.o)
 .bss           0x0101c5c8        0x0 /opt/altera/13.0sp1/nios2eds/bin/gnu/H-i686-pc-linux-gnu/bin/../lib/gcc/nios2-elf/4.1.2/mno-hw-mul/libgcc.a(_pack_sf.o)
 .bss           0x0101c5c8        0x0 /opt/altera/13.0sp1/nios2eds/bin/gnu/H-i686-pc-linux-gnu/bin/../lib/gcc/nios2-elf/4.1.2/mno-hw-mul/libgcc.a(_unpack_sf.o)
 .bss           0x0101c5c8        0x0 /opt/altera/13.0sp1/nios2eds/bin/gnu/H-i686-pc-linux-gnu/bin/../lib/gcc/nios2-elf/4.1.2/mno-hw-mul/libgcc.a(_pack_df.o)
 .bss           0x0101c5c8        0x0 /opt/altera/13.0sp1/nios2eds/bin/gnu/H-i686-pc-linux-gnu/bin/../lib/gcc/nios2-elf/4.1.2/mno-hw-mul/libgcc.a(_unpack_df.o)
 .bss           0x0101c5c8        0x0 /opt/altera/13.0sp1/nios2eds/bin/gnu/H-i686-pc-linux-gnu/bin/../lib/gcc/nios2-elf/4.1.2/mno-hw-mul/libgcc.a(_clz.o)
 .bss           0x0101c5c8        0x0 /opt/altera/13.0sp1/nios2eds/bin/gnu/H-i686-pc-linux-gnu/bin/../lib/gcc/nios2-elf/4.1.2/../../../../nios2-elf/lib/mno-hw-mul/libc.a(lib_a-printf.o)
 .bss           0x0101c5c8        0x0 /opt/altera/13.0sp1/nios2eds/bin/gnu/H-i686-pc-linux-gnu/bin/../lib/gcc/nios2-elf/4.1.2/../../../../nios2-elf/lib/mno-hw-mul/libc.a(lib_a-puts.o)
 .bss           0x0101c5c8        0x0 /opt/altera/13.0sp1/nios2eds/bin/gnu/H-i686-pc-linux-gnu/bin/../lib/gcc/nios2-elf/4.1.2/../../../../nios2-elf/lib/mno-hw-mul/libc.a(lib_a-strlen.o)
 .bss           0x0101c5c8        0x0 /opt/altera/13.0sp1/nios2eds/bin/gnu/H-i686-pc-linux-gnu/bin/../lib/gcc/nios2-elf/4.1.2/../../../../nios2-elf/lib/mno-hw-mul/libc.a(lib_a-vfprintf.o)
 .bss           0x0101c5c8        0x0 /opt/altera/13.0sp1/nios2eds/bin/gnu/H-i686-pc-linux-gnu/bin/../lib/gcc/nios2-elf/4.1.2/../../../../nios2-elf/lib/mno-hw-mul/libc.a(lib_a-wsetup.o)
 .bss           0x0101c5c8        0x0 /opt/altera/13.0sp1/nios2eds/bin/gnu/H-i686-pc-linux-gnu/bin/../lib/gcc/nios2-elf/4.1.2/../../../../nios2-elf/lib/mno-hw-mul/libc.a(lib_a-dtoa.o)
 .bss           0x0101c5c8        0x0 /opt/altera/13.0sp1/nios2eds/bin/gnu/H-i686-pc-linux-gnu/bin/../lib/gcc/nios2-elf/4.1.2/../../../../nios2-elf/lib/mno-hw-mul/libc.a(lib_a-fflush.o)
 .bss           0x0101c5c8        0x0 /opt/altera/13.0sp1/nios2eds/bin/gnu/H-i686-pc-linux-gnu/bin/../lib/gcc/nios2-elf/4.1.2/../../../../nios2-elf/lib/mno-hw-mul/libc.a(lib_a-findfp.o)
 .bss           0x0101c5c8        0x0 /opt/altera/13.0sp1/nios2eds/bin/gnu/H-i686-pc-linux-gnu/bin/../lib/gcc/nios2-elf/4.1.2/../../../../nios2-elf/lib/mno-hw-mul/libc.a(lib_a-freer.o)
 .bss           0x0101c5c8        0x0 /opt/altera/13.0sp1/nios2eds/bin/gnu/H-i686-pc-linux-gnu/bin/../lib/gcc/nios2-elf/4.1.2/../../../../nios2-elf/lib/mno-hw-mul/libc.a(lib_a-fvwrite.o)
 .bss           0x0101c5c8        0x0 /opt/altera/13.0sp1/nios2eds/bin/gnu/H-i686-pc-linux-gnu/bin/../lib/gcc/nios2-elf/4.1.2/../../../../nios2-elf/lib/mno-hw-mul/libc.a(lib_a-fwalk.o)
 .bss           0x0101c5c8        0x0 /opt/altera/13.0sp1/nios2eds/bin/gnu/H-i686-pc-linux-gnu/bin/../lib/gcc/nios2-elf/4.1.2/../../../../nios2-elf/lib/mno-hw-mul/libc.a(lib_a-impure.o)
 .bss           0x0101c5c8        0x0 /opt/altera/13.0sp1/nios2eds/bin/gnu/H-i686-pc-linux-gnu/bin/../lib/gcc/nios2-elf/4.1.2/../../../../nios2-elf/lib/mno-hw-mul/libc.a(lib_a-locale.o)
 .bss           0x0101c5c8        0x0 /opt/altera/13.0sp1/nios2eds/bin/gnu/H-i686-pc-linux-gnu/bin/../lib/gcc/nios2-elf/4.1.2/../../../../nios2-elf/lib/mno-hw-mul/libc.a(lib_a-makebuf.o)
 .bss           0x0101c5c8       0x28 /opt/altera/13.0sp1/nios2eds/bin/gnu/H-i686-pc-linux-gnu/bin/../lib/gcc/nios2-elf/4.1.2/../../../../nios2-elf/lib/mno-hw-mul/libc.a(lib_a-mallocr.o)
                0x0101c5c8                __malloc_current_mallinfo
 .bss           0x0101c5f0        0x0 /opt/altera/13.0sp1/nios2eds/bin/gnu/H-i686-pc-linux-gnu/bin/../lib/gcc/nios2-elf/4.1.2/../../../../nios2-elf/lib/mno-hw-mul/libc.a(lib_a-memchr.o)
 .bss           0x0101c5f0        0x0 /opt/altera/13.0sp1/nios2eds/bin/gnu/H-i686-pc-linux-gnu/bin/../lib/gcc/nios2-elf/4.1.2/../../../../nios2-elf/lib/mno-hw-mul/libc.a(lib_a-memcpy.o)
 .bss           0x0101c5f0        0x0 /opt/altera/13.0sp1/nios2eds/bin/gnu/H-i686-pc-linux-gnu/bin/../lib/gcc/nios2-elf/4.1.2/../../../../nios2-elf/lib/mno-hw-mul/libc.a(lib_a-memmove.o)
 .bss           0x0101c5f0        0x0 /opt/altera/13.0sp1/nios2eds/bin/gnu/H-i686-pc-linux-gnu/bin/../lib/gcc/nios2-elf/4.1.2/../../../../nios2-elf/lib/mno-hw-mul/libc.a(lib_a-memset.o)
 .bss           0x0101c5f0        0x0 /opt/altera/13.0sp1/nios2eds/bin/gnu/H-i686-pc-linux-gnu/bin/../lib/gcc/nios2-elf/4.1.2/../../../../nios2-elf/lib/mno-hw-mul/libc.a(lib_a-mprec.o)
 .bss           0x0101c5f0        0x0 /opt/altera/13.0sp1/nios2eds/bin/gnu/H-i686-pc-linux-gnu/bin/../lib/gcc/nios2-elf/4.1.2/../../../../nios2-elf/lib/mno-hw-mul/libc.a(lib_a-reallocr.o)
 .bss           0x0101c5f0        0x0 /opt/altera/13.0sp1/nios2eds/bin/gnu/H-i686-pc-linux-gnu/bin/../lib/gcc/nios2-elf/4.1.2/../../../../nios2-elf/lib/mno-hw-mul/libc.a(lib_a-s_isinfd.o)
 .bss           0x0101c5f0        0x0 /opt/altera/13.0sp1/nios2eds/bin/gnu/H-i686-pc-linux-gnu/bin/../lib/gcc/nios2-elf/4.1.2/../../../../nios2-elf/lib/mno-hw-mul/libc.a(lib_a-s_isnand.o)
 .bss           0x0101c5f0        0x0 /opt/altera/13.0sp1/nios2eds/bin/gnu/H-i686-pc-linux-gnu/bin/../lib/gcc/nios2-elf/4.1.2/../../../../nios2-elf/lib/mno-hw-mul/libc.a(lib_a-sbrkr.o)
 .bss           0x0101c5f0        0x0 /opt/altera/13.0sp1/nios2eds/bin/gnu/H-i686-pc-linux-gnu/bin/../lib/gcc/nios2-elf/4.1.2/../../../../nios2-elf/lib/mno-hw-mul/libc.a(lib_a-stdio.o)
 .bss           0x0101c5f0        0x0 /opt/altera/13.0sp1/nios2eds/bin/gnu/H-i686-pc-linux-gnu/bin/../lib/gcc/nios2-elf/4.1.2/../../../../nios2-elf/lib/mno-hw-mul/libc.a(lib_a-strcmp.o)
 .bss           0x0101c5f0        0x0 /opt/altera/13.0sp1/nios2eds/bin/gnu/H-i686-pc-linux-gnu/bin/../lib/gcc/nios2-elf/4.1.2/../../../../nios2-elf/lib/mno-hw-mul/libc.a(lib_a-writer.o)
 .bss           0x0101c5f0        0x0 /opt/altera/13.0sp1/nios2eds/bin/gnu/H-i686-pc-linux-gnu/bin/../lib/gcc/nios2-elf/4.1.2/../../../../nios2-elf/lib/mno-hw-mul/libc.a(lib_a-callocr.o)
 .bss           0x0101c5f0        0x0 /opt/altera/13.0sp1/nios2eds/bin/gnu/H-i686-pc-linux-gnu/bin/../lib/gcc/nios2-elf/4.1.2/../../../../nios2-elf/lib/mno-hw-mul/libc.a(lib_a-closer.o)
 .bss           0x0101c5f0        0x0 /opt/altera/13.0sp1/nios2eds/bin/gnu/H-i686-pc-linux-gnu/bin/../lib/gcc/nios2-elf/4.1.2/../../../../nios2-elf/lib/mno-hw-mul/libc.a(lib_a-fclose.o)
 .bss           0x0101c5f0        0x0 /opt/altera/13.0sp1/nios2eds/bin/gnu/H-i686-pc-linux-gnu/bin/../lib/gcc/nios2-elf/4.1.2/../../../../nios2-elf/lib/mno-hw-mul/libc.a(lib_a-fstatr.o)
 .bss           0x0101c5f0        0x0 /opt/altera/13.0sp1/nios2eds/bin/gnu/H-i686-pc-linux-gnu/bin/../lib/gcc/nios2-elf/4.1.2/../../../../nios2-elf/lib/mno-hw-mul/libc.a(lib_a-int_errno.o)
 .bss           0x0101c5f0        0x0 /opt/altera/13.0sp1/nios2eds/bin/gnu/H-i686-pc-linux-gnu/bin/../lib/gcc/nios2-elf/4.1.2/../../../../nios2-elf/lib/mno-hw-mul/libc.a(lib_a-isattyr.o)
 .bss           0x0101c5f0        0x0 /opt/altera/13.0sp1/nios2eds/bin/gnu/H-i686-pc-linux-gnu/bin/../lib/gcc/nios2-elf/4.1.2/../../../../nios2-elf/lib/mno-hw-mul/libc.a(lib_a-lseekr.o)
 .bss           0x0101c5f0        0x0 /opt/altera/13.0sp1/nios2eds/bin/gnu/H-i686-pc-linux-gnu/bin/../lib/gcc/nios2-elf/4.1.2/../../../../nios2-elf/lib/mno-hw-mul/libc.a(lib_a-readr.o)
 .bss           0x0101c5f0        0x0 /opt/altera/13.0sp1/nios2eds/bin/gnu/H-i686-pc-linux-gnu/bin/../lib/gcc/nios2-elf/4.1.2/mno-hw-mul/libgcc.a(_udivdi3.o)
 .bss           0x0101c5f0        0x0 /opt/altera/13.0sp1/nios2eds/bin/gnu/H-i686-pc-linux-gnu/bin/../lib/gcc/nios2-elf/4.1.2/mno-hw-mul/libgcc.a(_umoddi3.o)
 .bss           0x0101c5f0        0x0 /opt/altera/13.0sp1/nios2eds/bin/gnu/H-i686-pc-linux-gnu/bin/../lib/gcc/nios2-elf/4.1.2/mno-hw-mul/libgcc.a(_mul_df.o)
 .bss           0x0101c5f0        0x0 /opt/altera/13.0sp1/nios2eds/bin/gnu/H-i686-pc-linux-gnu/bin/../lib/gcc/nios2-elf/4.1.2/mno-hw-mul/libgcc.a(_eq_df.o)
 .bss           0x0101c5f0        0x0 /opt/altera/13.0sp1/nios2eds/bin/gnu/H-i686-pc-linux-gnu/bin/../lib/gcc/nios2-elf/4.1.2/mno-hw-mul/libgcc.a(_ne_df.o)
 .bss           0x0101c5f0        0x0 /opt/altera/13.0sp1/nios2eds/bin/gnu/H-i686-pc-linux-gnu/bin/../lib/gcc/nios2-elf/4.1.2/mno-hw-mul/libgcc.a(_gt_df.o)
 .bss           0x0101c5f0        0x0 /opt/altera/13.0sp1/nios2eds/bin/gnu/H-i686-pc-linux-gnu/bin/../lib/gcc/nios2-elf/4.1.2/mno-hw-mul/libgcc.a(_ge_df.o)
 .bss           0x0101c5f0        0x0 /opt/altera/13.0sp1/nios2eds/bin/gnu/H-i686-pc-linux-gnu/bin/../lib/gcc/nios2-elf/4.1.2/mno-hw-mul/libgcc.a(_lt_df.o)
 .bss           0x0101c5f0        0x0 /opt/altera/13.0sp1/nios2eds/bin/gnu/H-i686-pc-linux-gnu/bin/../lib/gcc/nios2-elf/4.1.2/mno-hw-mul/libgcc.a(_usi_to_df.o)
 .bss           0x0101c5f0        0x0 /opt/altera/13.0sp1/nios2eds/bin/gnu/H-i686-pc-linux-gnu/bin/../lib/gcc/nios2-elf/4.1.2/mno-hw-mul/libgcc.a(_muldi3.o)
 .bss           0x0101c5f0        0x0 /opt/altera/13.0sp1/nios2eds/bin/gnu/H-i686-pc-linux-gnu/bin/../lib/gcc/nios2-elf/4.1.2/mno-hw-mul/libgcc.a(_fpcmp_parts_df.o)
 .bss           0x0101c5f0        0x0 ../lab2_cruisecontrol_bsp//libucosii_bsp.a(alt_alarm_start.o)
 .bss           0x0101c5f0        0x0 ../lab2_cruisecontrol_bsp//libucosii_bsp.a(alt_close.o)
 .bss           0x0101c5f0        0x0 ../lab2_cruisecontrol_bsp//libucosii_bsp.a(alt_dev.o)
 .bss           0x0101c5f0        0x0 ../lab2_cruisecontrol_bsp//libucosii_bsp.a(alt_errno.o)
 .bss           0x0101c5f0        0x0 ../lab2_cruisecontrol_bsp//libucosii_bsp.a(alt_fstat.o)
 .bss           0x0101c5f0        0x0 ../lab2_cruisecontrol_bsp//libucosii_bsp.a(alt_isatty.o)
 .bss           0x0101c5f0        0x0 ../lab2_cruisecontrol_bsp//libucosii_bsp.a(alt_load.o)
 .bss           0x0101c5f0        0x0 ../lab2_cruisecontrol_bsp//libucosii_bsp.a(alt_lseek.o)
 .bss           0x0101c5f0        0x0 ../lab2_cruisecontrol_bsp//libucosii_bsp.a(alt_main.o)
 .bss           0x0101c5f0        0x0 ../lab2_cruisecontrol_bsp//libucosii_bsp.a(alt_read.o)
 .bss           0x0101c5f0        0x0 ../lab2_cruisecontrol_bsp//libucosii_bsp.a(alt_release_fd.o)
 .bss           0x0101c5f0        0x0 ../lab2_cruisecontrol_bsp//libucosii_bsp.a(alt_sbrk.o)
 .bss           0x0101c5f0        0x0 ../lab2_cruisecontrol_bsp//libucosii_bsp.a(alt_tick.o)
 .bss           0x0101c5f0        0x0 ../lab2_cruisecontrol_bsp//libucosii_bsp.a(alt_write.o)
 .bss           0x0101c5f0        0x0 ../lab2_cruisecontrol_bsp//libucosii_bsp.a(alt_env_lock.o)
 .bss           0x0101c5f0        0x0 ../lab2_cruisecontrol_bsp//libucosii_bsp.a(alt_malloc_lock.o)
 .bss           0x0101c5f0        0x0 ../lab2_cruisecontrol_bsp//libucosii_bsp.a(os_core.o)
 .bss           0x0101c5f0        0x0 ../lab2_cruisecontrol_bsp//libucosii_bsp.a(os_dbg.o)
 .bss           0x0101c5f0        0x0 ../lab2_cruisecontrol_bsp//libucosii_bsp.a(os_flag.o)
 .bss           0x0101c5f0        0x0 ../lab2_cruisecontrol_bsp//libucosii_bsp.a(os_mbox.o)
 .bss           0x0101c5f0        0x0 ../lab2_cruisecontrol_bsp//libucosii_bsp.a(os_mem.o)
 .bss           0x0101c5f0        0x0 ../lab2_cruisecontrol_bsp//libucosii_bsp.a(os_q.o)
 .bss           0x0101c5f0        0x0 ../lab2_cruisecontrol_bsp//libucosii_bsp.a(os_sem.o)
 .bss           0x0101c5f0        0x0 ../lab2_cruisecontrol_bsp//libucosii_bsp.a(os_task.o)
 .bss           0x0101c5f0        0x0 ../lab2_cruisecontrol_bsp//libucosii_bsp.a(os_time.o)
 .bss           0x0101c5f0        0x0 ../lab2_cruisecontrol_bsp//libucosii_bsp.a(os_tmr.o)
 .bss           0x0101c5f0        0x0 ../lab2_cruisecontrol_bsp//libucosii_bsp.a(alt_sys_init.o)
 .bss           0x0101c5f0        0x0 ../lab2_cruisecontrol_bsp//libucosii_bsp.a(altera_avalon_jtag_uart_fd.o)
 .bss           0x0101c5f0        0x0 ../lab2_cruisecontrol_bsp//libucosii_bsp.a(altera_avalon_jtag_uart_init.o)
 .bss           0x0101c5f0        0x0 ../lab2_cruisecontrol_bsp//libucosii_bsp.a(altera_avalon_jtag_uart_ioctl.o)
 .bss           0x0101c5f0        0x0 ../lab2_cruisecontrol_bsp//libucosii_bsp.a(altera_avalon_jtag_uart_read.o)
 .bss           0x0101c5f0        0x0 ../lab2_cruisecontrol_bsp//libucosii_bsp.a(altera_avalon_jtag_uart_write.o)
 .bss           0x0101c5f0        0x0 ../lab2_cruisecontrol_bsp//libucosii_bsp.a(altera_avalon_timer_sc.o)
 .bss           0x0101c5f0        0x0 ../lab2_cruisecontrol_bsp//libucosii_bsp.a(altera_up_avalon_character_lcd.o)
 .bss           0x0101c5f0        0x0 ../lab2_cruisecontrol_bsp//libucosii_bsp.a(alt_dcache_flush_all.o)
 .bss           0x0101c5f0        0x0 ../lab2_cruisecontrol_bsp//libucosii_bsp.a(alt_dev_llist_insert.o)
 .bss           0x0101c5f0        0x0 ../lab2_cruisecontrol_bsp//libucosii_bsp.a(alt_do_ctors.o)
 .bss           0x0101c5f0        0x0 ../lab2_cruisecontrol_bsp//libucosii_bsp.a(alt_do_dtors.o)
 .bss           0x0101c5f0        0x0 ../lab2_cruisecontrol_bsp//libucosii_bsp.a(alt_find_dev.o)
 .bss           0x0101c5f0        0x0 ../lab2_cruisecontrol_bsp//libucosii_bsp.a(alt_icache_flush_all.o)
 .bss           0x0101c5f0        0x0 ../lab2_cruisecontrol_bsp//libucosii_bsp.a(alt_iic.o)
 .bss           0x0101c5f0        0x0 ../lab2_cruisecontrol_bsp//libucosii_bsp.a(alt_iic_isr_register.o)
 .bss           0x0101c5f0        0x0 ../lab2_cruisecontrol_bsp//libucosii_bsp.a(alt_io_redirect.o)
 .bss           0x0101c5f0        0x0 ../lab2_cruisecontrol_bsp//libucosii_bsp.a(alt_irq_entry.o)
 .bss           0x0101c5f0        0x0 ../lab2_cruisecontrol_bsp//libucosii_bsp.a(alt_irq_handler.o)
 .bss           0x0101c5f0        0x0 ../lab2_cruisecontrol_bsp//libucosii_bsp.a(alt_irq_vars.o)
 .bss           0x0101c5f0        0x0 ../lab2_cruisecontrol_bsp//libucosii_bsp.a(alt_open.o)
 .bss           0x0101c5f0        0x0 ../lab2_cruisecontrol_bsp//libucosii_bsp.a(altera_nios2_qsys_irq.o)
 .bss           0x0101c5f0        0x0 ../lab2_cruisecontrol_bsp//libucosii_bsp.a(os_cpu_a.o)
 .bss           0x0101c5f0        0x0 ../lab2_cruisecontrol_bsp//libucosii_bsp.a(os_cpu_c.o)
 .bss           0x0101c5f0        0x0 ../lab2_cruisecontrol_bsp//libucosii_bsp.a(alt_exception_entry.o)
 .bss           0x0101c5f0        0x0 ../lab2_cruisecontrol_bsp//libucosii_bsp.a(alt_find_file.o)
 .bss           0x0101c5f0        0x0 ../lab2_cruisecontrol_bsp//libucosii_bsp.a(alt_get_fd.o)
 .bss           0x0101c5f0        0x0 /opt/altera/13.0sp1/nios2eds/bin/gnu/H-i686-pc-linux-gnu/bin/../lib/gcc/nios2-elf/4.1.2/../../../../nios2-elf/lib/mno-hw-mul/libc.a(lib_a-atexit.o)
 .bss           0x0101c5f0        0x0 /opt/altera/13.0sp1/nios2eds/bin/gnu/H-i686-pc-linux-gnu/bin/../lib/gcc/nios2-elf/4.1.2/../../../../nios2-elf/lib/mno-hw-mul/libc.a(lib_a-exit.o)
 .bss           0x0101c5f0        0x0 /opt/altera/13.0sp1/nios2eds/bin/gnu/H-i686-pc-linux-gnu/bin/../lib/gcc/nios2-elf/4.1.2/../../../../nios2-elf/lib/mno-hw-mul/libc.a(lib_a-memcmp.o)
 .bss           0x0101c5f0        0x0 /opt/altera/13.0sp1/nios2eds/bin/gnu/H-i686-pc-linux-gnu/bin/../lib/gcc/nios2-elf/4.1.2/../../../../nios2-elf/lib/mno-hw-mul/libc.a(lib_a-__atexit.o)
 .bss           0x0101c5f0        0x0 /opt/altera/13.0sp1/nios2eds/bin/gnu/H-i686-pc-linux-gnu/bin/../lib/gcc/nios2-elf/4.1.2/../../../../nios2-elf/lib/mno-hw-mul/libc.a(lib_a-__call_atexit.o)
 .bss           0x0101c5f0        0x0 /opt/altera/13.0sp1/nios2eds/bin/gnu/H-i686-pc-linux-gnu/bin/../lib/gcc/nios2-elf/4.1.2/mno-hw-mul/libgcc.a(_fixunsdfsi.o)
 .bss           0x0101c5f0        0x0 ../lab2_cruisecontrol_bsp//libucosii_bsp.a(alt_exit.o)
 *(COMMON)
 COMMON         0x0101c5f0     0x6000 obj/default/cruise_skeleton.o
                0x0101c5f0                ControlTask_Stack
                0x0101e5f0                VehicleTask_Stack
                0x010205f0                StartTask_Stack
 COMMON         0x010225f0     0x3d74 ../lab2_cruisecontrol_bsp//libucosii_bsp.a(os_core.o)
                0x010225f0                OSTmrWheelTbl
                0x01022600                OSFlagTbl
                0x01022970                OSTmrTbl
                0x01022cb0                OSMemTbl
                0x010238e0                OSTaskStatStk
                0x010240e0                OSQTbl
                0x010242c0                OSTmrTaskStk
                0x01024ac0                OSTaskIdleStk
                0x010252c0                OSEventTbl
                0x01025e00                OSTCBTbl
                0x01026310                OSTCBPrioTbl
 COMMON         0x01026364      0x100 ../lab2_cruisecontrol_bsp//libucosii_bsp.a(alt_irq_handler.o)
                0x01026364                alt_irq
 COMMON         0x01026464      0x190 /opt/altera/13.0sp1/nios2eds/bin/gnu/H-i686-pc-linux-gnu/bin/../lib/gcc/nios2-elf/4.1.2/../../../../nios2-elf/lib/mno-hw-mul/libc.a(lib_a-atexit.o)
                0x01026464                _atexit0
                0x010265f4                . = ALIGN (0x4)
                0x010265f4                __bss_end = ABSOLUTE (.)

.onchip_memory  0x00000000        0x0 load address 0x010265f4
                0x00000000                PROVIDE (_alt_partition_onchip_memory_start, ABSOLUTE (.))
 *(.onchip_memory. onchip_memory.*)
                0x00000000                . = ALIGN (0x4)
                0x00000000                PROVIDE (_alt_partition_onchip_memory_end, ABSOLUTE (.))
                0x010265f4                PROVIDE (_alt_partition_onchip_memory_load_addr, LOADADDR (.onchip_memory))

.sram           0x00100000        0x0 load address 0x010265f4
                0x00100000                PROVIDE (_alt_partition_sram_start, ABSOLUTE (.))
 *(.sram. sram.*)
                0x00100000                . = ALIGN (0x4)
                0x00100000                PROVIDE (_alt_partition_sram_end, ABSOLUTE (.))
                0x010265f4                PROVIDE (_alt_partition_sram_load_addr, LOADADDR (.sram))

.sdram          0x010265f4        0x0
                0x010265f4                PROVIDE (_alt_partition_sdram_start, ABSOLUTE (.))
 *(.sdram. sdram.*)
                0x010265f4                . = ALIGN (0x4)
                0x010265f4                PROVIDE (_alt_partition_sdram_end, ABSOLUTE (.))
                0x010265f4                _end = ABSOLUTE (.)
                0x010265f4                end = ABSOLUTE (.)
                0x010265f4                __alt_stack_base = ABSOLUTE (.)
                0x010265f4                PROVIDE (_alt_partition_sdram_load_addr, LOADADDR (.sdram))

.stab
 *(.stab)

.stabstr
 *(.stabstr)

.stab.excl
 *(.stab.excl)

.stab.exclstr
 *(.stab.exclstr)

.stab.index
 *(.stab.index)

.stab.indexstr
 *(.stab.indexstr)

.comment        0x00000000       0x26
 *(.comment)
 .comment       0x00000000       0x26 obj/default/cruise_skeleton.o
                                 0x27 (size before relaxing)
 .comment       0x00000000       0x27 /opt/altera/13.0sp1/nios2eds/bin/gnu/H-i686-pc-linux-gnu/bin/../lib/gcc/nios2-elf/4.1.2/mno-hw-mul/libgcc.a(_si_to_sf.o)
 .comment       0x00000000       0x27 /opt/altera/13.0sp1/nios2eds/bin/gnu/H-i686-pc-linux-gnu/bin/../lib/gcc/nios2-elf/4.1.2/mno-hw-mul/libgcc.a(_sf_to_df.o)
 .comment       0x00000000       0x27 /opt/altera/13.0sp1/nios2eds/bin/gnu/H-i686-pc-linux-gnu/bin/../lib/gcc/nios2-elf/4.1.2/mno-hw-mul/libgcc.a(_addsub_df.o)
 .comment       0x00000000       0x27 /opt/altera/13.0sp1/nios2eds/bin/gnu/H-i686-pc-linux-gnu/bin/../lib/gcc/nios2-elf/4.1.2/mno-hw-mul/libgcc.a(_div_df.o)
 .comment       0x00000000       0x27 /opt/altera/13.0sp1/nios2eds/bin/gnu/H-i686-pc-linux-gnu/bin/../lib/gcc/nios2-elf/4.1.2/mno-hw-mul/libgcc.a(_si_to_df.o)