Archive member included because of file (symbol)

/opt/altera/13.0sp1/nios2eds/bin/gnu/H-i686-pc-linux-gnu/bin/../lib/gcc/nios2-elf/4.1.2/mno-hw-mul/libgcc.a(_mul_sf.o)
                              obj/default/ContextSwitch.o (__mulsf3)
/opt/altera/13.0sp1/nios2eds/bin/gnu/H-i686-pc-linux-gnu/bin/../lib/gcc/nios2-elf/4.1.2/mno-hw-mul/libgcc.a(_div_sf.o)
                              obj/default/ContextSwitch.o (__divsf3)
/opt/altera/13.0sp1/nios2eds/bin/gnu/H-i686-pc-linux-gnu/bin/../lib/gcc/nios2-elf/4.1.2/mno-hw-mul/libgcc.a(_sf_to_si.o)
                              obj/default/ContextSwitch.o (__fixsfsi)
/opt/altera/13.0sp1/nios2eds/bin/gnu/H-i686-pc-linux-gnu/bin/../lib/gcc/nios2-elf/4.1.2/mno-hw-mul/libgcc.a(_thenan_sf.o)
                              /opt/altera/13.0sp1/nios2eds/bin/gnu/H-i686-pc-linux-gnu/bin/../lib/gcc/nios2-elf/4.1.2/mno-hw-mul/libgcc.a(_mul_sf.o) (__thenan_sf)
/opt/altera/13.0sp1/nios2eds/bin/gnu/H-i686-pc-linux-gnu/bin/../lib/gcc/nios2-elf/4.1.2/mno-hw-mul/libgcc.a(_usi_to_sf.o)
                              obj/default/ContextSwitch.o (__floatunsisf)
/opt/altera/13.0sp1/nios2eds/bin/gnu/H-i686-pc-linux-gnu/bin/../lib/gcc/nios2-elf/4.1.2/mno-hw-mul/libgcc.a(lib2-divmod.o)
                              obj/default/ContextSwitch.o (__divsi3)
/opt/altera/13.0sp1/nios2eds/bin/gnu/H-i686-pc-linux-gnu/bin/../lib/gcc/nios2-elf/4.1.2/mno-hw-mul/libgcc.a(lib2-mul.o)
                              obj/default/ContextSwitch.o (__mulsi3)
/opt/altera/13.0sp1/nios2eds/bin/gnu/H-i686-pc-linux-gnu/bin/../lib/gcc/nios2-elf/4.1.2/mno-hw-mul/libgcc.a(_muldi3.o)
                              /opt/altera/13.0sp1/nios2eds/bin/gnu/H-i686-pc-linux-gnu/bin/../lib/gcc/nios2-elf/4.1.2/mno-hw-mul/libgcc.a(_mul_sf.o) (__muldi3)
/opt/altera/13.0sp1/nios2eds/bin/gnu/H-i686-pc-linux-gnu/bin/../lib/gcc/nios2-elf/4.1.2/mno-hw-mul/libgcc.a(_clzsi2.o)
                              /opt/altera/13.0sp1/nios2eds/bin/gnu/H-i686-pc-linux-gnu/bin/../lib/gcc/nios2-elf/4.1.2/mno-hw-mul/libgcc.a(_usi_to_sf.o) (__clzsi2)
/opt/altera/13.0sp1/nios2eds/bin/gnu/H-i686-pc-linux-gnu/bin/../lib/gcc/nios2-elf/4.1.2/mno-hw-mul/libgcc.a(_pack_sf.o)
                              /opt/altera/13.0sp1/nios2eds/bin/gnu/H-i686-pc-linux-gnu/bin/../lib/gcc/nios2-elf/4.1.2/mno-hw-mul/libgcc.a(_mul_sf.o) (__pack_f)
/opt/altera/13.0sp1/nios2eds/bin/gnu/H-i686-pc-linux-gnu/bin/../lib/gcc/nios2-elf/4.1.2/mno-hw-mul/libgcc.a(_unpack_sf.o)
                              /opt/altera/13.0sp1/nios2eds/bin/gnu/H-i686-pc-linux-gnu/bin/../lib/gcc/nios2-elf/4.1.2/mno-hw-mul/libgcc.a(_mul_sf.o) (__unpack_f)
/opt/altera/13.0sp1/nios2eds/bin/gnu/H-i686-pc-linux-gnu/bin/../lib/gcc/nios2-elf/4.1.2/mno-hw-mul/libgcc.a(_clz.o)
                              /opt/altera/13.0sp1/nios2eds/bin/gnu/H-i686-pc-linux-gnu/bin/../lib/gcc/nios2-elf/4.1.2/mno-hw-mul/libgcc.a(_clzsi2.o) (__clz_tab)
/opt/altera/13.0sp1/nios2eds/bin/gnu/H-i686-pc-linux-gnu/bin/../lib/gcc/nios2-elf/4.1.2/../../../../nios2-elf/lib/mno-hw-mul/libc.a(lib_a-printf.o)
                              obj/default/ContextSwitch.o (printf)
/opt/altera/13.0sp1/nios2eds/bin/gnu/H-i686-pc-linux-gnu/bin/../lib/gcc/nios2-elf/4.1.2/../../../../nios2-elf/lib/mno-hw-mul/libc.a(lib_a-puts.o)
                              obj/default/ContextSwitch.o (puts)
/opt/altera/13.0sp1/nios2eds/bin/gnu/H-i686-pc-linux-gnu/bin/../lib/gcc/nios2-elf/4.1.2/../../../../nios2-elf/lib/mno-hw-mul/libc.a(lib_a-strlen.o)
                              /opt/altera/13.0sp1/nios2eds/bin/gnu/H-i686-pc-linux-gnu/bin/../lib/gcc/nios2-elf/4.1.2/../../../../nios2-elf/lib/mno-hw-mul/libc.a(lib_a-puts.o) (strlen)
/opt/altera/13.0sp1/nios2eds/bin/gnu/H-i686-pc-linux-gnu/bin/../lib/gcc/nios2-elf/4.1.2/../../../../nios2-elf/lib/mno-hw-mul/libc.a(lib_a-vfprintf.o)
                              /opt/altera/13.0sp1/nios2eds/bin/gnu/H-i686-pc-linux-gnu/bin/../lib/gcc/nios2-elf/4.1.2/../../../../nios2-elf/lib/mno-hw-mul/libc.a(lib_a-printf.o) (___vfprintf_internal_r)
/opt/altera/13.0sp1/nios2eds/bin/gnu/H-i686-pc-linux-gnu/bin/../lib/gcc/nios2-elf/4.1.2/../../../../nios2-elf/lib/mno-hw-mul/libc.a(lib_a-wsetup.o)
                              /opt/altera/13.0sp1/nios2eds/bin/gnu/H-i686-pc-linux-gnu/bin/../lib/gcc/nios2-elf/4.1.2/../../../../nios2-elf/lib/mno-hw-mul/libc.a(lib_a-vfprintf.o) (__swsetup_r)
/opt/altera/13.0sp1/nios2eds/bin/gnu/H-i686-pc-linux-gnu/bin/../lib/gcc/nios2-elf/4.1.2/../../../../nios2-elf/lib/mno-hw-mul/libc.a(lib_a-dtoa.o)
                              /opt/altera/13.0sp1/nios2eds/bin/gnu/H-i686-pc-linux-gnu/bin/../lib/gcc/nios2-elf/4.1.2/../../../../nios2-elf/lib/mno-hw-mul/libc.a(lib_a-vfprintf.o) (_dtoa_r)
/opt/altera/13.0sp1/nios2eds/bin/gnu/H-i686-pc-linux-gnu/bin/../lib/gcc/nios2-elf/4.1.2/../../../../nios2-elf/lib/mno-hw-mul/libc.a(lib_a-fflush.o)
[...]
Memory Configuration

Name             Origin             Length             Attributes
onchip_memory    0x00000000         0x00006400
sram             0x00100000         0x00080000
reset            0x01000000         0x00000020
sdram            0x01000020         0x007fffe0
*default*        0x00000000         0xffffffff

Linker script and memory map

LOAD ../lab2_cswitch_bsp//obj/HAL/src/crt0.o
LOAD obj/default/ContextSwitch.o
LOAD /opt/altera/13.0sp1/nios2eds/bin/gnu/H-i686-pc-linux-gnu/bin/../lib/gcc/nios2-elf/4.1.2/../../../../nios2-elf/lib/mno-hw-mul/libstdc++.a
LOAD /opt/altera/13.0sp1/nios2eds/bin/gnu/H-i686-pc-linux-gnu/bin/../lib/gcc/nios2-elf/4.1.2/../../../../nios2-elf/lib/mno-hw-mul/libm.a
LOAD /opt/altera/13.0sp1/nios2eds/bin/gnu/H-i686-pc-linux-gnu/bin/../lib/gcc/nios2-elf/4.1.2/mno-hw-mul/libgcc.a
START GROUP
LOAD /opt/altera/13.0sp1/nios2eds/bin/gnu/H-i686-pc-linux-gnu/bin/../lib/gcc/nios2-elf/4.1.2/../../../../nios2-elf/lib/mno-hw-mul/libc.a
LOAD /opt/altera/13.0sp1/nios2eds/bin/gnu/H-i686-pc-linux-gnu/bin/../lib/gcc/nios2-elf/4.1.2/mno-hw-mul/libgcc.a
LOAD ../lab2_cswitch_bsp//libucosii_bsp.a
END GROUP
LOAD /opt/altera/13.0sp1/nios2eds/bin/gnu/H-i686-pc-linux-gnu/bin/../lib/gcc/nios2-elf/4.1.2/mno-hw-mul/libgcc.a
                0x00000000                __alt_mem_onchip_memory = 0x0
                0x00100000                __alt_mem_sram = 0x100000
                0x01000000                __alt_mem_sdram = 0x1000000

.entry          0x01000000       0x20
 *(.entry)
 .entry         0x01000000       0x20 ../lab2_cswitch_bsp//obj/HAL/src/crt0.o
                0x01000000                __reset

.exceptions     0x01000020      0x19c
                0x01000020                PROVIDE (__ram_exceptions_start, ABSOLUTE (.))
                0x01000020                . = ALIGN (0x20)
 *(.irq)
 *(.exceptions.entry.label)
 .exceptions.entry.label
                0x01000020        0x0 ../lab2_cswitch_bsp//libucosii_bsp.a(alt_irq_entry.o)
                0x01000020                alt_irq_entry
 .exceptions.entry.label
                0x01000020        0x0 ../lab2_cswitch_bsp//libucosii_bsp.a(alt_exception_entry.o)
                0x01000020                alt_exception
 *(.exceptions.entry.user)
 *(.exceptions.entry)
 .exceptions.entry
                0x01000020       0x54 ../lab2_cswitch_bsp//libucosii_bsp.a(alt_exception_entry.o)
 *(.exceptions.irqtest.user)
 *(.exceptions.irqtest)
 .exceptions.irqtest
                0x01000074       0x10 ../lab2_cswitch_bsp//libucosii_bsp.a(alt_irq_entry.o)
 *(.exceptions.irqhandler.user)
 *(.exceptions.irqhandler)
 .exceptions.irqhandler
                0x01000084        0x4 ../lab2_cswitch_bsp//libucosii_bsp.a(alt_irq_entry.o)
 *(.exceptions.irqreturn.user)
 *(.exceptions.irqreturn)
 .exceptions.irqreturn
                0x01000088        0x4 ../lab2_cswitch_bsp//libucosii_bsp.a(alt_irq_entry.o)
 *(.exceptions.notirq.label)
 .exceptions.notirq.label
                0x0100008c        0x0 ../lab2_cswitch_bsp//libucosii_bsp.a(alt_irq_entry.o)
 *(.exceptions.notirq.user)
 *(.exceptions.notirq)
 .exceptions.notirq
                0x0100008c        0x8 ../lab2_cswitch_bsp//libucosii_bsp.a(alt_exception_entry.o)
 *(.exceptions.soft.user)
 *(.exceptions.soft)
 *(.exceptions.unknown.user)
 *(.exceptions.unknown)
 .exceptions.unknown
                0x01000094        0x4 ../lab2_cswitch_bsp//libucosii_bsp.a(alt_exception_entry.o)
 *(.exceptions.exit.label)
 .exceptions.exit.label
                0x01000098        0x0 ../lab2_cswitch_bsp//libucosii_bsp.a(alt_irq_entry.o)
 .exceptions.exit.label
                0x01000098        0x0 ../lab2_cswitch_bsp//libucosii_bsp.a(alt_exception_entry.o)
 *(.exceptions.exit.user)
 *(.exceptions.exit)
 .exceptions.exit
                0x01000098       0x54 ../lab2_cswitch_bsp//libucosii_bsp.a(alt_exception_entry.o)
 *(.exceptions)
 .exceptions    0x010000ec       0xd0 ../lab2_cswitch_bsp//libucosii_bsp.a(alt_irq_handler.o)
                0x010000ec                alt_irq_handler
                0x010001bc                PROVIDE (__ram_exceptions_end, ABSOLUTE (.))
                0x01000020                PROVIDE (__flash_exceptions_start, LOADADDR (.exceptions))

.text           0x010001bc    0x16850
                0x010001bc                PROVIDE (stext, ABSOLUTE (.))
 *(.interp)
 *(.hash)
 *(.dynsym)
 *(.dynstr)
 *(.gnu.version)
 *(.gnu.version_d)
 *(.gnu.version_r)
 *(.rel.init)
 *(.rela.init)
 *(.rel.text .rel.text.* .rel.gnu.linkonce.t.*)
 *(.rela.text .rela.text.* .rela.gnu.linkonce.t.*)
 *(.rel.fini)
 *(.rela.fini)
 *(.rel.rodata .rel.rodata.* .rel.gnu.linkonce.r.*)
 *(.rela.rodata .rela.rodata.* .rela.gnu.linkonce.r.*)
 *(.rel.data .rel.data.* .rel.gnu.linkonce.d.*)
 *(.rela.data .rela.data.* .rela.gnu.linkonce.d.*)
 *(.rel.tdata .rel.tdata.* .rel.gnu.linkonce.td.*)
 *(.rela.tdata .rela.tdata.* .rela.gnu.linkonce.td.*)
 *(.rel.tbss .rel.tbss.* .rel.gnu.linkonce.tb.*)
 *(.rela.tbss .rela.tbss.* .rela.gnu.linkonce.tb.*)
 *(.rel.ctors)
 *(.rela.ctors)
 *(.rel.dtors)
 *(.rela.dtors)
 *(.rel.got)
 *(.rela.got)
 *(.rel.sdata .rel.sdata.* .rel.gnu.linkonce.s.*)
 *(.rela.sdata .rela.sdata.* .rela.gnu.linkonce.s.*)
 *(.rel.sbss .rel.sbss.* .rel.gnu.linkonce.sb.*)
 *(.rela.sbss .rela.sbss.* .rela.gnu.linkonce.sb.*)
 *(.rel.sdata2 .rel.sdata2.* .rel.gnu.linkonce.s2.*)
 *(.rela.sdata2 .rela.sdata2.* .rela.gnu.linkonce.s2.*)
 *(.rel.sbss2 .rel.sbss2.* .rel.gnu.linkonce.sb2.*)
 *(.rela.sbss2 .rela.sbss2.* .rela.gnu.linkonce.sb2.*)
 *(.rel.bss .rel.bss.* .rel.gnu.linkonce.b.*)
 *(.rela.bss .rela.bss.* .rela.gnu.linkonce.b.*)
 *(.rel.plt)
 *(.rela.plt)
 *(.rel.dyn)
 *(.init)
 *(.plt)
 *(.text .stub .text.* .gnu.linkonce.t.*)
 .text          0x010001bc       0x3c ../lab2_cswitch_bsp//obj/HAL/src/crt0.o
                0x010001bc                _start
 .text          0x010001f8      0x690 obj/default/ContextSwitch.o
                0x010001f8                printStackSize
                0x01000234                measure
                0x010002fc                task0
                0x01000410                task1
                0x01000640                statisticTask
                0x010006b8                main
 .text          0x01000888      0x1e0 /opt/altera/13.0sp1/nios2eds/bin/gnu/H-i686-pc-linux-gnu/bin/../lib/gcc/nios2-elf/4.1.2/mno-hw-mul/libgcc.a(_mul_sf.o)
                0x01000888                __mulsf3
 .text          0x01000a68      0x174 /opt/altera/13.0sp1/nios2eds/bin/gnu/H-i686-pc-linux-gnu/bin/../lib/gcc/nios2-elf/4.1.2/mno-hw-mul/libgcc.a(_div_sf.o)
                0x01000a68                __divsf3
 .text          0x01000bdc       0x94 /opt/altera/13.0sp1/nios2eds/bin/gnu/H-i686-pc-linux-gnu/bin/../lib/gcc/nios2-elf/4.1.2/mno-hw-mul/libgcc.a(_sf_to_si.o)
                0x01000bdc                __fixsfsi
 .text          0x01000c70        0x0 /opt/altera/13.0sp1/nios2eds/bin/gnu/H-i686-pc-linux-gnu/bin/../lib/gcc/nios2-elf/4.1.2/mno-hw-mul/libgcc.a(_thenan_sf.o)
 .text          0x01000c70       0xc0 /opt/altera/13.0sp1/nios2eds/bin/gnu/H-i686-pc-linux-gnu/bin/../lib/gcc/nios2-elf/4.1.2/mno-hw-mul/libgcc.a(_usi_to_sf.o)
                0x01000c70                __floatunsisf
 .text          0x01000d30      0x14c /opt/altera/13.0sp1/nios2eds/bin/gnu/H-i686-pc-linux-gnu/bin/../lib/gcc/nios2-elf/4.1.2/mno-hw-mul/libgcc.a(lib2-divmod.o)
                0x01000dac                __divsi3
                0x01000e0c                __modsi3
                0x01000e6c                __udivsi3
                0x01000e74                __umodsi3
 .text          0x01000e7c       0x38 /opt/altera/13.0sp1/nios2eds/bin/gnu/H-i686-pc-linux-gnu/bin/../lib/gcc/nios2-elf/4.1.2/mno-hw-mul/libgcc.a(lib2-mul.o)
                0x01000e7c                __mulsi3
 .text          0x01000eb4      0x124 /opt/altera/13.0sp1/nios2eds/bin/gnu/H-i686-pc-linux-gnu/bin/../lib/gcc/nios2-elf/4.1.2/mno-hw-mul/libgcc.a(_muldi3.o)
                0x01000eb4                __muldi3
 .text          0x01000fd8       0x80 /opt/altera/13.0sp1/nios2eds/bin/gnu/H-i686-pc-linux-gnu/bin/../lib/gcc/nios2-elf/4.1.2/mno-hw-mul/libgcc.a(_clzsi2.o)
                0x01000fd8                __clzsi2
 .text          0x01001058      0x160 /opt/altera/13.0sp1/nios2eds/bin/gnu/H-i686-pc-linux-gnu/bin/../lib/gcc/nios2-elf/4.1.2/mno-hw-mul/libgcc.a(_pack_sf.o)
                0x01001058                __pack_f
 .text          0x010011b8       0xc8 /opt/altera/13.0sp1/nios2eds/bin/gnu/H-i686-pc-linux-gnu/bin/../lib/gcc/nios2-elf/4.1.2/mno-hw-mul/libgcc.a(_unpack_sf.o)
                0x010011b8                __unpack_f
 .text          0x01001280        0x0 /opt/altera/13.0sp1/nios2eds/bin/gnu/H-i686-pc-linux-gnu/bin/../lib/gcc/nios2-elf/4.1.2/mno-hw-mul/libgcc.a(_clz.o)
 .text          0x01001280       0x78 /opt/altera/13.0sp1/nios2eds/bin/gnu/H-i686-pc-linux-gnu/bin/../lib/gcc/nios2-elf/4.1.2/../../../../nios2-elf/lib/mno-hw-mul/libc.a(lib_a-printf.o)
                0x01001280                printf
                0x010012c4                _printf_r
 .text          0x010012f8       0xb4 /opt/altera/13.0sp1/nios2eds/bin/gnu/H-i686-pc-linux-gnu/bin/../lib/gcc/nios2-elf/4.1.2/../../../../nios2-elf/lib/mno-hw-mul/libc.a(lib_a-puts.o)
                0x010012f8                _puts_r
                0x01001398                puts
 .text          0x010013ac       0x74 /opt/altera/13.0sp1/nios2eds/bin/gnu/H-i686-pc-linux-gnu/bin/../lib/gcc/nios2-elf/4.1.2/../../../../nios2-elf/lib/mno-hw-mul/libc.a(lib_a-strlen.o)
                0x010013ac                strlen
 .text          0x01001420     0x1f40 /opt/altera/13.0sp1/nios2eds/bin/gnu/H-i686-pc-linux-gnu/bin/../lib/gcc/nios2-elf/4.1.2/../../../../nios2-elf/lib/mno-hw-mul/libc.a(lib_a-vfprintf.o)
                0x01001478                ___vfprintf_internal_r
                0x0100333c                __vfprintf_internal
 .text          0x01003360      0x13c /opt/altera/13.0sp1/nios2eds/bin/gnu/H-i686-pc-linux-gnu/bin/../lib/gcc/nios2-elf/4.1.2/../../../../nios2-elf/lib/mno-hw-mul/libc.a(lib_a-wsetup.o)
                0x01003360                __swsetup_r
 .text          0x0100349c     0x17f8 /opt/altera/13.0sp1/nios2eds/bin/gnu/H-i686-pc-linux-gnu/bin/../lib/gcc/nios2-elf/4.1.2/../../../../nios2-elf/lib/mno-hw-mul/libc.a(lib_a-dtoa.o)
                0x010036e0                _dtoa_r
 .text          0x01004c94      0x230 /opt/altera/13.0sp1/nios2eds/bin/gnu/H-i686-pc-linux-gnu/bin/../lib/gcc/nios2-elf/4.1.2/../../../../nios2-elf/lib/mno-hw-mul/libc.a(lib_a-fflush.o)
                0x01004c94                _fflush_r
                0x01004e90                fflush
 .text          0x01004ec4      0x2f4 /opt/altera/13.0sp1/nios2eds/bin/gnu/H-i686-pc-linux-gnu/bin/../lib/gcc/nios2-elf/4.1.2/../../../../nios2-elf/lib/mno-hw-mul/libc.a(lib_a-findfp.o)
                0x01004f1c                __sfp_lock_acquire
                0x01004f20                __sfp_lock_release
                0x01004f24                __sinit_lock_acquire
                0x01004f28                __sinit_lock_release
                0x01004f2c                __sinit
                0x01004fe0                __fp_unlock_all
                0x01004ff8                __fp_lock_all
                0x01005010                _cleanup_r
                0x0100501c                _cleanup
                0x0100502c                __sfmoreglue
                0x010050c8                __sfp
 .text          0x010051b8      0x440 /opt/altera/13.0sp1/nios2eds/bin/gnu/H-i686-pc-linux-gnu/bin/../lib/gcc/nios2-elf/4.1.2/../../../../nios2-elf/lib/mno-hw-mul/libc.a(lib_a-freer.o)
                0x010051b8                _malloc_trim_r
                0x010052e4                _free_r
 .text          0x010055f8      0x49c /opt/altera/13.0sp1/nios2eds/bin/gnu/H-i686-pc-linux-gnu/bin/../lib/gcc/nios2-elf/4.1.2/../../../../nios2-elf/lib/mno-hw-mul/libc.a(lib_a-fvwrite.o)
                0x010055f8                __sfvwrite_r
 .text          0x01005a94      0x180 /opt/altera/13.0sp1/nios2eds/bin/gnu/H-i686-pc-linux-gnu/bin/../lib/gcc/nios2-elf/4.1.2/../../../../nios2-elf/lib/mno-hw-mul/libc.a(lib_a-fwalk.o)
                0x01005a94                _fwalk_reent
                0x01005b5c                _fwalk
 .text          0x01005c14        0x0 /opt/altera/13.0sp1/nios2eds/bin/gnu/H-i686-pc-linux-gnu/bin/../lib/gcc/nios2-elf/4.1.2/../../../../nios2-elf/lib/mno-hw-mul/libc.a(lib_a-impure.o)
 .text          0x01005c14       0xc4 /opt/altera/13.0sp1/nios2eds/bin/gnu/H-i686-pc-linux-gnu/bin/../lib/gcc/nios2-elf/4.1.2/../../../../nios2-elf/lib/mno-hw-mul/libc.a(lib_a-locale.o)
                0x01005c14                __locale_charset
                0x01005c1c                _localeconv_r
                0x01005c28                localeconv
                0x01005c38                _setlocale_r
                0x01005cbc                setlocale
 .text          0x01005cd8      0x194 /opt/altera/13.0sp1/nios2eds/bin/gnu/H-i686-pc-linux-gnu/bin/../lib/gcc/nios2-elf/4.1.2/../../../../nios2-elf/lib/mno-hw-mul/libc.a(lib_a-makebuf.o)
                0x01005cd8                __smakebuf_r
 .text          0x01005e6c      0x740 /opt/altera/13.0sp1/nios2eds/bin/gnu/H-i686-pc-linux-gnu/bin/../lib/gcc/nios2-elf/4.1.2/../../../../nios2-elf/lib/mno-hw-mul/libc.a(lib_a-mallocr.o)
                0x01005e6c                _malloc_r
 .text          0x010065ac       0xe4 /opt/altera/13.0sp1/nios2eds/bin/gnu/H-i686-pc-linux-gnu/bin/../lib/gcc/nios2-elf/4.1.2/../../../../nios2-elf/lib/mno-hw-mul/libc.a(lib_a-memchr.o)
                0x010065ac                memchr
 .text          0x01006690       0xa0 /opt/altera/13.0sp1/nios2eds/bin/gnu/H-i686-pc-linux-gnu/bin/../lib/gcc/nios2-elf/4.1.2/../../../../nios2-elf/lib/mno-hw-mul/libc.a(lib_a-memcpy.o)
                0x01006690                memcpy
 .text          0x01006730       0xe0 /opt/altera/13.0sp1/nios2eds/bin/gnu/H-i686-pc-linux-gnu/bin/../lib/gcc/nios2-elf/4.1.2/../../../../nios2-elf/lib/mno-hw-mul/libc.a(lib_a-memmove.o)
                0x01006730                memmove
 .text          0x01006810       0x98 /opt/altera/13.0sp1/nios2eds/bin/gnu/H-i686-pc-linux-gnu/bin/../lib/gcc/nios2-elf/4.1.2/../../../../nios2-elf/lib/mno-hw-mul/libc.a(lib_a-memset.o)
                0x01006810                memset
 .text          0x010068a8     0x108c /opt/altera/13.0sp1/nios2eds/bin/gnu/H-i686-pc-linux-gnu/bin/../lib/gcc/nios2-elf/4.1.2/../../../../nios2-elf/lib/mno-hw-mul/libc.a(lib_a-mprec.o)
                0x010068a8                _Bfree
                0x010068d0                __hi0bits
                0x01006940                __lo0bits
                0x01006a04                __mcmp
                0x01006a64                __ulp
                0x01006ae4                __b2d
                0x01006c04                __ratio
                0x01006cb4                _mprec_log10
                0x01006d48                __copybits
                0x01006da0                __any_on
                0x01006e28                _Balloc
                0x01006ee4                __d2b
                0x01007060                __mdiff
                0x010071ec                __lshift
                0x01007338                __multiply
                0x0100758c                __i2b
                0x010075c8                __multadd
                0x010076f4                __pow5mult
                0x01007814                __s2b
 .text          0x01007934      0x5f4 /opt/altera/13.0sp1/nios2eds/bin/gnu/H-i686-pc-linux-gnu/bin/../lib/gcc/nios2-elf/4.1.2/../../../../nios2-elf/lib/mno-hw-mul/libc.a(lib_a-reallocr.o)
                0x01007934                _realloc_r
 .text          0x01007f28       0x40 /opt/altera/13.0sp1/nios2eds/bin/gnu/H-i686-pc-linux-gnu/bin/../lib/gcc/nios2-elf/4.1.2/../../../../nios2-elf/lib/mno-hw-mul/libc.a(lib_a-s_isinfd.o)
                0x01007f28                __isinfd
 .text          0x01007f68       0x30 /opt/altera/13.0sp1/nios2eds/bin/gnu/H-i686-pc-linux-gnu/bin/../lib/gcc/nios2-elf/4.1.2/../../../../nios2-elf/lib/mno-hw-mul/libc.a(lib_a-s_isnand.o)
                0x01007f68                __isnand
 .text          0x01007f98       0x70 /opt/altera/13.0sp1/nios2eds/bin/gnu/H-i686-pc-linux-gnu/bin/../lib/gcc/nios2-elf/4.1.2/../../../../nios2-elf/lib/mno-hw-mul/libc.a(lib_a-sbrkr.o)
                0x01007f98                _sbrk_r
 .text          0x01008008      0x14c /opt/altera/13.0sp1/nios2eds/bin/gnu/H-i686-pc-linux-gnu/bin/../lib/gcc/nios2-elf/4.1.2/../../../../nios2-elf/lib/mno-hw-mul/libc.a(lib_a-stdio.o)
                0x01008008                __sclose
                0x01008010                __sseek
                0x01008078                __swrite
                0x010080f4                __sread
 .text          0x01008154       0xbc /opt/altera/13.0sp1/nios2eds/bin/gnu/H-i686-pc-linux-gnu/bin/../lib/gcc/nios2-elf/4.1.2/../../../../nios2-elf/lib/mno-hw-mul/libc.a(lib_a-strcmp.o)
                0x01008154                strcmp
 .text          0x01008210       0x78 /opt/altera/13.0sp1/nios2eds/bin/gnu/H-i686-pc-linux-gnu/bin/../lib/gcc/nios2-elf/4.1.2/../../../../nios2-elf/lib/mno-hw-mul/libc.a(lib_a-writer.o)
                0x01008210                _write_r
 .text          0x01008288       0xc8 /opt/altera/13.0sp1/nios2eds/bin/gnu/H-i686-pc-linux-gnu/bin/../lib/gcc/nios2-elf/4.1.2/../../../../nios2-elf/lib/mno-hw-mul/libc.a(lib_a-callocr.o)
                0x01008288                _calloc_r
 .text          0x01008350       0x70 /opt/altera/13.0sp1/nios2eds/bin/gnu/H-i686-pc-linux-gnu/bin/../lib/gcc/nios2-elf/4.1.2/../../../../nios2-elf/lib/mno-hw-mul/libc.a(lib_a-closer.o)
                0x01008350                _close_r
 .text          0x010083c0      0x124 /opt/altera/13.0sp1/nios2eds/bin/gnu/H-i686-pc-linux-gnu/bin/../lib/gcc/nios2-elf/4.1.2/../../../../nios2-elf/lib/mno-hw-mul/libc.a(lib_a-fclose.o)
                0x010083c0                _fclose_r
                0x010084d0                fclose
 .text          0x010084e4       0x74 /opt/altera/13.0sp1/nios2eds/bin/gnu/H-i686-pc-linux-gnu/bin/../lib/gcc/nios2-elf/4.1.2/../../../../nios2-elf/lib/mno-hw-mul/libc.a(lib_a-fstatr.o)
                0x010084e4                _fstat_r
 .text          0x01008558        0x0 /opt/altera/13.0sp1/nios2eds/bin/gnu/H-i686-pc-linux-gnu/bin/../lib/gcc/nios2-elf/4.1.2/../../../../nios2-elf/lib/mno-hw-mul/libc.a(lib_a-int_errno.o)
 .text          0x01008558       0x70 /opt/altera/13.0sp1/nios2eds/bin/gnu/H-i686-pc-linux-gnu/bin/../lib/gcc/nios2-elf/4.1.2/../../../../nios2-elf/lib/mno-hw-mul/libc.a(lib_a-isattyr.o)
                0x01008558                _isatty_r
 .text          0x010085c8       0x78 /opt/altera/13.0sp1/nios2eds/bin/gnu/H-i686-pc-linux-gnu/bin/../lib/gcc/nios2-elf/4.1.2/../../../../nios2-elf/lib/mno-hw-mul/libc.a(lib_a-lseekr.o)
                0x010085c8                _lseek_r
 .text          0x01008640       0x78 /opt/altera/13.0sp1/nios2eds/bin/gnu/H-i686-pc-linux-gnu/bin/../lib/gcc/nios2-elf/4.1.2/../../../../nios2-elf/lib/mno-hw-mul/libc.a(lib_a-readr.o)
                0x01008640                _read_r
 .text          0x010086b8      0x66c /opt/altera/13.0sp1/nios2eds/bin/gnu/H-i686-pc-linux-gnu/bin/../lib/gcc/nios2-elf/4.1.2/mno-hw-mul/libgcc.a(_udivdi3.o)
                0x010086b8                __udivdi3
 .text          0x01008d24      0x660 /opt/altera/13.0sp1/nios2eds/bin/gnu/H-i686-pc-linux-gnu/bin/../lib/gcc/nios2-elf/4.1.2/mno-hw-mul/libgcc.a(_umoddi3.o)
                0x01008d24                __umoddi3
 .text          0x01009384      0x504 /opt/altera/13.0sp1/nios2eds/bin/gnu/H-i686-pc-linux-gnu/bin/../lib/gcc/nios2-elf/4.1.2/mno-hw-mul/libgcc.a(_addsub_df.o)
                0x01009794                __subdf3
                0x01009814                __adddf3
 .text          0x01009888      0x3c4 /opt/altera/13.0sp1/nios2eds/bin/gnu/H-i686-pc-linux-gnu/bin/../lib/gcc/nios2-elf/4.1.2/mno-hw-mul/libgcc.a(_mul_df.o)
                0x01009888                __muldf3
 .text          0x01009c4c      0x258 /opt/altera/13.0sp1/nios2eds/bin/gnu/H-i686-pc-linux-gnu/bin/../lib/gcc/nios2-elf/4.1.2/mno-hw-mul/libgcc.a(_div_df.o)
                0x01009c4c                __divdf3
 .text          0x01009ea4       0x88 /opt/altera/13.0sp1/nios2eds/bin/gnu/H-i686-pc-linux-gnu/bin/../lib/gcc/nios2-elf/4.1.2/mno-hw-mul/libgcc.a(_eq_df.o)
                0x01009ea4                __eqdf2
 .text          0x01009f2c       0x88 /opt/altera/13.0sp1/nios2eds/bin/gnu/H-i686-pc-linux-gnu/bin/../lib/gcc/nios2-elf/4.1.2/mno-hw-mul/libgcc.a(_ne_df.o)
                0x01009f2c                __nedf2
 .text          0x01009fb4       0x88 /opt/altera/13.0sp1/nios2eds/bin/gnu/H-i686-pc-linux-gnu/bin/../lib/gcc/nios2-elf/4.1.2/mno-hw-mul/libgcc.a(_gt_df.o)
                0x01009fb4                __gtdf2
 .text          0x0100a03c       0x88 /opt/altera/13.0sp1/nios2eds/bin/gnu/H-i686-pc-linux-gnu/bin/../lib/gcc/nios2-elf/4.1.2/mno-hw-mul/libgcc.a(_ge_df.o)
                0x0100a03c                __gedf2
 .text          0x0100a0c4       0x88 /opt/altera/13.0sp1/nios2eds/bin/gnu/H-i686-pc-linux-gnu/bin/../lib/gcc/nios2-elf/4.1.2/mno-hw-mul/libgcc.a(_lt_df.o)
                0x0100a0c4                __ltdf2
 .text          0x0100a14c       0xf8 /opt/altera/13.0sp1/nios2eds/bin/gnu/H-i686-pc-linux-gnu/bin/../lib/gcc/nios2-elf/4.1.2/mno-hw-mul/libgcc.a(_si_to_df.o)
                0x0100a14c                __floatsidf
 .text          0x0100a244       0xd8 /opt/altera/13.0sp1/nios2eds/bin/gnu/H-i686-pc-linux-gnu/bin/../lib/gcc/nios2-elf/4.1.2/mno-hw-mul/libgcc.a(_df_to_si.o)
                0x0100a244                __fixdfsi
 .text          0x0100a31c        0x0 /opt/altera/13.0sp1/nios2eds/bin/gnu/H-i686-pc-linux-gnu/bin/../lib/gcc/nios2-elf/4.1.2/mno-hw-mul/libgcc.a(_thenan_df.o)
 .text          0x0100a31c      0x194 /opt/altera/13.0sp1/nios2eds/bin/gnu/H-i686-pc-linux-gnu/bin/../lib/gcc/nios2-elf/4.1.2/mno-hw-mul/libgcc.a(_usi_to_df.o)
                0x0100a31c                __floatunsidf
 .text          0x0100a4b0      0x314 /opt/altera/13.0sp1/nios2eds/bin/gnu/H-i686-pc-linux-gnu/bin/../lib/gcc/nios2-elf/4.1.2/mno-hw-mul/libgcc.a(_pack_df.o)
                0x0100a4b0                __pack_d
 .text          0x0100a7c4      0x138 /opt/altera/13.0sp1/nios2eds/bin/gnu/H-i686-pc-linux-gnu/bin/../lib/gcc/nios2-elf/4.1.2/mno-hw-mul/libgcc.a(_unpack_df.o)
                0x0100a7c4                __unpack_d
 .text          0x0100a8fc       0xc8 /opt/altera/13.0sp1/nios2eds/bin/gnu/H-i686-pc-linux-gnu/bin/../lib/gcc/nios2-elf/4.1.2/mno-hw-mul/libgcc.a(_fpcmp_parts_df.o)
                0x0100a8fc                __fpcmp_parts_d
 .text          0x0100a9c4      0x160 ../lab2_cswitch_bsp//libucosii_bsp.a(alt_close.o)
                0x0100a9c4                close
 .text          0x0100ab24       0x2c ../lab2_cswitch_bsp//libucosii_bsp.a(alt_dev.o)
 .text          0x0100ab50        0x0 ../lab2_cswitch_bsp//libucosii_bsp.a(alt_errno.o)
 .text          0x0100ab50      0x138 ../lab2_cswitch_bsp//libucosii_bsp.a(alt_fstat.o)
                0x0100ab50                fstat
 .text          0x0100ac88      0x124 ../lab2_cswitch_bsp//libucosii_bsp.a(alt_isatty.o)
                0x0100ac88                isatty
 .text          0x0100adac       0xec ../lab2_cswitch_bsp//libucosii_bsp.a(alt_load.o)
                0x0100adac                alt_load
 .text          0x0100ae98      0x154 ../lab2_cswitch_bsp//libucosii_bsp.a(alt_lseek.o)
                0x0100ae98                lseek
 .text          0x0100afec       0xc8 ../lab2_cswitch_bsp//libucosii_bsp.a(alt_main.o)
                0x0100afec                alt_main
 .text          0x0100b0b4      0x184 ../lab2_cswitch_bsp//libucosii_bsp.a(alt_read.o)
                0x0100b0b4                read
 .text          0x0100b238       0x78 ../lab2_cswitch_bsp//libucosii_bsp.a(alt_release_fd.o)
                0x0100b238                alt_release_fd
 .text          0x0100b2b0       0xbc ../lab2_cswitch_bsp//libucosii_bsp.a(alt_sbrk.o)
                0x0100b2b0                sbrk
 .text          0x0100b36c      0x184 ../lab2_cswitch_bsp//libucosii_bsp.a(alt_write.o)
                0x0100b36c                write
 .text          0x0100b4f0      0x108 ../lab2_cswitch_bsp//libucosii_bsp.a(alt_env_lock.o)
                0x0100b4f0                __env_lock
                0x0100b59c                __env_unlock
 .text          0x0100b5f8      0x1d8 ../lab2_cswitch_bsp//libucosii_bsp.a(alt_malloc_lock.o)
                0x0100b5f8                __malloc_lock
                0x0100b700                __malloc_unlock
 .text          0x0100b7d0     0x2128 ../lab2_cswitch_bsp//libucosii_bsp.a(os_core.o)
                0x0100b7d0                OSEventNameGet
                0x0100b900                OSEventNameSet
                0x0100ba44                OSEventPendMulti
                0x0100c0f8                OSInit
                0x0100c14c                OSIntEnter
                0x0100c1c8                OSIntExit
                0x0100c2c8                OSSchedLock
                0x0100c354                OSSchedUnlock
                0x0100c438                OSStart
                0x0100c4a8                OSStatInit
                0x0100c554                OSTimeTick
                0x0100c794                OSVersion
                0x0100c7b4                OS_Dummy
                0x0100c7d0                OS_EventTaskRdy
                0x0100c964                OS_EventTaskWait
                0x0100ca74                OS_EventTaskWaitMulti
                0x0100cbc8                OS_EventTaskRemove
                0x0100cc80                OS_EventTaskRemoveMulti
                0x0100cd84                OS_EventWaitListInit
                0x0100d150                OS_MemClr
                0x0100d1a4                OS_MemCopy
                0x0100d210                OS_Sched
                0x0100d354                OS_StrCopy
                0x0100d3d4                OS_StrLen
                0x0100d42c                OS_TaskIdle
                0x0100d488                OS_TaskStat
                0x0100d550                OS_TaskStatStkChk
                0x0100d618                OS_TCBInit
 .text          0x0100d8f8      0x18c ../lab2_cswitch_bsp//libucosii_bsp.a(os_dbg.o)
                0x0100d8f8                OSDebugInit
 .text          0x0100da84     0x193c ../lab2_cswitch_bsp//libucosii_bsp.a(os_flag.o)
                0x0100da84                OSFlagAccept
                0x0100ddb8                OSFlagCreate
                0x0100def4                OSFlagDel
                0x0100e19c                OSFlagNameGet
                0x0100e2e0                OSFlagNameSet
                0x0100e434                OSFlagPend
                0x0100ea78                OSFlagPendGetFlagsRdy
                0x0100eae0                OSFlagPost
                0x0100ee88                OSFlagQuery
                0x0100f120                OS_FlagInit
                0x0100f314                OS_FlagUnlink
 .text          0x0100f3c0      0x80c ../lab2_cswitch_bsp//libucosii_bsp.a(os_mem.o)
                0x0100f3c0                OSMemCreate
                0x0100f5dc                OSMemGet
                0x0100f6e0                OSMemNameGet
                0x0100f7ec                OSMemNameSet
                0x0100f90c                OSMemPut
                0x0100f9fc                OSMemQuery
                0x0100faf8                OS_MemInit
 .text          0x0100fbcc     0x1334 ../lab2_cswitch_bsp//libucosii_bsp.a(os_q.o)
                0x0100fbcc                OSQAccept
                0x0100fd20                OSQCreate
                0x0100ff34                OSQDel
                0x01010234                OSQFlush
                0x010102fc                OSQPend
                0x0101061c                OSQPendAbort
                0x01010798                OSQPost
                0x01010918                OSQPostFront
                0x01010aa0                OSQPostOpt
                0x01010cd4                OSQQuery
                0x01010e54                OS_QInit
 .text          0x01010f00      0xbc8 ../lab2_cswitch_bsp//libucosii_bsp.a(os_sem.o)
                0x01010f00                OSSemAccept
                0x01010fc0                OSSemCreate
                0x010110d4                OSSemDel
                0x01011374                OSSemPend
                0x010115f0                OSSemPendAbort
                0x0101176c                OSSemPost
                0x01011894                OSSemQuery
                0x010119c4                OSSemSet
 .text          0x01011ac8     0x1a40 ../lab2_cswitch_bsp//libucosii_bsp.a(os_task.o)
                0x01011ac8                OSTaskChangePrio
                0x0101203c                OSTaskCreate
                0x01012210                OSTaskCreateExt
                0x01012410                OSTaskDel
                0x0101281c                OSTaskDelReq
                0x0101298c                OSTaskNameGet
                0x01012b44                OSTaskNameSet
                0x01012d08                OSTaskResume
                0x01012f20                OSTaskStkChk
                0x0101311c                OSTaskSuspend
                0x01013348                OSTaskQuery
                0x0101348c                OS_TaskStkClr
 .text          0x01013508      0x67c ../lab2_cswitch_bsp//libucosii_bsp.a(os_time.o)
                0x01013508                OSTimeDly
                0x01013654                OSTimeDlyHMSM
                0x010138ac                OSTimeDlyResume
                0x01013abc                OSTimeGet
                0x01013b20                OSTimeSet
 .text          0x01013b84       0xe8 ../lab2_cswitch_bsp//libucosii_bsp.a(alt_sys_init.o)
                0x01013b84                alt_irq_init
                0x01013bb8                alt_sys_init
 .text          0x01013c6c      0x148 ../lab2_cswitch_bsp//libucosii_bsp.a(altera_avalon_jtag_uart_fd.o)
                0x01013c6c                altera_avalon_jtag_uart_read_fd
                0x01013cc4                altera_avalon_jtag_uart_write_fd
                0x01013d1c                altera_avalon_jtag_uart_close_fd
                0x01013d64                altera_avalon_jtag_uart_ioctl_fd
 .text          0x01013db4      0x584 ../lab2_cswitch_bsp//libucosii_bsp.a(altera_avalon_jtag_uart_init.o)
                0x01013db4                altera_avalon_jtag_uart_init
                0x010142c4                altera_avalon_jtag_uart_close
 .text          0x01014338       0xf4 ../lab2_cswitch_bsp//libucosii_bsp.a(altera_avalon_jtag_uart_ioctl.o)
                0x01014338                altera_avalon_jtag_uart_ioctl
 .text          0x0101442c      0x2c0 ../lab2_cswitch_bsp//libucosii_bsp.a(altera_avalon_jtag_uart_read.o)
                0x0101442c                altera_avalon_jtag_uart_read
 .text          0x010146ec      0x2dc ../lab2_cswitch_bsp//libucosii_bsp.a(altera_avalon_jtag_uart_write.o)
                0x010146ec                altera_avalon_jtag_uart_write
 .text          0x010149c8      0x188 ../lab2_cswitch_bsp//libucosii_bsp.a(altera_avalon_performance_counter.o)
                0x010149c8                perf_get_section_time
                0x01014a78                perf_get_total_time
                0x01014acc                perf_get_num_starts
                0x01014b0c                alt_get_performance_counter_base
                0x01014b2c                alt_get_cpu_freq
 .text          0x01014b50      0x100 ../lab2_cswitch_bsp//libucosii_bsp.a(altera_avalon_timer_sc.o)
                0x01014bc0                alt_avalon_timer_sc_init
 .text          0x01014c50      0x530 ../lab2_cswitch_bsp//libucosii_bsp.a(altera_up_avalon_character_lcd.o)
                0x01014c50                get_DDRAM_addr
                0x01014ccc                alt_up_character_lcd_send_cmd
                0x01014d00                alt_up_character_lcd_init
                0x01014d34                alt_up_character_lcd_open_dev
                0x01014d74                alt_up_character_lcd_write
                0x01014dec                alt_up_character_lcd_string
                0x01014e64                alt_up_character_lcd_write_fd
                0x01014eb0                alt_up_character_lcd_set_cursor_pos
                0x01014f28                alt_up_character_lcd_shift_cursor
                0x01014fd8                alt_up_character_lcd_shift_display
                0x01015088                alt_up_character_lcd_erase_pos
                0x01015118                alt_up_character_lcd_cursor_off
                0x0101514c                alt_up_character_lcd_cursor_blink_on
 .text          0x01015180      0x154 ../lab2_cswitch_bsp//libucosii_bsp.a(alt_alarm_start.o)
                0x01015180                alt_alarm_start
 .text          0x010152d4       0x1c ../lab2_cswitch_bsp//libucosii_bsp.a(alt_dcache_flush_all.o)
                0x010152d4                alt_dcache_flush_all
 .text          0x010152f0      0x114 ../lab2_cswitch_bsp//libucosii_bsp.a(alt_dev_llist_insert.o)
                0x010152f0                alt_dev_llist_insert
 .text          0x01015404       0x64 ../lab2_cswitch_bsp//libucosii_bsp.a(alt_do_ctors.o)
                0x01015404                _do_ctors
 .text          0x01015468       0x64 ../lab2_cswitch_bsp//libucosii_bsp.a(alt_do_dtors.o)
                0x01015468                _do_dtors
 .text          0x010154cc       0x94 ../lab2_cswitch_bsp//libucosii_bsp.a(alt_find_dev.o)
                0x010154cc                alt_find_dev
 .text          0x01015560       0x1c ../lab2_cswitch_bsp//libucosii_bsp.a(alt_icache_flush_all.o)
                0x01015560                alt_icache_flush_all
 .text          0x0101557c      0x1d4 ../lab2_cswitch_bsp//libucosii_bsp.a(alt_iic.o)
                0x0101557c                alt_ic_isr_register
                0x010155cc                alt_ic_irq_enable
                0x01015668                alt_ic_irq_disable
                0x01015708                alt_ic_irq_enabled
 .text          0x01015750       0xf8 ../lab2_cswitch_bsp//libucosii_bsp.a(alt_iic_isr_register.o)
                0x01015750                alt_iic_isr_register
 .text          0x01015848      0x150 ../lab2_cswitch_bsp//libucosii_bsp.a(alt_io_redirect.o)
                0x01015920                alt_io_redirect
 .text          0x01015998        0x0 ../lab2_cswitch_bsp//libucosii_bsp.a(alt_irq_entry.o)
 .text          0x01015998        0x0 ../lab2_cswitch_bsp//libucosii_bsp.a(alt_irq_handler.o)
 .text          0x01015998        0x0 ../lab2_cswitch_bsp//libucosii_bsp.a(alt_irq_vars.o)
 .text          0x01015998      0x2e4 ../lab2_cswitch_bsp//libucosii_bsp.a(alt_open.o)
                0x01015a90                open
 .text          0x01015c7c      0x1a8 ../lab2_cswitch_bsp//libucosii_bsp.a(alt_tick.o)
                0x01015c7c                alt_alarm_stop
                0x01015d14                alt_tick
 .text          0x01015e24       0x20 ../lab2_cswitch_bsp//libucosii_bsp.a(altera_nios2_qsys_irq.o)
                0x01015e24                altera_nios2_qsys_irq_init
 .text          0x01015e44       0xd0 ../lab2_cswitch_bsp//libucosii_bsp.a(os_cpu_a.o)
                0x01015e44                OSCtxSw
                0x01015e44                OSIntCtxSw
                0x01015ed0                OSStartHighRdy
                0x01015ef0                OSStartTsk
 .text          0x01015f14      0x418 ../lab2_cswitch_bsp//libucosii_bsp.a(os_cpu_c.o)
                0x01015f14                OSTaskStkInit
                0x01016224                OSTaskCreateHook
                0x01016244                OSTaskDelHook
                0x01016264                OSTaskSwHook
                0x01016280                OSTaskStatHook
                0x0101629c                OSTimeTickHook
                0x010162b8                OSInitHookBegin
                0x010162d4                OSInitHookEnd
                0x010162f0                OSTaskIdleHook
                0x0101630c                OSTCBInitHook
 .text          0x0101632c        0x0 ../lab2_cswitch_bsp//libucosii_bsp.a(alt_exception_entry.o)
 .text          0x0101632c      0x120 ../lab2_cswitch_bsp//libucosii_bsp.a(alt_find_file.o)
                0x0101632c                alt_find_file
 .text          0x0101644c      0x104 ../lab2_cswitch_bsp//libucosii_bsp.a(alt_get_fd.o)
                0x0101644c                alt_get_fd
 .text          0x01016550       0x14 /opt/altera/13.0sp1/nios2eds/bin/gnu/H-i686-pc-linux-gnu/bin/../lib/gcc/nios2-elf/4.1.2/../../../../nios2-elf/lib/mno-hw-mul/libc.a(lib_a-atexit.o)
                0x01016550                atexit
 .text          0x01016564       0x38 /opt/altera/13.0sp1/nios2eds/bin/gnu/H-i686-pc-linux-gnu/bin/../lib/gcc/nios2-elf/4.1.2/../../../../nios2-elf/lib/mno-hw-mul/libc.a(lib_a-exit.o)
                0x01016564                exit
 .text          0x0101659c       0x74 /opt/altera/13.0sp1/nios2eds/bin/gnu/H-i686-pc-linux-gnu/bin/../lib/gcc/nios2-elf/4.1.2/../../../../nios2-elf/lib/mno-hw-mul/libc.a(lib_a-memcmp.o)
                0x0101659c                memcmp
 .text          0x01016610      0x134 /opt/altera/13.0sp1/nios2eds/bin/gnu/H-i686-pc-linux-gnu/bin/../lib/gcc/nios2-elf/4.1.2/../../../../nios2-elf/lib/mno-hw-mul/libc.a(lib_a-__atexit.o)
                0x01016610                __register_exitproc
 .text          0x01016744      0x1b4 /opt/altera/13.0sp1/nios2eds/bin/gnu/H-i686-pc-linux-gnu/bin/../lib/gcc/nios2-elf/4.1.2/../../../../nios2-elf/lib/mno-hw-mul/libc.a(lib_a-__call_atexit.o)
                0x01016748                __call_exitprocs
 .text          0x010168f8       0xa4 /opt/altera/13.0sp1/nios2eds/bin/gnu/H-i686-pc-linux-gnu/bin/../lib/gcc/nios2-elf/4.1.2/mno-hw-mul/libgcc.a(_fixunsdfsi.o)
                0x010168f8                __fixunsdfsi
 .text          0x0101699c       0x6c ../lab2_cswitch_bsp//libucosii_bsp.a(alt_exit.o)
                0x010169dc                _exit
 *(.gnu.warning.*)
 *(.fini)
                0x01016a08                PROVIDE (__etext, ABSOLUTE (.))
                0x01016a08                PROVIDE (_etext, ABSOLUTE (.))
                0x01016a08                PROVIDE (etext, ABSOLUTE (.))
 *(.eh_frame_hdr)
                0x01016a08                . = ALIGN (0x4)
                0x01016a08                PROVIDE (__preinit_array_start, ABSOLUTE (.))
 *(.preinit_array)
                0x01016a08                PROVIDE (__preinit_array_end, ABSOLUTE (.))
                0x01016a08                PROVIDE (__init_array_start, ABSOLUTE (.))
 *(.init_array)
                0x01016a08                PROVIDE (__init_array_end, ABSOLUTE (.))
                0x01016a08                PROVIDE (__fini_array_start, ABSOLUTE (.))
 *(.fini_array)
                0x01016a08                PROVIDE (__fini_array_end, ABSOLUTE (.))
 *(.eh_frame)
 *(.gcc_except_table)
 *(.dynamic)
                0x01016a08                PROVIDE (__CTOR_LIST__, ABSOLUTE (.))
 *(.ctors)
 *(SORT(.ctors.*))
 .ctors.65535   0x01016a08        0x4 /opt/altera/13.0sp1/nios2eds/bin/gnu/H-i686-pc-linux-gnu/bin/../lib/gcc/nios2-elf/4.1.2/../../../../nios2-elf/lib/mno-hw-mul/libc.a(lib_a-__call_atexit.o)
                0x01016a0c                PROVIDE (__CTOR_END__, ABSOLUTE (.))
                0x01016a0c                PROVIDE (__DTOR_LIST__, ABSOLUTE (.))
 *(.dtors)
 *(SORT(.dtors.*))
                0x01016a0c                PROVIDE (__DTOR_END__, ABSOLUTE (.))
 *(.jcr)
                0x01016a0c                . = ALIGN (0x4)

.rodata         0x01016a0c      0x56c
                0x01016a0c                PROVIDE (__ram_rodata_start, ABSOLUTE (.))
                0x01016a0c                . = ALIGN (0x4)
 *(.rodata .rodata.* .gnu.linkonce.r.*)
 .rodata        0x01016a0c       0xe4 obj/default/ContextSwitch.o
 .rodata        0x01016af0       0x10 /opt/altera/13.0sp1/nios2eds/bin/gnu/H-i686-pc-linux-gnu/bin/../lib/gcc/nios2-elf/4.1.2/mno-hw-mul/libgcc.a(_thenan_sf.o)
                0x01016af0                __thenan_sf
 .rodata        0x01016b00      0x100 /opt/altera/13.0sp1/nios2eds/bin/gnu/H-i686-pc-linux-gnu/bin/../lib/gcc/nios2-elf/4.1.2/mno-hw-mul/libgcc.a(_clz.o)
                0x01016b00                __clz_tab
 .rodata.str1.4
                0x01016c00        0x2 /opt/altera/13.0sp1/nios2eds/bin/gnu/H-i686-pc-linux-gnu/bin/../lib/gcc/nios2-elf/4.1.2/../../../../nios2-elf/lib/mno-hw-mul/libc.a(lib_a-puts.o)
                                  0x4 (size before relaxing)
 *fill*         0x01016c02        0x2 00
 .rodata.str1.4
                0x01016c04       0x5e /opt/altera/13.0sp1/nios2eds/bin/gnu/H-i686-pc-linux-gnu/bin/../lib/gcc/nios2-elf/4.1.2/../../../../nios2-elf/lib/mno-hw-mul/libc.a(lib_a-vfprintf.o)
                                 0x60 (size before relaxing)
 .rodata        0x01016c62       0x20 /opt/altera/13.0sp1/nios2eds/bin/gnu/H-i686-pc-linux-gnu/bin/../lib/gcc/nios2-elf/4.1.2/../../../../nios2-elf/lib/mno-hw-mul/libc.a(lib_a-vfprintf.o)
 *fill*         0x01016c82        0x2 00
 .rodata.str1.4
                0x01016c84       0x10 /opt/altera/13.0sp1/nios2eds/bin/gnu/H-i686-pc-linux-gnu/bin/../lib/gcc/nios2-elf/4.1.2/../../../../nios2-elf/lib/mno-hw-mul/libc.a(lib_a-dtoa.o)
                                 0x14 (size before relaxing)
 .rodata.str1.4
                0x01016c94        0x2 /opt/altera/13.0sp1/nios2eds/bin/gnu/H-i686-pc-linux-gnu/bin/../lib/gcc/nios2-elf/4.1.2/../../../../nios2-elf/lib/mno-hw-mul/libc.a(lib_a-impure.o)
                                  0x4 (size before relaxing)
 *fill*         0x01016c96        0x2 00
 .rodata.str1.4
                0x01016c98       0x10 /opt/altera/13.0sp1/nios2eds/bin/gnu/H-i686-pc-linux-gnu/bin/../lib/gcc/nios2-elf/4.1.2/../../../../nios2-elf/lib/mno-hw-mul/libc.a(lib_a-locale.o)
                                 0x18 (size before relaxing)
 .rodata        0x01016ca8       0x30 /opt/altera/13.0sp1/nios2eds/bin/gnu/H-i686-pc-linux-gnu/bin/../lib/gcc/nios2-elf/4.1.2/../../../../nios2-elf/lib/mno-hw-mul/libc.a(lib_a-locale.o)
 .rodata        0x01016cd8      0x124 /opt/altera/13.0sp1/nios2eds/bin/gnu/H-i686-pc-linux-gnu/bin/../lib/gcc/nios2-elf/4.1.2/../../../../nios2-elf/lib/mno-hw-mul/libc.a(lib_a-mprec.o)
                0x01016cd8                __mprec_tens
                0x01016da0                __mprec_bigtens
                0x01016dc8                __mprec_tinytens
 .rodata        0x01016dfc       0x14 /opt/altera/13.0sp1/nios2eds/bin/gnu/H-i686-pc-linux-gnu/bin/../lib/gcc/nios2-elf/4.1.2/mno-hw-mul/libgcc.a(_thenan_df.o)
                0x01016dfc                __thenan_df
 .rodata        0x01016e10        0xc ../lab2_cswitch_bsp//libucosii_bsp.a(alt_dev.o)
 .rodata        0x01016e1c       0x14 ../lab2_cswitch_bsp//libucosii_bsp.a(alt_main.o)
 .rodata        0x01016e30      0x120 ../lab2_cswitch_bsp//libucosii_bsp.a(os_core.o)
                0x01016e30                OSUnMapTbl
 .rodata        0x01016f50       0x24 ../lab2_cswitch_bsp//libucosii_bsp.a(alt_sys_init.o)
 .rodata        0x01016f74        0x4 ../lab2_cswitch_bsp//libucosii_bsp.a(os_cpu_c.o)
 *(.rodata1)
                0x01016f78                . = ALIGN (0x4)
                0x01016f78                PROVIDE (__ram_rodata_end, ABSOLUTE (.))
                0x01016a0c                PROVIDE (__flash_rodata_start, LOADADDR (.rodata))

.rwdata         0x01016f78     0x1b10 load address 0x01018a88
                0x01016f78                PROVIDE (__ram_rwdata_start, ABSOLUTE (.))
                0x01016f78                . = ALIGN (0x4)
 *(.got.plt)
 *(.got)
 *(.data1)
 *(.data .data.* .gnu.linkonce.d.*)
 .data          0x01016f78        0x0 ../lab2_cswitch_bsp//obj/HAL/src/crt0.o
 .data          0x01016f78        0x0 obj/default/ContextSwitch.o
 .data          0x01016f78        0x0 /opt/altera/13.0sp1/nios2eds/bin/gnu/H-i686-pc-linux-gnu/bin/../lib/gcc/nios2-elf/4.1.2/mno-hw-mul/libgcc.a(_mul_sf.o)
 .data          0x01016f78        0x0 /opt/altera/13.0sp1/nios2eds/bin/gnu/H-i686-pc-linux-gnu/bin/../lib/gcc/nios2-elf/4.1.2/mno-hw-mul/libgcc.a(_div_sf.o)
 .data          0x01016f78        0x0 /opt/altera/13.0sp1/nios2eds/bin/gnu/H-i686-pc-linux-gnu/bin/../lib/gcc/nios2-elf/4.1.2/mno-hw-mul/libgcc.a(_sf_to_si.o)
 .data          0x01016f78        0x0 /opt/altera/13.0sp1/nios2eds/bin/gnu/H-i686-pc-linux-gnu/bin/../lib/gcc/nios2-elf/4.1.2/mno-hw-mul/libgcc.a(_thenan_sf.o)
 .data          0x01016f78        0x0 /opt/altera/13.0sp1/nios2eds/bin/gnu/H-i686-pc-linux-gnu/bin/../lib/gcc/nios2-elf/4.1.2/mno-hw-mul/libgcc.a(_usi_to_sf.o)
 .data          0x01016f78        0x0 /opt/altera/13.0sp1/nios2eds/bin/gnu/H-i686-pc-linux-gnu/bin/../lib/gcc/nios2-elf/4.1.2/mno-hw-mul/libgcc.a(lib2-divmod.o)
 .data          0x01016f78        0x0 /opt/altera/13.0sp1/nios2eds/bin/gnu/H-i686-pc-linux-gnu/bin/../lib/gcc/nios2-elf/4.1.2/mno-hw-mul/libgcc.a(lib2-mul.o)
 .data          0x01016f78        0x0 /opt/altera/13.0sp1/nios2eds/bin/gnu/H-i686-pc-linux-gnu/bin/../lib/gcc/nios2-elf/4.1.2/mno-hw-mul/libgcc.a(_muldi3.o)
 .data          0x01016f78        0x0 /opt/altera/13.0sp1/nios2eds/bin/gnu/H-i686-pc-linux-gnu/bin/../lib/gcc/nios2-elf/4.1.2/mno-hw-mul/libgcc.a(_clzsi2.o)
 .data          0x01016f78        0x0 /opt/altera/13.0sp1/nios2eds/bin/gnu/H-i686-pc-linux-gnu/bin/../lib/gcc/nios2-elf/4.1.2/mno-hw-mul/libgcc.a(_pack_sf.o)
 .data          0x01016f78        0x0 /opt/altera/13.0sp1/nios2eds/bin/gnu/H-i686-pc-linux-gnu/bin/../lib/gcc/nios2-elf/4.1.2/mno-hw-mul/libgcc.a(_unpack_sf.o)
 .data          0x01016f78        0x0 /opt/altera/13.0sp1/nios2eds/bin/gnu/H-i686-pc-linux-gnu/bin/../lib/gcc/nios2-elf/4.1.2/mno-hw-mul/libgcc.a(_clz.o)
 .data          0x01016f78        0x0 /opt/altera/13.0sp1/nios2eds/bin/gnu/H-i686-pc-linux-gnu/bin/../lib/gcc/nios2-elf/4.1.2/../../../../nios2-elf/lib/mno-hw-mul/libc.a(lib_a-printf.o)
 .data          0x01016f78        0x0 /opt/altera/13.0sp1/nios2eds/bin/gnu/H-i686-pc-linux-gnu/bin/../lib/gcc/nios2-elf/4.1.2/../../../../nios2-elf/lib/mno-hw-mul/libc.a(lib_a-puts.o)
 .data          0x01016f78        0x0 /opt/altera/13.0sp1/nios2eds/bin/gnu/H-i686-pc-linux-gnu/bin/../lib/gcc/nios2-elf/4.1.2/../../../../nios2-elf/lib/mno-hw-mul/libc.a(lib_a-strlen.o)
 .data          0x01016f78        0x0 /opt/altera/13.0sp1/nios2eds/bin/gnu/H-i686-pc-linux-gnu/bin/../lib/gcc/nios2-elf/4.1.2/../../../../nios2-elf/lib/mno-hw-mul/libc.a(lib_a-vfprintf.o)
 .data          0x01016f78        0x0 /opt/altera/13.0sp1/nios2eds/bin/gnu/H-i686-pc-linux-gnu/bin/../lib/gcc/nios2-elf/4.1.2/../../../../nios2-elf/lib/mno-hw-mul/libc.a(lib_a-wsetup.o)
 .data          0x01016f78        0x0 /opt/altera/13.0sp1/nios2eds/bin/gnu/H-i686-pc-linux-gnu/bin/../lib/gcc/nios2-elf/4.1.2/../../../../nios2-elf/lib/mno-hw-mul/libc.a(lib_a-dtoa.o)
 .data          0x01016f78        0x0 /opt/altera/13.0sp1/nios2eds/bin/gnu/H-i686-pc-linux-gnu/bin/../lib/gcc/nios2-elf/4.1.2/../../../../nios2-elf/lib/mno-hw-mul/libc.a(lib_a-fflush.o)
 .data          0x01016f78        0x0 /opt/altera/13.0sp1/nios2eds/bin/gnu/H-i686-pc-linux-gnu/bin/../lib/gcc/nios2-elf/4.1.2/../../../../nios2-elf/lib/mno-hw-mul/libc.a(lib_a-findfp.o)
 .data          0x01016f78        0x0 /opt/altera/13.0sp1/nios2eds/bin/gnu/H-i686-pc-linux-gnu/bin/../lib/gcc/nios2-elf/4.1.2/../../../../nios2-elf/lib/mno-hw-mul/libc.a(lib_a-freer.o)
 .data          0x01016f78        0x0 /opt/altera/13.0sp1/nios2eds/bin/gnu/H-i686-pc-linux-gnu/bin/../lib/gcc/nios2-elf/4.1.2/../../../../nios2-elf/lib/mno-hw-mul/libc.a(lib_a-fvwrite.o)
 .data          0x01016f78        0x0 /opt/altera/13.0sp1/nios2eds/bin/gnu/H-i686-pc-linux-gnu/bin/../lib/gcc/nios2-elf/4.1.2/../../../../nios2-elf/lib/mno-hw-mul/libc.a(lib_a-fwalk.o)
 .data          0x01016f78      0x400 /opt/altera/13.0sp1/nios2eds/bin/gnu/H-i686-pc-linux-gnu/bin/../lib/gcc/nios2-elf/4.1.2/../../../../nios2-elf/lib/mno-hw-mul/libc.a(lib_a-impure.o)
 .data          0x01017378        0xc /opt/altera/13.0sp1/nios2eds/bin/gnu/H-i686-pc-linux-gnu/bin/../lib/gcc/nios2-elf/4.1.2/../../../../nios2-elf/lib/mno-hw-mul/libc.a(lib_a-locale.o)
                0x01017378                __lc_ctype
 .data          0x01017384        0x0 /opt/altera/13.0sp1/nios2eds/bin/gnu/H-i686-pc-linux-gnu/bin/../lib/gcc/nios2-elf/4.1.2/../../../../nios2-elf/lib/mno-hw-mul/libc.a(lib_a-makebuf.o)
 .data          0x01017384      0x408 /opt/altera/13.0sp1/nios2eds/bin/gnu/H-i686-pc-linux-gnu/bin/../lib/gcc/nios2-elf/4.1.2/../../../../nios2-elf/lib/mno-hw-mul/libc.a(lib_a-mallocr.o)
                0x01017384                __malloc_av_
 .data          0x0101778c        0x0 /opt/altera/13.0sp1/nios2eds/bin/gnu/H-i686-pc-linux-gnu/bin/../lib/gcc/nios2-elf/4.1.2/../../../../nios2-elf/lib/mno-hw-mul/libc.a(lib_a-memchr.o)
 .data          0x0101778c        0x0 /opt/altera/13.0sp1/nios2eds/bin/gnu/H-i686-pc-linux-gnu/bin/../lib/gcc/nios2-elf/4.1.2/../../../../nios2-elf/lib/mno-hw-mul/libc.a(lib_a-memcpy.o)
 .data          0x0101778c        0x0 /opt/altera/13.0sp1/nios2eds/bin/gnu/H-i686-pc-linux-gnu/bin/../lib/gcc/nios2-elf/4.1.2/../../../../nios2-elf/lib/mno-hw-mul/libc.a(lib_a-memmove.o)
 .data          0x0101778c        0x0 /opt/altera/13.0sp1/nios2eds/bin/gnu/H-i686-pc-linux-gnu/bin/../lib/gcc/nios2-elf/4.1.2/../../../../nios2-elf/lib/mno-hw-mul/libc.a(lib_a-memset.o)
 .data          0x0101778c        0x0 /opt/altera/13.0sp1/nios2eds/bin/gnu/H-i686-pc-linux-gnu/bin/../lib/gcc/nios2-elf/4.1.2/../../../../nios2-elf/lib/mno-hw-mul/libc.a(lib_a-mprec.o)
 .data          0x0101778c        0x0 /opt/altera/13.0sp1/nios2eds/bin/gnu/H-i686-pc-linux-gnu/bin/../lib/gcc/nios2-elf/4.1.2/../../../../nios2-elf/lib/mno-hw-mul/libc.a(lib_a-reallocr.o)
 .data          0x0101778c        0x0 /opt/altera/13.0sp1/nios2eds/bin/gnu/H-i686-pc-linux-gnu/bin/../lib/gcc/nios2-elf/4.1.2/../../../../nios2-elf/lib/mno-hw-mul/libc.a(lib_a-s_isinfd.o)
 .data          0x0101778c        0x0 /opt/altera/13.0sp1/nios2eds/bin/gnu/H-i686-pc-linux-gnu/bin/../lib/gcc/nios2-elf/4.1.2/../../../../nios2-elf/lib/mno-hw-mul/libc.a(lib_a-s_isnand.o)
 .data          0x0101778c        0x0 /opt/altera/13.0sp1/nios2eds/bin/gnu/H-i686-pc-linux-gnu/bin/../lib/gcc/nios2-elf/4.1.2/../../../../nios2-elf/lib/mno-hw-mul/libc.a(lib_a-sbrkr.o)
 .data          0x0101778c        0x0 /opt/altera/13.0sp1/nios2eds/bin/gnu/H-i686-pc-linux-gnu/bin/../lib/gcc/nios2-elf/4.1.2/../../../../nios2-elf/lib/mno-hw-mul/libc.a(lib_a-stdio.o)
 .data          0x0101778c        0x0 /opt/altera/13.0sp1/nios2eds/bin/gnu/H-i686-pc-linux-gnu/bin/../lib/gcc/nios2-elf/4.1.2/../../../../nios2-elf/lib/mno-hw-mul/libc.a(lib_a-strcmp.o)
 .data          0x0101778c        0x0 /opt/altera/13.0sp1/nios2eds/bin/gnu/H-i686-pc-linux-gnu/bin/../lib/gcc/nios2-elf/4.1.2/../../../../nios2-elf/lib/mno-hw-mul/libc.a(lib_a-writer.o)
 .data          0x0101778c        0x0 /opt/altera/13.0sp1/nios2eds/bin/gnu/H-i686-pc-linux-gnu/bin/../lib/gcc/nios2-elf/4.1.2/../../../../nios2-elf/lib/mno-hw-mul/libc.a(lib_a-callocr.o)
 .data          0x0101778c        0x0 /opt/altera/13.0sp1/nios2eds/bin/gnu/H-i686-pc-linux-gnu/bin/../lib/gcc/nios2-elf/4.1.2/../../../../nios2-elf/lib/mno-hw-mul/libc.a(lib_a-closer.o)
 .data          0x0101778c        0x0 /opt/altera/13.0sp1/nios2eds/bin/gnu/H-i686-pc-linux-gnu/bin/../lib/gcc/nios2-elf/4.1.2/../../../../nios2-elf/lib/mno-hw-mul/libc.a(lib_a-fclose.o)
 .data          0x0101778c        0x0 /opt/altera/13.0sp1/nios2eds/bin/gnu/H-i686-pc-linux-gnu/bin/../lib/gcc/nios2-elf/4.1.2/../../../../nios2-elf/lib/mno-hw-mul/libc.a(lib_a-fstatr.o)
 .data          0x0101778c        0x0 /opt/altera/13.0sp1/nios2eds/bin/gnu/H-i686-pc-linux-gnu/bin/../lib/gcc/nios2-elf/4.1.2/../../../../nios2-elf/lib/mno-hw-mul/libc.a(lib_a-int_errno.o)
 .data          0x0101778c        0x0 /opt/altera/13.0sp1/nios2eds/bin/gnu/H-i686-pc-linux-gnu/bin/../lib/gcc/nios2-elf/4.1.2/../../../../nios2-elf/lib/mno-hw-mul/libc.a(lib_a-isattyr.o)
 .data          0x0101778c        0x0 /opt/altera/13.0sp1/nios2eds/bin/gnu/H-i686-pc-linux-gnu/bin/../lib/gcc/nios2-elf/4.1.2/../../../../nios2-elf/lib/mno-hw-mul/libc.a(lib_a-lseekr.o)
 .data          0x0101778c        0x0 /opt/altera/13.0sp1/nios2eds/bin/gnu/H-i686-pc-linux-gnu/bin/../lib/gcc/nios2-elf/4.1.2/../../../../nios2-elf/lib/mno-hw-mul/libc.a(lib_a-readr.o)
 .data          0x0101778c        0x0 /opt/altera/13.0sp1/nios2eds/bin/gnu/H-i686-pc-linux-gnu/bin/../lib/gcc/nios2-elf/4.1.2/mno-hw-mul/libgcc.a(_udivdi3.o)
 .data          0x0101778c        0x0 /opt/altera/13.0sp1/nios2eds/bin/gnu/H-i686-pc-linux-gnu/bin/../lib/gcc/nios2-elf/4.1.2/mno-hw-mul/libgcc.a(_umoddi3.o)
 .data          0x0101778c        0x0 /opt/altera/13.0sp1/nios2eds/bin/gnu/H-i686-pc-linux-gnu/bin/../lib/gcc/nios2-elf/4.1.2/mno-hw-mul/libgcc.a(_addsub_df.o)
 .data          0x0101778c        0x0 /opt/altera/13.0sp1/nios2eds/bin/gnu/H-i686-pc-linux-gnu/bin/../lib/gcc/nios2-elf/4.1.2/mno-hw-mul/libgcc.a(_mul_df.o)
 .data          0x0101778c        0x0 /opt/altera/13.0sp1/nios2eds/bin/gnu/H-i686-pc-linux-gnu/bin/../lib/gcc/nios2-elf/4.1.2/mno-hw-mul/libgcc.a(_div_df.o)
 .data          0x0101778c        0x0 /opt/altera/13.0sp1/nios2eds/bin/gnu/H-i686-pc-linux-gnu/bin/../lib/gcc/nios2-elf/4.1.2/mno-hw-mul/libgcc.a(_eq_df.o)
 .data          0x0101778c        0x0 /opt/altera/13.0sp1/nios2eds/bin/gnu/H-i686-pc-linux-gnu/bin/../lib/gcc/nios2-elf/4.1.2/mno-hw-mul/libgcc.a(_ne_df.o)
 .data          0x0101778c        0x0 /opt/altera/13.0sp1/nios2eds/bin/gnu/H-i686-pc-linux-gnu/bin/../lib/gcc/nios2-elf/4.1.2/mno-hw-mul/libgcc.a(_gt_df.o)
 .data          0x0101778c        0x0 /opt/altera/13.0sp1/nios2eds/bin/gnu/H-i686-pc-linux-gnu/bin/../lib/gcc/nios2-elf/4.1.2/mno-hw-mul/libgcc.a(_ge_df.o)
 .data          0x0101778c        0x0 /opt/altera/13.0sp1/nios2eds/bin/gnu/H-i686-pc-linux-gnu/bin/../lib/gcc/nios2-elf/4.1.2/mno-hw-mul/libgcc.a(_lt_df.o)
 .data          0x0101778c        0x0 /opt/altera/13.0sp1/nios2eds/bin/gnu/H-i686-pc-linux-gnu/bin/../lib/gcc/nios2-elf/4.1.2/mno-hw-mul/libgcc.a(_si_to_df.o)
 .data          0x0101778c        0x0 /opt/altera/13.0sp1/nios2eds/bin/gnu/H-i686-pc-linux-gnu/bin/../lib/gcc/nios2-elf/4.1.2/mno-hw-mul/libgcc.a(_df_to_si.o)
 .data          0x0101778c        0x0 /opt/altera/13.0sp1/nios2eds/bin/gnu/H-i686-pc-linux-gnu/bin/../lib/gcc/nios2-elf/4.1.2/mno-hw-mul/libgcc.a(_thenan_df.o)
 .data          0x0101778c        0x0 /opt/altera/13.0sp1/nios2eds/bin/gnu/H-i686-pc-linux-gnu/bin/../lib/gcc/nios2-elf/4.1.2/mno-hw-mul/libgcc.a(_usi_to_df.o)
 .data          0x0101778c        0x0 /opt/altera/13.0sp1/nios2eds/bin/gnu/H-i686-pc-linux-gnu/bin/../lib/gcc/nios2-elf/4.1.2/mno-hw-mul/libgcc.a(_pack_df.o)
 .data          0x0101778c        0x0 /opt/altera/13.0sp1/nios2eds/bin/gnu/H-i686-pc-linux-gnu/bin/../lib/gcc/nios2-elf/4.1.2/mno-hw-mul/libgcc.a(_unpack_df.o)
 .data          0x0101778c        0x0 /opt/altera/13.0sp1/nios2eds/bin/gnu/H-i686-pc-linux-gnu/bin/../lib/gcc/nios2-elf/4.1.2/mno-hw-mul/libgcc.a(_fpcmp_parts_df.o)
 .data          0x0101778c        0x0 ../lab2_cswitch_bsp//libucosii_bsp.a(alt_close.o)
 .data          0x0101778c      0x1a8 ../lab2_cswitch_bsp//libucosii_bsp.a(alt_dev.o)
                0x0101778c                alt_dev_null
                0x010177b4                alt_fd_list
 .data          0x01017934        0x0 ../lab2_cswitch_bsp//libucosii_bsp.a(alt_errno.o)
 .data          0x01017934        0x0 ../lab2_cswitch_bsp//libucosii_bsp.a(alt_fstat.o)
 .data          0x01017934        0x0 ../lab2_cswitch_bsp//libucosii_bsp.a(alt_isatty.o)
 .data          0x01017934        0x0 ../lab2_cswitch_bsp//libucosii_bsp.a(alt_load.o)
 .data          0x01017934        0x0 ../lab2_cswitch_bsp//libucosii_bsp.a(alt_lseek.o)
 .data          0x01017934        0x0 ../lab2_cswitch_bsp//libucosii_bsp.a(alt_main.o)
 .data          0x01017934        0x0 ../lab2_cswitch_bsp//libucosii_bsp.a(alt_read.o)
 .data          0x01017934        0x0 ../lab2_cswitch_bsp//libucosii_bsp.a(alt_release_fd.o)
 .data          0x01017934        0x0 ../lab2_cswitch_bsp//libucosii_bsp.a(alt_sbrk.o)
 .data          0x01017934        0x0 ../lab2_cswitch_bsp//libucosii_bsp.a(alt_write.o)
 .data          0x01017934        0x0 ../lab2_cswitch_bsp//libucosii_bsp.a(alt_env_lock.o)
 .data          0x01017934        0x0 ../lab2_cswitch_bsp//libucosii_bsp.a(alt_malloc_lock.o)
 .data          0x01017934        0x0 ../lab2_cswitch_bsp//libucosii_bsp.a(os_core.o)
 .data          0x01017934        0x0 ../lab2_cswitch_bsp//libucosii_bsp.a(os_dbg.o)
 .data          0x01017934        0x0 ../lab2_cswitch_bsp//libucosii_bsp.a(os_flag.o)
 .data          0x01017934        0x0 ../lab2_cswitch_bsp//libucosii_bsp.a(os_mem.o)
 .data          0x01017934        0x0 ../lab2_cswitch_bsp//libucosii_bsp.a(os_q.o)
 .data          0x01017934        0x0 ../lab2_cswitch_bsp//libucosii_bsp.a(os_sem.o)
 .data          0x01017934        0x0 ../lab2_cswitch_bsp//libucosii_bsp.a(os_task.o)
 .data          0x01017934        0x0 ../lab2_cswitch_bsp//libucosii_bsp.a(os_time.o)
 .data          0x01017934     0x1098 ../lab2_cswitch_bsp//libucosii_bsp.a(alt_sys_init.o)
 .data          0x010189cc        0x0 ../lab2_cswitch_bsp//libucosii_bsp.a(altera_avalon_jtag_uart_fd.o)
 .data          0x010189cc        0x0 ../lab2_cswitch_bsp//libucosii_bsp.a(altera_avalon_jtag_uart_init.o)
 .data          0x010189cc        0x0 ../lab2_cswitch_bsp//libucosii_bsp.a(altera_avalon_jtag_uart_ioctl.o)
 .data          0x010189cc        0x0 ../lab2_cswitch_bsp//libucosii_bsp.a(altera_avalon_jtag_uart_read.o)
 .data          0x010189cc        0x0 ../lab2_cswitch_bsp//libucosii_bsp.a(altera_avalon_jtag_uart_write.o)
 .data          0x010189cc        0x0 ../lab2_cswitch_bsp//libucosii_bsp.a(altera_avalon_performance_counter.o)
 .data          0x010189cc        0x0 ../lab2_cswitch_bsp//libucosii_bsp.a(altera_avalon_timer_sc.o)
 .data          0x010189cc        0x0 ../lab2_cswitch_bsp//libucosii_bsp.a(altera_up_avalon_character_lcd.o)
 .data          0x010189cc        0x0 ../lab2_cswitch_bsp//libucosii_bsp.a(alt_alarm_start.o)
 .data          0x010189cc        0x0 ../lab2_cswitch_bsp//libucosii_bsp.a(alt_dcache_flush_all.o)
 .data          0x010189cc        0x0 ../lab2_cswitch_bsp//libucosii_bsp.a(alt_dev_llist_insert.o)
 .data          0x010189cc        0x0 ../lab2_cswitch_bsp//libucosii_bsp.a(alt_do_ctors.o)
 .data          0x010189cc        0x0 ../lab2_cswitch_bsp//libucosii_bsp.a(alt_do_dtors.o)
 .data          0x010189cc        0x0 ../lab2_cswitch_bsp//libucosii_bsp.a(alt_find_dev.o)
 .data          0x010189cc        0x0 ../lab2_cswitch_bsp//libucosii_bsp.a(alt_icache_flush_all.o)
 .data          0x010189cc        0x0 ../lab2_cswitch_bsp//libucosii_bsp.a(alt_iic.o)
 .data          0x010189cc        0x0 ../lab2_cswitch_bsp//libucosii_bsp.a(alt_iic_isr_register.o)
 .data          0x010189cc        0x0 ../lab2_cswitch_bsp//libucosii_bsp.a(alt_io_redirect.o)
 .data          0x010189cc        0x0 ../lab2_cswitch_bsp//libucosii_bsp.a(alt_irq_entry.o)
 .data          0x010189cc        0x0 ../lab2_cswitch_bsp//libucosii_bsp.a(alt_irq_handler.o)
 .data          0x010189cc        0x0 ../lab2_cswitch_bsp//libucosii_bsp.a(alt_irq_vars.o)
 .data          0x010189cc        0x0 ../lab2_cswitch_bsp//libucosii_bsp.a(alt_open.o)
 .data          0x010189cc        0x0 ../lab2_cswitch_bsp//libucosii_bsp.a(alt_tick.o)
 .data          0x010189cc        0x0 ../lab2_cswitch_bsp//libucosii_bsp.a(altera_nios2_qsys_irq.o)
 .data          0x010189cc        0x0 ../lab2_cswitch_bsp//libucosii_bsp.a(os_cpu_a.o)
 .data          0x010189cc        0x0 ../lab2_cswitch_bsp//libucosii_bsp.a(os_cpu_c.o)
 .data          0x010189cc        0x0 ../lab2_cswitch_bsp//libucosii_bsp.a(alt_exception_entry.o)
 .data          0x010189cc        0x0 ../lab2_cswitch_bsp//libucosii_bsp.a(alt_find_file.o)
 .data          0x010189cc        0x0 ../lab2_cswitch_bsp//libucosii_bsp.a(alt_get_fd.o)
 .data          0x010189cc        0x0 /opt/altera/13.0sp1/nios2eds/bin/gnu/H-i686-pc-linux-gnu/bin/../lib/gcc/nios2-elf/4.1.2/../../../../nios2-elf/lib/mno-hw-mul/libc.a(lib_a-atexit.o)
 .data          0x010189cc        0x0 /opt/altera/13.0sp1/nios2eds/bin/gnu/H-i686-pc-linux-gnu/bin/../lib/gcc/nios2-elf/4.1.2/../../../../nios2-elf/lib/mno-hw-mul/libc.a(lib_a-exit.o)
 .data          0x010189cc        0x0 /opt/altera/13.0sp1/nios2eds/bin/gnu/H-i686-pc-linux-gnu/bin/../lib/gcc/nios2-elf/4.1.2/../../../../nios2-elf/lib/mno-hw-mul/libc.a(lib_a-memcmp.o)
 .data          0x010189cc        0x0 /opt/altera/13.0sp1/nios2eds/bin/gnu/H-i686-pc-linux-gnu/bin/../lib/gcc/nios2-elf/4.1.2/../../../../nios2-elf/lib/mno-hw-mul/libc.a(lib_a-__atexit.o)
 .data          0x010189cc        0x0 /opt/altera/13.0sp1/nios2eds/bin/gnu/H-i686-pc-linux-gnu/bin/../lib/gcc/nios2-elf/4.1.2/../../../../nios2-elf/lib/mno-hw-mul/libc.a(lib_a-__call_atexit.o)
 .data          0x010189cc        0x0 /opt/altera/13.0sp1/nios2eds/bin/gnu/H-i686-pc-linux-gnu/bin/../lib/gcc/nios2-elf/4.1.2/mno-hw-mul/libgcc.a(_fixunsdfsi.o)
 .data          0x010189cc        0x0 ../lab2_cswitch_bsp//libucosii_bsp.a(alt_exit.o)
                0x010209cc                _gp = ABSOLUTE ((. + 0x8000))
                0x010209cc                PROVIDE (gp, _gp)
 *(.rwdata .rwdata.*)
 *(.sdata .sdata.* .gnu.linkonce.s.*)
 .sdata         0x010189cc        0x8 /opt/altera/13.0sp1/nios2eds/bin/gnu/H-i686-pc-linux-gnu/bin/../lib/gcc/nios2-elf/4.1.2/../../../../nios2-elf/lib/mno-hw-mul/libc.a(lib_a-impure.o)
                0x010189cc                _impure_ptr
                0x010189d0                _global_impure_ptr
 .sdata         0x010189d4        0x8 /opt/altera/13.0sp1/nios2eds/bin/gnu/H-i686-pc-linux-gnu/bin/../lib/gcc/nios2-elf/4.1.2/../../../../nios2-elf/lib/mno-hw-mul/libc.a(lib_a-locale.o)
                0x010189d4                __mb_cur_max
 .sdata         0x010189dc        0x8 /opt/altera/13.0sp1/nios2eds/bin/gnu/H-i686-pc-linux-gnu/bin/../lib/gcc/nios2-elf/4.1.2/../../../../nios2-elf/lib/mno-hw-mul/libc.a(lib_a-mallocr.o)
                0x010189dc                __malloc_trim_threshold
                0x010189e0                __malloc_sbrk_base
 .sdata         0x010189e4       0x14 ../lab2_cswitch_bsp//libucosii_bsp.a(alt_dev.o)
                0x010189e4                alt_fs_list
                0x010189ec                alt_dev_list
                0x010189f4                alt_max_fd
 .sdata         0x010189f8        0x4 ../lab2_cswitch_bsp//libucosii_bsp.a(alt_errno.o)
                0x010189f8                alt_errno
 .sdata         0x010189fc        0x4 ../lab2_cswitch_bsp//libucosii_bsp.a(alt_sbrk.o)
 .sdata         0x01018a00        0x4 ../lab2_cswitch_bsp//libucosii_bsp.a(alt_env_lock.o)
 .sdata         0x01018a04        0x4 ../lab2_cswitch_bsp//libucosii_bsp.a(alt_malloc_lock.o)
 .sdata         0x01018a08       0x74 ../lab2_cswitch_bsp//libucosii_bsp.a(os_dbg.o)
                0x01018a08                OSDebugEn
                0x01018a0c                OSEndiannessTest
                0x01018a10                OSEventEn
                0x01018a12                OSEventMax
                0x01018a14                OSEventNameSize
                0x01018a16                OSEventSize
                0x01018a18                OSEventTblSize
                0x01018a1a                OSEventMultiEn
                0x01018a1c                OSFlagEn
                0x01018a1e                OSFlagGrpSize
                0x01018a20                OSFlagNodeSize
                0x01018a22                OSFlagWidth
                0x01018a24                OSFlagMax
                0x01018a26                OSFlagNameSize
                0x01018a28                OSLowestPrio
                0x01018a2a                OSMboxEn
                0x01018a2c                OSMemEn
                0x01018a2e                OSMemMax
                0x01018a30                OSMemNameSize
                0x01018a32                OSMemSize
                0x01018a34                OSMemTblSize
                0x01018a36                OSMutexEn
                0x01018a38                OSPtrSize
                0x01018a3a                OSQEn
                0x01018a3c                OSQMax
                0x01018a3e                OSQSize
                0x01018a40                OSRdyTblSize
                0x01018a42                OSSemEn
                0x01018a44                OSStkWidth
                0x01018a46                OSTaskCreateEn
                0x01018a48                OSTaskCreateExtEn
                0x01018a4a                OSTaskDelEn
                0x01018a4c                OSTaskIdleStkSize
                0x01018a4e                OSTaskProfileEn
                0x01018a50                OSTaskMax
                0x01018a52                OSTaskNameSize
                0x01018a54                OSTaskStatEn
                0x01018a56                OSTaskStatStkSize
                0x01018a58                OSTaskStatStkChkEn
                0x01018a5a                OSTaskSwHookEn
                0x01018a5c                OSTCBPrioTblMax
                0x01018a5e                OSTCBSize
                0x01018a60                OSTicksPerSec
                0x01018a62                OSTimeTickHookEn
                0x01018a64                OSVersionNbr
                0x01018a66                OSTmrEn
                0x01018a68                OSTmrCfgMax
                0x01018a6a                OSTmrCfgNameSize
                0x01018a6c                OSTmrCfgWheelSize
                0x01018a6e                OSTmrCfgTicksPerSec
                0x01018a70                OSTmrSize
                0x01018a72                OSTmrTblSize
                0x01018a74                OSTmrWheelSize
                0x01018a76                OSTmrWheelTblSize
                0x01018a78                OSDataSize
 .sdata         0x01018a7c        0x4 ../lab2_cswitch_bsp//libucosii_bsp.a(alt_irq_vars.o)
                0x01018a7c                alt_priority_mask
 .sdata         0x01018a80        0x8 ../lab2_cswitch_bsp//libucosii_bsp.a(alt_tick.o)
                0x01018a80                alt_alarm_list
 *(.sdata2 .sdata2.* .gnu.linkonce.s2.*)
                0x01018a88                . = ALIGN (0x4)
                0x01018a88                _edata = ABSOLUTE (.)
                0x01018a88                PROVIDE (edata, ABSOLUTE (.))
                0x01018a88                PROVIDE (__ram_rwdata_end, ABSOLUTE (.))
                0x01018a88                PROVIDE (__flash_rwdata_start, LOADADDR (.rwdata))

.bss            0x0101a598     0xb594
                0x0101a598                __bss_start = ABSOLUTE (.)
                0x0101a598                PROVIDE (__sbss_start, ABSOLUTE (.))
                0x0101a598                PROVIDE (___sbss_start, ABSOLUTE (.))
 *(.dynsbss)
 *(.sbss .sbss.* .gnu.linkonce.sb.*)
 .sbss          0x0101a598        0x8 obj/default/ContextSwitch.o
                0x0101a598                Mem
                0x0101a59c                mean_pend
                0x0101a59e                mean_post
 .sbss          0x0101a5a0       0x18 obj/default/ContextSwitch.o
                0x0101a5a0                SemT1S1
                0x0101a5a4                SemT0S1
                0x0101a5a8                SemT0S0
                0x0101a5ac                Semarde
                0x0101a5b0                MemBuffer
                0x0101a5b4                SemT1S0
 .sbss          0x0101a5b8        0xc /opt/altera/13.0sp1/nios2eds/bin/gnu/H-i686-pc-linux-gnu/bin/../lib/gcc/nios2-elf/4.1.2/../../../../nios2-elf/lib/mno-hw-mul/libc.a(lib_a-locale.o)
                0x0101a5b8                __nlocale_changed
                0x0101a5bc                __mlocale_changed
                0x0101a5c0                _PathLocale
 .sbss          0x0101a5c4        0xc /opt/altera/13.0sp1/nios2eds/bin/gnu/H-i686-pc-linux-gnu/bin/../lib/gcc/nios2-elf/4.1.2/../../../../nios2-elf/lib/mno-hw-mul/libc.a(lib_a-mallocr.o)
                0x0101a5c4                __malloc_top_pad
                0x0101a5c8                __malloc_max_sbrked_mem
                0x0101a5cc                __malloc_max_total_mem
 .sbss          0x0101a5d0        0x4 /opt/altera/13.0sp1/nios2eds/bin/gnu/H-i686-pc-linux-gnu/bin/../lib/gcc/nios2-elf/4.1.2/../../../../nios2-elf/lib/mno-hw-mul/libc.a(lib_a-int_errno.o)
                0x0101a5d0                errno
 .sbss          0x0101a5d4        0x4 ../lab2_cswitch_bsp//libucosii_bsp.a(alt_dev.o)
                0x0101a5d4                alt_fd_list_lock
 .sbss          0x0101a5d8        0xc ../lab2_cswitch_bsp//libucosii_bsp.a(alt_main.o)
                0x0101a5d8                alt_argc
                0x0101a5dc                alt_argv
                0x0101a5e0                alt_envp
 .sbss          0x0101a5e4        0x8 ../lab2_cswitch_bsp//libucosii_bsp.a(alt_env_lock.o)
                0x0101a5e8                alt_envsem
 .sbss          0x0101a5ec        0x8 ../lab2_cswitch_bsp//libucosii_bsp.a(alt_malloc_lock.o)
                0x0101a5f0                alt_heapsem
 .sbss          0x0101a5f4       0x50 ../lab2_cswitch_bsp//libucosii_bsp.a(os_core.o)
                0x0101a5f4                OSLockNesting
                0x0101a5f5                OSRunning
                0x0101a5f8                OSIdleCtr
                0x0101a5fc                OSPrioHighRdy
                0x0101a5fd                OSPrioCur
                0x0101a600                OSTCBList
                0x0101a604                OSTickStepState
                0x0101a608                OSCtxSwCtr
                0x0101a60c                OSIdleCtrMax
                0x0101a610                OSTCBFreeList
                0x0101a614                OSCPUUsage
                0x0101a615                OSTaskCtr
                0x0101a618                OSMemFreeList
                0x0101a61c                OSTCBHighRdy
                0x0101a620                OSQFreeList
                0x0101a624                OSRdyGrp
                0x0101a625                OSRdyTbl
                0x0101a628                OSEventFreeList
                0x0101a62c                OSIntNesting
                0x0101a630                OSTCBCur
                0x0101a634                OSTime
                0x0101a638                OSFlagFreeList
                0x0101a63c                OSStatRdy
                0x0101a640                OSIdleCtrRun
 .sbss          0x0101a644        0x4 ../lab2_cswitch_bsp//libucosii_bsp.a(alt_irq_vars.o)
                0x0101a644                alt_irq_active
 .sbss          0x0101a648        0x8 ../lab2_cswitch_bsp//libucosii_bsp.a(alt_tick.o)
                0x0101a648                _alt_tick_rate
                0x0101a64c                _alt_nticks
 *(.sbss2 .sbss2.* .gnu.linkonce.sb2.*)
 *(.scommon)
                0x0101a650                PROVIDE (__sbss_end, ABSOLUTE (.))
                0x0101a650                PROVIDE (___sbss_end, ABSOLUTE (.))
 *(.dynbss)
 *(.bss .bss.* .gnu.linkonce.b.*)
 .bss           0x0101a650        0x0 ../lab2_cswitch_bsp//obj/HAL/src/crt0.o
 .bss           0x0101a650        0x0 obj/default/ContextSwitch.o
 .bss           0x0101a650        0x0 /opt/altera/13.0sp1/nios2eds/bin/gnu/H-i686-pc-linux-gnu/bin/../lib/gcc/nios2-elf/4.1.2/mno-hw-mul/libgcc.a(_mul_sf.o)
 .bss           0x0101a650        0x0 /opt/altera/13.0sp1/nios2eds/bin/gnu/H-i686-pc-linux-gnu/bin/../lib/gcc/nios2-elf/4.1.2/mno-hw-mul/libgcc.a(_div_sf.o)
 .bss           0x0101a650        0x0 /opt/altera/13.0sp1/nios2eds/bin/gnu/H-i686-pc-linux-gnu/bin/../lib/gcc/nios2-elf/4.1.2/mno-hw-mul/libgcc.a(_sf_to_si.o)
 .bss           0x0101a650        0x0 /opt/altera/13.0sp1/nios2eds/bin/gnu/H-i686-pc-linux-gnu/bin/../lib/gcc/nios2-elf/4.1.2/mno-hw-mul/libgcc.a(_thenan_sf.o)
 .bss           0x0101a650        0x0 /opt/altera/13.0sp1/nios2eds/bin/gnu/H-i686-pc-linux-gnu/bin/../lib/gcc/nios2-elf/4.1.2/mno-hw-mul/libgcc.a(_usi_to_sf.o)
 .bss           0x0101a650        0x0 /opt/altera/13.0sp1/nios2eds/bin/gnu/H-i686-pc-linux-gnu/bin/../lib/gcc/nios2-elf/4.1.2/mno-hw-mul/libgcc.a(lib2-divmod.o)
 .bss           0x0101a650        0x0 /opt/altera/13.0sp1/nios2eds/bin/gnu/H-i686-pc-linux-gnu/bin/../lib/gcc/nios2-elf/4.1.2/mno-hw-mul/libgcc.a(lib2-mul.o)
 .bss           0x0101a650        0x0 /opt/altera/13.0sp1/nios2eds/bin/gnu/H-i686-pc-linux-gnu/bin/../lib/gcc/nios2-elf/4.1.2/mno-hw-mul/libgcc.a(_muldi3.o)
 .bss           0x0101a650        0x0 /opt/altera/13.0sp1/nios2eds/bin/gnu/H-i686-pc-linux-gnu/bin/../lib/gcc/nios2-elf/4.1.2/mno-hw-mul/libgcc.a(_clzsi2.o)
 .bss           0x0101a650        0x0 /opt/altera/13.0sp1/nios2eds/bin/gnu/H-i686-pc-linux-gnu/bin/../lib/gcc/nios2-elf/4.1.2/mno-hw-mul/libgcc.a(_pack_sf.o)
 .bss           0x0101a650        0x0 /opt/altera/13.0sp1/nios2eds/bin/gnu/H-i686-pc-linux-gnu/bin/../lib/gcc/nios2-elf/4.1.2/mno-hw-mul/libgcc.a(_unpack_sf.o)
 .bss           0x0101a650        0x0 /opt/altera/13.0sp1/nios2eds/bin/gnu/H-i686-pc-linux-gnu/bin/../lib/gcc/nios2-elf/4.1.2/mno-hw-mul/libgcc.a(_clz.o)
 .bss           0x0101a650        0x0 /opt/altera/13.0sp1/nios2eds/bin/gnu/H-i686-pc-linux-gnu/bin/../lib/gcc/nios2-elf/4.1.2/../../../../nios2-elf/lib/mno-hw-mul/libc.a(lib_a-printf.o)
 .bss           0x0101a650        0x0 /opt/altera/13.0sp1/nios2eds/bin/gnu/H-i686-pc-linux-gnu/bin/../lib/gcc/nios2-elf/4.1.2/../../../../nios2-elf/lib/mno-hw-mul/libc.a(lib_a-puts.o)
 .bss           0x0101a650        0x0 /opt/altera/13.0sp1/nios2eds/bin/gnu/H-i686-pc-linux-gnu/bin/../lib/gcc/nios2-elf/4.1.2/../../../../nios2-elf/lib/mno-hw-mul/libc.a(lib_a-strlen.o)
 .bss           0x0101a650        0x0 /opt/altera/13.0sp1/nios2eds/bin/gnu/H-i686-pc-linux-gnu/bin/../lib/gcc/nios2-elf/4.1.2/../../../../nios2-elf/lib/mno-hw-mul/libc.a(lib_a-vfprintf.o)
 .bss           0x0101a650        0x0 /opt/altera/13.0sp1/nios2eds/bin/gnu/H-i686-pc-linux-gnu/bin/../lib/gcc/nios2-elf/4.1.2/../../../../nios2-elf/lib/mno-hw-mul/libc.a(lib_a-wsetup.o)
 .bss           0x0101a650        0x0 /opt/altera/13.0sp1/nios2eds/bin/gnu/H-i686-pc-linux-gnu/bin/../lib/gcc/nios2-elf/4.1.2/../../../../nios2-elf/lib/mno-hw-mul/libc.a(lib_a-dtoa.o)
 .bss           0x0101a650        0x0 /opt/altera/13.0sp1/nios2eds/bin/gnu/H-i686-pc-linux-gnu/bin/../lib/gcc/nios2-elf/4.1.2/../../../../nios2-elf/lib/mno-hw-mul/libc.a(lib_a-fflush.o)
 .bss           0x0101a650        0x0 /opt/altera/13.0sp1/nios2eds/bin/gnu/H-i686-pc-linux-gnu/bin/../lib/gcc/nios2-elf/4.1.2/../../../../nios2-elf/lib/mno-hw-mul/libc.a(lib_a-findfp.o)
 .bss           0x0101a650        0x0 /opt/altera/13.0sp1/nios2eds/bin/gnu/H-i686-pc-linux-gnu/bin/../lib/gcc/nios2-elf/4.1.2/../../../../nios2-elf/lib/mno-hw-mul/libc.a(lib_a-freer.o)
 .bss           0x0101a650        0x0 /opt/altera/13.0sp1/nios2eds/bin/gnu/H-i686-pc-linux-gnu/bin/../lib/gcc/nios2-elf/4.1.2/../../../../nios2-elf/lib/mno-hw-mul/libc.a(lib_a-fvwrite.o)
 .bss           0x0101a650        0x0 /opt/altera/13.0sp1/nios2eds/bin/gnu/H-i686-pc-linux-gnu/bin/../lib/gcc/nios2-elf/4.1.2/../../../../nios2-elf/lib/mno-hw-mul/libc.a(lib_a-fwalk.o)
 .bss           0x0101a650        0x0 /opt/altera/13.0sp1/nios2eds/bin/gnu/H-i686-pc-linux-gnu/bin/../lib/gcc/nios2-elf/4.1.2/../../../../nios2-elf/lib/mno-hw-mul/libc.a(lib_a-impure.o)
 .bss           0x0101a650        0x0 /opt/altera/13.0sp1/nios2eds/bin/gnu/H-i686-pc-linux-gnu/bin/../lib/gcc/nios2-elf/4.1.2/../../../../nios2-elf/lib/mno-hw-mul/libc.a(lib_a-locale.o)
 .bss           0x0101a650        0x0 /opt/altera/13.0sp1/nios2eds/bin/gnu/H-i686-pc-linux-gnu/bin/../lib/gcc/nios2-elf/4.1.2/../../../../nios2-elf/lib/mno-hw-mul/libc.a(lib_a-makebuf.o)
 .bss           0x0101a650       0x28 /opt/altera/13.0sp1/nios2eds/bin/gnu/H-i686-pc-linux-gnu/bin/../lib/gcc/nios2-elf/4.1.2/../../../../nios2-elf/lib/mno-hw-mul/libc.a(lib_a-mallocr.o)
                0x0101a650                __malloc_current_mallinfo
 .bss           0x0101a678        0x0 /opt/altera/13.0sp1/nios2eds/bin/gnu/H-i686-pc-linux-gnu/bin/../lib/gcc/nios2-elf/4.1.2/../../../../nios2-elf/lib/mno-hw-mul/libc.a(lib_a-memchr.o)
 .bss           0x0101a678        0x0 /opt/altera/13.0sp1/nios2eds/bin/gnu/H-i686-pc-linux-gnu/bin/../lib/gcc/nios2-elf/4.1.2/../../../../nios2-elf/lib/mno-hw-mul/libc.a(lib_a-memcpy.o)
 .bss           0x0101a678        0x0 /opt/altera/13.0sp1/nios2eds/bin/gnu/H-i686-pc-linux-gnu/bin/../lib/gcc/nios2-elf/4.1.2/../../../../nios2-elf/lib/mno-hw-mul/libc.a(lib_a-memmove.o)
 .bss           0x0101a678        0x0 /opt/altera/13.0sp1/nios2eds/bin/gnu/H-i686-pc-linux-gnu/bin/../lib/gcc/nios2-elf/4.1.2/../../../../nios2-elf/lib/mno-hw-mul/libc.a(lib_a-memset.o)
 .bss           0x0101a678        0x0 /opt/altera/13.0sp1/nios2eds/bin/gnu/H-i686-pc-linux-gnu/bin/../lib/gcc/nios2-elf/4.1.2/../../../../nios2-elf/lib/mno-hw-mul/libc.a(lib_a-mprec.o)
 .bss           0x0101a678        0x0 /opt/altera/13.0sp1/nios2eds/bin/gnu/H-i686-pc-linux-gnu/bin/../lib/gcc/nios2-elf/4.1.2/../../../../nios2-elf/lib/mno-hw-mul/libc.a(lib_a-reallocr.o)
 .bss           0x0101a678        0x0 /opt/altera/13.0sp1/nios2eds/bin/gnu/H-i686-pc-linux-gnu/bin/../lib/gcc/nios2-elf/4.1.2/../../../../nios2-elf/lib/mno-hw-mul/libc.a(lib_a-s_isinfd.o)
 .bss           0x0101a678        0x0 /opt/altera/13.0sp1/nios2eds/bin/gnu/H-i686-pc-linux-gnu/bin/../lib/gcc/nios2-elf/4.1.2/../../../../nios2-elf/lib/mno-hw-mul/libc.a(lib_a-s_isnand.o)
 .bss           0x0101a678        0x0 /opt/altera/13.0sp1/nios2eds/bin/gnu/H-i686-pc-linux-gnu/bin/../lib/gcc/nios2-elf/4.1.2/../../../../nios2-elf/lib/mno-hw-mul/libc.a(lib_a-sbrkr.o)
 .bss           0x0101a678        0x0 /opt/altera/13.0sp1/nios2eds/bin/gnu/H-i686-pc-linux-gnu/bin/../lib/gcc/nios2-elf/4.1.2/../../../../nios2-elf/lib/mno-hw-mul/libc.a(lib_a-stdio.o)
 .bss           0x0101a678        0x0 /opt/altera/13.0sp1/nios2eds/bin/gnu/H-i686-pc-linux-gnu/bin/../lib/gcc/nios2-elf/4.1.2/../../../../nios2-elf/lib/mno-hw-mul/libc.a(lib_a-strcmp.o)
 .bss           0x0101a678        0x0 /opt/altera/13.0sp1/nios2eds/bin/gnu/H-i686-pc-linux-gnu/bin/../lib/gcc/nios2-elf/4.1.2/../../../../nios2-elf/lib/mno-hw-mul/libc.a(lib_a-writer.o)
 .bss           0x0101a678        0x0 /opt/altera/13.0sp1/nios2eds/bin/gnu/H-i686-pc-linux-gnu/bin/../lib/gcc/nios2-elf/4.1.2/../../../../nios2-elf/lib/mno-hw-mul/libc.a(lib_a-callocr.o)
 .bss           0x0101a678        0x0 /opt/altera/13.0sp1/nios2eds/bin/gnu/H-i686-pc-linux-gnu/bin/../lib/gcc/nios2-elf/4.1.2/../../../../nios2-elf/lib/mno-hw-mul/libc.a(lib_a-closer.o)
 .bss           0x0101a678        0x0 /opt/altera/13.0sp1/nios2eds/bin/gnu/H-i686-pc-linux-gnu/bin/../lib/gcc/nios2-elf/4.1.2/../../../../nios2-elf/lib/mno-hw-mul/libc.a(lib_a-fclose.o)
 .bss           0x0101a678        0x0 /opt/altera/13.0sp1/nios2eds/bin/gnu/H-i686-pc-linux-gnu/bin/../lib/gcc/nios2-elf/4.1.2/../../../../nios2-elf/lib/mno-hw-mul/libc.a(lib_a-fstatr.o)
 .bss           0x0101a678        0x0 /opt/altera/13.0sp1/nios2eds/bin/gnu/H-i686-pc-linux-gnu/bin/../lib/gcc/nios2-elf/4.1.2/../../../../nios2-elf/lib/mno-hw-mul/libc.a(lib_a-int_errno.o)
 .bss           0x0101a678        0x0 /opt/altera/13.0sp1/nios2eds/bin/gnu/H-i686-pc-linux-gnu/bin/../lib/gcc/nios2-elf/4.1.2/../../../../nios2-elf/lib/mno-hw-mul/libc.a(lib_a-isattyr.o)
 .bss           0x0101a678        0x0 /opt/altera/13.0sp1/nios2eds/bin/gnu/H-i686-pc-linux-gnu/bin/../lib/gcc/nios2-elf/4.1.2/../../../../nios2-elf/lib/mno-hw-mul/libc.a(lib_a-lseekr.o)
 .bss           0x0101a678        0x0 /opt/altera/13.0sp1/nios2eds/bin/gnu/H-i686-pc-linux-gnu/bin/../lib/gcc/nios2-elf/4.1.2/../../../../nios2-elf/lib/mno-hw-mul/libc.a(lib_a-readr.o)
 .bss           0x0101a678        0x0 /opt/altera/13.0sp1/nios2eds/bin/gnu/H-i686-pc-linux-gnu/bin/../lib/gcc/nios2-elf/4.1.2/mno-hw-mul/libgcc.a(_udivdi3.o)
 .bss           0x0101a678        0x0 /opt/altera/13.0sp1/nios2eds/bin/gnu/H-i686-pc-linux-gnu/bin/../lib/gcc/nios2-elf/4.1.2/mno-hw-mul/libgcc.a(_umoddi3.o)
 .bss           0x0101a678        0x0 /opt/altera/13.0sp1/nios2eds/bin/gnu/H-i686-pc-linux-gnu/bin/../lib/gcc/nios2-elf/4.1.2/mno-hw-mul/libgcc.a(_addsub_df.o)
 .bss           0x0101a678        0x0 /opt/altera/13.0sp1/nios2eds/bin/gnu/H-i686-pc-linux-gnu/bin/../lib/gcc/nios2-elf/4.1.2/mno-hw-mul/libgcc.a(_mul_df.o)
 .bss           0x0101a678        0x0 /opt/altera/13.0sp1/nios2eds/bin/gnu/H-i686-pc-linux-gnu/bin/../lib/gcc/nios2-elf/4.1.2/mno-hw-mul/libgcc.a(_div_df.o)
 .bss           0x0101a678        0x0 /opt/altera/13.0sp1/nios2eds/bin/gnu/H-i686-pc-linux-gnu/bin/../lib/gcc/nios2-elf/4.1.2/mno-hw-mul/libgcc.a(_eq_df.o)
 .bss           0x0101a678        0x0 /opt/altera/13.0sp1/nios2eds/bin/gnu/H-i686-pc-linux-gnu/bin/../lib/gcc/nios2-elf/4.1.2/mno-hw-mul/libgcc.a(_ne_df.o)
 .bss           0x0101a678        0x0 /opt/altera/13.0sp1/nios2eds/bin/gnu/H-i686-pc-linux-gnu/bin/../lib/gcc/nios2-elf/4.1.2/mno-hw-mul/libgcc.a(_gt_df.o)
 .bss           0x0101a678        0x0 /opt/altera/13.0sp1/nios2eds/bin/gnu/H-i686-pc-linux-gnu/bin/../lib/gcc/nios2-elf/4.1.2/mno-hw-mul/libgcc.a(_ge_df.o)
 .bss           0x0101a678        0x0 /opt/altera/13.0sp1/nios2eds/bin/gnu/H-i686-pc-linux-gnu/bin/../lib/gcc/nios2-elf/4.1.2/mno-hw-mul/libgcc.a(_lt_df.o)
 .bss           0x0101a678        0x0 /opt/altera/13.0sp1/nios2eds/bin/gnu/H-i686-pc-linux-gnu/bin/../lib/gcc/nios2-elf/4.1.2/mno-hw-mul/libgcc.a(_si_to_df.o)
 .bss           0x0101a678        0x0 /opt/altera/13.0sp1/nios2eds/bin/gnu/H-i686-pc-linux-gnu/bin/../lib/gcc/nios2-elf/4.1.2/mno-hw-mul/libgcc.a(_df_to_si.o)
 .bss           0x0101a678        0x0 /opt/altera/13.0sp1/nios2eds/bin/gnu/H-i686-pc-linux-gnu/bin/../lib/gcc/nios2-elf/4.1.2/mno-hw-mul/libgcc.a(_thenan_df.o)
 .bss           0x0101a678        0x0 /opt/altera/13.0sp1/nios2eds/bin/gnu/H-i686-pc-linux-gnu/bin/../lib/gcc/nios2-elf/4.1.2/mno-hw-mul/libgcc.a(_usi_to_df.o)
 .bss           0x0101a678        0x0 /opt/altera/13.0sp1/nios2eds/bin/gnu/H-i686-pc-linux-gnu/bin/../lib/gcc/nios2-elf/4.1.2/mno-hw-mul/libgcc.a(_pack_df.o)
 .bss           0x0101a678        0x0 /opt/altera/13.0sp1/nios2eds/bin/gnu/H-i686-pc-linux-gnu/bin/../lib/gcc/nios2-elf/4.1.2/mno-hw-mul/libgcc.a(_unpack_df.o)
 .bss           0x0101a678        0x0 /opt/altera/13.0sp1/nios2eds/bin/gnu/H-i686-pc-linux-gnu/bin/../lib/gcc/nios2-elf/4.1.2/mno-hw-mul/libgcc.a(_fpcmp_parts_df.o)
 .bss           0x0101a678        0x0 ../lab2_cswitch_bsp//libucosii_bsp.a(alt_close.o)
 .bss           0x0101a678        0x0 ../lab2_cswitch_bsp//libucosii_bsp.a(alt_dev.o)
 .bss           0x0101a678        0x0 ../lab2_cswitch_bsp//libucosii_bsp.a(alt_errno.o)
 .bss           0x0101a678        0x0 ../lab2_cswitch_bsp//libucosii_bsp.a(alt_fstat.o)
 .bss           0x0101a678        0x0 ../lab2_cswitch_bsp//libucosii_bsp.a(alt_isatty.o)
 .bss           0x0101a678        0x0 ../lab2_cswitch_bsp//libucosii_bsp.a(alt_load.o)
 .bss           0x0101a678        0x0 ../lab2_cswitch_bsp//libucosii_bsp.a(alt_lseek.o)
 .bss           0x0101a678        0x0 ../lab2_cswitch_bsp//libucosii_bsp.a(alt_main.o)
 .bss           0x0101a678        0x0 ../lab2_cswitch_bsp//libucosii_bsp.a(alt_read.o)
 .bss           0x0101a678        0x0 ../lab2_cswitch_bsp//libucosii_bsp.a(alt_release_fd.o)
 .bss           0x0101a678        0x0 ../lab2_cswitch_bsp//libucosii_bsp.a(alt_sbrk.o)
 .bss           0x0101a678        0x0 ../lab2_cswitch_bsp//libucosii_bsp.a(alt_write.o)
 .bss           0x0101a678        0x0 ../lab2_cswitch_bsp//libucosii_bsp.a(alt_env_lock.o)
 .bss           0x0101a678        0x0 ../lab2_cswitch_bsp//libucosii_bsp.a(alt_malloc_lock.o)
 .bss           0x0101a678        0x0 ../lab2_cswitch_bsp//libucosii_bsp.a(os_core.o)
 .bss           0x0101a678        0x0 ../lab2_cswitch_bsp//libucosii_bsp.a(os_dbg.o)
 .bss           0x0101a678        0x0 ../lab2_cswitch_bsp//libucosii_bsp.a(os_flag.o)
 .bss           0x0101a678        0x0 ../lab2_cswitch_bsp//libucosii_bsp.a(os_mem.o)
 .bss           0x0101a678        0x0 ../lab2_cswitch_bsp//libucosii_bsp.a(os_q.o)
 .bss           0x0101a678        0x0 ../lab2_cswitch_bsp//libucosii_bsp.a(os_sem.o)
 .bss           0x0101a678        0x0 ../lab2_cswitch_bsp//libucosii_bsp.a(os_task.o)
 .bss           0x0101a678        0x0 ../lab2_cswitch_bsp//libucosii_bsp.a(os_time.o)
 .bss           0x0101a678        0x0 ../lab2_cswitch_bsp//libucosii_bsp.a(alt_sys_init.o)
 .bss           0x0101a678        0x0 ../lab2_cswitch_bsp//libucosii_bsp.a(altera_avalon_jtag_uart_fd.o)
 .bss           0x0101a678        0x0 ../lab2_cswitch_bsp//libucosii_bsp.a(altera_avalon_jtag_uart_init.o)
 .bss           0x0101a678        0x0 ../lab2_cswitch_bsp//libucosii_bsp.a(altera_avalon_jtag_uart_ioctl.o)
 .bss           0x0101a678        0x0 ../lab2_cswitch_bsp//libucosii_bsp.a(altera_avalon_jtag_uart_read.o)
 .bss           0x0101a678        0x0 ../lab2_cswitch_bsp//libucosii_bsp.a(altera_avalon_jtag_uart_write.o)
 .bss           0x0101a678        0x0 ../lab2_cswitch_bsp//libucosii_bsp.a(altera_avalon_performance_counter.o)
 .bss           0x0101a678        0x0 ../lab2_cswitch_bsp//libucosii_bsp.a(altera_avalon_timer_sc.o)
 .bss           0x0101a678        0x0 ../lab2_cswitch_bsp//libucosii_bsp.a(altera_up_avalon_character_lcd.o)
 .bss           0x0101a678        0x0 ../lab2_cswitch_bsp//libucosii_bsp.a(alt_alarm_start.o)
 .bss           0x0101a678        0x0 ../lab2_cswitch_bsp//libucosii_bsp.a(alt_dcache_flush_all.o)
 .bss           0x0101a678        0x0 ../lab2_cswitch_bsp//libucosii_bsp.a(alt_dev_llist_insert.o)
 .bss           0x0101a678        0x0 ../lab2_cswitch_bsp//libucosii_bsp.a(alt_do_ctors.o)
 .bss           0x0101a678        0x0 ../lab2_cswitch_bsp//libucosii_bsp.a(alt_do_dtors.o)
 .bss           0x0101a678        0x0 ../lab2_cswitch_bsp//libucosii_bsp.a(alt_find_dev.o)
 .bss           0x0101a678        0x0 ../lab2_cswitch_bsp//libucosii_bsp.a(alt_icache_flush_all.o)
 .bss           0x0101a678        0x0 ../lab2_cswitch_bsp//libucosii_bsp.a(alt_iic.o)
 .bss           0x0101a678        0x0 ../lab2_cswitch_bsp//libucosii_bsp.a(alt_iic_isr_register.o)
 .bss           0x0101a678        0x0 ../lab2_cswitch_bsp//libucosii_bsp.a(alt_io_redirect.o)
 .bss           0x0101a678        0x0 ../lab2_cswitch_bsp//libucosii_bsp.a(alt_irq_entry.o)
 .bss           0x0101a678        0x0 ../lab2_cswitch_bsp//libucosii_bsp.a(alt_irq_handler.o)
 .bss           0x0101a678        0x0 ../lab2_cswitch_bsp//libucosii_bsp.a(alt_irq_vars.o)
 .bss           0x0101a678        0x0 ../lab2_cswitch_bsp//libucosii_bsp.a(alt_open.o)
 .bss           0x0101a678        0x0 ../lab2_cswitch_bsp//libucosii_bsp.a(alt_tick.o)
 .bss           0x0101a678        0x0 ../lab2_cswitch_bsp//libucosii_bsp.a(altera_nios2_qsys_irq.o)
 .bss           0x0101a678        0x0 ../lab2_cswitch_bsp//libucosii_bsp.a(os_cpu_a.o)
 .bss           0x0101a678        0x0 ../lab2_cswitch_bsp//libucosii_bsp.a(os_cpu_c.o)
 .bss           0x0101a678        0x0 ../lab2_cswitch_bsp//libucosii_bsp.a(alt_exception_entry.o)
 .bss           0x0101a678        0x0 ../lab2_cswitch_bsp//libucosii_bsp.a(alt_find_file.o)
 .bss           0x0101a678        0x0 ../lab2_cswitch_bsp//libucosii_bsp.a(alt_get_fd.o)
 .bss           0x0101a678        0x0 /opt/altera/13.0sp1/nios2eds/bin/gnu/H-i686-pc-linux-gnu/bin/../lib/gcc/nios2-elf/4.1.2/../../../../nios2-elf/lib/mno-hw-mul/libc.a(lib_a-atexit.o)
 .bss           0x0101a678        0x0 /opt/altera/13.0sp1/nios2eds/bin/gnu/H-i686-pc-linux-gnu/bin/../lib/gcc/nios2-elf/4.1.2/../../../../nios2-elf/lib/mno-hw-mul/libc.a(lib_a-exit.o)
 .bss           0x0101a678        0x0 /opt/altera/13.0sp1/nios2eds/bin/gnu/H-i686-pc-linux-gnu/bin/../lib/gcc/nios2-elf/4.1.2/../../../../nios2-elf/lib/mno-hw-mul/libc.a(lib_a-memcmp.o)
 .bss           0x0101a678        0x0 /opt/altera/13.0sp1/nios2eds/bin/gnu/H-i686-pc-linux-gnu/bin/../lib/gcc/nios2-elf/4.1.2/../../../../nios2-elf/lib/mno-hw-mul/libc.a(lib_a-__atexit.o)
 .bss           0x0101a678        0x0 /opt/altera/13.0sp1/nios2eds/bin/gnu/H-i686-pc-linux-gnu/bin/../lib/gcc/nios2-elf/4.1.2/../../../../nios2-elf/lib/mno-hw-mul/libc.a(lib_a-__call_atexit.o)
 .bss           0x0101a678        0x0 /opt/altera/13.0sp1/nios2eds/bin/gnu/H-i686-pc-linux-gnu/bin/../lib/gcc/nios2-elf/4.1.2/mno-hw-mul/libgcc.a(_fixunsdfsi.o)
 .bss           0x0101a678        0x0 ../lab2_cswitch_bsp//libucosii_bsp.a(alt_exit.o)
 *(COMMON)
 COMMON         0x0101a678     0x8000 obj/default/ContextSwitch.o
                0x0101a678                task1_stk
                0x0101c678                task0_stk
                0x0101e678                stat_stk
                0x01020678                measure_stk
 COMMON         0x01022678     0x3224 ../lab2_cswitch_bsp//libucosii_bsp.a(os_core.o)
                0x01022678                OSFlagTbl
                0x010229e8                OSMemTbl
                0x01023618                OSTaskStatStk
                0x01023e18                OSQTbl
                0x01023ff8                OSTaskIdleStk
                0x010247f8                OSEventTbl
                0x01025338                OSTCBTbl
                0x01025848                OSTCBPrioTbl
 COMMON         0x0102589c      0x100 ../lab2_cswitch_bsp//libucosii_bsp.a(alt_irq_handler.o)
                0x0102589c                alt_irq
 COMMON         0x0102599c      0x190 /opt/altera/13.0sp1/nios2eds/bin/gnu/H-i686-pc-linux-gnu/bin/../lib/gcc/nios2-elf/4.1.2/../../../../nios2-elf/lib/mno-hw-mul/libc.a(lib_a-atexit.o)
                0x0102599c                _atexit0
                0x01025b2c                . = ALIGN (0x4)
                0x01025b2c                __bss_end = ABSOLUTE (.)

.onchip_memory  0x00000000        0x0 load address 0x01025b2c
                0x00000000                PROVIDE (_alt_partition_onchip_memory_start, ABSOLUTE (.))
 *(.onchip_memory. onchip_memory.*)
                0x00000000                . = ALIGN (0x4)
                0x00000000                PROVIDE (_alt_partition_onchip_memory_end, ABSOLUTE (.))
                0x01025b2c                PROVIDE (_alt_partition_onchip_memory_load_addr, LOADADDR (.onchip_memory))

.sram           0x00100000        0x0 load address 0x01025b2c
                0x00100000                PROVIDE (_alt_partition_sram_start, ABSOLUTE (.))
 *(.sram. sram.*)
                0x00100000                . = ALIGN (0x4)
                0x00100000                PROVIDE (_alt_partition_sram_end, ABSOLUTE (.))
                0x01025b2c                PROVIDE (_alt_partition_sram_load_addr, LOADADDR (.sram))

.sdram          0x01025b2c        0x0
                0x01025b2c                PROVIDE (_alt_partition_sdram_start, ABSOLUTE (.))
 *(.sdram. sdram.*)
                0x01025b2c                . = ALIGN (0x4)
                0x01025b2c                PROVIDE (_alt_partition_sdram_end, ABSOLUTE (.))
                0x01025b2c                _end = ABSOLUTE (.)
                0x01025b2c                end = ABSOLUTE (.)
                0x01025b2c                __alt_stack_base = ABSOLUTE (.)
                0x01025b2c                PROVIDE (_alt_partition_sdram_load_addr, LOADADDR (.sdram))

.stab
 *(.stab)

.stabstr
 *(.stabstr)

.stab.excl
 *(.stab.excl)

.stab.exclstr
 *(.stab.exclstr)

.stab.index
 *(.stab.index)

.stab.indexstr
 *(.stab.indexstr)

.comment        0x00000000       0x26
 *(.comment)
 .comment       0x00000000       0x26 obj/default/ContextSwitch.o
                                 0x27 (size before relaxing)
 .comment       0x00000000       0x27 /opt/altera/13.0sp1/nios2eds/bin/gnu/H-i686-pc-linux-gnu/bin/../lib/gcc/nios2-elf/4.1.2/mno-hw-mul/libgcc.a(_mul_sf.o)
 .comment       0x00000000       0x27 /opt/altera/13.0sp1/nios2eds/bin/gnu/H-i686-pc-linux-gnu/bin/../lib/gcc/nios2-elf/4.1.2/mno-hw-mul/libgcc.a(_div_sf.o)
 .comment       0x00000000       0x27 /opt/altera/13.0sp1/nios2eds/bin/gnu/H-i686-pc-linux-gnu/bin/../lib/gcc/nios2-elf/4.1.2/mno-hw-mul/libgcc.a(_sf_to_si.o)
 .comment       0x00000000       0x27 /opt/altera/13.0sp1/nios2eds/bin/gnu/H-i686-pc-linux-gnu/bin/../lib/gcc/nios2-elf/4.1.2/mno-hw-mul/libgcc.a(_thenan_sf.o)
 .comment       0x00000000       0x27 /opt/altera/13.0sp1/nios2eds/bin/gnu/H-i686-pc-linux-gnu/bin/../lib/gcc/nios2-elf/4.1.2/mno-hw-mul/libgcc.a(_usi_to_sf.o)
 .comment       0x00000000       0x27 /opt/altera/13.0sp1/nios2eds/bin/gnu/H-i686-pc-linux-gnu/bin/../lib/gcc/nios2-elf/4.1.2/mno-hw-mul/libgcc.a(lib2-divmod.o)
 .comment       0x00000000       0x27 /opt/altera/13.0sp1/nios2eds/bin/gnu/H-i686-pc-linux-gnu/bin/../lib/gcc/nios2-elf/4.1.2/mno-hw-mul/libgcc.a(lib2-mul.o)
 .comment       0x00000000       0x27 /opt/altera/13.0sp1/nios2eds/bin/gnu/H-i686-pc-linux-gnu/bin/../lib/gcc/nios2-elf/4.1.2/mno-hw-mul/libgcc.a(_muldi3.o)
 .comment       0x00000000       0x27 /opt/altera/13.0sp1/nios2eds/bin/gnu/H-i686-pc-linux-gnu/bin/../lib/gcc/nios2-elf/4.1.2/mno-hw-mul/libgcc.a(_clzsi2.o)
 .comment       0x00000000       0x27 /opt/altera/13.0sp1/nios2eds/bin/gnu/H-i686-pc-linux-gnu/bin/../lib/gcc/nios2-elf/4.1.2/mno-hw-mul/libgcc.a(_pack_sf.o)
 .comment       0x00000000       0x27 /opt/altera/13.0sp1/nios2eds/bin/gnu/H-i686-pc-linux-gnu/bin/../lib/gcc/nios2-elf/4.1.2/mno-hw-mul/libgcc.a(_unpack_sf.o)
 .comment       0x00000000       0x27 /opt/altera/13.0sp1/nios2eds/bin/gnu/H-i686-pc-linux-gnu/bin/../lib/gcc/nios2-elf/4.1.2/mno-hw-mul/libgcc.a(_clz.o)
 .comment       0x00000000       0x27 /opt/altera/13.0sp1/nios2eds/bin/gnu/H-i686-pc-linux-gnu/bin/../lib/gcc/nios2-elf/4.1.2/../../../../nios2-elf/lib/mno-hw-mul/libc.a(lib_a-printf.o)
 .comment       0x00000000       0x27 /opt/altera/13.0sp1/nios2eds/bin/gnu/H-i686-pc-linux-gnu/bin/../lib/gcc/nios2-elf/4.1.2/../../../../nios2-elf/lib/mno-hw-mul/libc.a(lib_a-puts.o)
 .comment       0x00000000       0x27 /opt/altera/13.0sp1/nios2eds/bin/gnu/H-i686-pc-linux-gnu/bin/../lib/gcc/nios2-elf/4.1.2/../../../../nios2-elf/lib/mno-hw-mul/libc.a(lib_a-strlen.o)
 .comment       0x00000000       0x27 /opt/altera/13.0sp1/nios2eds/bin/gnu/H-i686-pc-linux-gnu/bin/../lib/gcc/nios2-elf/4.1.2/../../../../nios2-elf/lib/mno-hw-mul/libc.a(lib_a-vfprintf.o)
 .comment       0x00000000       0x27 /opt/altera/13.0sp1/nios2eds/bin/gnu/H-i686-pc-linux-gnu/bin/../lib/gcc/nios2-elf/4.1.2/../../../../nios2-elf/lib/mno-hw-mul/libc.a(lib_a-wsetup.o)