Archive member included because of file (symbol)

/opt/altera/13.0sp1/nios2eds/bin/gnu/H-i686-pc-linux-gnu/bin/../lib/gcc/nios2-elf/4.1.2/../../../../nios2-elf/lib/mno-hw-mul/libc.a(lib_a-printf.o)
                              obj/default/SharedMemory.o (printf)
/opt/altera/13.0sp1/nios2eds/bin/gnu/H-i686-pc-linux-gnu/bin/../lib/gcc/nios2-elf/4.1.2/../../../../nios2-elf/lib/mno-hw-mul/libc.a(lib_a-puts.o)
                              obj/default/SharedMemory.o (puts)
/opt/altera/13.0sp1/nios2eds/bin/gnu/H-i686-pc-linux-gnu/bin/../lib/gcc/nios2-elf/4.1.2/../../../../nios2-elf/lib/mno-hw-mul/libc.a(lib_a-strlen.o)
                              /opt/altera/13.0sp1/nios2eds/bin/gnu/H-i686-pc-linux-gnu/bin/../lib/gcc/nios2-elf/4.1.2/../../../../nios2-elf/lib/mno-hw-mul/libc.a(lib_a-puts.o) (strlen)
/opt/altera/13.0sp1/nios2eds/bin/gnu/H-i686-pc-linux-gnu/bin/../lib/gcc/nios2-elf/4.1.2/../../../../nios2-elf/lib/mno-hw-mul/libc.a(lib_a-vfprintf.o)
                              /opt/altera/13.0sp1/nios2eds/bin/gnu/H-i686-pc-linux-gnu/bin/../lib/gcc/nios2-elf/4.1.2/../../../../nios2-elf/lib/mno-hw-mul/libc.a(lib_a-printf.o) (___vfprintf_internal_r)
/opt/altera/13.0sp1/nios2eds/bin/gnu/H-i686-pc-linux-gnu/bin/../lib/gcc/nios2-elf/4.1.2/../../../../nios2-elf/lib/mno-hw-mul/libc.a(lib_a-wsetup.o)
                              /opt/altera/13.0sp1/nios2eds/bin/gnu/H-i686-pc-linux-gnu/bin/../lib/gcc/nios2-elf/4.1.2/../../../../nios2-elf/lib/mno-hw-mul/libc.a(lib_a-vfprintf.o) (__swsetup_r)
/opt/altera/13.0sp1/nios2eds/bin/gnu/H-i686-pc-linux-gnu/bin/../lib/gcc/nios2-elf/4.1.2/../../../../nios2-elf/lib/mno-hw-mul/libc.a(lib_a-dtoa.o)
                              /opt/altera/13.0sp1/nios2eds/bin/gnu/H-i686-pc-linux-gnu/bin/../lib/gcc/nios2-elf/4.1.2/../../../../nios2-elf/lib/mno-hw-mul/libc.a(lib_a-vfprintf.o) (_dtoa_r)
/opt/altera/13.0sp1/nios2eds/bin/gnu/H-i686-pc-linux-gnu/bin/../lib/gcc/nios2-elf/4.1.2/../../../../nios2-elf/lib/mno-hw-mul/libc.a(lib_a-fflush.o)
                              /opt/altera/13.0sp1/nios2eds/bin/gnu/H-i686-pc-linux-gnu/bin/../lib/gcc/nios2-elf/4.1.2/../../../../nios2-elf/lib/mno-hw-mul/libc.a(lib_a-vfprintf.o) (_fflush_r)
/opt/altera/13.0sp1/nios2eds/bin/gnu/H-i686-pc-linux-gnu/bin/../lib/gcc/nios2-elf/4.1.2/../../../../nios2-elf/lib/mno-hw-mul/libc.a(lib_a-findfp.o)
                              /opt/altera/13.0sp1/nios2eds/bin/gnu/H-i686-pc-linux-gnu/bin/../lib/gcc/nios2-elf/4.1.2/../../../../nios2-elf/lib/mno-hw-mul/libc.a(lib_a-vfprintf.o) (__sinit)
/opt/altera/13.0sp1/nios2eds/bin/gnu/H-i686-pc-linux-gnu/bin/../lib/gcc/nios2-elf/4.1.2/../../../../nios2-elf/lib/mno-hw-mul/libc.a(lib_a-freer.o)
                              /opt/altera/13.0sp1/nios2eds/bin/gnu/H-i686-pc-linux-gnu/bin/../lib/gcc/nios2-elf/4.1.2/../../../../nios2-elf/lib/mno-hw-mul/libc.a(lib_a-wsetup.o) (_free_r)
/opt/altera/13.0sp1/nios2eds/bin/gnu/H-i686-pc-linux-gnu/bin/../lib/gcc/nios2-elf/4.1.2/../../../../nios2-elf/lib/mno-hw-mul/libc.a(lib_a-fvwrite.o)
                              /opt/altera/13.0sp1/nios2eds/bin/gnu/H-i686-pc-linux-gnu/bin/../lib/gcc/nios2-elf/4.1.2/../../../../nios2-elf/lib/mno-hw-mul/libc.a(lib_a-puts.o) (__sfvwrite_r)
/opt/altera/13.0sp1/nios2eds/bin/gnu/H-i686-pc-linux-gnu/bin/../lib/gcc/nios2-elf/4.1.2/../../../../nios2-elf/lib/mno-hw-mul/libc.a(lib_a-fwalk.o)
                              /opt/altera/13.0sp1/nios2eds/bin/gnu/H-i686-pc-linux-gnu/bin/../lib/gcc/nios2-elf/4.1.2/../../../../nios2-elf/lib/mno-hw-mul/libc.a(lib_a-fflush.o) (_fwalk_reent)
/opt/altera/13.0sp1/nios2eds/bin/gnu/H-i686-pc-linux-gnu/bin/../lib/gcc/nios2-elf/4.1.2/../../../../nios2-elf/lib/mno-hw-mul/libc.a(lib_a-impure.o)
                              /opt/altera/13.0sp1/nios2eds/bin/gnu/H-i686-pc-linux-gnu/bin/../lib/gcc/nios2-elf/4.1.2/../../../../nios2-elf/lib/mno-hw-mul/libc.a(lib_a-printf.o) (_impure_ptr)
/opt/altera/13.0sp1/nios2eds/bin/gnu/H-i686-pc-linux-gnu/bin/../lib/gcc/nios2-elf/4.1.2/../../../../nios2-elf/lib/mno-hw-mul/libc.a(lib_a-locale.o)
                              /opt/altera/13.0sp1/nios2eds/bin/gnu/H-i686-pc-linux-gnu/bin/../lib/gcc/nios2-elf/4.1.2/../../../../nios2-elf/lib/mno-hw-mul/libc.a(lib_a-vfprintf.o) (_localeconv_r)
/opt/altera/13.0sp1/nios2eds/bin/gnu/H-i686-pc-linux-gnu/bin/../lib/gcc/nios2-elf/4.1.2/../../../../nios2-elf/lib/mno-hw-mul/libc.a(lib_a-makebuf.o)
                              /opt/altera/13.0sp1/nios2eds/bin/gnu/H-i686-pc-linux-gnu/bin/../lib/gcc/nios2-elf/4.1.2/../../../../nios2-elf/lib/mno-hw-mul/libc.a(lib_a-wsetup.o) (__smakebuf_r)
/opt/altera/13.0sp1/nios2eds/bin/gnu/H-i686-pc-linux-gnu/bin/../lib/gcc/nios2-elf/4.1.2/../../../../nios2-elf/lib/mno-hw-mul/libc.a(lib_a-mallocr.o)
                              /opt/altera/13.0sp1/nios2eds/bin/gnu/H-i686-pc-linux-gnu/bin/../lib/gcc/nios2-elf/4.1.2/../../../../nios2-elf/lib/mno-hw-mul/libc.a(lib_a-findfp.o) (_malloc_r)
[...]
Memory Configuration

Name             Origin             Length             Attributes
onchip_memory    0x00000000         0x00006400
sram             0x00100000         0x00080000
reset            0x01000000         0x00000020
sdram            0x01000020         0x007fffe0
*default*        0x00000000         0xffffffff

Linker script and memory map

LOAD ../lab2_sharedmem_bsp//obj/HAL/src/crt0.o
LOAD obj/default/SharedMemory.o
LOAD /opt/altera/13.0sp1/nios2eds/bin/gnu/H-i686-pc-linux-gnu/bin/../lib/gcc/nios2-elf/4.1.2/../../../../nios2-elf/lib/mno-hw-mul/libstdc++.a
LOAD /opt/altera/13.0sp1/nios2eds/bin/gnu/H-i686-pc-linux-gnu/bin/../lib/gcc/nios2-elf/4.1.2/../../../../nios2-elf/lib/mno-hw-mul/libm.a
LOAD /opt/altera/13.0sp1/nios2eds/bin/gnu/H-i686-pc-linux-gnu/bin/../lib/gcc/nios2-elf/4.1.2/mno-hw-mul/libgcc.a
START GROUP
LOAD /opt/altera/13.0sp1/nios2eds/bin/gnu/H-i686-pc-linux-gnu/bin/../lib/gcc/nios2-elf/4.1.2/../../../../nios2-elf/lib/mno-hw-mul/libc.a
LOAD /opt/altera/13.0sp1/nios2eds/bin/gnu/H-i686-pc-linux-gnu/bin/../lib/gcc/nios2-elf/4.1.2/mno-hw-mul/libgcc.a
LOAD ../lab2_sharedmem_bsp//libucosii_bsp.a
END GROUP
LOAD /opt/altera/13.0sp1/nios2eds/bin/gnu/H-i686-pc-linux-gnu/bin/../lib/gcc/nios2-elf/4.1.2/mno-hw-mul/libgcc.a
                0x00000000                __alt_mem_onchip_memory = 0x0
                0x00100000                __alt_mem_sram = 0x100000
                0x01000000                __alt_mem_sdram = 0x1000000

.entry          0x01000000       0x20
 *(.entry)
 .entry         0x01000000       0x20 ../lab2_sharedmem_bsp//obj/HAL/src/crt0.o
                0x01000000                __reset

.exceptions     0x01000020      0x19c
                0x01000020                PROVIDE (__ram_exceptions_start, ABSOLUTE (.))
                0x01000020                . = ALIGN (0x20)
 *(.irq)
 *(.exceptions.entry.label)
 .exceptions.entry.label
                0x01000020        0x0 ../lab2_sharedmem_bsp//libucosii_bsp.a(alt_irq_entry.o)
                0x01000020                alt_irq_entry
 .exceptions.entry.label
                0x01000020        0x0 ../lab2_sharedmem_bsp//libucosii_bsp.a(alt_exception_entry.o)
                0x01000020                alt_exception
 *(.exceptions.entry.user)
 *(.exceptions.entry)
 .exceptions.entry
                0x01000020       0x54 ../lab2_sharedmem_bsp//libucosii_bsp.a(alt_exception_entry.o)
 *(.exceptions.irqtest.user)
 *(.exceptions.irqtest)
 .exceptions.irqtest
                0x01000074       0x10 ../lab2_sharedmem_bsp//libucosii_bsp.a(alt_irq_entry.o)
 *(.exceptions.irqhandler.user)
 *(.exceptions.irqhandler)
 .exceptions.irqhandler
                0x01000084        0x4 ../lab2_sharedmem_bsp//libucosii_bsp.a(alt_irq_entry.o)
 *(.exceptions.irqreturn.user)
 *(.exceptions.irqreturn)
 .exceptions.irqreturn
                0x01000088        0x4 ../lab2_sharedmem_bsp//libucosii_bsp.a(alt_irq_entry.o)
 *(.exceptions.notirq.label)
 .exceptions.notirq.label
                0x0100008c        0x0 ../lab2_sharedmem_bsp//libucosii_bsp.a(alt_irq_entry.o)
 *(.exceptions.notirq.user)
 *(.exceptions.notirq)
 .exceptions.notirq
                0x0100008c        0x8 ../lab2_sharedmem_bsp//libucosii_bsp.a(alt_exception_entry.o)
 *(.exceptions.soft.user)
 *(.exceptions.soft)
 *(.exceptions.unknown.user)
 *(.exceptions.unknown)
 .exceptions.unknown
                0x01000094        0x4 ../lab2_sharedmem_bsp//libucosii_bsp.a(alt_exception_entry.o)
 *(.exceptions.exit.label)
 .exceptions.exit.label
                0x01000098        0x0 ../lab2_sharedmem_bsp//libucosii_bsp.a(alt_irq_entry.o)
 .exceptions.exit.label
                0x01000098        0x0 ../lab2_sharedmem_bsp//libucosii_bsp.a(alt_exception_entry.o)
 *(.exceptions.exit.user)
 *(.exceptions.exit)
 .exceptions.exit
                0x01000098       0x54 ../lab2_sharedmem_bsp//libucosii_bsp.a(alt_exception_entry.o)
 *(.exceptions)
 .exceptions    0x010000ec       0xd0 ../lab2_sharedmem_bsp//libucosii_bsp.a(alt_irq_handler.o)
                0x010000ec                alt_irq_handler
                0x010001bc                PROVIDE (__ram_exceptions_end, ABSOLUTE (.))
                0x01000020                PROVIDE (__flash_exceptions_start, LOADADDR (.exceptions))

.text           0x010001bc    0x15cc8
                0x010001bc                PROVIDE (stext, ABSOLUTE (.))
 *(.interp)
 *(.hash)
 *(.dynsym)
 *(.dynstr)
 *(.gnu.version)
 *(.gnu.version_d)
 *(.gnu.version_r)
 *(.rel.init)
 *(.rela.init)
 *(.rel.text .rel.text.* .rel.gnu.linkonce.t.*)
 *(.rela.text .rela.text.* .rela.gnu.linkonce.t.*)
 *(.rel.fini)
 *(.rela.fini)
 *(.rel.rodata .rel.rodata.* .rel.gnu.linkonce.r.*)
 *(.rela.rodata .rela.rodata.* .rela.gnu.linkonce.r.*)
 *(.rel.data .rel.data.* .rel.gnu.linkonce.d.*)
 *(.rela.data .rela.data.* .rela.gnu.linkonce.d.*)
 *(.rel.tdata .rel.tdata.* .rel.gnu.linkonce.td.*)
 *(.rela.tdata .rela.tdata.* .rela.gnu.linkonce.td.*)
 *(.rel.tbss .rel.tbss.* .rel.gnu.linkonce.tb.*)
 *(.rela.tbss .rela.tbss.* .rela.gnu.linkonce.tb.*)
 *(.rel.ctors)
 *(.rela.ctors)
 *(.rel.dtors)
 *(.rela.dtors)
 *(.rel.got)
 *(.rela.got)
 *(.rel.sdata .rel.sdata.* .rel.gnu.linkonce.s.*)
 *(.rela.sdata .rela.sdata.* .rela.gnu.linkonce.s.*)
 *(.rel.sbss .rel.sbss.* .rel.gnu.linkonce.sb.*)
 *(.rela.sbss .rela.sbss.* .rela.gnu.linkonce.sb.*)
 *(.rel.sdata2 .rel.sdata2.* .rel.gnu.linkonce.s2.*)
 *(.rela.sdata2 .rela.sdata2.* .rela.gnu.linkonce.s2.*)
 *(.rel.sbss2 .rel.sbss2.* .rel.gnu.linkonce.sb2.*)
 *(.rela.sbss2 .rela.sbss2.* .rela.gnu.linkonce.sb2.*)
 *(.rel.bss .rel.bss.* .rel.gnu.linkonce.b.*)
 *(.rela.bss .rela.bss.* .rela.gnu.linkonce.b.*)
 *(.rel.plt)
 *(.rela.plt)
 *(.rel.dyn)
 *(.init)
 *(.plt)
 *(.text .stub .text.* .gnu.linkonce.t.*)
 .text          0x010001bc       0x3c ../lab2_sharedmem_bsp//obj/HAL/src/crt0.o
                0x010001bc                _start
 .text          0x010001f8      0x360 obj/default/SharedMemory.o
                0x010001f8                printStackSize
                0x01000234                task0
                0x01000334                task1
                0x010003d4                statisticTask
                0x0100044c                main
 .text          0x01000558       0x78 /opt/altera/13.0sp1/nios2eds/bin/gnu/H-i686-pc-linux-gnu/bin/../lib/gcc/nios2-elf/4.1.2/../../../../nios2-elf/lib/mno-hw-mul/libc.a(lib_a-printf.o)
                0x01000558                printf
                0x0100059c                _printf_r
 .text          0x010005d0       0xb4 /opt/altera/13.0sp1/nios2eds/bin/gnu/H-i686-pc-linux-gnu/bin/../lib/gcc/nios2-elf/4.1.2/../../../../nios2-elf/lib/mno-hw-mul/libc.a(lib_a-puts.o)
                0x010005d0                _puts_r
                0x01000670                puts
 .text          0x01000684       0x74 /opt/altera/13.0sp1/nios2eds/bin/gnu/H-i686-pc-linux-gnu/bin/../lib/gcc/nios2-elf/4.1.2/../../../../nios2-elf/lib/mno-hw-mul/libc.a(lib_a-strlen.o)
                0x01000684                strlen
 .text          0x010006f8     0x1f40 /opt/altera/13.0sp1/nios2eds/bin/gnu/H-i686-pc-linux-gnu/bin/../lib/gcc/nios2-elf/4.1.2/../../../../nios2-elf/lib/mno-hw-mul/libc.a(lib_a-vfprintf.o)
                0x01000750                ___vfprintf_internal_r
                0x01002614                __vfprintf_internal
 .text          0x01002638      0x13c /opt/altera/13.0sp1/nios2eds/bin/gnu/H-i686-pc-linux-gnu/bin/../lib/gcc/nios2-elf/4.1.2/../../../../nios2-elf/lib/mno-hw-mul/libc.a(lib_a-wsetup.o)
                0x01002638                __swsetup_r
 .text          0x01002774     0x17f8 /opt/altera/13.0sp1/nios2eds/bin/gnu/H-i686-pc-linux-gnu/bin/../lib/gcc/nios2-elf/4.1.2/../../../../nios2-elf/lib/mno-hw-mul/libc.a(lib_a-dtoa.o)
                0x010029b8                _dtoa_r
 .text          0x01003f6c      0x230 /opt/altera/13.0sp1/nios2eds/bin/gnu/H-i686-pc-linux-gnu/bin/../lib/gcc/nios2-elf/4.1.2/../../../../nios2-elf/lib/mno-hw-mul/libc.a(lib_a-fflush.o)
                0x01003f6c                _fflush_r
                0x01004168                fflush
 .text          0x0100419c      0x2f4 /opt/altera/13.0sp1/nios2eds/bin/gnu/H-i686-pc-linux-gnu/bin/../lib/gcc/nios2-elf/4.1.2/../../../../nios2-elf/lib/mno-hw-mul/libc.a(lib_a-findfp.o)
                0x010041f4                __sfp_lock_acquire
                0x010041f8                __sfp_lock_release
                0x010041fc                __sinit_lock_acquire
                0x01004200                __sinit_lock_release
                0x01004204                __sinit
                0x010042b8                __fp_unlock_all
                0x010042d0                __fp_lock_all
                0x010042e8                _cleanup_r
                0x010042f4                _cleanup
                0x01004304                __sfmoreglue
                0x010043a0                __sfp
 .text          0x01004490      0x440 /opt/altera/13.0sp1/nios2eds/bin/gnu/H-i686-pc-linux-gnu/bin/../lib/gcc/nios2-elf/4.1.2/../../../../nios2-elf/lib/mno-hw-mul/libc.a(lib_a-freer.o)
                0x01004490                _malloc_trim_r
                0x010045bc                _free_r
 .text          0x010048d0      0x49c /opt/altera/13.0sp1/nios2eds/bin/gnu/H-i686-pc-linux-gnu/bin/../lib/gcc/nios2-elf/4.1.2/../../../../nios2-elf/lib/mno-hw-mul/libc.a(lib_a-fvwrite.o)
                0x010048d0                __sfvwrite_r
 .text          0x01004d6c      0x180 /opt/altera/13.0sp1/nios2eds/bin/gnu/H-i686-pc-linux-gnu/bin/../lib/gcc/nios2-elf/4.1.2/../../../../nios2-elf/lib/mno-hw-mul/libc.a(lib_a-fwalk.o)
                0x01004d6c                _fwalk_reent
                0x01004e34                _fwalk
 .text          0x01004eec        0x0 /opt/altera/13.0sp1/nios2eds/bin/gnu/H-i686-pc-linux-gnu/bin/../lib/gcc/nios2-elf/4.1.2/../../../../nios2-elf/lib/mno-hw-mul/libc.a(lib_a-impure.o)
 .text          0x01004eec       0xc4 /opt/altera/13.0sp1/nios2eds/bin/gnu/H-i686-pc-linux-gnu/bin/../lib/gcc/nios2-elf/4.1.2/../../../../nios2-elf/lib/mno-hw-mul/libc.a(lib_a-locale.o)
                0x01004eec                __locale_charset
                0x01004ef4                _localeconv_r
                0x01004f00                localeconv
                0x01004f10                _setlocale_r
                0x01004f94                setlocale
 .text          0x01004fb0      0x194 /opt/altera/13.0sp1/nios2eds/bin/gnu/H-i686-pc-linux-gnu/bin/../lib/gcc/nios2-elf/4.1.2/../../../../nios2-elf/lib/mno-hw-mul/libc.a(lib_a-makebuf.o)
                0x01004fb0                __smakebuf_r
 .text          0x01005144      0x740 /opt/altera/13.0sp1/nios2eds/bin/gnu/H-i686-pc-linux-gnu/bin/../lib/gcc/nios2-elf/4.1.2/../../../../nios2-elf/lib/mno-hw-mul/libc.a(lib_a-mallocr.o)
                0x01005144                _malloc_r
 .text          0x01005884       0xe4 /opt/altera/13.0sp1/nios2eds/bin/gnu/H-i686-pc-linux-gnu/bin/../lib/gcc/nios2-elf/4.1.2/../../../../nios2-elf/lib/mno-hw-mul/libc.a(lib_a-memchr.o)
                0x01005884                memchr
 .text          0x01005968       0xa0 /opt/altera/13.0sp1/nios2eds/bin/gnu/H-i686-pc-linux-gnu/bin/../lib/gcc/nios2-elf/4.1.2/../../../../nios2-elf/lib/mno-hw-mul/libc.a(lib_a-memcpy.o)
                0x01005968                memcpy
 .text          0x01005a08       0xe0 /opt/altera/13.0sp1/nios2eds/bin/gnu/H-i686-pc-linux-gnu/bin/../lib/gcc/nios2-elf/4.1.2/../../../../nios2-elf/lib/mno-hw-mul/libc.a(lib_a-memmove.o)
                0x01005a08                memmove
 .text          0x01005ae8       0x98 /opt/altera/13.0sp1/nios2eds/bin/gnu/H-i686-pc-linux-gnu/bin/../lib/gcc/nios2-elf/4.1.2/../../../../nios2-elf/lib/mno-hw-mul/libc.a(lib_a-memset.o)
                0x01005ae8                memset
 .text          0x01005b80     0x108c /opt/altera/13.0sp1/nios2eds/bin/gnu/H-i686-pc-linux-gnu/bin/../lib/gcc/nios2-elf/4.1.2/../../../../nios2-elf/lib/mno-hw-mul/libc.a(lib_a-mprec.o)
                0x01005b80                _Bfree
                0x01005ba8                __hi0bits
                0x01005c18                __lo0bits
                0x01005cdc                __mcmp
                0x01005d3c                __ulp
                0x01005dbc                __b2d
                0x01005edc                __ratio
                0x01005f8c                _mprec_log10
                0x01006020                __copybits
                0x01006078                __any_on
                0x01006100                _Balloc
                0x010061bc                __d2b
                0x01006338                __mdiff
                0x010064c4                __lshift
                0x01006610                __multiply
                0x01006864                __i2b
                0x010068a0                __multadd
                0x010069cc                __pow5mult
                0x01006aec                __s2b
 .text          0x01006c0c      0x5f4 /opt/altera/13.0sp1/nios2eds/bin/gnu/H-i686-pc-linux-gnu/bin/../lib/gcc/nios2-elf/4.1.2/../../../../nios2-elf/lib/mno-hw-mul/libc.a(lib_a-reallocr.o)
                0x01006c0c                _realloc_r
 .text          0x01007200       0x40 /opt/altera/13.0sp1/nios2eds/bin/gnu/H-i686-pc-linux-gnu/bin/../lib/gcc/nios2-elf/4.1.2/../../../../nios2-elf/lib/mno-hw-mul/libc.a(lib_a-s_isinfd.o)
                0x01007200                __isinfd
 .text          0x01007240       0x30 /opt/altera/13.0sp1/nios2eds/bin/gnu/H-i686-pc-linux-gnu/bin/../lib/gcc/nios2-elf/4.1.2/../../../../nios2-elf/lib/mno-hw-mul/libc.a(lib_a-s_isnand.o)
                0x01007240                __isnand
 .text          0x01007270       0x70 /opt/altera/13.0sp1/nios2eds/bin/gnu/H-i686-pc-linux-gnu/bin/../lib/gcc/nios2-elf/4.1.2/../../../../nios2-elf/lib/mno-hw-mul/libc.a(lib_a-sbrkr.o)
                0x01007270                _sbrk_r
 .text          0x010072e0      0x14c /opt/altera/13.0sp1/nios2eds/bin/gnu/H-i686-pc-linux-gnu/bin/../lib/gcc/nios2-elf/4.1.2/../../../../nios2-elf/lib/mno-hw-mul/libc.a(lib_a-stdio.o)
                0x010072e0                __sclose
                0x010072e8                __sseek
                0x01007350                __swrite
                0x010073cc                __sread
 .text          0x0100742c       0xbc /opt/altera/13.0sp1/nios2eds/bin/gnu/H-i686-pc-linux-gnu/bin/../lib/gcc/nios2-elf/4.1.2/../../../../nios2-elf/lib/mno-hw-mul/libc.a(lib_a-strcmp.o)
                0x0100742c                strcmp
 .text          0x010074e8       0x78 /opt/altera/13.0sp1/nios2eds/bin/gnu/H-i686-pc-linux-gnu/bin/../lib/gcc/nios2-elf/4.1.2/../../../../nios2-elf/lib/mno-hw-mul/libc.a(lib_a-writer.o)
                0x010074e8                _write_r
 .text          0x01007560       0xc8 /opt/altera/13.0sp1/nios2eds/bin/gnu/H-i686-pc-linux-gnu/bin/../lib/gcc/nios2-elf/4.1.2/../../../../nios2-elf/lib/mno-hw-mul/libc.a(lib_a-callocr.o)
                0x01007560                _calloc_r
 .text          0x01007628       0x70 /opt/altera/13.0sp1/nios2eds/bin/gnu/H-i686-pc-linux-gnu/bin/../lib/gcc/nios2-elf/4.1.2/../../../../nios2-elf/lib/mno-hw-mul/libc.a(lib_a-closer.o)
                0x01007628                _close_r
 .text          0x01007698      0x124 /opt/altera/13.0sp1/nios2eds/bin/gnu/H-i686-pc-linux-gnu/bin/../lib/gcc/nios2-elf/4.1.2/../../../../nios2-elf/lib/mno-hw-mul/libc.a(lib_a-fclose.o)
                0x01007698                _fclose_r
                0x010077a8                fclose
 .text          0x010077bc       0x74 /opt/altera/13.0sp1/nios2eds/bin/gnu/H-i686-pc-linux-gnu/bin/../lib/gcc/nios2-elf/4.1.2/../../../../nios2-elf/lib/mno-hw-mul/libc.a(lib_a-fstatr.o)
                0x010077bc                _fstat_r
 .text          0x01007830        0x0 /opt/altera/13.0sp1/nios2eds/bin/gnu/H-i686-pc-linux-gnu/bin/../lib/gcc/nios2-elf/4.1.2/../../../../nios2-elf/lib/mno-hw-mul/libc.a(lib_a-int_errno.o)
 .text          0x01007830       0x70 /opt/altera/13.0sp1/nios2eds/bin/gnu/H-i686-pc-linux-gnu/bin/../lib/gcc/nios2-elf/4.1.2/../../../../nios2-elf/lib/mno-hw-mul/libc.a(lib_a-isattyr.o)
                0x01007830                _isatty_r
 .text          0x010078a0       0x78 /opt/altera/13.0sp1/nios2eds/bin/gnu/H-i686-pc-linux-gnu/bin/../lib/gcc/nios2-elf/4.1.2/../../../../nios2-elf/lib/mno-hw-mul/libc.a(lib_a-lseekr.o)
                0x010078a0                _lseek_r
 .text          0x01007918       0x78 /opt/altera/13.0sp1/nios2eds/bin/gnu/H-i686-pc-linux-gnu/bin/../lib/gcc/nios2-elf/4.1.2/../../../../nios2-elf/lib/mno-hw-mul/libc.a(lib_a-readr.o)
                0x01007918                _read_r
 .text          0x01007990      0x66c /opt/altera/13.0sp1/nios2eds/bin/gnu/H-i686-pc-linux-gnu/bin/../lib/gcc/nios2-elf/4.1.2/mno-hw-mul/libgcc.a(_udivdi3.o)
                0x01007990                __udivdi3
 .text          0x01007ffc      0x660 /opt/altera/13.0sp1/nios2eds/bin/gnu/H-i686-pc-linux-gnu/bin/../lib/gcc/nios2-elf/4.1.2/mno-hw-mul/libgcc.a(_umoddi3.o)
                0x01007ffc                __umoddi3
 .text          0x0100865c      0x504 /opt/altera/13.0sp1/nios2eds/bin/gnu/H-i686-pc-linux-gnu/bin/../lib/gcc/nios2-elf/4.1.2/mno-hw-mul/libgcc.a(_addsub_df.o)
                0x01008a6c                __subdf3
                0x01008aec                __adddf3
 .text          0x01008b60      0x3c4 /opt/altera/13.0sp1/nios2eds/bin/gnu/H-i686-pc-linux-gnu/bin/../lib/gcc/nios2-elf/4.1.2/mno-hw-mul/libgcc.a(_mul_df.o)
                0x01008b60                __muldf3
 .text          0x01008f24      0x258 /opt/altera/13.0sp1/nios2eds/bin/gnu/H-i686-pc-linux-gnu/bin/../lib/gcc/nios2-elf/4.1.2/mno-hw-mul/libgcc.a(_div_df.o)
                0x01008f24                __divdf3
 .text          0x0100917c       0x88 /opt/altera/13.0sp1/nios2eds/bin/gnu/H-i686-pc-linux-gnu/bin/../lib/gcc/nios2-elf/4.1.2/mno-hw-mul/libgcc.a(_eq_df.o)
                0x0100917c                __eqdf2
 .text          0x01009204       0x88 /opt/altera/13.0sp1/nios2eds/bin/gnu/H-i686-pc-linux-gnu/bin/../lib/gcc/nios2-elf/4.1.2/mno-hw-mul/libgcc.a(_ne_df.o)
                0x01009204                __nedf2
 .text          0x0100928c       0x88 /opt/altera/13.0sp1/nios2eds/bin/gnu/H-i686-pc-linux-gnu/bin/../lib/gcc/nios2-elf/4.1.2/mno-hw-mul/libgcc.a(_gt_df.o)
                0x0100928c                __gtdf2
 .text          0x01009314       0x88 /opt/altera/13.0sp1/nios2eds/bin/gnu/H-i686-pc-linux-gnu/bin/../lib/gcc/nios2-elf/4.1.2/mno-hw-mul/libgcc.a(_ge_df.o)
                0x01009314                __gedf2
 .text          0x0100939c       0x88 /opt/altera/13.0sp1/nios2eds/bin/gnu/H-i686-pc-linux-gnu/bin/../lib/gcc/nios2-elf/4.1.2/mno-hw-mul/libgcc.a(_lt_df.o)
                0x0100939c                __ltdf2
 .text          0x01009424       0xf8 /opt/altera/13.0sp1/nios2eds/bin/gnu/H-i686-pc-linux-gnu/bin/../lib/gcc/nios2-elf/4.1.2/mno-hw-mul/libgcc.a(_si_to_df.o)
                0x01009424                __floatsidf
 .text          0x0100951c       0xd8 /opt/altera/13.0sp1/nios2eds/bin/gnu/H-i686-pc-linux-gnu/bin/../lib/gcc/nios2-elf/4.1.2/mno-hw-mul/libgcc.a(_df_to_si.o)
                0x0100951c                __fixdfsi
 .text          0x010095f4        0x0 /opt/altera/13.0sp1/nios2eds/bin/gnu/H-i686-pc-linux-gnu/bin/../lib/gcc/nios2-elf/4.1.2/mno-hw-mul/libgcc.a(_thenan_df.o)
 .text          0x010095f4      0x194 /opt/altera/13.0sp1/nios2eds/bin/gnu/H-i686-pc-linux-gnu/bin/../lib/gcc/nios2-elf/4.1.2/mno-hw-mul/libgcc.a(_usi_to_df.o)
                0x010095f4                __floatunsidf
 .text          0x01009788      0x14c /opt/altera/13.0sp1/nios2eds/bin/gnu/H-i686-pc-linux-gnu/bin/../lib/gcc/nios2-elf/4.1.2/mno-hw-mul/libgcc.a(lib2-divmod.o)
                0x01009804                __divsi3
                0x01009864                __modsi3
                0x010098c4                __udivsi3
                0x010098cc                __umodsi3
 .text          0x010098d4       0x38 /opt/altera/13.0sp1/nios2eds/bin/gnu/H-i686-pc-linux-gnu/bin/../lib/gcc/nios2-elf/4.1.2/mno-hw-mul/libgcc.a(lib2-mul.o)
                0x010098d4                __mulsi3
 .text          0x0100990c      0x124 /opt/altera/13.0sp1/nios2eds/bin/gnu/H-i686-pc-linux-gnu/bin/../lib/gcc/nios2-elf/4.1.2/mno-hw-mul/libgcc.a(_muldi3.o)
                0x0100990c                __muldi3
 .text          0x01009a30        0x0 /opt/altera/13.0sp1/nios2eds/bin/gnu/H-i686-pc-linux-gnu/bin/../lib/gcc/nios2-elf/4.1.2/mno-hw-mul/libgcc.a(_clz.o)
 .text          0x01009a30       0x80 /opt/altera/13.0sp1/nios2eds/bin/gnu/H-i686-pc-linux-gnu/bin/../lib/gcc/nios2-elf/4.1.2/mno-hw-mul/libgcc.a(_clzsi2.o)
                0x01009a30                __clzsi2
 .text          0x01009ab0      0x314 /opt/altera/13.0sp1/nios2eds/bin/gnu/H-i686-pc-linux-gnu/bin/../lib/gcc/nios2-elf/4.1.2/mno-hw-mul/libgcc.a(_pack_df.o)
                0x01009ab0                __pack_d
 .text          0x01009dc4      0x138 /opt/altera/13.0sp1/nios2eds/bin/gnu/H-i686-pc-linux-gnu/bin/../lib/gcc/nios2-elf/4.1.2/mno-hw-mul/libgcc.a(_unpack_df.o)
                0x01009dc4                __unpack_d
 .text          0x01009efc       0xc8 /opt/altera/13.0sp1/nios2eds/bin/gnu/H-i686-pc-linux-gnu/bin/../lib/gcc/nios2-elf/4.1.2/mno-hw-mul/libgcc.a(_fpcmp_parts_df.o)
                0x01009efc                __fpcmp_parts_d
 .text          0x01009fc4      0x160 ../lab2_sharedmem_bsp//libucosii_bsp.a(alt_close.o)
                0x01009fc4                close
 .text          0x0100a124       0x2c ../lab2_sharedmem_bsp//libucosii_bsp.a(alt_dev.o)
 .text          0x0100a150        0x0 ../lab2_sharedmem_bsp//libucosii_bsp.a(alt_errno.o)
 .text          0x0100a150      0x138 ../lab2_sharedmem_bsp//libucosii_bsp.a(alt_fstat.o)
                0x0100a150                fstat
 .text          0x0100a288      0x124 ../lab2_sharedmem_bsp//libucosii_bsp.a(alt_isatty.o)
                0x0100a288                isatty
 .text          0x0100a3ac       0xec ../lab2_sharedmem_bsp//libucosii_bsp.a(alt_load.o)
                0x0100a3ac                alt_load
 .text          0x0100a498      0x154 ../lab2_sharedmem_bsp//libucosii_bsp.a(alt_lseek.o)
                0x0100a498                lseek
 .text          0x0100a5ec       0xc8 ../lab2_sharedmem_bsp//libucosii_bsp.a(alt_main.o)
                0x0100a5ec                alt_main
 .text          0x0100a6b4      0x184 ../lab2_sharedmem_bsp//libucosii_bsp.a(alt_read.o)
                0x0100a6b4                read
 .text          0x0100a838       0x78 ../lab2_sharedmem_bsp//libucosii_bsp.a(alt_release_fd.o)
                0x0100a838                alt_release_fd
 .text          0x0100a8b0       0xbc ../lab2_sharedmem_bsp//libucosii_bsp.a(alt_sbrk.o)
                0x0100a8b0                sbrk
 .text          0x0100a96c      0x184 ../lab2_sharedmem_bsp//libucosii_bsp.a(alt_write.o)
                0x0100a96c                write
 .text          0x0100aaf0      0x108 ../lab2_sharedmem_bsp//libucosii_bsp.a(alt_env_lock.o)
                0x0100aaf0                __env_lock
                0x0100ab9c                __env_unlock
 .text          0x0100abf8      0x1d8 ../lab2_sharedmem_bsp//libucosii_bsp.a(alt_malloc_lock.o)
                0x0100abf8                __malloc_lock
                0x0100ad00                __malloc_unlock
 .text          0x0100add0     0x2128 ../lab2_sharedmem_bsp//libucosii_bsp.a(os_core.o)
                0x0100add0                OSEventNameGet
                0x0100af00                OSEventNameSet
                0x0100b044                OSEventPendMulti
                0x0100b6f8                OSInit
                0x0100b74c                OSIntEnter
                0x0100b7c8                OSIntExit
                0x0100b8c8                OSSchedLock
                0x0100b954                OSSchedUnlock
                0x0100ba38                OSStart
                0x0100baa8                OSStatInit
                0x0100bb54                OSTimeTick
                0x0100bd94                OSVersion
                0x0100bdb4                OS_Dummy
                0x0100bdd0                OS_EventTaskRdy
                0x0100bf64                OS_EventTaskWait
                0x0100c074                OS_EventTaskWaitMulti
                0x0100c1c8                OS_EventTaskRemove
                0x0100c280                OS_EventTaskRemoveMulti
                0x0100c384                OS_EventWaitListInit
                0x0100c750                OS_MemClr
                0x0100c7a4                OS_MemCopy
                0x0100c810                OS_Sched
                0x0100c954                OS_StrCopy
                0x0100c9d4                OS_StrLen
                0x0100ca2c                OS_TaskIdle
                0x0100ca88                OS_TaskStat
                0x0100cb50                OS_TaskStatStkChk
                0x0100cc18                OS_TCBInit
 .text          0x0100cef8      0x18c ../lab2_sharedmem_bsp//libucosii_bsp.a(os_dbg.o)
                0x0100cef8                OSDebugInit
 .text          0x0100d084     0x193c ../lab2_sharedmem_bsp//libucosii_bsp.a(os_flag.o)
                0x0100d084                OSFlagAccept
                0x0100d3b8                OSFlagCreate
                0x0100d4f4                OSFlagDel
                0x0100d79c                OSFlagNameGet
                0x0100d8e0                OSFlagNameSet
                0x0100da34                OSFlagPend
                0x0100e078                OSFlagPendGetFlagsRdy
                0x0100e0e0                OSFlagPost
                0x0100e488                OSFlagQuery
                0x0100e720                OS_FlagInit
                0x0100e914                OS_FlagUnlink
 .text          0x0100e9c0      0x80c ../lab2_sharedmem_bsp//libucosii_bsp.a(os_mem.o)
                0x0100e9c0                OSMemCreate
                0x0100ebdc                OSMemGet
                0x0100ece0                OSMemNameGet
                0x0100edec                OSMemNameSet
                0x0100ef0c                OSMemPut
                0x0100effc                OSMemQuery
                0x0100f0f8                OS_MemInit
 .text          0x0100f1cc     0x1334 ../lab2_sharedmem_bsp//libucosii_bsp.a(os_q.o)
                0x0100f1cc                OSQAccept
                0x0100f320                OSQCreate
                0x0100f534                OSQDel
                0x0100f834                OSQFlush
                0x0100f8fc                OSQPend
                0x0100fc1c                OSQPendAbort
                0x0100fd98                OSQPost
                0x0100ff18                OSQPostFront
                0x010100a0                OSQPostOpt
                0x010102d4                OSQQuery
                0x01010454                OS_QInit
 .text          0x01010500      0xbc8 ../lab2_sharedmem_bsp//libucosii_bsp.a(os_sem.o)
                0x01010500                OSSemAccept
                0x010105c0                OSSemCreate
                0x010106d4                OSSemDel
                0x01010974                OSSemPend
                0x01010bf0                OSSemPendAbort
                0x01010d6c                OSSemPost
                0x01010e94                OSSemQuery
                0x01010fc4                OSSemSet
 .text          0x010110c8     0x1a40 ../lab2_sharedmem_bsp//libucosii_bsp.a(os_task.o)
                0x010110c8                OSTaskChangePrio
                0x0101163c                OSTaskCreate
                0x01011810                OSTaskCreateExt
                0x01011a10                OSTaskDel
                0x01011e1c                OSTaskDelReq
                0x01011f8c                OSTaskNameGet
                0x01012144                OSTaskNameSet
                0x01012308                OSTaskResume
                0x01012520                OSTaskStkChk
                0x0101271c                OSTaskSuspend
                0x01012948                OSTaskQuery
                0x01012a8c                OS_TaskStkClr
 .text          0x01012b08      0x67c ../lab2_sharedmem_bsp//libucosii_bsp.a(os_time.o)
                0x01012b08                OSTimeDly
                0x01012c54                OSTimeDlyHMSM
                0x01012eac                OSTimeDlyResume
                0x010130bc                OSTimeGet
                0x01013120                OSTimeSet
 .text          0x01013184       0xe8 ../lab2_sharedmem_bsp//libucosii_bsp.a(alt_sys_init.o)
                0x01013184                alt_irq_init
                0x010131b8                alt_sys_init
 .text          0x0101326c      0x148 ../lab2_sharedmem_bsp//libucosii_bsp.a(altera_avalon_jtag_uart_fd.o)
                0x0101326c                altera_avalon_jtag_uart_read_fd
                0x010132c4                altera_avalon_jtag_uart_write_fd
                0x0101331c                altera_avalon_jtag_uart_close_fd
                0x01013364                altera_avalon_jtag_uart_ioctl_fd
 .text          0x010133b4      0x584 ../lab2_sharedmem_bsp//libucosii_bsp.a(altera_avalon_jtag_uart_init.o)
                0x010133b4                altera_avalon_jtag_uart_init
                0x010138c4                altera_avalon_jtag_uart_close
 .text          0x01013938       0xf4 ../lab2_sharedmem_bsp//libucosii_bsp.a(altera_avalon_jtag_uart_ioctl.o)
                0x01013938                altera_avalon_jtag_uart_ioctl
 .text          0x01013a2c      0x2c0 ../lab2_sharedmem_bsp//libucosii_bsp.a(altera_avalon_jtag_uart_read.o)
                0x01013a2c                altera_avalon_jtag_uart_read
 .text          0x01013cec      0x2dc ../lab2_sharedmem_bsp//libucosii_bsp.a(altera_avalon_jtag_uart_write.o)
                0x01013cec                altera_avalon_jtag_uart_write
 .text          0x01013fc8      0x100 ../lab2_sharedmem_bsp//libucosii_bsp.a(altera_avalon_timer_sc.o)
                0x01014038                alt_avalon_timer_sc_init
 .text          0x010140c8      0x530 ../lab2_sharedmem_bsp//libucosii_bsp.a(altera_up_avalon_character_lcd.o)
                0x010140c8                get_DDRAM_addr
                0x01014144                alt_up_character_lcd_send_cmd
                0x01014178                alt_up_character_lcd_init
                0x010141ac                alt_up_character_lcd_open_dev
                0x010141ec                alt_up_character_lcd_write
                0x01014264                alt_up_character_lcd_string
                0x010142dc                alt_up_character_lcd_write_fd
                0x01014328                alt_up_character_lcd_set_cursor_pos
                0x010143a0                alt_up_character_lcd_shift_cursor
                0x01014450                alt_up_character_lcd_shift_display
                0x01014500                alt_up_character_lcd_erase_pos
                0x01014590                alt_up_character_lcd_cursor_off
                0x010145c4                alt_up_character_lcd_cursor_blink_on
 .text          0x010145f8      0x154 ../lab2_sharedmem_bsp//libucosii_bsp.a(alt_alarm_start.o)
                0x010145f8                alt_alarm_start
 .text          0x0101474c       0x1c ../lab2_sharedmem_bsp//libucosii_bsp.a(alt_dcache_flush_all.o)
                0x0101474c                alt_dcache_flush_all
 .text          0x01014768      0x114 ../lab2_sharedmem_bsp//libucosii_bsp.a(alt_dev_llist_insert.o)
                0x01014768                alt_dev_llist_insert
 .text          0x0101487c       0x64 ../lab2_sharedmem_bsp//libucosii_bsp.a(alt_do_ctors.o)
                0x0101487c                _do_ctors
 .text          0x010148e0       0x64 ../lab2_sharedmem_bsp//libucosii_bsp.a(alt_do_dtors.o)
                0x010148e0                _do_dtors
 .text          0x01014944       0x94 ../lab2_sharedmem_bsp//libucosii_bsp.a(alt_find_dev.o)
                0x01014944                alt_find_dev
 .text          0x010149d8       0x1c ../lab2_sharedmem_bsp//libucosii_bsp.a(alt_icache_flush_all.o)
                0x010149d8                alt_icache_flush_all
 .text          0x010149f4      0x1d4 ../lab2_sharedmem_bsp//libucosii_bsp.a(alt_iic.o)
                0x010149f4                alt_ic_isr_register
                0x01014a44                alt_ic_irq_enable
                0x01014ae0                alt_ic_irq_disable
                0x01014b80                alt_ic_irq_enabled
 .text          0x01014bc8       0xf8 ../lab2_sharedmem_bsp//libucosii_bsp.a(alt_iic_isr_register.o)
                0x01014bc8                alt_iic_isr_register
 .text          0x01014cc0      0x150 ../lab2_sharedmem_bsp//libucosii_bsp.a(alt_io_redirect.o)
                0x01014d98                alt_io_redirect
 .text          0x01014e10        0x0 ../lab2_sharedmem_bsp//libucosii_bsp.a(alt_irq_entry.o)
 .text          0x01014e10        0x0 ../lab2_sharedmem_bsp//libucosii_bsp.a(alt_irq_handler.o)
 .text          0x01014e10        0x0 ../lab2_sharedmem_bsp//libucosii_bsp.a(alt_irq_vars.o)
 .text          0x01014e10      0x2e4 ../lab2_sharedmem_bsp//libucosii_bsp.a(alt_open.o)
                0x01014f08                open
 .text          0x010150f4      0x1a8 ../lab2_sharedmem_bsp//libucosii_bsp.a(alt_tick.o)
                0x010150f4                alt_alarm_stop
                0x0101518c                alt_tick
 .text          0x0101529c       0x20 ../lab2_sharedmem_bsp//libucosii_bsp.a(altera_nios2_qsys_irq.o)
                0x0101529c                altera_nios2_qsys_irq_init
 .text          0x010152bc       0xd0 ../lab2_sharedmem_bsp//libucosii_bsp.a(os_cpu_a.o)
                0x010152bc                OSCtxSw
                0x010152bc                OSIntCtxSw
                0x01015348                OSStartHighRdy
                0x01015368                OSStartTsk
 .text          0x0101538c      0x418 ../lab2_sharedmem_bsp//libucosii_bsp.a(os_cpu_c.o)
                0x0101538c                OSTaskStkInit
                0x0101569c                OSTaskCreateHook
                0x010156bc                OSTaskDelHook
                0x010156dc                OSTaskSwHook
                0x010156f8                OSTaskStatHook
                0x01015714                OSTimeTickHook
                0x01015730                OSInitHookBegin
                0x0101574c                OSInitHookEnd
                0x01015768                OSTaskIdleHook
                0x01015784                OSTCBInitHook
 .text          0x010157a4        0x0 ../lab2_sharedmem_bsp//libucosii_bsp.a(alt_exception_entry.o)
 .text          0x010157a4      0x120 ../lab2_sharedmem_bsp//libucosii_bsp.a(alt_find_file.o)
                0x010157a4                alt_find_file
 .text          0x010158c4      0x104 ../lab2_sharedmem_bsp//libucosii_bsp.a(alt_get_fd.o)
                0x010158c4                alt_get_fd
 .text          0x010159c8       0x14 /opt/altera/13.0sp1/nios2eds/bin/gnu/H-i686-pc-linux-gnu/bin/../lib/gcc/nios2-elf/4.1.2/../../../../nios2-elf/lib/mno-hw-mul/libc.a(lib_a-atexit.o)
                0x010159c8                atexit
 .text          0x010159dc       0x38 /opt/altera/13.0sp1/nios2eds/bin/gnu/H-i686-pc-linux-gnu/bin/../lib/gcc/nios2-elf/4.1.2/../../../../nios2-elf/lib/mno-hw-mul/libc.a(lib_a-exit.o)
                0x010159dc                exit
 .text          0x01015a14       0x74 /opt/altera/13.0sp1/nios2eds/bin/gnu/H-i686-pc-linux-gnu/bin/../lib/gcc/nios2-elf/4.1.2/../../../../nios2-elf/lib/mno-hw-mul/libc.a(lib_a-memcmp.o)
                0x01015a14                memcmp
 .text          0x01015a88      0x134 /opt/altera/13.0sp1/nios2eds/bin/gnu/H-i686-pc-linux-gnu/bin/../lib/gcc/nios2-elf/4.1.2/../../../../nios2-elf/lib/mno-hw-mul/libc.a(lib_a-__atexit.o)
                0x01015a88                __register_exitproc
 .text          0x01015bbc      0x1b4 /opt/altera/13.0sp1/nios2eds/bin/gnu/H-i686-pc-linux-gnu/bin/../lib/gcc/nios2-elf/4.1.2/../../../../nios2-elf/lib/mno-hw-mul/libc.a(lib_a-__call_atexit.o)
                0x01015bc0                __call_exitprocs
 .text          0x01015d70       0xa4 /opt/altera/13.0sp1/nios2eds/bin/gnu/H-i686-pc-linux-gnu/bin/../lib/gcc/nios2-elf/4.1.2/mno-hw-mul/libgcc.a(_fixunsdfsi.o)
                0x01015d70                __fixunsdfsi
 .text          0x01015e14       0x6c ../lab2_sharedmem_bsp//libucosii_bsp.a(alt_exit.o)
                0x01015e54                _exit
 *(.gnu.warning.*)
 *(.fini)
                0x01015e80                PROVIDE (__etext, ABSOLUTE (.))
                0x01015e80                PROVIDE (_etext, ABSOLUTE (.))
                0x01015e80                PROVIDE (etext, ABSOLUTE (.))
 *(.eh_frame_hdr)
                0x01015e80                . = ALIGN (0x4)
                0x01015e80                PROVIDE (__preinit_array_start, ABSOLUTE (.))
 *(.preinit_array)
                0x01015e80                PROVIDE (__preinit_array_end, ABSOLUTE (.))
                0x01015e80                PROVIDE (__init_array_start, ABSOLUTE (.))
 *(.init_array)
                0x01015e80                PROVIDE (__init_array_end, ABSOLUTE (.))
                0x01015e80                PROVIDE (__fini_array_start, ABSOLUTE (.))
 *(.fini_array)
                0x01015e80                PROVIDE (__fini_array_end, ABSOLUTE (.))
 *(.eh_frame)
 *(.gcc_except_table)
 *(.dynamic)
                0x01015e80                PROVIDE (__CTOR_LIST__, ABSOLUTE (.))
 *(.ctors)
 *(SORT(.ctors.*))
 .ctors.65535   0x01015e80        0x4 /opt/altera/13.0sp1/nios2eds/bin/gnu/H-i686-pc-linux-gnu/bin/../lib/gcc/nios2-elf/4.1.2/../../../../nios2-elf/lib/mno-hw-mul/libc.a(lib_a-__call_atexit.o)
                0x01015e84                PROVIDE (__CTOR_END__, ABSOLUTE (.))
                0x01015e84                PROVIDE (__DTOR_LIST__, ABSOLUTE (.))
 *(.dtors)
 *(SORT(.dtors.*))
                0x01015e84                PROVIDE (__DTOR_END__, ABSOLUTE (.))
 *(.jcr)
                0x01015e84                . = ALIGN (0x4)

.rodata         0x01015e84      0x4d0
                0x01015e84                PROVIDE (__ram_rodata_start, ABSOLUTE (.))
                0x01015e84                . = ALIGN (0x4)
 *(.rodata .rodata.* .gnu.linkonce.r.*)
 .rodata        0x01015e84       0x58 obj/default/SharedMemory.o
 .rodata.str1.4
                0x01015edc        0x2 /opt/altera/13.0sp1/nios2eds/bin/gnu/H-i686-pc-linux-gnu/bin/../lib/gcc/nios2-elf/4.1.2/../../../../nios2-elf/lib/mno-hw-mul/libc.a(lib_a-puts.o)
                                  0x4 (size before relaxing)
 *fill*         0x01015ede        0x2 00
 .rodata.str1.4
                0x01015ee0       0x5e /opt/altera/13.0sp1/nios2eds/bin/gnu/H-i686-pc-linux-gnu/bin/../lib/gcc/nios2-elf/4.1.2/../../../../nios2-elf/lib/mno-hw-mul/libc.a(lib_a-vfprintf.o)
                                 0x60 (size before relaxing)
 .rodata        0x01015f3e       0x20 /opt/altera/13.0sp1/nios2eds/bin/gnu/H-i686-pc-linux-gnu/bin/../lib/gcc/nios2-elf/4.1.2/../../../../nios2-elf/lib/mno-hw-mul/libc.a(lib_a-vfprintf.o)
 *fill*         0x01015f5e        0x2 00
 .rodata.str1.4
                0x01015f60       0x10 /opt/altera/13.0sp1/nios2eds/bin/gnu/H-i686-pc-linux-gnu/bin/../lib/gcc/nios2-elf/4.1.2/../../../../nios2-elf/lib/mno-hw-mul/libc.a(lib_a-dtoa.o)
                                 0x14 (size before relaxing)
 .rodata.str1.4
                0x01015f70        0x2 /opt/altera/13.0sp1/nios2eds/bin/gnu/H-i686-pc-linux-gnu/bin/../lib/gcc/nios2-elf/4.1.2/../../../../nios2-elf/lib/mno-hw-mul/libc.a(lib_a-impure.o)
                                  0x4 (size before relaxing)
 *fill*         0x01015f72        0x2 00
 .rodata.str1.4
                0x01015f74       0x10 /opt/altera/13.0sp1/nios2eds/bin/gnu/H-i686-pc-linux-gnu/bin/../lib/gcc/nios2-elf/4.1.2/../../../../nios2-elf/lib/mno-hw-mul/libc.a(lib_a-locale.o)
                                 0x18 (size before relaxing)
 .rodata        0x01015f84       0x30 /opt/altera/13.0sp1/nios2eds/bin/gnu/H-i686-pc-linux-gnu/bin/../lib/gcc/nios2-elf/4.1.2/../../../../nios2-elf/lib/mno-hw-mul/libc.a(lib_a-locale.o)
 .rodata        0x01015fb4      0x124 /opt/altera/13.0sp1/nios2eds/bin/gnu/H-i686-pc-linux-gnu/bin/../lib/gcc/nios2-elf/4.1.2/../../../../nios2-elf/lib/mno-hw-mul/libc.a(lib_a-mprec.o)
                0x01015fb4                __mprec_tens
                0x0101607c                __mprec_bigtens
                0x010160a4                __mprec_tinytens
 .rodata        0x010160d8       0x14 /opt/altera/13.0sp1/nios2eds/bin/gnu/H-i686-pc-linux-gnu/bin/../lib/gcc/nios2-elf/4.1.2/mno-hw-mul/libgcc.a(_thenan_df.o)
                0x010160d8                __thenan_df
 .rodata        0x010160ec      0x100 /opt/altera/13.0sp1/nios2eds/bin/gnu/H-i686-pc-linux-gnu/bin/../lib/gcc/nios2-elf/4.1.2/mno-hw-mul/libgcc.a(_clz.o)
                0x010160ec                __clz_tab
 .rodata        0x010161ec        0xc ../lab2_sharedmem_bsp//libucosii_bsp.a(alt_dev.o)
 .rodata        0x010161f8       0x14 ../lab2_sharedmem_bsp//libucosii_bsp.a(alt_main.o)
 .rodata        0x0101620c      0x120 ../lab2_sharedmem_bsp//libucosii_bsp.a(os_core.o)
                0x0101620c                OSUnMapTbl
 .rodata        0x0101632c       0x24 ../lab2_sharedmem_bsp//libucosii_bsp.a(alt_sys_init.o)
 .rodata        0x01016350        0x4 ../lab2_sharedmem_bsp//libucosii_bsp.a(os_cpu_c.o)
 *(.rodata1)
                0x01016354                . = ALIGN (0x4)
                0x01016354                PROVIDE (__ram_rodata_end, ABSOLUTE (.))
                0x01015e84                PROVIDE (__flash_rodata_start, LOADADDR (.rodata))

.rwdata         0x01016354     0x1b14 load address 0x01017e68
                0x01016354                PROVIDE (__ram_rwdata_start, ABSOLUTE (.))
                0x01016354                . = ALIGN (0x4)
 *(.got.plt)
 *(.got)
 *(.data1)
 *(.data .data.* .gnu.linkonce.d.*)
 .data          0x01016354        0x0 ../lab2_sharedmem_bsp//obj/HAL/src/crt0.o
 .data          0x01016354        0x0 obj/default/SharedMemory.o
 .data          0x01016354        0x0 /opt/altera/13.0sp1/nios2eds/bin/gnu/H-i686-pc-linux-gnu/bin/../lib/gcc/nios2-elf/4.1.2/../../../../nios2-elf/lib/mno-hw-mul/libc.a(lib_a-printf.o)
 .data          0x01016354        0x0 /opt/altera/13.0sp1/nios2eds/bin/gnu/H-i686-pc-linux-gnu/bin/../lib/gcc/nios2-elf/4.1.2/../../../../nios2-elf/lib/mno-hw-mul/libc.a(lib_a-puts.o)
 .data          0x01016354        0x0 /opt/altera/13.0sp1/nios2eds/bin/gnu/H-i686-pc-linux-gnu/bin/../lib/gcc/nios2-elf/4.1.2/../../../../nios2-elf/lib/mno-hw-mul/libc.a(lib_a-strlen.o)
 .data          0x01016354        0x0 /opt/altera/13.0sp1/nios2eds/bin/gnu/H-i686-pc-linux-gnu/bin/../lib/gcc/nios2-elf/4.1.2/../../../../nios2-elf/lib/mno-hw-mul/libc.a(lib_a-vfprintf.o)
 .data          0x01016354        0x0 /opt/altera/13.0sp1/nios2eds/bin/gnu/H-i686-pc-linux-gnu/bin/../lib/gcc/nios2-elf/4.1.2/../../../../nios2-elf/lib/mno-hw-mul/libc.a(lib_a-wsetup.o)
 .data          0x01016354        0x0 /opt/altera/13.0sp1/nios2eds/bin/gnu/H-i686-pc-linux-gnu/bin/../lib/gcc/nios2-elf/4.1.2/../../../../nios2-elf/lib/mno-hw-mul/libc.a(lib_a-dtoa.o)
 .data          0x01016354        0x0 /opt/altera/13.0sp1/nios2eds/bin/gnu/H-i686-pc-linux-gnu/bin/../lib/gcc/nios2-elf/4.1.2/../../../../nios2-elf/lib/mno-hw-mul/libc.a(lib_a-fflush.o)
 .data          0x01016354        0x0 /opt/altera/13.0sp1/nios2eds/bin/gnu/H-i686-pc-linux-gnu/bin/../lib/gcc/nios2-elf/4.1.2/../../../../nios2-elf/lib/mno-hw-mul/libc.a(lib_a-findfp.o)
 .data          0x01016354        0x0 /opt/altera/13.0sp1/nios2eds/bin/gnu/H-i686-pc-linux-gnu/bin/../lib/gcc/nios2-elf/4.1.2/../../../../nios2-elf/lib/mno-hw-mul/libc.a(lib_a-freer.o)
 .data          0x01016354        0x0 /opt/altera/13.0sp1/nios2eds/bin/gnu/H-i686-pc-linux-gnu/bin/../lib/gcc/nios2-elf/4.1.2/../../../../nios2-elf/lib/mno-hw-mul/libc.a(lib_a-fvwrite.o)
 .data          0x01016354        0x0 /opt/altera/13.0sp1/nios2eds/bin/gnu/H-i686-pc-linux-gnu/bin/../lib/gcc/nios2-elf/4.1.2/../../../../nios2-elf/lib/mno-hw-mul/libc.a(lib_a-fwalk.o)
 .data          0x01016354      0x400 /opt/altera/13.0sp1/nios2eds/bin/gnu/H-i686-pc-linux-gnu/bin/../lib/gcc/nios2-elf/4.1.2/../../../../nios2-elf/lib/mno-hw-mul/libc.a(lib_a-impure.o)
 .data          0x01016754        0xc /opt/altera/13.0sp1/nios2eds/bin/gnu/H-i686-pc-linux-gnu/bin/../lib/gcc/nios2-elf/4.1.2/../../../../nios2-elf/lib/mno-hw-mul/libc.a(lib_a-locale.o)
                0x01016754                __lc_ctype
 .data          0x01016760        0x0 /opt/altera/13.0sp1/nios2eds/bin/gnu/H-i686-pc-linux-gnu/bin/../lib/gcc/nios2-elf/4.1.2/../../../../nios2-elf/lib/mno-hw-mul/libc.a(lib_a-makebuf.o)
 .data          0x01016760      0x408 /opt/altera/13.0sp1/nios2eds/bin/gnu/H-i686-pc-linux-gnu/bin/../lib/gcc/nios2-elf/4.1.2/../../../../nios2-elf/lib/mno-hw-mul/libc.a(lib_a-mallocr.o)
                0x01016760                __malloc_av_
 .data          0x01016b68        0x0 /opt/altera/13.0sp1/nios2eds/bin/gnu/H-i686-pc-linux-gnu/bin/../lib/gcc/nios2-elf/4.1.2/../../../../nios2-elf/lib/mno-hw-mul/libc.a(lib_a-memchr.o)
 .data          0x01016b68        0x0 /opt/altera/13.0sp1/nios2eds/bin/gnu/H-i686-pc-linux-gnu/bin/../lib/gcc/nios2-elf/4.1.2/../../../../nios2-elf/lib/mno-hw-mul/libc.a(lib_a-memcpy.o)
 .data          0x01016b68        0x0 /opt/altera/13.0sp1/nios2eds/bin/gnu/H-i686-pc-linux-gnu/bin/../lib/gcc/nios2-elf/4.1.2/../../../../nios2-elf/lib/mno-hw-mul/libc.a(lib_a-memmove.o)
 .data          0x01016b68        0x0 /opt/altera/13.0sp1/nios2eds/bin/gnu/H-i686-pc-linux-gnu/bin/../lib/gcc/nios2-elf/4.1.2/../../../../nios2-elf/lib/mno-hw-mul/libc.a(lib_a-memset.o)
 .data          0x01016b68        0x0 /opt/altera/13.0sp1/nios2eds/bin/gnu/H-i686-pc-linux-gnu/bin/../lib/gcc/nios2-elf/4.1.2/../../../../nios2-elf/lib/mno-hw-mul/libc.a(lib_a-mprec.o)
 .data          0x01016b68        0x0 /opt/altera/13.0sp1/nios2eds/bin/gnu/H-i686-pc-linux-gnu/bin/../lib/gcc/nios2-elf/4.1.2/../../../../nios2-elf/lib/mno-hw-mul/libc.a(lib_a-reallocr.o)
 .data          0x01016b68        0x0 /opt/altera/13.0sp1/nios2eds/bin/gnu/H-i686-pc-linux-gnu/bin/../lib/gcc/nios2-elf/4.1.2/../../../../nios2-elf/lib/mno-hw-mul/libc.a(lib_a-s_isinfd.o)
 .data          0x01016b68        0x0 /opt/altera/13.0sp1/nios2eds/bin/gnu/H-i686-pc-linux-gnu/bin/../lib/gcc/nios2-elf/4.1.2/../../../../nios2-elf/lib/mno-hw-mul/libc.a(lib_a-s_isnand.o)
 .data          0x01016b68        0x0 /opt/altera/13.0sp1/nios2eds/bin/gnu/H-i686-pc-linux-gnu/bin/../lib/gcc/nios2-elf/4.1.2/../../../../nios2-elf/lib/mno-hw-mul/libc.a(lib_a-sbrkr.o)
 .data          0x01016b68        0x0 /opt/altera/13.0sp1/nios2eds/bin/gnu/H-i686-pc-linux-gnu/bin/../lib/gcc/nios2-elf/4.1.2/../../../../nios2-elf/lib/mno-hw-mul/libc.a(lib_a-stdio.o)
 .data          0x01016b68        0x0 /opt/altera/13.0sp1/nios2eds/bin/gnu/H-i686-pc-linux-gnu/bin/../lib/gcc/nios2-elf/4.1.2/../../../../nios2-elf/lib/mno-hw-mul/libc.a(lib_a-strcmp.o)
 .data          0x01016b68        0x0 /opt/altera/13.0sp1/nios2eds/bin/gnu/H-i686-pc-linux-gnu/bin/../lib/gcc/nios2-elf/4.1.2/../../../../nios2-elf/lib/mno-hw-mul/libc.a(lib_a-writer.o)
 .data          0x01016b68        0x0 /opt/altera/13.0sp1/nios2eds/bin/gnu/H-i686-pc-linux-gnu/bin/../lib/gcc/nios2-elf/4.1.2/../../../../nios2-elf/lib/mno-hw-mul/libc.a(lib_a-callocr.o)
 .data          0x01016b68        0x0 /opt/altera/13.0sp1/nios2eds/bin/gnu/H-i686-pc-linux-gnu/bin/../lib/gcc/nios2-elf/4.1.2/../../../../nios2-elf/lib/mno-hw-mul/libc.a(lib_a-closer.o)
 .data          0x01016b68        0x0 /opt/altera/13.0sp1/nios2eds/bin/gnu/H-i686-pc-linux-gnu/bin/../lib/gcc/nios2-elf/4.1.2/../../../../nios2-elf/lib/mno-hw-mul/libc.a(lib_a-fclose.o)
 .data          0x01016b68        0x0 /opt/altera/13.0sp1/nios2eds/bin/gnu/H-i686-pc-linux-gnu/bin/../lib/gcc/nios2-elf/4.1.2/../../../../nios2-elf/lib/mno-hw-mul/libc.a(lib_a-fstatr.o)
 .data          0x01016b68        0x0 /opt/altera/13.0sp1/nios2eds/bin/gnu/H-i686-pc-linux-gnu/bin/../lib/gcc/nios2-elf/4.1.2/../../../../nios2-elf/lib/mno-hw-mul/libc.a(lib_a-int_errno.o)
 .data          0x01016b68        0x0 /opt/altera/13.0sp1/nios2eds/bin/gnu/H-i686-pc-linux-gnu/bin/../lib/gcc/nios2-elf/4.1.2/../../../../nios2-elf/lib/mno-hw-mul/libc.a(lib_a-isattyr.o)
 .data          0x01016b68        0x0 /opt/altera/13.0sp1/nios2eds/bin/gnu/H-i686-pc-linux-gnu/bin/../lib/gcc/nios2-elf/4.1.2/../../../../nios2-elf/lib/mno-hw-mul/libc.a(lib_a-lseekr.o)
 .data          0x01016b68        0x0 /opt/altera/13.0sp1/nios2eds/bin/gnu/H-i686-pc-linux-gnu/bin/../lib/gcc/nios2-elf/4.1.2/../../../../nios2-elf/lib/mno-hw-mul/libc.a(lib_a-readr.o)
 .data          0x01016b68        0x0 /opt/altera/13.0sp1/nios2eds/bin/gnu/H-i686-pc-linux-gnu/bin/../lib/gcc/nios2-elf/4.1.2/mno-hw-mul/libgcc.a(_udivdi3.o)
 .data          0x01016b68        0x0 /opt/altera/13.0sp1/nios2eds/bin/gnu/H-i686-pc-linux-gnu/bin/../lib/gcc/nios2-elf/4.1.2/mno-hw-mul/libgcc.a(_umoddi3.o)
 .data          0x01016b68        0x0 /opt/altera/13.0sp1/nios2eds/bin/gnu/H-i686-pc-linux-gnu/bin/../lib/gcc/nios2-elf/4.1.2/mno-hw-mul/libgcc.a(_addsub_df.o)
 .data          0x01016b68        0x0 /opt/altera/13.0sp1/nios2eds/bin/gnu/H-i686-pc-linux-gnu/bin/../lib/gcc/nios2-elf/4.1.2/mno-hw-mul/libgcc.a(_mul_df.o)
 .data          0x01016b68        0x0 /opt/altera/13.0sp1/nios2eds/bin/gnu/H-i686-pc-linux-gnu/bin/../lib/gcc/nios2-elf/4.1.2/mno-hw-mul/libgcc.a(_div_df.o)
 .data          0x01016b68        0x0 /opt/altera/13.0sp1/nios2eds/bin/gnu/H-i686-pc-linux-gnu/bin/../lib/gcc/nios2-elf/4.1.2/mno-hw-mul/libgcc.a(_eq_df.o)
 .data          0x01016b68        0x0 /opt/altera/13.0sp1/nios2eds/bin/gnu/H-i686-pc-linux-gnu/bin/../lib/gcc/nios2-elf/4.1.2/mno-hw-mul/libgcc.a(_ne_df.o)
 .data          0x01016b68        0x0 /opt/altera/13.0sp1/nios2eds/bin/gnu/H-i686-pc-linux-gnu/bin/../lib/gcc/nios2-elf/4.1.2/mno-hw-mul/libgcc.a(_gt_df.o)
 .data          0x01016b68        0x0 /opt/altera/13.0sp1/nios2eds/bin/gnu/H-i686-pc-linux-gnu/bin/../lib/gcc/nios2-elf/4.1.2/mno-hw-mul/libgcc.a(_ge_df.o)
 .data          0x01016b68        0x0 /opt/altera/13.0sp1/nios2eds/bin/gnu/H-i686-pc-linux-gnu/bin/../lib/gcc/nios2-elf/4.1.2/mno-hw-mul/libgcc.a(_lt_df.o)
 .data          0x01016b68        0x0 /opt/altera/13.0sp1/nios2eds/bin/gnu/H-i686-pc-linux-gnu/bin/../lib/gcc/nios2-elf/4.1.2/mno-hw-mul/libgcc.a(_si_to_df.o)
 .data          0x01016b68        0x0 /opt/altera/13.0sp1/nios2eds/bin/gnu/H-i686-pc-linux-gnu/bin/../lib/gcc/nios2-elf/4.1.2/mno-hw-mul/libgcc.a(_df_to_si.o)
 .data          0x01016b68        0x0 /opt/altera/13.0sp1/nios2eds/bin/gnu/H-i686-pc-linux-gnu/bin/../lib/gcc/nios2-elf/4.1.2/mno-hw-mul/libgcc.a(_thenan_df.o)
 .data          0x01016b68        0x0 /opt/altera/13.0sp1/nios2eds/bin/gnu/H-i686-pc-linux-gnu/bin/../lib/gcc/nios2-elf/4.1.2/mno-hw-mul/libgcc.a(_usi_to_df.o)
 .data          0x01016b68        0x0 /opt/altera/13.0sp1/nios2eds/bin/gnu/H-i686-pc-linux-gnu/bin/../lib/gcc/nios2-elf/4.1.2/mno-hw-mul/libgcc.a(lib2-divmod.o)
 .data          0x01016b68        0x0 /opt/altera/13.0sp1/nios2eds/bin/gnu/H-i686-pc-linux-gnu/bin/../lib/gcc/nios2-elf/4.1.2/mno-hw-mul/libgcc.a(lib2-mul.o)
 .data          0x01016b68        0x0 /opt/altera/13.0sp1/nios2eds/bin/gnu/H-i686-pc-linux-gnu/bin/../lib/gcc/nios2-elf/4.1.2/mno-hw-mul/libgcc.a(_muldi3.o)
 .data          0x01016b68        0x0 /opt/altera/13.0sp1/nios2eds/bin/gnu/H-i686-pc-linux-gnu/bin/../lib/gcc/nios2-elf/4.1.2/mno-hw-mul/libgcc.a(_clz.o)
 .data          0x01016b68        0x0 /opt/altera/13.0sp1/nios2eds/bin/gnu/H-i686-pc-linux-gnu/bin/../lib/gcc/nios2-elf/4.1.2/mno-hw-mul/libgcc.a(_clzsi2.o)
 .data          0x01016b68        0x0 /opt/altera/13.0sp1/nios2eds/bin/gnu/H-i686-pc-linux-gnu/bin/../lib/gcc/nios2-elf/4.1.2/mno-hw-mul/libgcc.a(_pack_df.o)
 .data          0x01016b68        0x0 /opt/altera/13.0sp1/nios2eds/bin/gnu/H-i686-pc-linux-gnu/bin/../lib/gcc/nios2-elf/4.1.2/mno-hw-mul/libgcc.a(_unpack_df.o)
 .data          0x01016b68        0x0 /opt/altera/13.0sp1/nios2eds/bin/gnu/H-i686-pc-linux-gnu/bin/../lib/gcc/nios2-elf/4.1.2/mno-hw-mul/libgcc.a(_fpcmp_parts_df.o)
 .data          0x01016b68        0x0 ../lab2_sharedmem_bsp//libucosii_bsp.a(alt_close.o)
 .data          0x01016b68      0x1a8 ../lab2_sharedmem_bsp//libucosii_bsp.a(alt_dev.o)
                0x01016b68                alt_dev_null
                0x01016b90                alt_fd_list
 .data          0x01016d10        0x0 ../lab2_sharedmem_bsp//libucosii_bsp.a(alt_errno.o)
 .data          0x01016d10        0x0 ../lab2_sharedmem_bsp//libucosii_bsp.a(alt_fstat.o)
 .data          0x01016d10        0x0 ../lab2_sharedmem_bsp//libucosii_bsp.a(alt_isatty.o)
 .data          0x01016d10        0x0 ../lab2_sharedmem_bsp//libucosii_bsp.a(alt_load.o)
 .data          0x01016d10        0x0 ../lab2_sharedmem_bsp//libucosii_bsp.a(alt_lseek.o)
 .data          0x01016d10        0x0 ../lab2_sharedmem_bsp//libucosii_bsp.a(alt_main.o)
 .data          0x01016d10        0x0 ../lab2_sharedmem_bsp//libucosii_bsp.a(alt_read.o)
 .data          0x01016d10        0x0 ../lab2_sharedmem_bsp//libucosii_bsp.a(alt_release_fd.o)
 .data          0x01016d10        0x0 ../lab2_sharedmem_bsp//libucosii_bsp.a(alt_sbrk.o)
 .data          0x01016d10        0x0 ../lab2_sharedmem_bsp//libucosii_bsp.a(alt_write.o)
 .data          0x01016d10        0x0 ../lab2_sharedmem_bsp//libucosii_bsp.a(alt_env_lock.o)
 .data          0x01016d10        0x0 ../lab2_sharedmem_bsp//libucosii_bsp.a(alt_malloc_lock.o)
 .data          0x01016d10        0x0 ../lab2_sharedmem_bsp//libucosii_bsp.a(os_core.o)
 .data          0x01016d10        0x0 ../lab2_sharedmem_bsp//libucosii_bsp.a(os_dbg.o)
 .data          0x01016d10        0x0 ../lab2_sharedmem_bsp//libucosii_bsp.a(os_flag.o)
 .data          0x01016d10        0x0 ../lab2_sharedmem_bsp//libucosii_bsp.a(os_mem.o)
 .data          0x01016d10        0x0 ../lab2_sharedmem_bsp//libucosii_bsp.a(os_q.o)
 .data          0x01016d10        0x0 ../lab2_sharedmem_bsp//libucosii_bsp.a(os_sem.o)
 .data          0x01016d10        0x0 ../lab2_sharedmem_bsp//libucosii_bsp.a(os_task.o)
 .data          0x01016d10        0x0 ../lab2_sharedmem_bsp//libucosii_bsp.a(os_time.o)
 .data          0x01016d10     0x1098 ../lab2_sharedmem_bsp//libucosii_bsp.a(alt_sys_init.o)
 .data          0x01017da8        0x0 ../lab2_sharedmem_bsp//libucosii_bsp.a(altera_avalon_jtag_uart_fd.o)
 .data          0x01017da8        0x0 ../lab2_sharedmem_bsp//libucosii_bsp.a(altera_avalon_jtag_uart_init.o)
 .data          0x01017da8        0x0 ../lab2_sharedmem_bsp//libucosii_bsp.a(altera_avalon_jtag_uart_ioctl.o)
 .data          0x01017da8        0x0 ../lab2_sharedmem_bsp//libucosii_bsp.a(altera_avalon_jtag_uart_read.o)
 .data          0x01017da8        0x0 ../lab2_sharedmem_bsp//libucosii_bsp.a(altera_avalon_jtag_uart_write.o)
 .data          0x01017da8        0x0 ../lab2_sharedmem_bsp//libucosii_bsp.a(altera_avalon_timer_sc.o)
 .data          0x01017da8        0x0 ../lab2_sharedmem_bsp//libucosii_bsp.a(altera_up_avalon_character_lcd.o)
 .data          0x01017da8        0x0 ../lab2_sharedmem_bsp//libucosii_bsp.a(alt_alarm_start.o)
 .data          0x01017da8        0x0 ../lab2_sharedmem_bsp//libucosii_bsp.a(alt_dcache_flush_all.o)
 .data          0x01017da8        0x0 ../lab2_sharedmem_bsp//libucosii_bsp.a(alt_dev_llist_insert.o)
 .data          0x01017da8        0x0 ../lab2_sharedmem_bsp//libucosii_bsp.a(alt_do_ctors.o)
 .data          0x01017da8        0x0 ../lab2_sharedmem_bsp//libucosii_bsp.a(alt_do_dtors.o)
 .data          0x01017da8        0x0 ../lab2_sharedmem_bsp//libucosii_bsp.a(alt_find_dev.o)
 .data          0x01017da8        0x0 ../lab2_sharedmem_bsp//libucosii_bsp.a(alt_icache_flush_all.o)
 .data          0x01017da8        0x0 ../lab2_sharedmem_bsp//libucosii_bsp.a(alt_iic.o)
 .data          0x01017da8        0x0 ../lab2_sharedmem_bsp//libucosii_bsp.a(alt_iic_isr_register.o)
 .data          0x01017da8        0x0 ../lab2_sharedmem_bsp//libucosii_bsp.a(alt_io_redirect.o)
 .data          0x01017da8        0x0 ../lab2_sharedmem_bsp//libucosii_bsp.a(alt_irq_entry.o)
 .data          0x01017da8        0x0 ../lab2_sharedmem_bsp//libucosii_bsp.a(alt_irq_handler.o)
 .data          0x01017da8        0x0 ../lab2_sharedmem_bsp//libucosii_bsp.a(alt_irq_vars.o)
 .data          0x01017da8        0x0 ../lab2_sharedmem_bsp//libucosii_bsp.a(alt_open.o)
 .data          0x01017da8        0x0 ../lab2_sharedmem_bsp//libucosii_bsp.a(alt_tick.o)
 .data          0x01017da8        0x0 ../lab2_sharedmem_bsp//libucosii_bsp.a(altera_nios2_qsys_irq.o)
 .data          0x01017da8        0x0 ../lab2_sharedmem_bsp//libucosii_bsp.a(os_cpu_a.o)
 .data          0x01017da8        0x0 ../lab2_sharedmem_bsp//libucosii_bsp.a(os_cpu_c.o)
 .data          0x01017da8        0x0 ../lab2_sharedmem_bsp//libucosii_bsp.a(alt_exception_entry.o)
 .data          0x01017da8        0x0 ../lab2_sharedmem_bsp//libucosii_bsp.a(alt_find_file.o)
 .data          0x01017da8        0x0 ../lab2_sharedmem_bsp//libucosii_bsp.a(alt_get_fd.o)
 .data          0x01017da8        0x0 /opt/altera/13.0sp1/nios2eds/bin/gnu/H-i686-pc-linux-gnu/bin/../lib/gcc/nios2-elf/4.1.2/../../../../nios2-elf/lib/mno-hw-mul/libc.a(lib_a-atexit.o)
 .data          0x01017da8        0x0 /opt/altera/13.0sp1/nios2eds/bin/gnu/H-i686-pc-linux-gnu/bin/../lib/gcc/nios2-elf/4.1.2/../../../../nios2-elf/lib/mno-hw-mul/libc.a(lib_a-exit.o)
 .data          0x01017da8        0x0 /opt/altera/13.0sp1/nios2eds/bin/gnu/H-i686-pc-linux-gnu/bin/../lib/gcc/nios2-elf/4.1.2/../../../../nios2-elf/lib/mno-hw-mul/libc.a(lib_a-memcmp.o)
 .data          0x01017da8        0x0 /opt/altera/13.0sp1/nios2eds/bin/gnu/H-i686-pc-linux-gnu/bin/../lib/gcc/nios2-elf/4.1.2/../../../../nios2-elf/lib/mno-hw-mul/libc.a(lib_a-__atexit.o)
 .data          0x01017da8        0x0 /opt/altera/13.0sp1/nios2eds/bin/gnu/H-i686-pc-linux-gnu/bin/../lib/gcc/nios2-elf/4.1.2/../../../../nios2-elf/lib/mno-hw-mul/libc.a(lib_a-__call_atexit.o)
 .data          0x01017da8        0x0 /opt/altera/13.0sp1/nios2eds/bin/gnu/H-i686-pc-linux-gnu/bin/../lib/gcc/nios2-elf/4.1.2/mno-hw-mul/libgcc.a(_fixunsdfsi.o)
 .data          0x01017da8        0x0 ../lab2_sharedmem_bsp//libucosii_bsp.a(alt_exit.o)
                0x0101fda8                _gp = ABSOLUTE ((. + 0x8000))
                0x0101fda8                PROVIDE (gp, _gp)
 *(.rwdata .rwdata.*)
 *(.sdata .sdata.* .gnu.linkonce.s.*)
 .sdata         0x01017da8        0x1 obj/default/SharedMemory.o
                0x01017da8                state1
 *fill*         0x01017da9        0x3 00
 .sdata         0x01017dac        0x8 /opt/altera/13.0sp1/nios2eds/bin/gnu/H-i686-pc-linux-gnu/bin/../lib/gcc/nios2-elf/4.1.2/../../../../nios2-elf/lib/mno-hw-mul/libc.a(lib_a-impure.o)
                0x01017dac                _impure_ptr
                0x01017db0                _global_impure_ptr
 .sdata         0x01017db4        0x8 /opt/altera/13.0sp1/nios2eds/bin/gnu/H-i686-pc-linux-gnu/bin/../lib/gcc/nios2-elf/4.1.2/../../../../nios2-elf/lib/mno-hw-mul/libc.a(lib_a-locale.o)
                0x01017db4                __mb_cur_max
 .sdata         0x01017dbc        0x8 /opt/altera/13.0sp1/nios2eds/bin/gnu/H-i686-pc-linux-gnu/bin/../lib/gcc/nios2-elf/4.1.2/../../../../nios2-elf/lib/mno-hw-mul/libc.a(lib_a-mallocr.o)
                0x01017dbc                __malloc_trim_threshold
                0x01017dc0                __malloc_sbrk_base
 .sdata         0x01017dc4       0x14 ../lab2_sharedmem_bsp//libucosii_bsp.a(alt_dev.o)
                0x01017dc4                alt_fs_list
                0x01017dcc                alt_dev_list
                0x01017dd4                alt_max_fd
 .sdata         0x01017dd8        0x4 ../lab2_sharedmem_bsp//libucosii_bsp.a(alt_errno.o)
                0x01017dd8                alt_errno
 .sdata         0x01017ddc        0x4 ../lab2_sharedmem_bsp//libucosii_bsp.a(alt_sbrk.o)
 .sdata         0x01017de0        0x4 ../lab2_sharedmem_bsp//libucosii_bsp.a(alt_env_lock.o)
 .sdata         0x01017de4        0x4 ../lab2_sharedmem_bsp//libucosii_bsp.a(alt_malloc_lock.o)
 .sdata         0x01017de8       0x74 ../lab2_sharedmem_bsp//libucosii_bsp.a(os_dbg.o)
                0x01017de8                OSDebugEn
                0x01017dec                OSEndiannessTest
                0x01017df0                OSEventEn
                0x01017df2                OSEventMax
                0x01017df4                OSEventNameSize
                0x01017df6                OSEventSize
                0x01017df8                OSEventTblSize
                0x01017dfa                OSEventMultiEn
                0x01017dfc                OSFlagEn
                0x01017dfe                OSFlagGrpSize
                0x01017e00                OSFlagNodeSize
                0x01017e02                OSFlagWidth
                0x01017e04                OSFlagMax
                0x01017e06                OSFlagNameSize
                0x01017e08                OSLowestPrio
                0x01017e0a                OSMboxEn
                0x01017e0c                OSMemEn
                0x01017e0e                OSMemMax
                0x01017e10                OSMemNameSize
                0x01017e12                OSMemSize
                0x01017e14                OSMemTblSize
                0x01017e16                OSMutexEn
                0x01017e18                OSPtrSize
                0x01017e1a                OSQEn
                0x01017e1c                OSQMax
                0x01017e1e                OSQSize
                0x01017e20                OSRdyTblSize
                0x01017e22                OSSemEn
                0x01017e24                OSStkWidth
                0x01017e26                OSTaskCreateEn
                0x01017e28                OSTaskCreateExtEn
                0x01017e2a                OSTaskDelEn
                0x01017e2c                OSTaskIdleStkSize
                0x01017e2e                OSTaskProfileEn
                0x01017e30                OSTaskMax
                0x01017e32                OSTaskNameSize
                0x01017e34                OSTaskStatEn
                0x01017e36                OSTaskStatStkSize
                0x01017e38                OSTaskStatStkChkEn
                0x01017e3a                OSTaskSwHookEn
                0x01017e3c                OSTCBPrioTblMax
                0x01017e3e                OSTCBSize
                0x01017e40                OSTicksPerSec
                0x01017e42                OSTimeTickHookEn
                0x01017e44                OSVersionNbr
                0x01017e46                OSTmrEn
                0x01017e48                OSTmrCfgMax
                0x01017e4a                OSTmrCfgNameSize
                0x01017e4c                OSTmrCfgWheelSize
                0x01017e4e                OSTmrCfgTicksPerSec
                0x01017e50                OSTmrSize
                0x01017e52                OSTmrTblSize
                0x01017e54                OSTmrWheelSize
                0x01017e56                OSTmrWheelTblSize
                0x01017e58                OSDataSize
 .sdata         0x01017e5c        0x4 ../lab2_sharedmem_bsp//libucosii_bsp.a(alt_irq_vars.o)
                0x01017e5c                alt_priority_mask
 .sdata         0x01017e60        0x8 ../lab2_sharedmem_bsp//libucosii_bsp.a(alt_tick.o)
                0x01017e60                alt_alarm_list
 *(.sdata2 .sdata2.* .gnu.linkonce.s2.*)
                0x01017e68                . = ALIGN (0x4)
                0x01017e68                _edata = ABSOLUTE (.)
                0x01017e68                PROVIDE (edata, ABSOLUTE (.))
                0x01017e68                PROVIDE (__ram_rwdata_end, ABSOLUTE (.))
                0x01017e68                PROVIDE (__flash_rwdata_start, LOADADDR (.rwdata))

.bss            0x0101997c     0x9590
                0x0101997c                __bss_start = ABSOLUTE (.)
                0x0101997c                PROVIDE (__sbss_start, ABSOLUTE (.))
                0x0101997c                PROVIDE (___sbss_start, ABSOLUTE (.))
 *(.dynsbss)
 *(.sbss .sbss.* .gnu.linkonce.sb.*)
 .sbss          0x0101997c        0x8 obj/default/SharedMemory.o
                0x0101997c                state0
                0x01019980                Mem
 .sbss          0x01019984       0x14 obj/default/SharedMemory.o
                0x01019984                SemT1S1
                0x01019988                SemT0S1
                0x0101998c                SemT0S0
                0x01019990                MemBuffer
                0x01019994                SemT1S0
 .sbss          0x01019998        0xc /opt/altera/13.0sp1/nios2eds/bin/gnu/H-i686-pc-linux-gnu/bin/../lib/gcc/nios2-elf/4.1.2/../../../../nios2-elf/lib/mno-hw-mul/libc.a(lib_a-locale.o)
                0x01019998                __nlocale_changed
                0x0101999c                __mlocale_changed
                0x010199a0                _PathLocale
 .sbss          0x010199a4        0xc /opt/altera/13.0sp1/nios2eds/bin/gnu/H-i686-pc-linux-gnu/bin/../lib/gcc/nios2-elf/4.1.2/../../../../nios2-elf/lib/mno-hw-mul/libc.a(lib_a-mallocr.o)
                0x010199a4                __malloc_top_pad
                0x010199a8                __malloc_max_sbrked_mem
                0x010199ac                __malloc_max_total_mem
 .sbss          0x010199b0        0x4 /opt/altera/13.0sp1/nios2eds/bin/gnu/H-i686-pc-linux-gnu/bin/../lib/gcc/nios2-elf/4.1.2/../../../../nios2-elf/lib/mno-hw-mul/libc.a(lib_a-int_errno.o)
                0x010199b0                errno
 .sbss          0x010199b4        0x4 ../lab2_sharedmem_bsp//libucosii_bsp.a(alt_dev.o)
                0x010199b4                alt_fd_list_lock
 .sbss          0x010199b8        0xc ../lab2_sharedmem_bsp//libucosii_bsp.a(alt_main.o)
                0x010199b8                alt_argc
                0x010199bc                alt_argv
                0x010199c0                alt_envp
 .sbss          0x010199c4        0x8 ../lab2_sharedmem_bsp//libucosii_bsp.a(alt_env_lock.o)
                0x010199c8                alt_envsem
 .sbss          0x010199cc        0x8 ../lab2_sharedmem_bsp//libucosii_bsp.a(alt_malloc_lock.o)
                0x010199d0                alt_heapsem
 .sbss          0x010199d4       0x50 ../lab2_sharedmem_bsp//libucosii_bsp.a(os_core.o)
                0x010199d4                OSLockNesting
                0x010199d5                OSRunning
                0x010199d8                OSIdleCtr
                0x010199dc                OSPrioHighRdy
                0x010199dd                OSPrioCur
                0x010199e0                OSTCBList
                0x010199e4                OSTickStepState
                0x010199e8                OSCtxSwCtr
                0x010199ec                OSIdleCtrMax
                0x010199f0                OSTCBFreeList
                0x010199f4                OSCPUUsage
                0x010199f5                OSTaskCtr
                0x010199f8                OSMemFreeList
                0x010199fc                OSTCBHighRdy
                0x01019a00                OSQFreeList
                0x01019a04                OSRdyGrp
                0x01019a05                OSRdyTbl
                0x01019a08                OSEventFreeList
                0x01019a0c                OSIntNesting
                0x01019a10                OSTCBCur
                0x01019a14                OSTime
                0x01019a18                OSFlagFreeList
                0x01019a1c                OSStatRdy
                0x01019a20                OSIdleCtrRun
 .sbss          0x01019a24        0x4 ../lab2_sharedmem_bsp//libucosii_bsp.a(alt_irq_vars.o)
                0x01019a24                alt_irq_active
 .sbss          0x01019a28        0x8 ../lab2_sharedmem_bsp//libucosii_bsp.a(alt_tick.o)
                0x01019a28                _alt_tick_rate
                0x01019a2c                _alt_nticks
 *(.sbss2 .sbss2.* .gnu.linkonce.sb2.*)
 *(.scommon)
                0x01019a30                PROVIDE (__sbss_end, ABSOLUTE (.))
                0x01019a30                PROVIDE (___sbss_end, ABSOLUTE (.))
 *(.dynbss)
 *(.bss .bss.* .gnu.linkonce.b.*)
 .bss           0x01019a30        0x0 ../lab2_sharedmem_bsp//obj/HAL/src/crt0.o
 .bss           0x01019a30        0x0 obj/default/SharedMemory.o
 .bss           0x01019a30        0x0 /opt/altera/13.0sp1/nios2eds/bin/gnu/H-i686-pc-linux-gnu/bin/../lib/gcc/nios2-elf/4.1.2/../../../../nios2-elf/lib/mno-hw-mul/libc.a(lib_a-printf.o)
 .bss           0x01019a30        0x0 /opt/altera/13.0sp1/nios2eds/bin/gnu/H-i686-pc-linux-gnu/bin/../lib/gcc/nios2-elf/4.1.2/../../../../nios2-elf/lib/mno-hw-mul/libc.a(lib_a-puts.o)
 .bss           0x01019a30        0x0 /opt/altera/13.0sp1/nios2eds/bin/gnu/H-i686-pc-linux-gnu/bin/../lib/gcc/nios2-elf/4.1.2/../../../../nios2-elf/lib/mno-hw-mul/libc.a(lib_a-strlen.o)
 .bss           0x01019a30        0x0 /opt/altera/13.0sp1/nios2eds/bin/gnu/H-i686-pc-linux-gnu/bin/../lib/gcc/nios2-elf/4.1.2/../../../../nios2-elf/lib/mno-hw-mul/libc.a(lib_a-vfprintf.o)
 .bss           0x01019a30        0x0 /opt/altera/13.0sp1/nios2eds/bin/gnu/H-i686-pc-linux-gnu/bin/../lib/gcc/nios2-elf/4.1.2/../../../../nios2-elf/lib/mno-hw-mul/libc.a(lib_a-wsetup.o)
 .bss           0x01019a30        0x0 /opt/altera/13.0sp1/nios2eds/bin/gnu/H-i686-pc-linux-gnu/bin/../lib/gcc/nios2-elf/4.1.2/../../../../nios2-elf/lib/mno-hw-mul/libc.a(lib_a-dtoa.o)
 .bss           0x01019a30        0x0 /opt/altera/13.0sp1/nios2eds/bin/gnu/H-i686-pc-linux-gnu/bin/../lib/gcc/nios2-elf/4.1.2/../../../../nios2-elf/lib/mno-hw-mul/libc.a(lib_a-fflush.o)
 .bss           0x01019a30        0x0 /opt/altera/13.0sp1/nios2eds/bin/gnu/H-i686-pc-linux-gnu/bin/../lib/gcc/nios2-elf/4.1.2/../../../../nios2-elf/lib/mno-hw-mul/libc.a(lib_a-findfp.o)
 .bss           0x01019a30        0x0 /opt/altera/13.0sp1/nios2eds/bin/gnu/H-i686-pc-linux-gnu/bin/../lib/gcc/nios2-elf/4.1.2/../../../../nios2-elf/lib/mno-hw-mul/libc.a(lib_a-freer.o)
 .bss           0x01019a30        0x0 /opt/altera/13.0sp1/nios2eds/bin/gnu/H-i686-pc-linux-gnu/bin/../lib/gcc/nios2-elf/4.1.2/../../../../nios2-elf/lib/mno-hw-mul/libc.a(lib_a-fvwrite.o)
 .bss           0x01019a30        0x0 /opt/altera/13.0sp1/nios2eds/bin/gnu/H-i686-pc-linux-gnu/bin/../lib/gcc/nios2-elf/4.1.2/../../../../nios2-elf/lib/mno-hw-mul/libc.a(lib_a-fwalk.o)
 .bss           0x01019a30        0x0 /opt/altera/13.0sp1/nios2eds/bin/gnu/H-i686-pc-linux-gnu/bin/../lib/gcc/nios2-elf/4.1.2/../../../../nios2-elf/lib/mno-hw-mul/libc.a(lib_a-impure.o)
 .bss           0x01019a30        0x0 /opt/altera/13.0sp1/nios2eds/bin/gnu/H-i686-pc-linux-gnu/bin/../lib/gcc/nios2-elf/4.1.2/../../../../nios2-elf/lib/mno-hw-mul/libc.a(lib_a-locale.o)
 .bss           0x01019a30        0x0 /opt/altera/13.0sp1/nios2eds/bin/gnu/H-i686-pc-linux-gnu/bin/../lib/gcc/nios2-elf/4.1.2/../../../../nios2-elf/lib/mno-hw-mul/libc.a(lib_a-makebuf.o)
 .bss           0x01019a30       0x28 /opt/altera/13.0sp1/nios2eds/bin/gnu/H-i686-pc-linux-gnu/bin/../lib/gcc/nios2-elf/4.1.2/../../../../nios2-elf/lib/mno-hw-mul/libc.a(lib_a-mallocr.o)
                0x01019a30                __malloc_current_mallinfo
 .bss           0x01019a58        0x0 /opt/altera/13.0sp1/nios2eds/bin/gnu/H-i686-pc-linux-gnu/bin/../lib/gcc/nios2-elf/4.1.2/../../../../nios2-elf/lib/mno-hw-mul/libc.a(lib_a-memchr.o)
 .bss           0x01019a58        0x0 /opt/altera/13.0sp1/nios2eds/bin/gnu/H-i686-pc-linux-gnu/bin/../lib/gcc/nios2-elf/4.1.2/../../../../nios2-elf/lib/mno-hw-mul/libc.a(lib_a-memcpy.o)
 .bss           0x01019a58        0x0 /opt/altera/13.0sp1/nios2eds/bin/gnu/H-i686-pc-linux-gnu/bin/../lib/gcc/nios2-elf/4.1.2/../../../../nios2-elf/lib/mno-hw-mul/libc.a(lib_a-memmove.o)
 .bss           0x01019a58        0x0 /opt/altera/13.0sp1/nios2eds/bin/gnu/H-i686-pc-linux-gnu/bin/../lib/gcc/nios2-elf/4.1.2/../../../../nios2-elf/lib/mno-hw-mul/libc.a(lib_a-memset.o)
 .bss           0x01019a58        0x0 /opt/altera/13.0sp1/nios2eds/bin/gnu/H-i686-pc-linux-gnu/bin/../lib/gcc/nios2-elf/4.1.2/../../../../nios2-elf/lib/mno-hw-mul/libc.a(lib_a-mprec.o)
 .bss           0x01019a58        0x0 /opt/altera/13.0sp1/nios2eds/bin/gnu/H-i686-pc-linux-gnu/bin/../lib/gcc/nios2-elf/4.1.2/../../../../nios2-elf/lib/mno-hw-mul/libc.a(lib_a-reallocr.o)
 .bss           0x01019a58        0x0 /opt/altera/13.0sp1/nios2eds/bin/gnu/H-i686-pc-linux-gnu/bin/../lib/gcc/nios2-elf/4.1.2/../../../../nios2-elf/lib/mno-hw-mul/libc.a(lib_a-s_isinfd.o)
 .bss           0x01019a58        0x0 /opt/altera/13.0sp1/nios2eds/bin/gnu/H-i686-pc-linux-gnu/bin/../lib/gcc/nios2-elf/4.1.2/../../../../nios2-elf/lib/mno-hw-mul/libc.a(lib_a-s_isnand.o)
 .bss           0x01019a58        0x0 /opt/altera/13.0sp1/nios2eds/bin/gnu/H-i686-pc-linux-gnu/bin/../lib/gcc/nios2-elf/4.1.2/../../../../nios2-elf/lib/mno-hw-mul/libc.a(lib_a-sbrkr.o)
 .bss           0x01019a58        0x0 /opt/altera/13.0sp1/nios2eds/bin/gnu/H-i686-pc-linux-gnu/bin/../lib/gcc/nios2-elf/4.1.2/../../../../nios2-elf/lib/mno-hw-mul/libc.a(lib_a-stdio.o)
 .bss           0x01019a58        0x0 /opt/altera/13.0sp1/nios2eds/bin/gnu/H-i686-pc-linux-gnu/bin/../lib/gcc/nios2-elf/4.1.2/../../../../nios2-elf/lib/mno-hw-mul/libc.a(lib_a-strcmp.o)
 .bss           0x01019a58        0x0 /opt/altera/13.0sp1/nios2eds/bin/gnu/H-i686-pc-linux-gnu/bin/../lib/gcc/nios2-elf/4.1.2/../../../../nios2-elf/lib/mno-hw-mul/libc.a(lib_a-writer.o)
 .bss           0x01019a58        0x0 /opt/altera/13.0sp1/nios2eds/bin/gnu/H-i686-pc-linux-gnu/bin/../lib/gcc/nios2-elf/4.1.2/../../../../nios2-elf/lib/mno-hw-mul/libc.a(lib_a-callocr.o)
 .bss           0x01019a58        0x0 /opt/altera/13.0sp1/nios2eds/bin/gnu/H-i686-pc-linux-gnu/bin/../lib/gcc/nios2-elf/4.1.2/../../../../nios2-elf/lib/mno-hw-mul/libc.a(lib_a-closer.o)
 .bss           0x01019a58        0x0 /opt/altera/13.0sp1/nios2eds/bin/gnu/H-i686-pc-linux-gnu/bin/../lib/gcc/nios2-elf/4.1.2/../../../../nios2-elf/lib/mno-hw-mul/libc.a(lib_a-fclose.o)
 .bss           0x01019a58        0x0 /opt/altera/13.0sp1/nios2eds/bin/gnu/H-i686-pc-linux-gnu/bin/../lib/gcc/nios2-elf/4.1.2/../../../../nios2-elf/lib/mno-hw-mul/libc.a(lib_a-fstatr.o)
 .bss           0x01019a58        0x0 /opt/altera/13.0sp1/nios2eds/bin/gnu/H-i686-pc-linux-gnu/bin/../lib/gcc/nios2-elf/4.1.2/../../../../nios2-elf/lib/mno-hw-mul/libc.a(lib_a-int_errno.o)
 .bss           0x01019a58        0x0 /opt/altera/13.0sp1/nios2eds/bin/gnu/H-i686-pc-linux-gnu/bin/../lib/gcc/nios2-elf/4.1.2/../../../../nios2-elf/lib/mno-hw-mul/libc.a(lib_a-isattyr.o)
 .bss           0x01019a58        0x0 /opt/altera/13.0sp1/nios2eds/bin/gnu/H-i686-pc-linux-gnu/bin/../lib/gcc/nios2-elf/4.1.2/../../../../nios2-elf/lib/mno-hw-mul/libc.a(lib_a-lseekr.o)
 .bss           0x01019a58        0x0 /opt/altera/13.0sp1/nios2eds/bin/gnu/H-i686-pc-linux-gnu/bin/../lib/gcc/nios2-elf/4.1.2/../../../../nios2-elf/lib/mno-hw-mul/libc.a(lib_a-readr.o)
 .bss           0x01019a58        0x0 /opt/altera/13.0sp1/nios2eds/bin/gnu/H-i686-pc-linux-gnu/bin/../lib/gcc/nios2-elf/4.1.2/mno-hw-mul/libgcc.a(_udivdi3.o)
 .bss           0x01019a58        0x0 /opt/altera/13.0sp1/nios2eds/bin/gnu/H-i686-pc-linux-gnu/bin/../lib/gcc/nios2-elf/4.1.2/mno-hw-mul/libgcc.a(_umoddi3.o)
 .bss           0x01019a58        0x0 /opt/altera/13.0sp1/nios2eds/bin/gnu/H-i686-pc-linux-gnu/bin/../lib/gcc/nios2-elf/4.1.2/mno-hw-mul/libgcc.a(_addsub_df.o)
 .bss           0x01019a58        0x0 /opt/altera/13.0sp1/nios2eds/bin/gnu/H-i686-pc-linux-gnu/bin/../lib/gcc/nios2-elf/4.1.2/mno-hw-mul/libgcc.a(_mul_df.o)
 .bss           0x01019a58        0x0 /opt/altera/13.0sp1/nios2eds/bin/gnu/H-i686-pc-linux-gnu/bin/../lib/gcc/nios2-elf/4.1.2/mno-hw-mul/libgcc.a(_div_df.o)
 .bss           0x01019a58        0x0 /opt/altera/13.0sp1/nios2eds/bin/gnu/H-i686-pc-linux-gnu/bin/../lib/gcc/nios2-elf/4.1.2/mno-hw-mul/libgcc.a(_eq_df.o)
 .bss           0x01019a58        0x0 /opt/altera/13.0sp1/nios2eds/bin/gnu/H-i686-pc-linux-gnu/bin/../lib/gcc/nios2-elf/4.1.2/mno-hw-mul/libgcc.a(_ne_df.o)
 .bss           0x01019a58        0x0 /opt/altera/13.0sp1/nios2eds/bin/gnu/H-i686-pc-linux-gnu/bin/../lib/gcc/nios2-elf/4.1.2/mno-hw-mul/libgcc.a(_gt_df.o)
 .bss           0x01019a58        0x0 /opt/altera/13.0sp1/nios2eds/bin/gnu/H-i686-pc-linux-gnu/bin/../lib/gcc/nios2-elf/4.1.2/mno-hw-mul/libgcc.a(_ge_df.o)
 .bss           0x01019a58        0x0 /opt/altera/13.0sp1/nios2eds/bin/gnu/H-i686-pc-linux-gnu/bin/../lib/gcc/nios2-elf/4.1.2/mno-hw-mul/libgcc.a(_lt_df.o)
 .bss           0x01019a58        0x0 /opt/altera/13.0sp1/nios2eds/bin/gnu/H-i686-pc-linux-gnu/bin/../lib/gcc/nios2-elf/4.1.2/mno-hw-mul/libgcc.a(_si_to_df.o)
 .bss           0x01019a58        0x0 /opt/altera/13.0sp1/nios2eds/bin/gnu/H-i686-pc-linux-gnu/bin/../lib/gcc/nios2-elf/4.1.2/mno-hw-mul/libgcc.a(_df_to_si.o)
 .bss           0x01019a58        0x0 /opt/altera/13.0sp1/nios2eds/bin/gnu/H-i686-pc-linux-gnu/bin/../lib/gcc/nios2-elf/4.1.2/mno-hw-mul/libgcc.a(_thenan_df.o)
 .bss           0x01019a58        0x0 /opt/altera/13.0sp1/nios2eds/bin/gnu/H-i686-pc-linux-gnu/bin/../lib/gcc/nios2-elf/4.1.2/mno-hw-mul/libgcc.a(_usi_to_df.o)
 .bss           0x01019a58        0x0 /opt/altera/13.0sp1/nios2eds/bin/gnu/H-i686-pc-linux-gnu/bin/../lib/gcc/nios2-elf/4.1.2/mno-hw-mul/libgcc.a(lib2-divmod.o)
 .bss           0x01019a58        0x0 /opt/altera/13.0sp1/nios2eds/bin/gnu/H-i686-pc-linux-gnu/bin/../lib/gcc/nios2-elf/4.1.2/mno-hw-mul/libgcc.a(lib2-mul.o)
 .bss           0x01019a58        0x0 /opt/altera/13.0sp1/nios2eds/bin/gnu/H-i686-pc-linux-gnu/bin/../lib/gcc/nios2-elf/4.1.2/mno-hw-mul/libgcc.a(_muldi3.o)
 .bss           0x01019a58        0x0 /opt/altera/13.0sp1/nios2eds/bin/gnu/H-i686-pc-linux-gnu/bin/../lib/gcc/nios2-elf/4.1.2/mno-hw-mul/libgcc.a(_clz.o)
 .bss           0x01019a58        0x0 /opt/altera/13.0sp1/nios2eds/bin/gnu/H-i686-pc-linux-gnu/bin/../lib/gcc/nios2-elf/4.1.2/mno-hw-mul/libgcc.a(_clzsi2.o)
 .bss           0x01019a58        0x0 /opt/altera/13.0sp1/nios2eds/bin/gnu/H-i686-pc-linux-gnu/bin/../lib/gcc/nios2-elf/4.1.2/mno-hw-mul/libgcc.a(_pack_df.o)
 .bss           0x01019a58        0x0 /opt/altera/13.0sp1/nios2eds/bin/gnu/H-i686-pc-linux-gnu/bin/../lib/gcc/nios2-elf/4.1.2/mno-hw-mul/libgcc.a(_unpack_df.o)
 .bss           0x01019a58        0x0 /opt/altera/13.0sp1/nios2eds/bin/gnu/H-i686-pc-linux-gnu/bin/../lib/gcc/nios2-elf/4.1.2/mno-hw-mul/libgcc.a(_fpcmp_parts_df.o)
 .bss           0x01019a58        0x0 ../lab2_sharedmem_bsp//libucosii_bsp.a(alt_close.o)
 .bss           0x01019a58        0x0 ../lab2_sharedmem_bsp//libucosii_bsp.a(alt_dev.o)
 .bss           0x01019a58        0x0 ../lab2_sharedmem_bsp//libucosii_bsp.a(alt_errno.o)
 .bss           0x01019a58        0x0 ../lab2_sharedmem_bsp//libucosii_bsp.a(alt_fstat.o)
 .bss           0x01019a58        0x0 ../lab2_sharedmem_bsp//libucosii_bsp.a(alt_isatty.o)
 .bss           0x01019a58        0x0 ../lab2_sharedmem_bsp//libucosii_bsp.a(alt_load.o)
 .bss           0x01019a58        0x0 ../lab2_sharedmem_bsp//libucosii_bsp.a(alt_lseek.o)
 .bss           0x01019a58        0x0 ../lab2_sharedmem_bsp//libucosii_bsp.a(alt_main.o)
 .bss           0x01019a58        0x0 ../lab2_sharedmem_bsp//libucosii_bsp.a(alt_read.o)
 .bss           0x01019a58        0x0 ../lab2_sharedmem_bsp//libucosii_bsp.a(alt_release_fd.o)
 .bss           0x01019a58        0x0 ../lab2_sharedmem_bsp//libucosii_bsp.a(alt_sbrk.o)
 .bss           0x01019a58        0x0 ../lab2_sharedmem_bsp//libucosii_bsp.a(alt_write.o)
 .bss           0x01019a58        0x0 ../lab2_sharedmem_bsp//libucosii_bsp.a(alt_env_lock.o)
 .bss           0x01019a58        0x0 ../lab2_sharedmem_bsp//libucosii_bsp.a(alt_malloc_lock.o)
 .bss           0x01019a58        0x0 ../lab2_sharedmem_bsp//libucosii_bsp.a(os_core.o)
 .bss           0x01019a58        0x0 ../lab2_sharedmem_bsp//libucosii_bsp.a(os_dbg.o)
 .bss           0x01019a58        0x0 ../lab2_sharedmem_bsp//libucosii_bsp.a(os_flag.o)
 .bss           0x01019a58        0x0 ../lab2_sharedmem_bsp//libucosii_bsp.a(os_mem.o)
 .bss           0x01019a58        0x0 ../lab2_sharedmem_bsp//libucosii_bsp.a(os_q.o)
 .bss           0x01019a58        0x0 ../lab2_sharedmem_bsp//libucosii_bsp.a(os_sem.o)
 .bss           0x01019a58        0x0 ../lab2_sharedmem_bsp//libucosii_bsp.a(os_task.o)
 .bss           0x01019a58        0x0 ../lab2_sharedmem_bsp//libucosii_bsp.a(os_time.o)
 .bss           0x01019a58        0x0 ../lab2_sharedmem_bsp//libucosii_bsp.a(alt_sys_init.o)
 .bss           0x01019a58        0x0 ../lab2_sharedmem_bsp//libucosii_bsp.a(altera_avalon_jtag_uart_fd.o)
 .bss           0x01019a58        0x0 ../lab2_sharedmem_bsp//libucosii_bsp.a(altera_avalon_jtag_uart_init.o)
 .bss           0x01019a58        0x0 ../lab2_sharedmem_bsp//libucosii_bsp.a(altera_avalon_jtag_uart_ioctl.o)
 .bss           0x01019a58        0x0 ../lab2_sharedmem_bsp//libucosii_bsp.a(altera_avalon_jtag_uart_read.o)
 .bss           0x01019a58        0x0 ../lab2_sharedmem_bsp//libucosii_bsp.a(altera_avalon_jtag_uart_write.o)
 .bss           0x01019a58        0x0 ../lab2_sharedmem_bsp//libucosii_bsp.a(altera_avalon_timer_sc.o)
 .bss           0x01019a58        0x0 ../lab2_sharedmem_bsp//libucosii_bsp.a(altera_up_avalon_character_lcd.o)
 .bss           0x01019a58        0x0 ../lab2_sharedmem_bsp//libucosii_bsp.a(alt_alarm_start.o)
 .bss           0x01019a58        0x0 ../lab2_sharedmem_bsp//libucosii_bsp.a(alt_dcache_flush_all.o)
 .bss           0x01019a58        0x0 ../lab2_sharedmem_bsp//libucosii_bsp.a(alt_dev_llist_insert.o)
 .bss           0x01019a58        0x0 ../lab2_sharedmem_bsp//libucosii_bsp.a(alt_do_ctors.o)
 .bss           0x01019a58        0x0 ../lab2_sharedmem_bsp//libucosii_bsp.a(alt_do_dtors.o)
 .bss           0x01019a58        0x0 ../lab2_sharedmem_bsp//libucosii_bsp.a(alt_find_dev.o)
 .bss           0x01019a58        0x0 ../lab2_sharedmem_bsp//libucosii_bsp.a(alt_icache_flush_all.o)
 .bss           0x01019a58        0x0 ../lab2_sharedmem_bsp//libucosii_bsp.a(alt_iic.o)
 .bss           0x01019a58        0x0 ../lab2_sharedmem_bsp//libucosii_bsp.a(alt_iic_isr_register.o)
 .bss           0x01019a58        0x0 ../lab2_sharedmem_bsp//libucosii_bsp.a(alt_io_redirect.o)
 .bss           0x01019a58        0x0 ../lab2_sharedmem_bsp//libucosii_bsp.a(alt_irq_entry.o)
 .bss           0x01019a58        0x0 ../lab2_sharedmem_bsp//libucosii_bsp.a(alt_irq_handler.o)
 .bss           0x01019a58        0x0 ../lab2_sharedmem_bsp//libucosii_bsp.a(alt_irq_vars.o)
 .bss           0x01019a58        0x0 ../lab2_sharedmem_bsp//libucosii_bsp.a(alt_open.o)
 .bss           0x01019a58        0x0 ../lab2_sharedmem_bsp//libucosii_bsp.a(alt_tick.o)
 .bss           0x01019a58        0x0 ../lab2_sharedmem_bsp//libucosii_bsp.a(altera_nios2_qsys_irq.o)
 .bss           0x01019a58        0x0 ../lab2_sharedmem_bsp//libucosii_bsp.a(os_cpu_a.o)
 .bss           0x01019a58        0x0 ../lab2_sharedmem_bsp//libucosii_bsp.a(os_cpu_c.o)
 .bss           0x01019a58        0x0 ../lab2_sharedmem_bsp//libucosii_bsp.a(alt_exception_entry.o)
 .bss           0x01019a58        0x0 ../lab2_sharedmem_bsp//libucosii_bsp.a(alt_find_file.o)
 .bss           0x01019a58        0x0 ../lab2_sharedmem_bsp//libucosii_bsp.a(alt_get_fd.o)
 .bss           0x01019a58        0x0 /opt/altera/13.0sp1/nios2eds/bin/gnu/H-i686-pc-linux-gnu/bin/../lib/gcc/nios2-elf/4.1.2/../../../../nios2-elf/lib/mno-hw-mul/libc.a(lib_a-atexit.o)
 .bss           0x01019a58        0x0 /opt/altera/13.0sp1/nios2eds/bin/gnu/H-i686-pc-linux-gnu/bin/../lib/gcc/nios2-elf/4.1.2/../../../../nios2-elf/lib/mno-hw-mul/libc.a(lib_a-exit.o)
 .bss           0x01019a58        0x0 /opt/altera/13.0sp1/nios2eds/bin/gnu/H-i686-pc-linux-gnu/bin/../lib/gcc/nios2-elf/4.1.2/../../../../nios2-elf/lib/mno-hw-mul/libc.a(lib_a-memcmp.o)
 .bss           0x01019a58        0x0 /opt/altera/13.0sp1/nios2eds/bin/gnu/H-i686-pc-linux-gnu/bin/../lib/gcc/nios2-elf/4.1.2/../../../../nios2-elf/lib/mno-hw-mul/libc.a(lib_a-__atexit.o)
 .bss           0x01019a58        0x0 /opt/altera/13.0sp1/nios2eds/bin/gnu/H-i686-pc-linux-gnu/bin/../lib/gcc/nios2-elf/4.1.2/../../../../nios2-elf/lib/mno-hw-mul/libc.a(lib_a-__call_atexit.o)
 .bss           0x01019a58        0x0 /opt/altera/13.0sp1/nios2eds/bin/gnu/H-i686-pc-linux-gnu/bin/../lib/gcc/nios2-elf/4.1.2/mno-hw-mul/libgcc.a(_fixunsdfsi.o)
 .bss           0x01019a58        0x0 ../lab2_sharedmem_bsp//libucosii_bsp.a(alt_exit.o)
 *(COMMON)
 COMMON         0x01019a58     0x6000 obj/default/SharedMemory.o
                0x01019a58                task1_stk
                0x0101ba58                task0_stk
                0x0101da58                stat_stk
 COMMON         0x0101fa58     0x3224 ../lab2_sharedmem_bsp//libucosii_bsp.a(os_core.o)
                0x0101fa58                OSFlagTbl
                0x0101fdc8                OSMemTbl
                0x010209f8                OSTaskStatStk
                0x010211f8                OSQTbl
                0x010213d8                OSTaskIdleStk
                0x01021bd8                OSEventTbl
                0x01022718                OSTCBTbl
                0x01022c28                OSTCBPrioTbl
 COMMON         0x01022c7c      0x100 ../lab2_sharedmem_bsp//libucosii_bsp.a(alt_irq_handler.o)
                0x01022c7c                alt_irq
 COMMON         0x01022d7c      0x190 /opt/altera/13.0sp1/nios2eds/bin/gnu/H-i686-pc-linux-gnu/bin/../lib/gcc/nios2-elf/4.1.2/../../../../nios2-elf/lib/mno-hw-mul/libc.a(lib_a-atexit.o)
                0x01022d7c                _atexit0
                0x01022f0c                . = ALIGN (0x4)
                0x01022f0c                __bss_end = ABSOLUTE (.)

.onchip_memory  0x00000000        0x0 load address 0x01022f0c
                0x00000000                PROVIDE (_alt_partition_onchip_memory_start, ABSOLUTE (.))
 *(.onchip_memory. onchip_memory.*)
                0x00000000                . = ALIGN (0x4)
                0x00000000                PROVIDE (_alt_partition_onchip_memory_end, ABSOLUTE (.))
                0x01022f0c                PROVIDE (_alt_partition_onchip_memory_load_addr, LOADADDR (.onchip_memory))

.sram           0x00100000        0x0 load address 0x01022f0c
                0x00100000                PROVIDE (_alt_partition_sram_start, ABSOLUTE (.))
 *(.sram. sram.*)
                0x00100000                . = ALIGN (0x4)
                0x00100000                PROVIDE (_alt_partition_sram_end, ABSOLUTE (.))
                0x01022f0c                PROVIDE (_alt_partition_sram_load_addr, LOADADDR (.sram))

.sdram          0x01022f0c        0x0
                0x01022f0c                PROVIDE (_alt_partition_sdram_start, ABSOLUTE (.))
 *(.sdram. sdram.*)
                0x01022f0c                . = ALIGN (0x4)
                0x01022f0c                PROVIDE (_alt_partition_sdram_end, ABSOLUTE (.))
                0x01022f0c                _end = ABSOLUTE (.)
                0x01022f0c                end = ABSOLUTE (.)
                0x01022f0c                __alt_stack_base = ABSOLUTE (.)
                0x01022f0c                PROVIDE (_alt_partition_sdram_load_addr, LOADADDR (.sdram))

.stab
 *(.stab)

.stabstr
 *(.stabstr)

.stab.excl
 *(.stab.excl)

.stab.exclstr
 *(.stab.exclstr)

.stab.index
 *(.stab.index)

.stab.indexstr
 *(.stab.indexstr)

.comment        0x00000000       0x26
 *(.comment)
 .comment       0x00000000       0x26 obj/default/SharedMemory.o
                                 0x27 (size before relaxing)
 .comment       0x00000000       0x27 /opt/altera/13.0sp1/nios2eds/bin/gnu/H-i686-pc-linux-gnu/bin/../lib/gcc/nios2-elf/4.1.2/../../../../nios2-elf/lib/mno-hw-mul/libc.a(lib_a-printf.o)
 .comment       0x00000000       0x27 /opt/altera/13.0sp1/nios2eds/bin/gnu/H-i686-pc-linux-gnu/bin/../lib/gcc/nios2-elf/4.1.2/../../../../nios2-elf/lib/mno-hw-mul/libc.a(lib_a-puts.o)
 .comment       0x00000000       0x27 /opt/altera/13.0sp1/nios2eds/bin/gnu/H-i686-pc-linux-gnu/bin/../lib/gcc/nios2-elf/4.1.2/../../../../nios2-elf/lib/mno-hw-mul/libc.a(lib_a-strlen.o)
 .comment       0x00000000       0x27 /opt/altera/13.0sp1/nios2eds/bin/gnu/H-i686-pc-linux-gnu/bin/../lib/gcc/nios2-elf/4.1.2/../../../../nios2-elf/lib/mno-hw-mul/libc.a(lib_a-vfprintf.o)
 .comment       0x00000000       0x27 /opt/altera/13.0sp1/nios2eds/bin/gnu/H-i686-pc-linux-gnu/bin/../lib/gcc/nios2-elf/4.1.2/../../../../nios2-elf/lib/mno-hw-mul/libc.a(lib_a-wsetup.o)
 .comment       0x00000000       0x27 /opt/altera/13.0sp1/nios2eds/bin/gnu/H-i686-pc-linux-gnu/bin/../lib/gcc/nios2-elf/4.1.2/../../../../nios2-elf/lib/mno-hw-mul/libc.a(lib_a-dtoa.o)
 .comment       0x00000000       0x27 /opt/altera/13.0sp1/nios2eds/bin/gnu/H-i686-pc-linux-gnu/bin/../lib/gcc/nios2-elf/4.1.2/../../../../nios2-elf/lib/mno-hw-mul/libc.a(lib_a-fflush.o)
 .comment       0x00000000       0x27 /opt/altera/13.0sp1/nios2eds/bin/gnu/H-i686-pc-linux-gnu/bin/../lib/gcc/nios2-elf/4.1.2/../../../../nios2-elf/lib/mno-hw-mul/libc.a(lib_a-findfp.o)
 .comment       0x00000000       0x27 /opt/altera/13.0sp1/nios2eds/bin/gnu/H-i686-pc-linux-gnu/bin/../lib/gcc/nios2-elf/4.1.2/../../../../nios2-elf/lib/mno-hw-mul/libc.a(lib_a-freer.o)
 .comment       0x00000000       0x27 /opt/altera/13.0sp1/nios2eds/bin/gnu/H-i686-pc-linux-gnu/bin/../lib/gcc/nios2-elf/4.1.2/../../../../nios2-elf/lib/mno-hw-mul/libc.a(lib_a-fvwrite.o)
 .comment       0x00000000       0x27 /opt/altera/13.0sp1/nios2eds/bin/gnu/H-i686-pc-linux-gnu/bin/../lib/gcc/nios2-elf/4.1.2/../../../../nios2-elf/lib/mno-hw-mul/libc.a(lib_a-fwalk.o)
 .comment       0x00000000       0x27 /opt/altera/13.0sp1/nios2eds/bin/gnu/H-i686-pc-linux-gnu/bin/../lib/gcc/nios2-elf/4.1.2/../../../../nios2-elf/lib/mno-hw-mul/libc.a(lib_a-impure.o)
 .comment       0x00000000       0x27 /opt/altera/13.0sp1/nios2eds/bin/gnu/H-i686-pc-linux-gnu/bin/../lib/gcc/nios2-elf/4.1.2/../../../../nios2-elf/lib/mno-hw-mul/libc.a(lib_a-locale.o)
 .comment       0x00000000       0x27 /opt/altera/13.0sp1/nios2eds/bin/gnu/H-i686-pc-linux-gnu/bin/../lib/gcc/nios2-elf/4.1.2/../../../../nios2-elf/lib/mno-hw-mul/libc.a(lib_a-makebuf.o)
 .comment       0x00000000       0x27 /opt/altera/13.0sp1/nios2eds/bin/gnu/H-i686-pc-linux-gnu/bin/../lib/gcc/nios2-elf/4.1.2/../../../../nios2-elf/lib/mno-hw-mul/libc.a(lib_a-mallocr.o)
 .comment       0x00000000       0x27 /opt/altera/13.0sp1/nios2eds/bin/gnu/H-i686-pc-linux-gnu/bin/../lib/gcc/nios2-elf/4.1.2/../../../../nios2-elf/lib/mno-hw-mul/libc.a(lib_a-memchr.o)
 .comment       0x00000000       0x27 /opt/altera/13.0sp1/nios2eds/bin/gnu/H-i686-pc-linux-gnu/bin/../lib/gcc/nios2-elf/4.1.2/../../../../nios2-elf/lib/mno-hw-mul/libc.a(lib_a-memcpy.o)
 .comment       0x00000000       0x27 /opt/altera/13.0sp1/nios2eds/bin/gnu/H-i686-pc-linux-gnu/bin/../lib/gcc/nios2-elf/4.1.2/../../../../nios2-elf/lib/mno-hw-mul/libc.a(lib_a-memmove.o)
 .comment       0x00000000       0x27 /opt/altera/13.0sp1/nios2eds/bin/gnu/H-i686-pc-linux-gnu/bin/../lib/gcc/nios2-elf/4.1.2/../../../../nios2-elf/lib/mno-hw-mul/libc.a(lib_a-memset.o)
 .comment       0x00000000       0x27 /opt/altera/13.0sp1/nios2eds/bin/gnu/H-i686-pc-linux-gnu/bin/../lib/gcc/nios2-elf/4.1.2/../../../../nios2-elf/lib/mno-hw-mul/libc.a(lib_a-mprec.o)
 .comment       0x00000000       0x27 /opt/altera/13.0sp1/nios2eds/bin/gnu/H-i686-pc-linux-gnu/bin/../lib/gcc/nios2-elf/4.1.2/../../../../nios2-elf/lib/mno-hw-mul/libc.a(lib_a-reallocr.o)
 .comment       0x00000000       0x27 /opt/altera/13.0sp1/nios2eds/bin/gnu/H-i686-pc-linux-gnu/bin/../lib/gcc/nios2-elf/4.1.2/../../../../nios2-elf/lib/mno-hw-mul/libc.a(lib_a-s_isinfd.o)
 .comment       0x00000000       0x27 /opt/altera/13.0sp1/nios2eds/bin/gnu/H-i686-pc-linux-gnu/bin/../lib/gcc/nios2-elf/4.1.2/../../../../nios2-elf/lib/mno-hw-mul/libc.a(lib_a-s_isnand.o)
 .comment       0x00000000       0x27 /opt/altera/13.0sp1/nios2eds/bin/gnu/H-i686-pc-linux-gnu/bin/../lib/gcc/nios2-elf/4.1.2/../../../../nios2-elf/lib/mno-hw-mul/libc.a(lib_a-sbrkr.o)
 .comment       0x00000000       0x27 /opt/altera/13.0sp1/nios2eds/bin/gnu/H-i686-pc-linux-gnu/bin/../lib/gcc/nios2-elf/4.1.2/../../../../nios2-elf/lib/mno-hw-mul/libc.a(lib_a-stdio.o)
 .comment       0x00000000       0x27 /opt/altera/13.0sp1/nios2eds/bin/gnu/H-i686-pc-linux-gnu/bin/../lib/gcc/nios2-elf/4.1.2/../../../../nios2-elf/lib/mno-hw-mul/libc.a(lib_a-strcmp.o)
 .comment       0x00000000       0x27 /opt/altera/13.0sp1/nios2eds/bin/gnu/H-i686-pc-linux-gnu/bin/../lib/gcc/nios2-elf/4.1.2/../../../../nios2-elf/lib/mno-hw-mul/libc.a(lib_a-writer.o)
 .comment       0x00000000       0x27 /opt/altera/13.0sp1/nios2eds/bin/gnu/H-i686-pc-linux-gnu/bin/../lib/gcc/nios2-elf/4.1.2/../../../../nios2-elf/lib/mno-hw-mul/libc.a(lib_a-callocr.o)
 .comment       0x00000000       0x27 /opt/altera/13.0sp1/nios2eds/bin/gnu/H-i686-pc-linux-gnu/bin/../lib/gcc/nios2-elf/4.1.2/../../../../nios2-elf/lib/mno-hw-mul/libc.a(lib_a-closer.o)
 .comment       0x00000000       0x27 /opt/altera/13.0sp1/nios2eds/bin/gnu/H-i686-pc-linux-gnu/bin/../lib/gcc/nios2-elf/4.1.2/../../../../nios2-elf/lib/mno-hw-mul/libc.a(lib_a-fclose.o)
 .comment       0x00000000       0x27 /opt/altera/13.0sp1/nios2eds/bin/gnu/H-i686-pc-linux-gnu/bin/../lib/gcc/nios2-elf/4.1.2/../../../../nios2-elf/lib/mno-hw-mul/libc.a(lib_a-fstatr.o)
 .comment       0x00000000       0x27 /opt/altera/13.0sp1/nios2eds/bin/gnu/H-i686-pc-linux-gnu/bin/../lib/gcc/nios2-elf/4.1.2/../../../../nios2-elf/lib/mno-hw-mul/libc.a(lib_a-int_errno.o)
 .comment       0x00000000       0x27 /opt/altera/13.0sp1/nios2eds/bin/gnu/H-i686-pc-linux-gnu/bin/../lib/gcc/nios2-elf/4.1.2/../../../../nios2-elf/lib/mno-hw-mul/libc.a(lib_a-isattyr.o)
 .comment       0x00000000       0x27 /opt/altera/13.0sp1/nios2eds/bin/gnu/H-i686-pc-linux-gnu/bin/../lib/gcc/nios2-elf/4.1.2/../../../../nios2-elf/lib/mno-hw-mul/libc.a(lib_a-lseekr.o)
 .comment       0x00000000       0x27 /opt/altera/13.0sp1/nios2eds/bin/gnu/H-i686-pc-linux-gnu/bin/../lib/gcc/nios2-elf/4.1.2/../../../../nios2-elf/lib/mno-hw-mul/libc.a(lib_a-readr.o)
 .comment       0x00000000       0x27 /opt/altera/13.0sp1/nios2eds/bin/gnu/H-i686-pc-linux-gnu/bin/../lib/gcc/nios2-elf/4.1.2/mno-hw-mul/libgcc.a(_udivdi3.o)
 .comment       0x00000000       0x27 /opt/altera/13.0sp1/nios2eds/bin/gnu/H-i686-pc-linux-gnu/bin/../lib/gcc/nios2-elf/4.1.2/mno-hw-mul/libgcc.a(_umoddi3.o)
 .comment       0x00000000       0x27 /opt/altera/13.0sp1/nios2eds/bin/gnu/H-i686-pc-linux-gnu/bin/../lib/gcc/nios2-elf/4.1.2/mno-hw-mul/libgcc.a(_addsub_df.o)
 .comment       0x00000000       0x27 /opt/altera/13.0sp1/nios2eds/bin/gnu/H-i686-pc-linux-gnu/bin/../lib/gcc/nios2-elf/4.1.2/mno-hw-mul/libgcc.a(_mul_df.o)