Archive member included because of file (symbol)

../lab0_testshw_bsp//libhal_bsp.a(alt_load.o)
                              ../lab0_testshw_bsp//obj/HAL/src/crt0.o (alt_load)
../lab0_testshw_bsp//libhal_bsp.a(alt_main.o)
                              ../lab0_testshw_bsp//obj/HAL/src/crt0.o (alt_main)
../lab0_testshw_bsp//libhal_bsp.a(alt_putstr.o)
                              obj/default/hello_world_small.o (alt_putstr)
../lab0_testshw_bsp//libhal_bsp.a(alt_sys_init.o)
                              ../lab0_testshw_bsp//libhal_bsp.a(alt_main.o) (alt_sys_init)
../lab0_testshw_bsp//libhal_bsp.a(altera_avalon_jtag_uart_write.o)
                              ../lab0_testshw_bsp//libhal_bsp.a(alt_putstr.o) (altera_avalon_jtag_uart_write)
../lab0_testshw_bsp//libhal_bsp.a(alt_dcache_flush_all.o)
                              ../lab0_testshw_bsp//libhal_bsp.a(alt_load.o) (alt_dcache_flush_all)
../lab0_testshw_bsp//libhal_bsp.a(alt_icache_flush_all.o)
                              ../lab0_testshw_bsp//libhal_bsp.a(alt_load.o) (alt_icache_flush_all)
../lab0_testshw_bsp//libhal_bsp.a(altera_nios2_qsys_irq.o)
                              ../lab0_testshw_bsp//libhal_bsp.a(alt_sys_init.o) (altera_nios2_qsys_irq_init)
/opt/altera/13.0sp1/nios2eds/bin/gnu/H-i686-pc-linux-gnu/bin/../lib/gcc/nios2-elf/4.1.2/../../../../nios2-elf/lib/mno-hw-mul/libsmallc.a(lib_a-strlen.o)
                              ../lab0_testshw_bsp//libhal_bsp.a(alt_putstr.o) (strlen)

Memory Configuration

Name             Origin             Length             Attributes
reset            0x00000000         0x00000020
sdram            0x00000020         0x007fffe0
sram             0x00800000         0x00080000
onchip_memory    0x00888000         0x00008000
*default*        0x00000000         0xffffffff

Linker script and memory map

LOAD ../lab0_testshw_bsp//obj/HAL/src/crt0.o
                0x0000000c                exit = _exit
LOAD obj/default/hello_world_small.o
LOAD /opt/altera/13.0sp1/nios2eds/bin/gnu/H-i686-pc-linux-gnu/bin/../lib/gcc/nios2-elf/4.1.2/../../../../nios2-elf/lib/mno-hw-mul/libstdc++.a
LOAD /opt/altera/13.0sp1/nios2eds/bin/gnu/H-i686-pc-linux-gnu/bin/../lib/gcc/nios2-elf/4.1.2/../../../../nios2-elf/lib/mno-hw-mul/libm.a
LOAD /opt/altera/13.0sp1/nios2eds/bin/gnu/H-i686-pc-linux-gnu/bin/../lib/gcc/nios2-elf/4.1.2/mno-hw-mul/libgcc.a
START GROUP
LOAD /opt/altera/13.0sp1/nios2eds/bin/gnu/H-i686-pc-linux-gnu/bin/../lib/gcc/nios2-elf/4.1.2/../../../../nios2-elf/lib/mno-hw-mul/libsmallc.a
LOAD /opt/altera/13.0sp1/nios2eds/bin/gnu/H-i686-pc-linux-gnu/bin/../lib/gcc/nios2-elf/4.1.2/mno-hw-mul/libgcc.a
LOAD ../lab0_testshw_bsp//libhal_bsp.a
END GROUP
LOAD /opt/altera/13.0sp1/nios2eds/bin/gnu/H-i686-pc-linux-gnu/bin/../lib/gcc/nios2-elf/4.1.2/mno-hw-mul/libgcc.a
                0x00000000                __alt_mem_sdram = 0x0
                0x00800000                __alt_mem_sram = 0x800000
                0x00888000                __alt_mem_onchip_memory = 0x888000

.entry          0x00000000       0x20
 *(.entry)
 .entry         0x00000000       0x20 ../lab0_testshw_bsp//obj/HAL/src/crt0.o
                0x00000000                __reset
                0x0000000c                _exit

.exceptions     0x00000020        0x0
                0x00000020                PROVIDE (__ram_exceptions_start, ABSOLUTE (.))
                0x00000020                . = ALIGN (0x20)
 *(.irq)
 *(.exceptions.entry.label)
 *(.exceptions.entry.user)
 *(.exceptions.entry)
 *(.exceptions.irqtest.user)
 *(.exceptions.irqtest)
 *(.exceptions.irqhandler.user)
 *(.exceptions.irqhandler)
 *(.exceptions.irqreturn.user)
 *(.exceptions.irqreturn)
 *(.exceptions.notirq.label)
 *(.exceptions.notirq.user)
 *(.exceptions.notirq)
 *(.exceptions.soft.user)
 *(.exceptions.soft)
 *(.exceptions.unknown.user)
 *(.exceptions.unknown)
 *(.exceptions.exit.label)
 *(.exceptions.exit.user)
 *(.exceptions.exit)
 *(.exceptions)
                0x00000020                PROVIDE (__ram_exceptions_end, ABSOLUTE (.))
                0x00000020                PROVIDE (__flash_exceptions_start, LOADADDR (.exceptions))

.text           0x00000020      0x1dc
                0x00000020                PROVIDE (stext, ABSOLUTE (.))
 *(.interp)
 *(.hash)
 *(.dynsym)
 *(.dynstr)
 *(.gnu.version)
 *(.gnu.version_d)
 *(.gnu.version_r)
 *(.rel.init)
 *(.rela.init)
 *(.rel.text .rel.text.* .rel.gnu.linkonce.t.*)
 *(.rela.text .rela.text.* .rela.gnu.linkonce.t.*)
 *(.rel.fini)
 *(.rela.fini)
 *(.rel.rodata .rel.rodata.* .rel.gnu.linkonce.r.*)
 *(.rela.rodata .rela.rodata.* .rela.gnu.linkonce.r.*)
 *(.rel.data .rel.data.* .rel.gnu.linkonce.d.*)
 *(.rela.data .rela.data.* .rela.gnu.linkonce.d.*)
 *(.rel.tdata .rel.tdata.* .rel.gnu.linkonce.td.*)
 *(.rela.tdata .rela.tdata.* .rela.gnu.linkonce.td.*)
 *(.rel.tbss .rel.tbss.* .rel.gnu.linkonce.tb.*)
 *(.rela.tbss .rela.tbss.* .rela.gnu.linkonce.tb.*)
 *(.rel.ctors)
 *(.rela.ctors)
 *(.rel.dtors)
 *(.rela.dtors)
 *(.rel.got)
 *(.rela.got)
 *(.rel.sdata .rel.sdata.* .rel.gnu.linkonce.s.*)
 *(.rela.sdata .rela.sdata.* .rela.gnu.linkonce.s.*)
 *(.rel.sbss .rel.sbss.* .rel.gnu.linkonce.sb.*)
 *(.rela.sbss .rela.sbss.* .rela.gnu.linkonce.sb.*)
 *(.rel.sdata2 .rel.sdata2.* .rel.gnu.linkonce.s2.*)
 *(.rela.sdata2 .rela.sdata2.* .rela.gnu.linkonce.s2.*)
 *(.rel.sbss2 .rel.sbss2.* .rel.gnu.linkonce.sb2.*)
 *(.rela.sbss2 .rela.sbss2.* .rela.gnu.linkonce.sb2.*)
 *(.rel.bss .rel.bss.* .rel.gnu.linkonce.b.*)
 *(.rela.bss .rela.bss.* .rela.gnu.linkonce.b.*)
 *(.rel.plt)
 *(.rela.plt)
 *(.rel.dyn)
 *(.init)
 *(.plt)
 *(.text .stub .text.* .gnu.linkonce.t.*)
 .text          0x00000020       0x3c ../lab0_testshw_bsp//obj/HAL/src/crt0.o
                0x00000020                _start
 .text          0x0000005c       0x18 obj/default/hello_world_small.o
                0x0000005c                main
 .text          0x00000074       0x8c ../lab0_testshw_bsp//libhal_bsp.a(alt_load.o)
                0x00000094                alt_load
 .text          0x00000100       0x2c ../lab0_testshw_bsp//libhal_bsp.a(alt_main.o)
                0x00000100                alt_main
 .text          0x0000012c       0x38 ../lab0_testshw_bsp//libhal_bsp.a(alt_putstr.o)
                0x0000012c                alt_putstr
 .text          0x00000164       0x34 ../lab0_testshw_bsp//libhal_bsp.a(alt_sys_init.o)
                0x00000164                alt_sys_init
                0x00000178                alt_irq_init
 .text          0x00000198       0x34 ../lab0_testshw_bsp//libhal_bsp.a(altera_avalon_jtag_uart_write.o)
                0x00000198                altera_avalon_jtag_uart_write
 .text          0x000001cc        0x4 ../lab0_testshw_bsp//libhal_bsp.a(alt_dcache_flush_all.o)
                0x000001cc                alt_dcache_flush_all
 .text          0x000001d0        0x4 ../lab0_testshw_bsp//libhal_bsp.a(alt_icache_flush_all.o)
                0x000001d0                alt_icache_flush_all
 .text          0x000001d4        0x8 ../lab0_testshw_bsp//libhal_bsp.a(altera_nios2_qsys_irq.o)
                0x000001d4                altera_nios2_qsys_irq_init
 .text          0x000001dc       0x20 /opt/altera/13.0sp1/nios2eds/bin/gnu/H-i686-pc-linux-gnu/bin/../lib/gcc/nios2-elf/4.1.2/../../../../nios2-elf/lib/mno-hw-mul/libsmallc.a(lib_a-strlen.o)
                0x000001dc                strlen
 *(.gnu.warning.*)
 *(.fini)
                0x000001fc                PROVIDE (__etext, ABSOLUTE (.))
                0x000001fc                PROVIDE (_etext, ABSOLUTE (.))
                0x000001fc                PROVIDE (etext, ABSOLUTE (.))
 *(.eh_frame_hdr)
                0x000001fc                . = ALIGN (0x4)
                0x000001fc                PROVIDE (__preinit_array_start, ABSOLUTE (.))
 *(.preinit_array)
                0x000001fc                PROVIDE (__preinit_array_end, ABSOLUTE (.))
                0x000001fc                PROVIDE (__init_array_start, ABSOLUTE (.))
 *(.init_array)
                0x000001fc                PROVIDE (__init_array_end, ABSOLUTE (.))
                0x000001fc                PROVIDE (__fini_array_start, ABSOLUTE (.))
 *(.fini_array)
                0x000001fc                PROVIDE (__fini_array_end, ABSOLUTE (.))
 *(.eh_frame)
 *(.gcc_except_table)
 *(.dynamic)
                0x000001fc                PROVIDE (__CTOR_LIST__, ABSOLUTE (.))
 *(.ctors)
 *(SORT(.ctors.*))
                0x000001fc                PROVIDE (__CTOR_END__, ABSOLUTE (.))
                0x000001fc                PROVIDE (__DTOR_LIST__, ABSOLUTE (.))
 *(.dtors)
 *(SORT(.dtors.*))
                0x000001fc                PROVIDE (__DTOR_END__, ABSOLUTE (.))
 *(.jcr)
                0x000001fc                . = ALIGN (0x4)

.rodata         0x000001fc       0x18
                0x000001fc                PROVIDE (__ram_rodata_start, ABSOLUTE (.))
                0x000001fc                . = ALIGN (0x4)
 *(.rodata .rodata.* .gnu.linkonce.r.*)
 .rodata.str1.4
                0x000001fc       0x18 obj/default/hello_world_small.o
 *(.rodata1)
                0x00000214                . = ALIGN (0x4)
                0x00000214                PROVIDE (__ram_rodata_end, ABSOLUTE (.))
                0x000001fc                PROVIDE (__flash_rodata_start, LOADADDR (.rodata))

.rwdata         0x00000214        0x4 load address 0x00000218
                0x00000214                PROVIDE (__ram_rwdata_start, ABSOLUTE (.))
                0x00000214                . = ALIGN (0x4)
 *(.got.plt)
 *(.got)
 *(.data1)
 *(.data .data.* .gnu.linkonce.d.*)
 .data          0x00000214        0x0 ../lab0_testshw_bsp//obj/HAL/src/crt0.o
 .data          0x00000214        0x0 obj/default/hello_world_small.o
 .data          0x00000214        0x0 ../lab0_testshw_bsp//libhal_bsp.a(alt_load.o)
 .data          0x00000214        0x0 ../lab0_testshw_bsp//libhal_bsp.a(alt_main.o)
 .data          0x00000214        0x0 ../lab0_testshw_bsp//libhal_bsp.a(alt_putstr.o)
 .data          0x00000214        0x0 ../lab0_testshw_bsp//libhal_bsp.a(alt_sys_init.o)
 .data          0x00000214        0x0 ../lab0_testshw_bsp//libhal_bsp.a(altera_avalon_jtag_uart_write.o)
 .data          0x00000214        0x0 ../lab0_testshw_bsp//libhal_bsp.a(alt_dcache_flush_all.o)
 .data          0x00000214        0x0 ../lab0_testshw_bsp//libhal_bsp.a(alt_icache_flush_all.o)
 .data          0x00000214        0x0 ../lab0_testshw_bsp//libhal_bsp.a(altera_nios2_qsys_irq.o)
 .data          0x00000214        0x0 /opt/altera/13.0sp1/nios2eds/bin/gnu/H-i686-pc-linux-gnu/bin/../lib/gcc/nios2-elf/4.1.2/../../../../nios2-elf/lib/mno-hw-mul/libsmallc.a(lib_a-strlen.o)
                0x00008214                _gp = ABSOLUTE ((. + 0x8000))
                0x00008214                PROVIDE (gp, _gp)
 *(.rwdata .rwdata.*)
 *(.sdata .sdata.* .gnu.linkonce.s.*)
 .sdata         0x00000214        0x4 ../lab0_testshw_bsp//libhal_bsp.a(alt_sys_init.o)
                0x00000214                jtag_uart_0
 *(.sdata2 .sdata2.* .gnu.linkonce.s2.*)
                0x00000218                . = ALIGN (0x4)
                0x00000218                _edata = ABSOLUTE (.)
                0x00000218                PROVIDE (edata, ABSOLUTE (.))
                0x00000218                PROVIDE (__ram_rwdata_end, ABSOLUTE (.))
                0x00000218                PROVIDE (__flash_rwdata_start, LOADADDR (.rwdata))

.bss            0x0000021c        0xc
                0x0000021c                __bss_start = ABSOLUTE (.)
                0x0000021c                PROVIDE (__sbss_start, ABSOLUTE (.))
                0x0000021c                PROVIDE (___sbss_start, ABSOLUTE (.))
 *(.dynsbss)
 *(.sbss .sbss.* .gnu.linkonce.sb.*)
 .sbss          0x0000021c        0xc ../lab0_testshw_bsp//libhal_bsp.a(alt_main.o)
                0x0000021c                alt_argc
                0x00000220                alt_argv
                0x00000224                alt_envp
 *(.sbss2 .sbss2.* .gnu.linkonce.sb2.*)
 *(.scommon)
                0x00000228                PROVIDE (__sbss_end, ABSOLUTE (.))
                0x00000228                PROVIDE (___sbss_end, ABSOLUTE (.))
 *(.dynbss)
 *(.bss .bss.* .gnu.linkonce.b.*)
 .bss           0x00000228        0x0 ../lab0_testshw_bsp//obj/HAL/src/crt0.o
 .bss           0x00000228        0x0 obj/default/hello_world_small.o
 .bss           0x00000228        0x0 ../lab0_testshw_bsp//libhal_bsp.a(alt_load.o)
 .bss           0x00000228        0x0 ../lab0_testshw_bsp//libhal_bsp.a(alt_main.o)
 .bss           0x00000228        0x0 ../lab0_testshw_bsp//libhal_bsp.a(alt_putstr.o)
 .bss           0x00000228        0x0 ../lab0_testshw_bsp//libhal_bsp.a(alt_sys_init.o)
 .bss           0x00000228        0x0 ../lab0_testshw_bsp//libhal_bsp.a(altera_avalon_jtag_uart_write.o)
 .bss           0x00000228        0x0 ../lab0_testshw_bsp//libhal_bsp.a(alt_dcache_flush_all.o)
 .bss           0x00000228        0x0 ../lab0_testshw_bsp//libhal_bsp.a(alt_icache_flush_all.o)
 .bss           0x00000228        0x0 ../lab0_testshw_bsp//libhal_bsp.a(altera_nios2_qsys_irq.o)
 .bss           0x00000228        0x0 /opt/altera/13.0sp1/nios2eds/bin/gnu/H-i686-pc-linux-gnu/bin/../lib/gcc/nios2-elf/4.1.2/../../../../nios2-elf/lib/mno-hw-mul/libsmallc.a(lib_a-strlen.o)
 *(COMMON)
                0x00000228                . = ALIGN (0x4)
                0x00000228                __bss_end = ABSOLUTE (.)

.sdram          0x00000228        0x0
                0x00000228                PROVIDE (_alt_partition_sdram_start, ABSOLUTE (.))
 *(.sdram. sdram.*)
                0x00000228                . = ALIGN (0x4)
                0x00000228                PROVIDE (_alt_partition_sdram_end, ABSOLUTE (.))
                0x00000228                _end = ABSOLUTE (.)
                0x00000228                end = ABSOLUTE (.)
                0x00000228                __alt_stack_base = ABSOLUTE (.)
                0x00000228                PROVIDE (_alt_partition_sdram_load_addr, LOADADDR (.sdram))

.sram           0x00800000        0x0 load address 0x00000228
                0x00800000                PROVIDE (_alt_partition_sram_start, ABSOLUTE (.))
 *(.sram. sram.*)
                0x00800000                . = ALIGN (0x4)
                0x00800000                PROVIDE (_alt_partition_sram_end, ABSOLUTE (.))
                0x00000228                PROVIDE (_alt_partition_sram_load_addr, LOADADDR (.sram))

.onchip_memory  0x00888000        0x0 load address 0x00000228
                0x00888000                PROVIDE (_alt_partition_onchip_memory_start, ABSOLUTE (.))
 *(.onchip_memory. onchip_memory.*)
                0x00888000                . = ALIGN (0x4)
                0x00888000                PROVIDE (_alt_partition_onchip_memory_end, ABSOLUTE (.))
                0x00000228                PROVIDE (_alt_partition_onchip_memory_load_addr, LOADADDR (.onchip_memory))

.stab
 *(.stab)

.stabstr
 *(.stabstr)

.stab.excl
 *(.stab.excl)

.stab.exclstr
 *(.stab.exclstr)

.stab.index
 *(.stab.index)

.stab.indexstr
 *(.stab.indexstr)

.comment        0x00000000       0x26
 *(.comment)
 .comment       0x00000000       0x26 obj/default/hello_world_small.o
                                 0x27 (size before relaxing)
 .comment       0x00000000       0x27 ../lab0_testshw_bsp//libhal_bsp.a(alt_load.o)
 .comment       0x00000000       0x27 ../lab0_testshw_bsp//libhal_bsp.a(alt_main.o)
 .comment       0x00000000       0x27 ../lab0_testshw_bsp//libhal_bsp.a(alt_putstr.o)
 .comment       0x00000000       0x27 ../lab0_testshw_bsp//libhal_bsp.a(alt_sys_init.o)
 .comment       0x00000000       0x27 ../lab0_testshw_bsp//libhal_bsp.a(altera_avalon_jtag_uart_write.o)
 .comment       0x00000000       0x27 ../lab0_testshw_bsp//libhal_bsp.a(alt_dcache_flush_all.o)
 .comment       0x00000000       0x27 ../lab0_testshw_bsp//libhal_bsp.a(alt_icache_flush_all.o)
 .comment       0x00000000       0x27 ../lab0_testshw_bsp//libhal_bsp.a(altera_nios2_qsys_irq.o)
 .comment       0x00000000       0x27 /opt/altera/13.0sp1/nios2eds/bin/gnu/H-i686-pc-linux-gnu/bin/../lib/gcc/nios2-elf/4.1.2/../../../../nios2-elf/lib/mno-hw-mul/libsmallc.a(lib_a-strlen.o)

.debug
 *(.debug)

.line
 *(.line)

.debug_srcinfo
 *(.debug_srcinfo)

.debug_sfnames
 *(.debug_sfnames)

.debug_aranges  0x00000000      0x168
 *(.debug_aranges)
 .debug_aranges
                0x00000000       0x28 ../lab0_testshw_bsp//obj/HAL/src/crt0.o
 .debug_aranges
                0x00000028       0x20 obj/default/hello_world_small.o
 .debug_aranges
                0x00000048       0x20 ../lab0_testshw_bsp//libhal_bsp.a(alt_load.o)
 .debug_aranges
                0x00000068       0x20 ../lab0_testshw_bsp//libhal_bsp.a(alt_main.o)
 .debug_aranges
                0x00000088       0x20 ../lab0_testshw_bsp//libhal_bsp.a(alt_putstr.o)
 .debug_aranges
                0x000000a8       0x20 ../lab0_testshw_bsp//libhal_bsp.a(alt_sys_init.o)
 .debug_aranges
                0x000000c8       0x20 ../lab0_testshw_bsp//libhal_bsp.a(altera_avalon_jtag_uart_write.o)
 .debug_aranges
                0x000000e8       0x20 ../lab0_testshw_bsp//libhal_bsp.a(alt_dcache_flush_all.o)
 .debug_aranges
                0x00000108       0x20 ../lab0_testshw_bsp//libhal_bsp.a(alt_icache_flush_all.o)
 .debug_aranges
                0x00000128       0x20 ../lab0_testshw_bsp//libhal_bsp.a(altera_nios2_qsys_irq.o)
 .debug_aranges
                0x00000148       0x20 /opt/altera/13.0sp1/nios2eds/bin/gnu/H-i686-pc-linux-gnu/bin/../lib/gcc/nios2-elf/4.1.2/../../../../nios2-elf/lib/mno-hw-mul/libsmallc.a(lib_a-strlen.o)

.debug_pubnames
                0x00000000      0x1bd
 *(.debug_pubnames)
 .debug_pubnames
                0x00000000       0x1b obj/default/hello_world_small.o
 .debug_pubnames
                0x0000001b       0x1f ../lab0_testshw_bsp//libhal_bsp.a(alt_load.o)
 .debug_pubnames
                0x0000003a       0x46 ../lab0_testshw_bsp//libhal_bsp.a(alt_main.o)
 .debug_pubnames
                0x00000080       0x21 ../lab0_testshw_bsp//libhal_bsp.a(alt_putstr.o)
 .debug_pubnames
                0x000000a1       0x44 ../lab0_testshw_bsp//libhal_bsp.a(alt_sys_init.o)
 .debug_pubnames
                0x000000e5       0x34 ../lab0_testshw_bsp//libhal_bsp.a(altera_avalon_jtag_uart_write.o)
 .debug_pubnames
                0x00000119       0x2b ../lab0_testshw_bsp//libhal_bsp.a(alt_dcache_flush_all.o)
 .debug_pubnames
                0x00000144       0x2b ../lab0_testshw_bsp//libhal_bsp.a(alt_icache_flush_all.o)
 .debug_pubnames
                0x0000016f       0x31 ../lab0_testshw_bsp//libhal_bsp.a(altera_nios2_qsys_irq.o)
 .debug_pubnames
                0x000001a0       0x1d /opt/altera/13.0sp1/nios2eds/bin/gnu/H-i686-pc-linux-gnu/bin/../lib/gcc/nios2-elf/4.1.2/../../../../nios2-elf/lib/mno-hw-mul/libsmallc.a(lib_a-strlen.o)

.debug_info     0x00000000      0x9df
 *(.debug_info .gnu.linkonce.wi.*)
 .debug_info    0x00000000       0xb9 ../lab0_testshw_bsp//obj/HAL/src/crt0.o
 .debug_info    0x000000b9       0x7d obj/default/hello_world_small.o
 .debug_info    0x00000136      0x12e ../lab0_testshw_bsp//libhal_bsp.a(alt_load.o)
 .debug_info    0x00000264      0x125 ../lab0_testshw_bsp//libhal_bsp.a(alt_main.o)
 .debug_info    0x00000389       0xc5 ../lab0_testshw_bsp//libhal_bsp.a(alt_putstr.o)
 .debug_info    0x0000044e      0x199 ../lab0_testshw_bsp//libhal_bsp.a(alt_sys_init.o)
 .debug_info    0x000005e7      0x18f ../lab0_testshw_bsp//libhal_bsp.a(altera_avalon_jtag_uart_write.o)
 .debug_info    0x00000776       0x8d ../lab0_testshw_bsp//libhal_bsp.a(alt_dcache_flush_all.o)
 .debug_info    0x00000803       0x8d ../lab0_testshw_bsp//libhal_bsp.a(alt_icache_flush_all.o)
 .debug_info    0x00000890       0x8d ../lab0_testshw_bsp//libhal_bsp.a(altera_nios2_qsys_irq.o)
 .debug_info    0x0000091d       0xc2 /opt/altera/13.0sp1/nios2eds/bin/gnu/H-i686-pc-linux-gnu/bin/../lib/gcc/nios2-elf/4.1.2/../../../../nios2-elf/lib/mno-hw-mul/libsmallc.a(lib_a-strlen.o)

.debug_abbrev   0x00000000      0x51b
 *(.debug_abbrev)
 .debug_abbrev  0x00000000       0x12 ../lab0_testshw_bsp//obj/HAL/src/crt0.o
 .debug_abbrev  0x00000012       0x3f obj/default/hello_world_small.o
 .debug_abbrev  0x00000051       0x97 ../lab0_testshw_bsp//libhal_bsp.a(alt_load.o)
 .debug_abbrev  0x000000e8       0xa6 ../lab0_testshw_bsp//libhal_bsp.a(alt_main.o)
 .debug_abbrev  0x0000018e       0x7c ../lab0_testshw_bsp//libhal_bsp.a(alt_putstr.o)
 .debug_abbrev  0x0000020a       0xea ../lab0_testshw_bsp//libhal_bsp.a(alt_sys_init.o)
 .debug_abbrev  0x000002f4       0xf0 ../lab0_testshw_bsp//libhal_bsp.a(altera_avalon_jtag_uart_write.o)
 .debug_abbrev  0x000003e4       0x3f ../lab0_testshw_bsp//libhal_bsp.a(alt_dcache_flush_all.o)
 .debug_abbrev  0x00000423       0x3f ../lab0_testshw_bsp//libhal_bsp.a(alt_icache_flush_all.o)
 .debug_abbrev  0x00000462       0x3f ../lab0_testshw_bsp//libhal_bsp.a(altera_nios2_qsys_irq.o)
 .debug_abbrev  0x000004a1       0x7a /opt/altera/13.0sp1/nios2eds/bin/gnu/H-i686-pc-linux-gnu/bin/../lib/gcc/nios2-elf/4.1.2/../../../../nios2-elf/lib/mno-hw-mul/libsmallc.a(lib_a-strlen.o)

.debug_line     0x00000000     0x15bd
 *(.debug_line)
 .debug_line    0x00000000       0x66 ../lab0_testshw_bsp//obj/HAL/src/crt0.o
 .debug_line    0x00000066      0x112 obj/default/hello_world_small.o
 .debug_line    0x00000178      0x225 ../lab0_testshw_bsp//libhal_bsp.a(alt_load.o)
 .debug_line    0x0000039d      0x2d0 ../lab0_testshw_bsp//libhal_bsp.a(alt_main.o)
 .debug_line    0x0000066d      0x1e7 ../lab0_testshw_bsp//libhal_bsp.a(alt_putstr.o)
 .debug_line    0x00000854      0x2b5 ../lab0_testshw_bsp//libhal_bsp.a(alt_sys_init.o)
 .debug_line    0x00000b09      0x302 ../lab0_testshw_bsp//libhal_bsp.a(altera_avalon_jtag_uart_write.o)
 .debug_line    0x00000e0b      0x1c3 ../lab0_testshw_bsp//libhal_bsp.a(alt_dcache_flush_all.o)
 .debug_line    0x00000fce      0x1c3 ../lab0_testshw_bsp//libhal_bsp.a(alt_icache_flush_all.o)
 .debug_line    0x00001191      0x1dc ../lab0_testshw_bsp//libhal_bsp.a(altera_nios2_qsys_irq.o)
 .debug_line    0x0000136d      0x250 /opt/altera/13.0sp1/nios2eds/bin/gnu/H-i686-pc-linux-gnu/bin/../lib/gcc/nios2-elf/4.1.2/../../../../nios2-elf/lib/mno-hw-mul/libsmallc.a(lib_a-strlen.o)

.debug_frame    0x00000000      0x188
 *(.debug_frame)
 .debug_frame   0x00000000       0x28 obj/default/hello_world_small.o
 .debug_frame   0x00000028       0x38 ../lab0_testshw_bsp//libhal_bsp.a(alt_load.o)
 .debug_frame   0x00000060       0x28 ../lab0_testshw_bsp//libhal_bsp.a(alt_main.o)
 .debug_frame   0x00000088       0x28 ../lab0_testshw_bsp//libhal_bsp.a(alt_putstr.o)
 .debug_frame   0x000000b0       0x38 ../lab0_testshw_bsp//libhal_bsp.a(alt_sys_init.o)
 .debug_frame   0x000000e8       0x20 ../lab0_testshw_bsp//libhal_bsp.a(altera_avalon_jtag_uart_write.o)
 .debug_frame   0x00000108       0x20 ../lab0_testshw_bsp//libhal_bsp.a(alt_dcache_flush_all.o)
 .debug_frame   0x00000128       0x20 ../lab0_testshw_bsp//libhal_bsp.a(alt_icache_flush_all.o)
 .debug_frame   0x00000148       0x20 ../lab0_testshw_bsp//libhal_bsp.a(altera_nios2_qsys_irq.o)
 .debug_frame   0x00000168       0x20 /opt/altera/13.0sp1/nios2eds/bin/gnu/H-i686-pc-linux-gnu/bin/../lib/gcc/nios2-elf/4.1.2/../../../../nios2-elf/lib/mno-hw-mul/libsmallc.a(lib_a-strlen.o)

.debug_str      0x00000000      0x5cd
 *(.debug_str)
 .debug_str     0x00000000       0xf4 obj/default/hello_world_small.o
                                0x120 (size before relaxing)
 .debug_str     0x000000f4      0x179 ../lab0_testshw_bsp//libhal_bsp.a(alt_load.o)
                                0x20e (size before relaxing)
 .debug_str     0x0000026d       0x75 ../lab0_testshw_bsp//libhal_bsp.a(alt_main.o)
                                0x192 (size before relaxing)
 .debug_str     0x000002e2       0x4c ../lab0_testshw_bsp//libhal_bsp.a(alt_putstr.o)
                                0x169 (size before relaxing)
 .debug_str     0x0000032e       0xb8 ../lab0_testshw_bsp//libhal_bsp.a(alt_sys_init.o)
                                0x23f (size before relaxing)
 .debug_str     0x000003e6       0x56 ../lab0_testshw_bsp//libhal_bsp.a(altera_avalon_jtag_uart_write.o)
                                0x20a (size before relaxing)
 .debug_str     0x0000043c       0x34 ../lab0_testshw_bsp//libhal_bsp.a(alt_dcache_flush_all.o)
                                0x151 (size before relaxing)
 .debug_str     0x00000470       0x34 ../lab0_testshw_bsp//libhal_bsp.a(alt_icache_flush_all.o)
                                0x151 (size before relaxing)
 .debug_str     0x000004a4       0x3b ../lab0_testshw_bsp//libhal_bsp.a(altera_nios2_qsys_irq.o)
                                0x158 (size before relaxing)
 .debug_str     0x000004df       0xee /opt/altera/13.0sp1/nios2eds/bin/gnu/H-i686-pc-linux-gnu/bin/../lib/gcc/nios2-elf/4.1.2/../../../../nios2-elf/lib/mno-hw-mul/libsmallc.a(lib_a-strlen.o)
                                0x189 (size before relaxing)

.debug_loc      0x00000000      0x11b
 *(.debug_loc)
 .debug_loc     0x00000000       0x1f obj/default/hello_world_small.o
 .debug_loc     0x0000001f       0x1f ../lab0_testshw_bsp//libhal_bsp.a(alt_load.o)
 .debug_loc     0x0000003e       0x1f ../lab0_testshw_bsp//libhal_bsp.a(alt_main.o)
 .debug_loc     0x0000005d       0x48 ../lab0_testshw_bsp//libhal_bsp.a(alt_putstr.o)
 .debug_loc     0x000000a5       0x32 ../lab0_testshw_bsp//libhal_bsp.a(alt_sys_init.o)
 .debug_loc     0x000000d7       0x26 ../lab0_testshw_bsp//libhal_bsp.a(altera_avalon_jtag_uart_write.o)
 .debug_loc     0x000000fd       0x1e /opt/altera/13.0sp1/nios2eds/bin/gnu/H-i686-pc-linux-gnu/bin/../lib/gcc/nios2-elf/4.1.2/../../../../nios2-elf/lib/mno-hw-mul/libsmallc.a(lib_a-strlen.o)

.debug_macinfo
 *(.debug_macinfo)

.debug_weaknames
 *(.debug_weaknames)

.debug_funcnames
 *(.debug_funcnames)

.debug_typenames
 *(.debug_typenames)

.debug_varnames
 *(.debug_varnames)

.debug_alt_sim_info
                0x00000000       0x10
 *(.debug_alt_sim_info)
 .debug_alt_sim_info
                0x00000000       0x10 ../lab0_testshw_bsp//obj/HAL/src/crt0.o
                0x00800000                __alt_data_end = 0x800000
                0x00800000                PROVIDE (__alt_stack_pointer, __alt_data_end)
                0x00000228                PROVIDE (__alt_stack_limit, __alt_stack_base)
                0x00000228                PROVIDE (__alt_heap_start, end)
                0x00800000                PROVIDE (__alt_heap_limit, 0x800000)
OUTPUT(lab0_testshw.elf elf32-littlenios2)

.debug_ranges   0x00000000       0x20
 .debug_ranges  0x00000000       0x20 ../lab0_testshw_bsp//obj/HAL/src/crt0.o
