Archive member included because of file (symbol)

/opt/altera/13.0sp1/nios2eds/bin/gnu/H-i686-pc-linux-gnu/bin/../lib/gcc/nios2-elf/4.1.2/mno-hw-mul/libgcc.a(lib2-mul.o)
                              obj/default/main.o (__mulsi3)
/opt/altera/13.0sp1/nios2eds/bin/gnu/H-i686-pc-linux-gnu/bin/../lib/gcc/nios2-elf/4.1.2/../../../../nios2-elf/lib/mno-hw-mul/libsmallc.a(lib_a-memcpy.o)
                              obj/default/main.o (memcpy)
../lab1_memory_bsp//libhal_bsp.a(alt_load.o)
                              ../lab1_memory_bsp//obj/HAL/src/crt0.o (alt_load)
../lab1_memory_bsp//libhal_bsp.a(alt_main.o)
                              ../lab1_memory_bsp//obj/HAL/src/crt0.o (alt_main)
../lab1_memory_bsp//libhal_bsp.a(alt_printf.o)
                              obj/default/main.o (alt_printf)
../lab1_memory_bsp//libhal_bsp.a(alt_putchar.o)
                              ../lab1_memory_bsp//libhal_bsp.a(alt_printf.o) (alt_putchar)
../lab1_memory_bsp//libhal_bsp.a(alt_sys_init.o)
                              ../lab1_memory_bsp//libhal_bsp.a(alt_main.o) (alt_sys_init)
../lab1_memory_bsp//libhal_bsp.a(altera_avalon_jtag_uart_write.o)
                              ../lab1_memory_bsp//libhal_bsp.a(alt_putchar.o) (altera_avalon_jtag_uart_write)
../lab1_memory_bsp//libhal_bsp.a(altera_avalon_performance_counter.o)
                              obj/default/main.o (perf_get_section_time)
../lab1_memory_bsp//libhal_bsp.a(alt_dcache_flush_all.o)
                              ../lab1_memory_bsp//libhal_bsp.a(alt_load.o) (alt_dcache_flush_all)
../lab1_memory_bsp//libhal_bsp.a(alt_icache_flush_all.o)
                              ../lab1_memory_bsp//libhal_bsp.a(alt_load.o) (alt_icache_flush_all)
../lab1_memory_bsp//libhal_bsp.a(altera_nios2_qsys_irq.o)
                              ../lab1_memory_bsp//libhal_bsp.a(alt_sys_init.o) (altera_nios2_qsys_irq_init)

Allocating common symbols
Common symbol       size              file

y                   0x1000            obj/default/main.o

Memory Configuration

Name             Origin             Length             Attributes
sram             0x00000000         0x00080000
reset            0x00800000         0x00000020
sdram            0x00800020         0x007fffe0
onchip_memory    0x01008000         0x00008000
*default*        0x00000000         0xffffffff

Linker script and memory map

LOAD ../lab1_memory_bsp//obj/HAL/src/crt0.o
                0x0080000c                exit = _exit
LOAD obj/default/main.o
LOAD /opt/altera/13.0sp1/nios2eds/bin/gnu/H-i686-pc-linux-gnu/bin/../lib/gcc/nios2-elf/4.1.2/../../../../nios2-elf/lib/mno-hw-mul/libstdc++.a
LOAD /opt/altera/13.0sp1/nios2eds/bin/gnu/H-i686-pc-linux-gnu/bin/../lib/gcc/nios2-elf/4.1.2/../../../../nios2-elf/lib/mno-hw-mul/libm.a
LOAD /opt/altera/13.0sp1/nios2eds/bin/gnu/H-i686-pc-linux-gnu/bin/../lib/gcc/nios2-elf/4.1.2/mno-hw-mul/libgcc.a
START GROUP
LOAD /opt/altera/13.0sp1/nios2eds/bin/gnu/H-i686-pc-linux-gnu/bin/../lib/gcc/nios2-elf/4.1.2/../../../../nios2-elf/lib/mno-hw-mul/libsmallc.a
LOAD /opt/altera/13.0sp1/nios2eds/bin/gnu/H-i686-pc-linux-gnu/bin/../lib/gcc/nios2-elf/4.1.2/mno-hw-mul/libgcc.a
LOAD ../lab1_memory_bsp//libhal_bsp.a
END GROUP
LOAD /opt/altera/13.0sp1/nios2eds/bin/gnu/H-i686-pc-linux-gnu/bin/../lib/gcc/nios2-elf/4.1.2/mno-hw-mul/libgcc.a
                0x00000000                __alt_mem_sram = 0x0
                0x00800000                __alt_mem_sdram = 0x800000
                0x01008000                __alt_mem_onchip_memory = 0x1008000

.entry          0x00800000       0x20
 *(.entry)
 .entry         0x00800000       0x20 ../lab1_memory_bsp//obj/HAL/src/crt0.o
                0x00800000                __reset
                0x0080000c                _exit

.exceptions     0x00800020        0x0
                0x00800020                PROVIDE (__ram_exceptions_start, ABSOLUTE (.))
                0x00800020                . = ALIGN (0x20)
 *(.irq)
 *(.exceptions.entry.label)
 *(.exceptions.entry.user)
 *(.exceptions.entry)
 *(.exceptions.irqtest.user)
 *(.exceptions.irqtest)
 *(.exceptions.irqhandler.user)
 *(.exceptions.irqhandler)
 *(.exceptions.irqreturn.user)
 *(.exceptions.irqreturn)
 *(.exceptions.notirq.label)
 *(.exceptions.notirq.user)
 *(.exceptions.notirq)
 *(.exceptions.soft.user)
 *(.exceptions.soft)
 *(.exceptions.unknown.user)
 *(.exceptions.unknown)
 *(.exceptions.exit.label)
 *(.exceptions.exit.user)
 *(.exceptions.exit)
 *(.exceptions)
                0x00800020                PROVIDE (__ram_exceptions_end, ABSOLUTE (.))
                0x00800020                PROVIDE (__flash_exceptions_start, LOADADDR (.exceptions))

.text           0x00800020      0x4d4
                0x00800020                PROVIDE (stext, ABSOLUTE (.))
 *(.interp)
 *(.hash)
 *(.dynsym)
 *(.dynstr)
 *(.gnu.version)
 *(.gnu.version_d)
 *(.gnu.version_r)
 *(.rel.init)
 *(.rela.init)
 *(.rel.text .rel.text.* .rel.gnu.linkonce.t.*)
 *(.rela.text .rela.text.* .rela.gnu.linkonce.t.*)
 *(.rel.fini)
 *(.rela.fini)
 *(.rel.rodata .rel.rodata.* .rel.gnu.linkonce.r.*)
 *(.rela.rodata .rela.rodata.* .rela.gnu.linkonce.r.*)
 *(.rel.data .rel.data.* .rel.gnu.linkonce.d.*)
 *(.rela.data .rela.data.* .rela.gnu.linkonce.d.*)
 *(.rel.tdata .rel.tdata.* .rel.gnu.linkonce.td.*)
 *(.rela.tdata .rela.tdata.* .rela.gnu.linkonce.td.*)
 *(.rel.tbss .rel.tbss.* .rel.gnu.linkonce.tb.*)
 *(.rela.tbss .rela.tbss.* .rela.gnu.linkonce.tb.*)
 *(.rel.ctors)
 *(.rela.ctors)
 *(.rel.dtors)
 *(.rela.dtors)
 *(.rel.got)
 *(.rela.got)
 *(.rel.sdata .rel.sdata.* .rel.gnu.linkonce.s.*)
 *(.rela.sdata .rela.sdata.* .rela.gnu.linkonce.s.*)
 *(.rel.sbss .rel.sbss.* .rel.gnu.linkonce.sb.*)
 *(.rela.sbss .rela.sbss.* .rela.gnu.linkonce.sb.*)
 *(.rel.sdata2 .rel.sdata2.* .rel.gnu.linkonce.s2.*)
 *(.rela.sdata2 .rela.sdata2.* .rela.gnu.linkonce.s2.*)
 *(.rel.sbss2 .rel.sbss2.* .rel.gnu.linkonce.sb2.*)
 *(.rela.sbss2 .rela.sbss2.* .rela.gnu.linkonce.sb2.*)
 *(.rel.bss .rel.bss.* .rel.gnu.linkonce.b.*)
 *(.rela.bss .rela.bss.* .rela.gnu.linkonce.b.*)
 *(.rel.plt)
 *(.rela.plt)
 *(.rel.dyn)
 *(.init)
 *(.plt)
 *(.text .stub .text.* .gnu.linkonce.t.*)
 .text          0x00800020       0x3c ../lab1_memory_bsp//obj/HAL/src/crt0.o
                0x00800020                _start
 .text          0x0080005c      0x114 obj/default/main.o
                0x0080005c                main
 .text          0x00800170       0x38 /opt/altera/13.0sp1/nios2eds/bin/gnu/H-i686-pc-linux-gnu/bin/../lib/gcc/nios2-elf/4.1.2/mno-hw-mul/libgcc.a(lib2-mul.o)
                0x00800170                __mulsi3
 .text          0x008001a8       0x2c /opt/altera/13.0sp1/nios2eds/bin/gnu/H-i686-pc-linux-gnu/bin/../lib/gcc/nios2-elf/4.1.2/../../../../nios2-elf/lib/mno-hw-mul/libsmallc.a(lib_a-memcpy.o)
                0x008001a8                memcpy
 .text          0x008001d4       0x8c ../lab1_memory_bsp//libhal_bsp.a(alt_load.o)
                0x008001f4                alt_load
 .text          0x00800260       0x2c ../lab1_memory_bsp//libhal_bsp.a(alt_main.o)
                0x00800260                alt_main
 .text          0x0080028c      0x144 ../lab1_memory_bsp//libhal_bsp.a(alt_printf.o)
                0x0080028c                alt_printf
 .text          0x008003d0       0x50 ../lab1_memory_bsp//libhal_bsp.a(alt_putchar.o)
                0x008003d0                alt_putchar
 .text          0x00800420       0x34 ../lab1_memory_bsp//libhal_bsp.a(alt_sys_init.o)
                0x00800420                alt_sys_init
                0x00800434                alt_irq_init
 .text          0x00800454       0x34 ../lab1_memory_bsp//libhal_bsp.a(altera_avalon_jtag_uart_write.o)
                0x00800454                altera_avalon_jtag_uart_write
 .text          0x00800488       0x5c ../lab1_memory_bsp//libhal_bsp.a(altera_avalon_performance_counter.o)
                0x00800488                alt_get_performance_counter_base
                0x00800490                alt_get_cpu_freq
                0x0080049c                perf_get_num_starts
                0x008004ac                perf_get_section_time
                0x008004dc                perf_get_total_time
 .text          0x008004e4        0x4 ../lab1_memory_bsp//libhal_bsp.a(alt_dcache_flush_all.o)
                0x008004e4                alt_dcache_flush_all
 .text          0x008004e8        0x4 ../lab1_memory_bsp//libhal_bsp.a(alt_icache_flush_all.o)
                0x008004e8                alt_icache_flush_all
 .text          0x008004ec        0x8 ../lab1_memory_bsp//libhal_bsp.a(altera_nios2_qsys_irq.o)
                0x008004ec                altera_nios2_qsys_irq_init
 *(.gnu.warning.*)
 *(.fini)
                0x008004f4                PROVIDE (__etext, ABSOLUTE (.))
                0x008004f4                PROVIDE (_etext, ABSOLUTE (.))
                0x008004f4                PROVIDE (etext, ABSOLUTE (.))
 *(.eh_frame_hdr)
                0x008004f4                . = ALIGN (0x4)
                0x008004f4                PROVIDE (__preinit_array_start, ABSOLUTE (.))
 *(.preinit_array)
                0x008004f4                PROVIDE (__preinit_array_end, ABSOLUTE (.))
                0x008004f4                PROVIDE (__init_array_start, ABSOLUTE (.))
 *(.init_array)
                0x008004f4                PROVIDE (__init_array_end, ABSOLUTE (.))
                0x008004f4                PROVIDE (__fini_array_start, ABSOLUTE (.))
 *(.fini_array)
                0x008004f4                PROVIDE (__fini_array_end, ABSOLUTE (.))
 *(.eh_frame)
 *(.gcc_except_table)
 *(.dynamic)
                0x008004f4                PROVIDE (__CTOR_LIST__, ABSOLUTE (.))
 *(.ctors)
 *(SORT(.ctors.*))
                0x008004f4                PROVIDE (__CTOR_END__, ABSOLUTE (.))
                0x008004f4                PROVIDE (__DTOR_LIST__, ABSOLUTE (.))
 *(.dtors)
 *(SORT(.dtors.*))
                0x008004f4                PROVIDE (__DTOR_END__, ABSOLUTE (.))
 *(.jcr)
                0x008004f4                . = ALIGN (0x4)

.rodata         0x008004f4        0x8
                0x008004f4                PROVIDE (__ram_rodata_start, ABSOLUTE (.))
                0x008004f4                . = ALIGN (0x4)
 *(.rodata .rodata.* .gnu.linkonce.r.*)
 .rodata.str1.4
                0x008004f4        0x8 obj/default/main.o
 *(.rodata1)
                0x008004fc                . = ALIGN (0x4)
                0x008004fc                PROVIDE (__ram_rodata_end, ABSOLUTE (.))
                0x008004f4                PROVIDE (__flash_rodata_start, LOADADDR (.rodata))

.rwdata         0x008004fc        0x4 load address 0x00800500
                0x008004fc                PROVIDE (__ram_rwdata_start, ABSOLUTE (.))
                0x008004fc                . = ALIGN (0x4)
 *(.got.plt)
 *(.got)
 *(.data1)
 *(.data .data.* .gnu.linkonce.d.*)
 .data          0x008004fc        0x0 ../lab1_memory_bsp//obj/HAL/src/crt0.o
 .data          0x008004fc        0x0 obj/default/main.o
 .data          0x008004fc        0x0 /opt/altera/13.0sp1/nios2eds/bin/gnu/H-i686-pc-linux-gnu/bin/../lib/gcc/nios2-elf/4.1.2/mno-hw-mul/libgcc.a(lib2-mul.o)
 .data          0x008004fc        0x0 /opt/altera/13.0sp1/nios2eds/bin/gnu/H-i686-pc-linux-gnu/bin/../lib/gcc/nios2-elf/4.1.2/../../../../nios2-elf/lib/mno-hw-mul/libsmallc.a(lib_a-memcpy.o)
 .data          0x008004fc        0x0 ../lab1_memory_bsp//libhal_bsp.a(alt_load.o)
 .data          0x008004fc        0x0 ../lab1_memory_bsp//libhal_bsp.a(alt_main.o)
 .data          0x008004fc        0x0 ../lab1_memory_bsp//libhal_bsp.a(alt_printf.o)
 .data          0x008004fc        0x0 ../lab1_memory_bsp//libhal_bsp.a(alt_putchar.o)
 .data          0x008004fc        0x0 ../lab1_memory_bsp//libhal_bsp.a(alt_sys_init.o)
 .data          0x008004fc        0x0 ../lab1_memory_bsp//libhal_bsp.a(altera_avalon_jtag_uart_write.o)
 .data          0x008004fc        0x0 ../lab1_memory_bsp//libhal_bsp.a(altera_avalon_performance_counter.o)
 .data          0x008004fc        0x0 ../lab1_memory_bsp//libhal_bsp.a(alt_dcache_flush_all.o)
 .data          0x008004fc        0x0 ../lab1_memory_bsp//libhal_bsp.a(alt_icache_flush_all.o)
 .data          0x008004fc        0x0 ../lab1_memory_bsp//libhal_bsp.a(altera_nios2_qsys_irq.o)
                0x008084fc                _gp = ABSOLUTE ((. + 0x8000))
                0x008084fc                PROVIDE (gp, _gp)
 *(.rwdata .rwdata.*)
 *(.sdata .sdata.* .gnu.linkonce.s.*)
 .sdata         0x008004fc        0x4 ../lab1_memory_bsp//libhal_bsp.a(alt_sys_init.o)
                0x008004fc                jtag_uart_0
 *(.sdata2 .sdata2.* .gnu.linkonce.s2.*)
                0x00800500                . = ALIGN (0x4)
                0x00800500                _edata = ABSOLUTE (.)
                0x00800500                PROVIDE (edata, ABSOLUTE (.))
                0x00800500                PROVIDE (__ram_rwdata_end, ABSOLUTE (.))
                0x00800500                PROVIDE (__flash_rwdata_start, LOADADDR (.rwdata))

.bss            0x00800504     0x100c
                0x00800504                __bss_start = ABSOLUTE (.)
                0x00800504                PROVIDE (__sbss_start, ABSOLUTE (.))
                0x00800504                PROVIDE (___sbss_start, ABSOLUTE (.))
 *(.dynsbss)
 *(.sbss .sbss.* .gnu.linkonce.sb.*)
 .sbss          0x00800504        0xc ../lab1_memory_bsp//libhal_bsp.a(alt_main.o)
                0x00800504                alt_argc
                0x00800508                alt_argv
                0x0080050c                alt_envp
 *(.sbss2 .sbss2.* .gnu.linkonce.sb2.*)
 *(.scommon)
                0x00800510                PROVIDE (__sbss_end, ABSOLUTE (.))
                0x00800510                PROVIDE (___sbss_end, ABSOLUTE (.))
 *(.dynbss)
 *(.bss .bss.* .gnu.linkonce.b.*)
 .bss           0x00800510        0x0 ../lab1_memory_bsp//obj/HAL/src/crt0.o
 .bss           0x00800510        0x0 obj/default/main.o
 .bss           0x00800510        0x0 /opt/altera/13.0sp1/nios2eds/bin/gnu/H-i686-pc-linux-gnu/bin/../lib/gcc/nios2-elf/4.1.2/mno-hw-mul/libgcc.a(lib2-mul.o)
 .bss           0x00800510        0x0 /opt/altera/13.0sp1/nios2eds/bin/gnu/H-i686-pc-linux-gnu/bin/../lib/gcc/nios2-elf/4.1.2/../../../../nios2-elf/lib/mno-hw-mul/libsmallc.a(lib_a-memcpy.o)
 .bss           0x00800510        0x0 ../lab1_memory_bsp//libhal_bsp.a(alt_load.o)
 .bss           0x00800510        0x0 ../lab1_memory_bsp//libhal_bsp.a(alt_main.o)
 .bss           0x00800510        0x0 ../lab1_memory_bsp//libhal_bsp.a(alt_printf.o)
 .bss           0x00800510        0x0 ../lab1_memory_bsp//libhal_bsp.a(alt_putchar.o)
 .bss           0x00800510        0x0 ../lab1_memory_bsp//libhal_bsp.a(alt_sys_init.o)
 .bss           0x00800510        0x0 ../lab1_memory_bsp//libhal_bsp.a(altera_avalon_jtag_uart_write.o)
 .bss           0x00800510        0x0 ../lab1_memory_bsp//libhal_bsp.a(altera_avalon_performance_counter.o)
 .bss           0x00800510        0x0 ../lab1_memory_bsp//libhal_bsp.a(alt_dcache_flush_all.o)
 .bss           0x00800510        0x0 ../lab1_memory_bsp//libhal_bsp.a(alt_icache_flush_all.o)
 .bss           0x00800510        0x0 ../lab1_memory_bsp//libhal_bsp.a(altera_nios2_qsys_irq.o)
 *(COMMON)
 COMMON         0x00800510     0x1000 obj/default/main.o
                0x00800510                y
                0x00801510                . = ALIGN (0x4)
                0x00801510                __bss_end = ABSOLUTE (.)

.sram           0x00000000        0x0 load address 0x00801510
                0x00000000                PROVIDE (_alt_partition_sram_start, ABSOLUTE (.))
 *(.sram. sram.*)
                0x00000000                . = ALIGN (0x4)
                0x00000000                PROVIDE (_alt_partition_sram_end, ABSOLUTE (.))
                0x00801510                PROVIDE (_alt_partition_sram_load_addr, LOADADDR (.sram))

.sdram          0x00801510        0x0
                0x00801510                PROVIDE (_alt_partition_sdram_start, ABSOLUTE (.))
 *(.sdram. sdram.*)
                0x00801510                . = ALIGN (0x4)
                0x00801510                PROVIDE (_alt_partition_sdram_end, ABSOLUTE (.))
                0x00801510                _end = ABSOLUTE (.)
                0x00801510                end = ABSOLUTE (.)
                0x00801510                __alt_stack_base = ABSOLUTE (.)
                0x00801510                PROVIDE (_alt_partition_sdram_load_addr, LOADADDR (.sdram))

.onchip_memory  0x01008000        0x0 load address 0x00801510
                0x01008000                PROVIDE (_alt_partition_onchip_memory_start, ABSOLUTE (.))
 *(.onchip_memory. onchip_memory.*)
                0x01008000                . = ALIGN (0x4)
                0x01008000                PROVIDE (_alt_partition_onchip_memory_end, ABSOLUTE (.))
                0x00801510                PROVIDE (_alt_partition_onchip_memory_load_addr, LOADADDR (.onchip_memory))

.stab
 *(.stab)

.stabstr
 *(.stabstr)

.stab.excl
 *(.stab.excl)

.stab.exclstr
 *(.stab.exclstr)

.stab.index
 *(.stab.index)

.stab.indexstr
 *(.stab.indexstr)

.comment        0x00000000       0x26
 *(.comment)
 .comment       0x00000000       0x26 obj/default/main.o
                                 0x27 (size before relaxing)
 .comment       0x00000000       0x27 /opt/altera/13.0sp1/nios2eds/bin/gnu/H-i686-pc-linux-gnu/bin/../lib/gcc/nios2-elf/4.1.2/mno-hw-mul/libgcc.a(lib2-mul.o)
 .comment       0x00000000       0x27 /opt/altera/13.0sp1/nios2eds/bin/gnu/H-i686-pc-linux-gnu/bin/../lib/gcc/nios2-elf/4.1.2/../../../../nios2-elf/lib/mno-hw-mul/libsmallc.a(lib_a-memcpy.o)
 .comment       0x00000000       0x27 ../lab1_memory_bsp//libhal_bsp.a(alt_load.o)
 .comment       0x00000000       0x27 ../lab1_memory_bsp//libhal_bsp.a(alt_main.o)
 .comment       0x00000000       0x27 ../lab1_memory_bsp//libhal_bsp.a(alt_printf.o)
 .comment       0x00000000       0x27 ../lab1_memory_bsp//libhal_bsp.a(alt_putchar.o)
 .comment       0x00000000       0x27 ../lab1_memory_bsp//libhal_bsp.a(alt_sys_init.o)
 .comment       0x00000000       0x27 ../lab1_memory_bsp//libhal_bsp.a(altera_avalon_jtag_uart_write.o)
 .comment       0x00000000       0x27 ../lab1_memory_bsp//libhal_bsp.a(altera_avalon_performance_counter.o)
 .comment       0x00000000       0x27 ../lab1_memory_bsp//libhal_bsp.a(alt_dcache_flush_all.o)
 .comment       0x00000000       0x27 ../lab1_memory_bsp//libhal_bsp.a(alt_icache_flush_all.o)
 .comment       0x00000000       0x27 ../lab1_memory_bsp//libhal_bsp.a(altera_nios2_qsys_irq.o)

.debug
 *(.debug)

.line
 *(.line)

.debug_srcinfo
 *(.debug_srcinfo)

.debug_sfnames
 *(.debug_sfnames)

.debug_aranges  0x00000000      0x1c8
 *(.debug_aranges)
 .debug_aranges
                0x00000000       0x28 ../lab1_memory_bsp//obj/HAL/src/crt0.o
 .debug_aranges
                0x00000028       0x20 obj/default/main.o
 .debug_aranges
                0x00000048       0x20 /opt/altera/13.0sp1/nios2eds/bin/gnu/H-i686-pc-linux-gnu/bin/../lib/gcc/nios2-elf/4.1.2/mno-hw-mul/libgcc.a(lib2-mul.o)
 .debug_aranges
                0x00000068       0x20 /opt/altera/13.0sp1/nios2eds/bin/gnu/H-i686-pc-linux-gnu/bin/../lib/gcc/nios2-elf/4.1.2/../../../../nios2-elf/lib/mno-hw-mul/libsmallc.a(lib_a-memcpy.o)
 .debug_aranges
                0x00000088       0x20 ../lab1_memory_bsp//libhal_bsp.a(alt_load.o)
 .debug_aranges
                0x000000a8       0x20 ../lab1_memory_bsp//libhal_bsp.a(alt_main.o)
 .debug_aranges
                0x000000c8       0x20 ../lab1_memory_bsp//libhal_bsp.a(alt_printf.o)
 .debug_aranges
                0x000000e8       0x20 ../lab1_memory_bsp//libhal_bsp.a(alt_putchar.o)
 .debug_aranges
                0x00000108       0x20 ../lab1_memory_bsp//libhal_bsp.a(alt_sys_init.o)
 .debug_aranges
                0x00000128       0x20 ../lab1_memory_bsp//libhal_bsp.a(altera_avalon_jtag_uart_write.o)
 .debug_aranges
                0x00000148       0x20 ../lab1_memory_bsp//libhal_bsp.a(altera_avalon_performance_counter.o)
 .debug_aranges
                0x00000168       0x20 ../lab1_memory_bsp//libhal_bsp.a(alt_dcache_flush_all.o)
 .debug_aranges
                0x00000188       0x20 ../lab1_memory_bsp//libhal_bsp.a(alt_icache_flush_all.o)
 .debug_aranges
                0x000001a8       0x20 ../lab1_memory_bsp//libhal_bsp.a(altera_nios2_qsys_irq.o)

.debug_pubnames
                0x00000000      0x29a
 *(.debug_pubnames)
 .debug_pubnames
                0x00000000       0x21 obj/default/main.o
 .debug_pubnames
                0x00000021       0x1f /opt/altera/13.0sp1/nios2eds/bin/gnu/H-i686-pc-linux-gnu/bin/../lib/gcc/nios2-elf/4.1.2/mno-hw-mul/libgcc.a(lib2-mul.o)
 .debug_pubnames
                0x00000040       0x1d /opt/altera/13.0sp1/nios2eds/bin/gnu/H-i686-pc-linux-gnu/bin/../lib/gcc/nios2-elf/4.1.2/../../../../nios2-elf/lib/mno-hw-mul/libsmallc.a(lib_a-memcpy.o)
 .debug_pubnames
                0x0000005d       0x1f ../lab1_memory_bsp//libhal_bsp.a(alt_load.o)
 .debug_pubnames
                0x0000007c       0x46 ../lab1_memory_bsp//libhal_bsp.a(alt_main.o)
 .debug_pubnames
                0x000000c2       0x21 ../lab1_memory_bsp//libhal_bsp.a(alt_printf.o)
 .debug_pubnames
                0x000000e3       0x22 ../lab1_memory_bsp//libhal_bsp.a(alt_putchar.o)
 .debug_pubnames
                0x00000105       0x44 ../lab1_memory_bsp//libhal_bsp.a(alt_sys_init.o)
 .debug_pubnames
                0x00000149       0x34 ../lab1_memory_bsp//libhal_bsp.a(altera_avalon_jtag_uart_write.o)
 .debug_pubnames
                0x0000017d       0x96 ../lab1_memory_bsp//libhal_bsp.a(altera_avalon_performance_counter.o)
 .debug_pubnames
                0x00000213       0x2b ../lab1_memory_bsp//libhal_bsp.a(alt_dcache_flush_all.o)
 .debug_pubnames
                0x0000023e       0x2b ../lab1_memory_bsp//libhal_bsp.a(alt_icache_flush_all.o)
 .debug_pubnames
                0x00000269       0x31 ../lab1_memory_bsp//libhal_bsp.a(altera_nios2_qsys_irq.o)

.debug_info     0x00000000      0xdb5
 *(.debug_info .gnu.linkonce.wi.*)
 .debug_info    0x00000000       0x9c ../lab1_memory_bsp//obj/HAL/src/crt0.o
 .debug_info    0x0000009c       0xfb obj/default/main.o
 .debug_info    0x00000197       0xf3 /opt/altera/13.0sp1/nios2eds/bin/gnu/H-i686-pc-linux-gnu/bin/../lib/gcc/nios2-elf/4.1.2/mno-hw-mul/libgcc.a(lib2-mul.o)
 .debug_info    0x0000028a       0xc2 /opt/altera/13.0sp1/nios2eds/bin/gnu/H-i686-pc-linux-gnu/bin/../lib/gcc/nios2-elf/4.1.2/../../../../nios2-elf/lib/mno-hw-mul/libsmallc.a(lib_a-memcpy.o)
 .debug_info    0x0000034c      0x12e ../lab1_memory_bsp//libhal_bsp.a(alt_load.o)
 .debug_info    0x0000047a      0x125 ../lab1_memory_bsp//libhal_bsp.a(alt_main.o)
 .debug_info    0x0000059f      0x11d ../lab1_memory_bsp//libhal_bsp.a(alt_printf.o)
 .debug_info    0x000006bc       0xc5 ../lab1_memory_bsp//libhal_bsp.a(alt_putchar.o)
 .debug_info    0x00000781      0x199 ../lab1_memory_bsp//libhal_bsp.a(alt_sys_init.o)
 .debug_info    0x0000091a      0x18f ../lab1_memory_bsp//libhal_bsp.a(altera_avalon_jtag_uart_write.o)
 .debug_info    0x00000aa9      0x165 ../lab1_memory_bsp//libhal_bsp.a(altera_avalon_performance_counter.o)
 .debug_info    0x00000c0e       0x8d ../lab1_memory_bsp//libhal_bsp.a(alt_dcache_flush_all.o)
 .debug_info    0x00000c9b       0x8d ../lab1_memory_bsp//libhal_bsp.a(alt_icache_flush_all.o)
 .debug_info    0x00000d28       0x8d ../lab1_memory_bsp//libhal_bsp.a(altera_nios2_qsys_irq.o)

.debug_abbrev   0x00000000      0x784
 *(.debug_abbrev)
 .debug_abbrev  0x00000000       0x12 ../lab1_memory_bsp//obj/HAL/src/crt0.o
 .debug_abbrev  0x00000012       0x96 obj/default/main.o
 .debug_abbrev  0x000000a8       0x7b /opt/altera/13.0sp1/nios2eds/bin/gnu/H-i686-pc-linux-gnu/bin/../lib/gcc/nios2-elf/4.1.2/mno-hw-mul/libgcc.a(lib2-mul.o)
 .debug_abbrev  0x00000123       0x9d /opt/altera/13.0sp1/nios2eds/bin/gnu/H-i686-pc-linux-gnu/bin/../lib/gcc/nios2-elf/4.1.2/../../../../nios2-elf/lib/mno-hw-mul/libsmallc.a(lib_a-memcpy.o)
 .debug_abbrev  0x000001c0       0x97 ../lab1_memory_bsp//libhal_bsp.a(alt_load.o)
 .debug_abbrev  0x00000257       0xa6 ../lab1_memory_bsp//libhal_bsp.a(alt_main.o)
 .debug_abbrev  0x000002fd       0xc7 ../lab1_memory_bsp//libhal_bsp.a(alt_printf.o)
 .debug_abbrev  0x000003c4       0x7b ../lab1_memory_bsp//libhal_bsp.a(alt_putchar.o)
 .debug_abbrev  0x0000043f       0xea ../lab1_memory_bsp//libhal_bsp.a(alt_sys_init.o)
 .debug_abbrev  0x00000529       0xf0 ../lab1_memory_bsp//libhal_bsp.a(altera_avalon_jtag_uart_write.o)
 .debug_abbrev  0x00000619       0xae ../lab1_memory_bsp//libhal_bsp.a(altera_avalon_performance_counter.o)
 .debug_abbrev  0x000006c7       0x3f ../lab1_memory_bsp//libhal_bsp.a(alt_dcache_flush_all.o)
 .debug_abbrev  0x00000706       0x3f ../lab1_memory_bsp//libhal_bsp.a(alt_icache_flush_all.o)
 .debug_abbrev  0x00000745       0x3f ../lab1_memory_bsp//libhal_bsp.a(altera_nios2_qsys_irq.o)

.debug_line     0x00000000     0x1aeb
 *(.debug_line)
 .debug_line    0x00000000       0x66 ../lab1_memory_bsp//obj/HAL/src/crt0.o
 .debug_line    0x00000066      0x297 obj/default/main.o
 .debug_line    0x000002fd      0x191 /opt/altera/13.0sp1/nios2eds/bin/gnu/H-i686-pc-linux-gnu/bin/../lib/gcc/nios2-elf/4.1.2/mno-hw-mul/libgcc.a(lib2-mul.o)
 .debug_line    0x0000048e      0x145 /opt/altera/13.0sp1/nios2eds/bin/gnu/H-i686-pc-linux-gnu/bin/../lib/gcc/nios2-elf/4.1.2/../../../../nios2-elf/lib/mno-hw-mul/libsmallc.a(lib_a-memcpy.o)
 .debug_line    0x000005d3      0x225 ../lab1_memory_bsp//libhal_bsp.a(alt_load.o)
 .debug_line    0x000007f8      0x2d0 ../lab1_memory_bsp//libhal_bsp.a(alt_main.o)
 .debug_line    0x00000ac8      0x1f9 ../lab1_memory_bsp//libhal_bsp.a(alt_printf.o)
 .debug_line    0x00000cc1      0x200 ../lab1_memory_bsp//libhal_bsp.a(alt_putchar.o)
 .debug_line    0x00000ec1      0x2b5 ../lab1_memory_bsp//libhal_bsp.a(alt_sys_init.o)
 .debug_line    0x00001176      0x302 ../lab1_memory_bsp//libhal_bsp.a(altera_avalon_jtag_uart_write.o)
 .debug_line    0x00001478      0x111 ../lab1_memory_bsp//libhal_bsp.a(altera_avalon_performance_counter.o)
 .debug_line    0x00001589      0x1c3 ../lab1_memory_bsp//libhal_bsp.a(alt_dcache_flush_all.o)
 .debug_line    0x0000174c      0x1c3 ../lab1_memory_bsp//libhal_bsp.a(alt_icache_flush_all.o)
 .debug_line    0x0000190f      0x1dc ../lab1_memory_bsp//libhal_bsp.a(altera_nios2_qsys_irq.o)

.debug_frame    0x00000000      0x248
 *(.debug_frame)
 .debug_frame   0x00000000       0x38 obj/default/main.o
 .debug_frame   0x00000038       0x20 /opt/altera/13.0sp1/nios2eds/bin/gnu/H-i686-pc-linux-gnu/bin/../lib/gcc/nios2-elf/4.1.2/mno-hw-mul/libgcc.a(lib2-mul.o)
 .debug_frame   0x00000058       0x20 /opt/altera/13.0sp1/nios2eds/bin/gnu/H-i686-pc-linux-gnu/bin/../lib/gcc/nios2-elf/4.1.2/../../../../nios2-elf/lib/mno-hw-mul/libsmallc.a(lib_a-memcpy.o)
 .debug_frame   0x00000078       0x38 ../lab1_memory_bsp//libhal_bsp.a(alt_load.o)
 .debug_frame   0x000000b0       0x28 ../lab1_memory_bsp//libhal_bsp.a(alt_main.o)
 .debug_frame   0x000000d8       0x2c ../lab1_memory_bsp//libhal_bsp.a(alt_printf.o)
 .debug_frame   0x00000104       0x2c ../lab1_memory_bsp//libhal_bsp.a(alt_putchar.o)
 .debug_frame   0x00000130       0x38 ../lab1_memory_bsp//libhal_bsp.a(alt_sys_init.o)
 .debug_frame   0x00000168       0x20 ../lab1_memory_bsp//libhal_bsp.a(altera_avalon_jtag_uart_write.o)
 .debug_frame   0x00000188       0x60 ../lab1_memory_bsp//libhal_bsp.a(altera_avalon_performance_counter.o)
 .debug_frame   0x000001e8       0x20 ../lab1_memory_bsp//libhal_bsp.a(alt_dcache_flush_all.o)
 .debug_frame   0x00000208       0x20 ../lab1_memory_bsp//libhal_bsp.a(alt_icache_flush_all.o)
 .debug_frame   0x00000228       0x20 ../lab1_memory_bsp//libhal_bsp.a(altera_nios2_qsys_irq.o)

.debug_str      0x00000000      0x782
 *(.debug_str)
 .debug_str     0x00000000       0xd4 obj/default/main.o
                                0x119 (size before relaxing)
 .debug_str     0x000000d4       0xd1 /opt/altera/13.0sp1/nios2eds/bin/gnu/H-i686-pc-linux-gnu/bin/../lib/gcc/nios2-elf/4.1.2/mno-hw-mul/libgcc.a(lib2-mul.o)
                                0x17a (size before relaxing)
 .debug_str     0x000001a5      0x102 /opt/altera/13.0sp1/nios2eds/bin/gnu/H-i686-pc-linux-gnu/bin/../lib/gcc/nios2-elf/4.1.2/../../../../nios2-elf/lib/mno-hw-mul/libsmallc.a(lib_a-memcpy.o)
                                0x12e (size before relaxing)
 .debug_str     0x000002a7      0x15c ../lab1_memory_bsp//libhal_bsp.a(alt_load.o)
                                0x1f1 (size before relaxing)
 .debug_str     0x00000403       0x75 ../lab1_memory_bsp//libhal_bsp.a(alt_main.o)
                                0x175 (size before relaxing)
 .debug_str     0x00000478       0x46 ../lab1_memory_bsp//libhal_bsp.a(alt_printf.o)
                                 0xdc (size before relaxing)
 .debug_str     0x000004be       0x4e ../lab1_memory_bsp//libhal_bsp.a(alt_putchar.o)
                                0x14e (size before relaxing)
 .debug_str     0x0000050c       0xb8 ../lab1_memory_bsp//libhal_bsp.a(alt_sys_init.o)
                                0x222 (size before relaxing)
 .debug_str     0x000005c4       0x56 ../lab1_memory_bsp//libhal_bsp.a(altera_avalon_jtag_uart_write.o)
                                0x1ed (size before relaxing)
 .debug_str     0x0000061a       0xc5 ../lab1_memory_bsp//libhal_bsp.a(altera_avalon_performance_counter.o)
                                0x1c3 (size before relaxing)
 .debug_str     0x000006df       0x34 ../lab1_memory_bsp//libhal_bsp.a(alt_dcache_flush_all.o)
                                0x134 (size before relaxing)
 .debug_str     0x00000713       0x34 ../lab1_memory_bsp//libhal_bsp.a(alt_icache_flush_all.o)
                                0x134 (size before relaxing)
 .debug_str     0x00000747       0x3b ../lab1_memory_bsp//libhal_bsp.a(altera_nios2_qsys_irq.o)
                                0x13b (size before relaxing)

.debug_loc      0x00000000      0x36c
 *(.debug_loc)
 .debug_loc     0x00000000       0x58 obj/default/main.o
 .debug_loc     0x00000058       0x4f /opt/altera/13.0sp1/nios2eds/bin/gnu/H-i686-pc-linux-gnu/bin/../lib/gcc/nios2-elf/4.1.2/mno-hw-mul/libgcc.a(lib2-mul.o)
 .debug_loc     0x000000a7       0x1e /opt/altera/13.0sp1/nios2eds/bin/gnu/H-i686-pc-linux-gnu/bin/../lib/gcc/nios2-elf/4.1.2/../../../../nios2-elf/lib/mno-hw-mul/libsmallc.a(lib_a-memcpy.o)
 .debug_loc     0x000000c5       0x1f ../lab1_memory_bsp//libhal_bsp.a(alt_load.o)
 .debug_loc     0x000000e4       0x1f ../lab1_memory_bsp//libhal_bsp.a(alt_main.o)
 .debug_loc     0x00000103      0x175 ../lab1_memory_bsp//libhal_bsp.a(alt_printf.o)
 .debug_loc     0x00000278       0x3d ../lab1_memory_bsp//libhal_bsp.a(alt_putchar.o)
 .debug_loc     0x000002b5       0x32 ../lab1_memory_bsp//libhal_bsp.a(alt_sys_init.o)
 .debug_loc     0x000002e7       0x26 ../lab1_memory_bsp//libhal_bsp.a(altera_avalon_jtag_uart_write.o)
 .debug_loc     0x0000030d       0x5f ../lab1_memory_bsp//libhal_bsp.a(altera_avalon_performance_counter.o)

.debug_macinfo
 *(.debug_macinfo)

.debug_weaknames
 *(.debug_weaknames)

.debug_funcnames
 *(.debug_funcnames)

.debug_typenames
 *(.debug_typenames)

.debug_varnames
 *(.debug_varnames)

.debug_alt_sim_info
                0x00000000       0x10
 *(.debug_alt_sim_info)
 .debug_alt_sim_info
                0x00000000       0x10 ../lab1_memory_bsp//obj/HAL/src/crt0.o
                0x01000000                __alt_data_end = 0x1000000
                0x01000000                PROVIDE (__alt_stack_pointer, __alt_data_end)
                0x00801510                PROVIDE (__alt_stack_limit, __alt_stack_base)
                0x00801510                PROVIDE (__alt_heap_start, end)
                0x01000000                PROVIDE (__alt_heap_limit, 0x1000000)
OUTPUT(lab1_memory.elf elf32-littlenios2)

.debug_ranges   0x00000000       0x20
 .debug_ranges  0x00000000       0x20 ../lab1_memory_bsp//obj/HAL/src/crt0.o
